Microsoft (R) COFF/PE Dumper Version 14.44.35228.0
Copyright (C) Microsoft Corporation.  All rights reserved.


Dump of file D:\Projects\DiskEd\disked\.aide-local\goal-0.1.0\clean-fake-health-24051c31\build\windows-bootstrap\Release\health_observation_probe.exe

PE signature found

File Type: EXECUTABLE IMAGE

FILE HEADER VALUES
            8664 machine (x64)
               6 number of sections
        6AC84219 time date stamp Fri Oct  9 12:23:37 2026
               0 file pointer to symbol table
               0 number of symbols
              F0 size of optional header
              22 characteristics
                   Executable
                   Application can handle large (>2GB) addresses

OPTIONAL HEADER VALUES
             20B magic # (PE32+)
           14.44 linker version
           33800 size of code
           1AA00 size of initialized data
               0 size of uninitialized data
           15AE0 entry point (0000000140015AE0)
            1000 base of code
       140000000 image base (0000000140000000 to 0000000140051FFF)
            1000 section alignment
             200 file alignment
            6.00 operating system version
            0.00 image version
            6.00 subsystem version
               0 Win32 version
           52000 size of image
             400 size of headers
               0 checksum
               3 subsystem (Windows CUI)
            C160 DLL characteristics
                   High Entropy Virtual Addresses
                   Dynamic base
                   NX compatible
                   Control Flow Guard
                   Terminal Server Aware
          100000 size of stack reserve
            1000 size of stack commit
          100000 size of heap reserve
            1000 size of heap commit
               0 loader flags
              10 number of directories
               0 [       0] RVA [size] of Export Directory
           48DA4 [      28] RVA [size] of Import Directory
           50000 [     1E0] RVA [size] of Resource Directory
           4D000 [    2898] RVA [size] of Exception Directory
               0 [       0] RVA [size] of Certificates Directory
           51000 [     950] RVA [size] of Base Relocation Directory
           431A0 [      1C] RVA [size] of Debug Directory
               0 [       0] RVA [size] of Architecture Directory
               0 [       0] RVA [size] of Global Pointer Directory
               0 [       0] RVA [size] of Thread Storage Directory
           43060 [     140] RVA [size] of Load Configuration Directory
               0 [       0] RVA [size] of Bound Import Directory
           35000 [     288] RVA [size] of Import Address Table Directory
               0 [       0] RVA [size] of Delay Import Directory
               0 [       0] RVA [size] of COM Descriptor Directory
               0 [       0] RVA [size] of Reserved Directory


SECTION HEADER #1
   .text name
   3367C virtual size
    1000 virtual address (0000000140001000 to 000000014003467B)
   33800 size of raw data
     400 file pointer to raw data (00000400 to 00033BFF)
       0 file pointer to relocation table
       0 file pointer to line numbers
       0 number of relocations
       0 number of line numbers
60000020 flags
         Code
         Execute Read

SECTION HEADER #2
  .rdata name
   1463C virtual size
   35000 virtual address (0000000140035000 to 000000014004963B)
   14800 size of raw data
   33C00 file pointer to raw data (00033C00 to 000483FF)
       0 file pointer to relocation table
       0 file pointer to line numbers
       0 number of relocations
       0 number of line numbers
40000040 flags
         Initialized Data
         Read Only

  Debug Directories

        Time Type        Size      RVA  Pointer
    -------- ------- -------- -------- --------
    6AC84219 coffgrp      394 000445E0    431E0

SECTION HEADER #3
   .data name
    2B90 virtual size
   4A000 virtual address (000000014004A000 to 000000014004CB8F)
    1400 size of raw data
   48400 file pointer to raw data (00048400 to 000497FF)
       0 file pointer to relocation table
       0 file pointer to line numbers
       0 number of relocations
       0 number of line numbers
C0000040 flags
         Initialized Data
         Read Write

SECTION HEADER #4
  .pdata name
    2898 virtual size
   4D000 virtual address (000000014004D000 to 000000014004F897)
    2A00 size of raw data
   49800 file pointer to raw data (00049800 to 0004C1FF)
       0 file pointer to relocation table
       0 file pointer to line numbers
       0 number of relocations
       0 number of line numbers
40000040 flags
         Initialized Data
         Read Only

SECTION HEADER #5
   .rsrc name
     1E0 virtual size
   50000 virtual address (0000000140050000 to 00000001400501DF)
     200 size of raw data
   4C200 file pointer to raw data (0004C200 to 0004C3FF)
       0 file pointer to relocation table
       0 file pointer to line numbers
       0 number of relocations
       0 number of line numbers
40000040 flags
         Initialized Data
         Read Only

SECTION HEADER #6
  .reloc name
     950 virtual size
   51000 virtual address (0000000140051000 to 000000014005194F)
     A00 size of raw data
   4C400 file pointer to raw data (0004C400 to 0004CDFF)
       0 file pointer to relocation table
       0 file pointer to line numbers
       0 number of relocations
       0 number of line numbers
42000040 flags
         Initialized Data
         Discardable
         Read Only

  Summary

        3000 .data
        3000 .pdata
       15000 .rdata
        1000 .reloc
        1000 .rsrc
       34000 .text
