Microsoft (R) COFF/PE Dumper Version 14.44.35228.0
Copyright (C) Microsoft Corporation.  All rights reserved.


Dump of file D:\Projects\DiskEd\disked\.aide-local\goal-0.1.0\clean-b4774f03\build\windows-bootstrap\Release\disked.exe

PE signature found

File Type: EXECUTABLE IMAGE

FILE HEADER VALUES
            8664 machine (x64)
               6 number of sections
        6AC4E121 time date stamp Tue Oct  6 22:53:05 2026
               0 file pointer to symbol table
               0 number of symbols
              F0 size of optional header
              22 characteristics
                   Executable
                   Application can handle large (>2GB) addresses

OPTIONAL HEADER VALUES
             20B magic # (PE32+)
           14.44 linker version
           64000 size of code
           2A400 size of initialized data
               0 size of uninitialized data
           411A0 entry point (00000001400411A0)
            1000 base of code
       140000000 image base (0000000140000000 to 0000000140090FFF)
            1000 section alignment
             200 file alignment
           10.00 operating system version
            0.00 image version
           10.00 subsystem version
               0 Win32 version
           91000 size of image
             400 size of headers
               0 checksum
               3 subsystem (Windows CUI)
            C160 DLL characteristics
                   High Entropy Virtual Addresses
                   Dynamic base
                   NX compatible
                   Control Flow Guard
                   Terminal Server Aware
          100000 size of stack reserve
            1000 size of stack commit
          100000 size of heap reserve
            1000 size of heap commit
               0 loader flags
              10 number of directories
               0 [       0] RVA [size] of Export Directory
           8615C [      28] RVA [size] of Import Directory
           8F000 [     1C8] RVA [size] of Resource Directory
           8B000 [    3DEC] RVA [size] of Exception Directory
               0 [       0] RVA [size] of Certificates Directory
           90000 [     AE4] RVA [size] of Base Relocation Directory
           7BB40 [      1C] RVA [size] of Debug Directory
               0 [       0] RVA [size] of Architecture Directory
               0 [       0] RVA [size] of Global Pointer Directory
           7BD00 [      28] RVA [size] of Thread Storage Directory
           7BA00 [     140] RVA [size] of Load Configuration Directory
               0 [       0] RVA [size] of Bound Import Directory
           65000 [     308] RVA [size] of Import Address Table Directory
               0 [       0] RVA [size] of Delay Import Directory
               0 [       0] RVA [size] of COM Descriptor Directory
               0 [       0] RVA [size] of Reserved Directory


SECTION HEADER #1
   .text name
   63ECC virtual size
    1000 virtual address (0000000140001000 to 0000000140064ECB)
   64000 size of raw data
     400 file pointer to raw data (00000400 to 000643FF)
       0 file pointer to relocation table
       0 file pointer to line numbers
       0 number of relocations
       0 number of line numbers
60000020 flags
         Code
         Execute Read

SECTION HEADER #2
  .rdata name
   21BFE virtual size
   65000 virtual address (0000000140065000 to 0000000140086BFD)
   21C00 size of raw data
   64400 file pointer to raw data (00064400 to 00085FFF)
       0 file pointer to relocation table
       0 file pointer to line numbers
       0 number of relocations
       0 number of line numbers
40000040 flags
         Initialized Data
         Read Only

  Debug Directories

        Time Type        Size      RVA  Pointer
    -------- ------- -------- -------- --------
    6AC4E121 coffgrp      404 0007D438    7C838

SECTION HEADER #3
   .data name
    3AB4 virtual size
   87000 virtual address (0000000140087000 to 000000014008AAB3)
    2400 size of raw data
   86000 file pointer to raw data (00086000 to 000883FF)
       0 file pointer to relocation table
       0 file pointer to line numbers
       0 number of relocations
       0 number of line numbers
C0000040 flags
         Initialized Data
         Read Write

SECTION HEADER #4
  .pdata name
    3DEC virtual size
   8B000 virtual address (000000014008B000 to 000000014008EDEB)
    3E00 size of raw data
   88400 file pointer to raw data (00088400 to 0008C1FF)
       0 file pointer to relocation table
       0 file pointer to line numbers
       0 number of relocations
       0 number of line numbers
40000040 flags
         Initialized Data
         Read Only

SECTION HEADER #5
   .rsrc name
     1C8 virtual size
   8F000 virtual address (000000014008F000 to 000000014008F1C7)
     200 size of raw data
   8C200 file pointer to raw data (0008C200 to 0008C3FF)
       0 file pointer to relocation table
       0 file pointer to line numbers
       0 number of relocations
       0 number of line numbers
40000040 flags
         Initialized Data
         Read Only

SECTION HEADER #6
  .reloc name
     AE4 virtual size
   90000 virtual address (0000000140090000 to 0000000140090AE3)
     C00 size of raw data
   8C400 file pointer to raw data (0008C400 to 0008CFFF)
       0 file pointer to relocation table
       0 file pointer to line numbers
       0 number of relocations
       0 number of line numbers
42000040 flags
         Initialized Data
         Discardable
         Read Only

  Summary

        4000 .data
        4000 .pdata
       22000 .rdata
        1000 .reloc
        1000 .rsrc
       64000 .text
