MSBuild version 17.14.51+25f168cee for .NET Framework

  1>Bind current Git revision and native input bytes
  disked_json.vcxproj -> D:\Projects\DiskEd\disked\build\windows-bootstrap\Release\disked_json.lib
  command_registry.cpp
  command_parser_probe.vcxproj -> D:\Projects\DiskEd\disked\build\windows-bootstrap\Release\command_parser_probe.exe
  disked_presentation.vcxproj -> D:\Projects\DiskEd\disked\build\windows-bootstrap\Release\disked_presentation.lib
  gui_model.cpp
  disked_gui.vcxproj -> D:\Projects\DiskEd\disked\build\windows-bootstrap\Release\disked_gui.lib
  disked_tui.vcxproj -> D:\Projects\DiskEd\disked\build\windows-bootstrap\Release\disked_tui.lib
  cli.cpp
  command_registry.cpp
  invocation.cpp
  gui.cpp
  bootstrap.cpp
  Generating Code...
  disked.vcxproj -> D:\Projects\DiskEd\disked\build\windows-bootstrap\Release\disked.exe
  cli.cpp
  command_registry.cpp
  invocation.cpp
  gui.cpp
  bootstrap.cpp
  Generating Code...
  disked_gui_unavailable.vcxproj -> D:\Projects\DiskEd\disked\build\windows-bootstrap\Release\disked_gui_unavailable.exe
  cli.cpp
  command_registry.cpp
  invocation.cpp
  gui.cpp
  bootstrap.cpp
  Generating Code...
  disked_provider_guard.vcxproj -> D:\Projects\DiskEd\disked\build\windows-bootstrap\Release\disked_provider_guard.exe
  cli.cpp
  command_registry.cpp
  invocation.cpp
  gui.cpp
  bootstrap.cpp
  Generating Code...
  disked_tui_fault.vcxproj -> D:\Projects\DiskEd\disked\build\windows-bootstrap\Release\disked_tui_fault.exe
  command_registry.cpp
  bootstrap.cpp
  Generating Code...
  frontend_service_probe.vcxproj -> D:\Projects\DiskEd\disked\build\windows-bootstrap\Release\frontend_service_probe.exe
  command_registry.cpp
  bootstrap.cpp
  gui_probe.cpp
  Generating Code...
  gui_model_probe.vcxproj -> D:\Projects\DiskEd\disked\build\windows-bootstrap\Release\gui_model_probe.exe
  invocation_policy_probe.vcxproj -> D:\Projects\DiskEd\disked\build\windows-bootstrap\Release\invocation_policy_probe.exe
  json_codec_probe.vcxproj -> D:\Projects\DiskEd\disked\build\windows-bootstrap\Release\json_codec_probe.exe
  protocol_reader_probe.vcxproj -> D:\Projects\DiskEd\disked\build\windows-bootstrap\Release\protocol_reader_probe.exe
  bootstrap.cpp
  provider_guard_probe.vcxproj -> D:\Projects\DiskEd\disked\build\windows-bootstrap\Release\provider_guard_probe.exe
  command_registry.cpp
  bootstrap.cpp
  tui_probe.cpp
  Generating Code...
  tui_model_probe.vcxproj -> D:\Projects\DiskEd\disked\build\windows-bootstrap\Release\tui_model_probe.exe
