MSBuild version 17.14.51+25f168cee for .NET Framework

  1>Checking Build System
  Building Custom Rule D:/Projects/DiskEd/disked/.aide-local/raw-layout-clean-4400cb71/checkout/tests/windows/native/CMakeLists.txt
  identity_queries.cpp
  storage_queries.cpp
  storage_inventory.cpp
  volume_inventory.cpp
  volume_namespace.cpp
  json.cpp
  snapshot.cpp
  sha256.cpp
  storage_fixture.cpp
  raw_layout_probe.cpp
  storage_frame_reader.cpp
  storage_layout.cpp
  raw_layout.cpp
  local_file.cpp
  memory_budget.cpp
  Generating Code...
  checked.c
  view.c
  extent.c
  mbr.c
  ebr.c
  gpt.c
  encoding.c
  Generating Code...
  nt_raw_layout_probe.vcxproj -> D:\Projects\DiskEd\disked\.aide-local\raw-layout-clean-4400cb71\build-Win32\Release\nt_raw_layout_probe.exe
MSBuild version 17.14.51+25f168cee for .NET Framework

  Building Custom Rule D:/Projects/DiskEd/disked/.aide-local/raw-layout-clean-4400cb71/checkout/tests/windows/native/CMakeLists.txt
  identity_queries.cpp
  storage_queries.cpp
  storage_inventory.cpp
  volume_inventory.cpp
  volume_namespace.cpp
  json.cpp
  snapshot.cpp
  sha256.cpp
  storage_fixture.cpp
  identity_query_probe.cpp
  Generating Code...
  nt_identity_query_probe.vcxproj -> D:\Projects\DiskEd\disked\.aide-local\raw-layout-clean-4400cb71\build-Win32\Release\nt_identity_query_probe.exe
MSBuild version 17.14.51+25f168cee for .NET Framework

  Building Custom Rule D:/Projects/DiskEd/disked/.aide-local/raw-layout-clean-4400cb71/checkout/tests/windows/native/CMakeLists.txt
  identity_queries.cpp
  storage_queries.cpp
  storage_inventory.cpp
  volume_inventory.cpp
  volume_namespace.cpp
  json.cpp
  snapshot.cpp
  sha256.cpp
  storage_fixture.cpp
  storage_query_probe.cpp
  Generating Code...
  nt_storage_query_probe.vcxproj -> D:\Projects\DiskEd\disked\.aide-local\raw-layout-clean-4400cb71\build-Win32\Release\nt_storage_query_probe.exe
