Microsoft (R) COFF/PE Dumper Version 14.44.35228.0
Copyright (C) Microsoft Corporation.  All rights reserved.


Dump of file D:\Projects\DiskEd\disked\.aide-local\raw-layout-clean-4400cb71\build-x64\Release\nt_raw_layout_probe.exe

File Type: EXECUTABLE IMAGE

  Section contains the following imports:

    KERNEL32.dll
             140053000 Import Address Table
             140069080 Import Name Table
                     0 time date stamp
                     0 Index of first forwarder reference

                         26A GetLastError
                         124 DeviceIoControl
                         590 Sleep
                         167 ExitProcess
                          CE CreateFileW
                         47A ReadFile
                          89 CloseHandle
                         239 GetDriveTypeW
                         251 GetFileInformationByHandle
                         258 GetFileType
                         25A GetFinalPathNameByHandleW
                         263 GetFullPathNameW
                         252 GetFileInformationByHandleEx
                          9D CompareStringOrdinal
                         3F6 MultiByteToWideChar
                         612 WideCharToMultiByte
                         542 SetLastError
                         4B7 ReleaseMutex
                         5EB WaitForSingleObject
                          DD CreateMutexW
                         220 GetCurrentProcess
                          D5 CreateJobObjectW
                          24 AssignProcessToJobObject
                         53F SetInformationJobObject
                         44F QueryInformationJobObject
                         1B4 FreeLibrary
                         2B8 GetProcAddress
                         3CA LoadLibraryExW
                         3D6 LocalFree
                         625 WriteConsoleW
                         4D6 RtlCaptureContext
                         4DD RtlLookupFunctionEntry
                         4E4 RtlVirtualUnwind
                         5C1 UnhandledExceptionFilter
                         580 SetUnhandledExceptionFilter
                         59F TerminateProcess
                         38C IsProcessorFeaturePresent
                         385 IsDebuggerPresent
                         2DA GetStartupInfoW
                         281 GetModuleHandleW
                         452 QueryPerformanceCounter
                         221 GetCurrentProcessId
                         225 GetCurrentThreadId
                         2F3 GetSystemTimeAsFileTime
                         36F InitializeSListHead
                         4DF RtlPcToFileHeader
                         469 RaiseException
                         4E3 RtlUnwindEx
                         134 EncodePointer
                         138 EnterCriticalSection
                         3C4 LeaveCriticalSection
                         114 DeleteCriticalSection
                         36B InitializeCriticalSectionAndSpinCount
                         5B1 TlsAlloc
                         5B3 TlsGetValue
                         5B4 TlsSetValue
                         5B2 TlsFree
                         280 GetModuleHandleExW
                         27D GetModuleFileNameW
                         2DC GetStdHandle
                         626 WriteFile
                         1DF GetCommandLineA
                         1E0 GetCommandLineW
                         351 HeapAlloc
                         355 HeapFree
                          9E CompareStringW
                         3B8 LCMapStringW
                         205 GetConsoleMode
                         477 ReadConsoleW
                         55C SetStdHandle
                         17E FindClose
                         184 FindFirstFileExW
                         195 FindNextFileW
                         392 IsValidCodePage
                         1BB GetACP
                         2A1 GetOEMCP
                         1CA GetCPInfo
                         241 GetEnvironmentStringsW
                         1B3 FreeEnvironmentStringsW
                         525 SetEnvironmentVariableW
                         2BE GetProcessHeap
                         2E1 GetStringTypeW
                         1A8 FlushFileBuffers
                         209 GetConsoleOutputCP
                         534 SetFilePointerEx
                         256 GetFileSizeEx
                         35A HeapSize
                         358 HeapReAlloc

  Summary

        3000 .data
        3000 .pdata
       17000 .rdata
        1000 .reloc
        1000 .rsrc
       52000 .text
