Microsoft (R) COFF/PE Dumper Version 14.44.35228.0
Copyright (C) Microsoft Corporation.  All rights reserved.


Dump of file D:\Projects\DiskEd\disked\.aide-local\raw-layout-clean-4400cb71\build-Win32\Release\nt_raw_layout_probe.exe

File Type: EXECUTABLE IMAGE

  Section contains the following imports:

    KERNEL32.dll
                44D000 Import Address Table
                45D04C Import Name Table
                     0 time date stamp
                     0 Index of first forwarder reference

                  264 GetLastError
                  120 DeviceIoControl
                  582 Sleep
                  161 ExitProcess
                   CE CreateFileW
                  476 ReadFile
                   89 CloseHandle
                  232 GetDriveTypeW
                  24A GetFileInformationByHandle
                  251 GetFileType
                  253 GetFinalPathNameByHandleW
                  25C GetFullPathNameW
                  24B GetFileInformationByHandleEx
                   9D CompareStringOrdinal
                  3F3 MultiByteToWideChar
                  603 WideCharToMultiByte
                  535 SetLastError
                  4B3 ReleaseMutex
                  5DC WaitForSingleObject
                   DD CreateMutexW
                  21A GetCurrentProcess
                   D5 CreateJobObjectW
                   24 AssignProcessToJobObject
                  532 SetInformationJobObject
                  44C QueryInformationJobObject
                  1AE FreeLibrary
                  2B1 GetProcAddress
                  3C7 LoadLibraryExW
                  3D3 LocalFree
                  616 WriteConsoleW
                  5B2 UnhandledExceptionFilter
                  572 SetUnhandledExceptionFilter
                  591 TerminateProcess
                  389 IsProcessorFeaturePresent
                  382 IsDebuggerPresent
                  2D3 GetStartupInfoW
                  27B GetModuleHandleW
                  44F QueryPerformanceCounter
                  21B GetCurrentProcessId
                  21F GetCurrentThreadId
                  2EC GetSystemTimeAsFileTime
                  366 InitializeSListHead
                  465 RaiseException
                  4D6 RtlUnwind
                  130 EncodePointer
                  134 EnterCriticalSection
                  3C1 LeaveCriticalSection
                  113 DeleteCriticalSection
                  362 InitializeCriticalSectionAndSpinCount
                  5A3 TlsAlloc
                  5A5 TlsGetValue
                  5A6 TlsSetValue
                  5A4 TlsFree
                  27A GetModuleHandleExW
                  277 GetModuleFileNameW
                  2D5 GetStdHandle
                  617 WriteFile
                  1D9 GetCommandLineA
                  1DA GetCommandLineW
                  348 HeapAlloc
                  34C HeapFree
                   9E CompareStringW
                  3B5 LCMapStringW
                  1FF GetConsoleMode
                  473 ReadConsoleW
                  54F SetStdHandle
                  178 FindClose
                  17E FindFirstFileExW
                  18F FindNextFileW
                  38F IsValidCodePage
                  1B5 GetACP
                  29A GetOEMCP
                  1C4 GetCPInfo
                  23A GetEnvironmentStringsW
                  1AD FreeEnvironmentStringsW
                  517 SetEnvironmentVariableW
                  2B7 GetProcessHeap
                  2DA GetStringTypeW
                  1A2 FlushFileBuffers
                  203 GetConsoleOutputCP
                  526 SetFilePointerEx
                  24F GetFileSizeEx
                  351 HeapSize
                  34F HeapReAlloc
                  10C DecodePointer

  Summary

        2000 .data
       11000 .rdata
        4000 .reloc
        1000 .rsrc
       4C000 .text
