Microsoft (R) COFF/PE Dumper Version 14.44.35228.0
Copyright (C) Microsoft Corporation.  All rights reserved.


Dump of file D:\Projects\DiskEd\disked\.aide-local\raw-layout-clean-4400cb71\build-x64\Release\nt_storage_query_probe.exe

PE signature found

File Type: EXECUTABLE IMAGE

FILE HEADER VALUES
            8664 machine (x64)
               6 number of sections
        6AC9D9DF time date stamp Sat Oct 10 17:23:27 2026
               0 file pointer to symbol table
               0 number of symbols
              F0 size of optional header
              22 characteristics
                   Executable
                   Application can handle large (>2GB) addresses

OPTIONAL HEADER VALUES
             20B magic # (PE32+)
           14.44 linker version
           41800 size of code
           19800 size of initialized data
               0 size of uninitialized data
           2BDB0 entry point (000000014002BDB0)
            1000 base of code
       140000000 image base (0000000140000000 to 000000014005FFFF)
            1000 section alignment
             200 file alignment
            6.00 operating system version
            0.00 image version
            6.00 subsystem version
               0 Win32 version
           60000 size of image
             400 size of headers
               0 checksum
               3 subsystem (Windows CUI)
            C160 DLL characteristics
                   High Entropy Virtual Addresses
                   Dynamic base
                   NX compatible
                   Control Flow Guard
                   Terminal Server Aware
          100000 size of stack reserve
            1000 size of stack commit
          100000 size of heap reserve
            1000 size of heap commit
               0 loader flags
              10 number of directories
               0 [       0] RVA [size] of Export Directory
           56B1C [      28] RVA [size] of Import Directory
           5E000 [     1E0] RVA [size] of Resource Directory
           5B000 [    2748] RVA [size] of Exception Directory
               0 [       0] RVA [size] of Certificates Directory
           5F000 [     6F8] RVA [size] of Base Relocation Directory
           4F6D0 [      1C] RVA [size] of Debug Directory
               0 [       0] RVA [size] of Architecture Directory
               0 [       0] RVA [size] of Global Pointer Directory
               0 [       0] RVA [size] of Thread Storage Directory
           4F590 [     140] RVA [size] of Load Configuration Directory
               0 [       0] RVA [size] of Bound Import Directory
           43000 [     258] RVA [size] of Import Address Table Directory
               0 [       0] RVA [size] of Delay Import Directory
               0 [       0] RVA [size] of COM Descriptor Directory
               0 [       0] RVA [size] of Reserved Directory


SECTION HEADER #1
   .text name
   416AF virtual size
    1000 virtual address (0000000140001000 to 00000001400426AE)
   41800 size of raw data
     400 file pointer to raw data (00000400 to 00041BFF)
       0 file pointer to relocation table
       0 file pointer to line numbers
       0 number of relocations
       0 number of line numbers
60000020 flags
         Code
         Execute Read

SECTION HEADER #2
  .rdata name
   14306 virtual size
   43000 virtual address (0000000140043000 to 0000000140057305)
   14400 size of raw data
   41C00 file pointer to raw data (00041C00 to 00055FFF)
       0 file pointer to relocation table
       0 file pointer to line numbers
       0 number of relocations
       0 number of line numbers
40000040 flags
         Initialized Data
         Read Only

  Debug Directories

        Time Type        Size      RVA  Pointer
    -------- ------- -------- -------- --------
    6AC9D9DF coffgrp      390 00050178    4ED78

SECTION HEADER #3
   .data name
    219C virtual size
   58000 virtual address (0000000140058000 to 000000014005A19B)
    1000 size of raw data
   56000 file pointer to raw data (00056000 to 00056FFF)
       0 file pointer to relocation table
       0 file pointer to line numbers
       0 number of relocations
       0 number of line numbers
C0000040 flags
         Initialized Data
         Read Write

SECTION HEADER #4
  .pdata name
    2748 virtual size
   5B000 virtual address (000000014005B000 to 000000014005D747)
    2800 size of raw data
   57000 file pointer to raw data (00057000 to 000597FF)
       0 file pointer to relocation table
       0 file pointer to line numbers
       0 number of relocations
       0 number of line numbers
40000040 flags
         Initialized Data
         Read Only

SECTION HEADER #5
   .rsrc name
     1E0 virtual size
   5E000 virtual address (000000014005E000 to 000000014005E1DF)
     200 size of raw data
   59800 file pointer to raw data (00059800 to 000599FF)
       0 file pointer to relocation table
       0 file pointer to line numbers
       0 number of relocations
       0 number of line numbers
40000040 flags
         Initialized Data
         Read Only

SECTION HEADER #6
  .reloc name
     6F8 virtual size
   5F000 virtual address (000000014005F000 to 000000014005F6F7)
     800 size of raw data
   59A00 file pointer to raw data (00059A00 to 0005A1FF)
       0 file pointer to relocation table
       0 file pointer to line numbers
       0 number of relocations
       0 number of line numbers
42000040 flags
         Initialized Data
         Discardable
         Read Only

  Summary

        3000 .data
        3000 .pdata
       15000 .rdata
        1000 .reloc
        1000 .rsrc
       42000 .text
