test_archive_byte_budget_before_reads (__main__.Artifacts.test_archive_byte_budget_before_reads) ... ok
test_archive_link_and_special_types (__main__.Artifacts.test_archive_link_and_special_types) ... ok
test_case_collision (__main__.Artifacts.test_case_collision) ... ok
test_changed_same_size (__main__.Artifacts.test_changed_same_size) ... ok
test_changed_size (__main__.Artifacts.test_changed_size) ... ok
test_cli_complete_flow (__main__.Artifacts.test_cli_complete_flow) ... ok
test_cli_no_clobber_or_inside_staging (__main__.Artifacts.test_cli_no_clobber_or_inside_staging) ... ok
test_compressed_suffix (__main__.Artifacts.test_compressed_suffix) ... ok
test_crc_failure (__main__.Artifacts.test_crc_failure) ... ok
test_data_descriptors (__main__.Artifacts.test_data_descriptors) ... ok
test_deflate_failure (__main__.Artifacts.test_deflate_failure) ... ok
test_descriptor_conflict (__main__.Artifacts.test_descriptor_conflict) ... ok
test_directory_with_data (__main__.Artifacts.test_directory_with_data) ... ok
test_dos_reparse_flag (__main__.Artifacts.test_dos_reparse_flag) ... ok
test_duplicate (__main__.Artifacts.test_duplicate) ... ok
test_empty_staging_directory (__main__.Artifacts.test_empty_staging_directory) ... ok
test_encryption_refused (__main__.Artifacts.test_encryption_refused) ... ok
test_extra (__main__.Artifacts.test_extra) ... ok
test_extra_directory (__main__.Artifacts.test_extra_directory) ... ok
test_file_directory_collision (__main__.Artifacts.test_file_directory_collision) ... ok
test_hidden_uncompressed_tail (__main__.Artifacts.test_hidden_uncompressed_tail) ... ok
test_inventory_byte_budget (__main__.Artifacts.test_inventory_byte_budget) ... ok
test_inventory_contract (__main__.Artifacts.test_inventory_contract) ... ok
test_inventory_json_duplicate_key (__main__.Artifacts.test_inventory_json_duplicate_key) ... ok
test_inventory_parent_case_collision (__main__.Artifacts.test_inventory_parent_case_collision) ... ok
test_local_name_conflict (__main__.Artifacts.test_local_name_conflict) ... ok
test_local_zip64_conflict (__main__.Artifacts.test_local_zip64_conflict) ... ok
test_matching_deflated (__main__.Artifacts.test_matching_deflated) ... ok
test_matching_stored (__main__.Artifacts.test_matching_stored) ... ok
test_metadata_budget_before_zip_reader (__main__.Artifacts.test_metadata_budget_before_zip_reader) ... ok
test_missing_required (__main__.Artifacts.test_missing_required) ... ok
test_multidisk_refused (__main__.Artifacts.test_multidisk_refused) ... ok
test_optional_expected_directory (__main__.Artifacts.test_optional_expected_directory) ... ok
test_parent_directory_budget (__main__.Artifacts.test_parent_directory_budget) ... ok
test_source_namespace_refusal (__main__.Artifacts.test_source_namespace_refusal) ... ok
test_staging_case_collision (__main__.Artifacts.test_staging_case_collision) ... ok
test_staging_hardlink (__main__.Artifacts.test_staging_hardlink) ... ok
test_trailing_archive_bytes (__main__.Artifacts.test_trailing_archive_bytes) ... ok
test_truncated_archive (__main__.Artifacts.test_truncated_archive) ... ok
test_unclaimed_bytes_before_central_directory (__main__.Artifacts.test_unclaimed_bytes_before_central_directory) ... ok
test_unknown_extra_field (__main__.Artifacts.test_unknown_extra_field) ... ok
test_unsafe_names (__main__.Artifacts.test_unsafe_names) ... ok
test_unsupported_compression (__main__.Artifacts.test_unsupported_compression) ... ok
test_valid_but_empty (__main__.Artifacts.test_valid_but_empty) ... ok
test_zip64_data_descriptors (__main__.Artifacts.test_zip64_data_descriptors) ... ok
test_zip64_end_record (__main__.Artifacts.test_zip64_end_record) ... ok
test_zip64_local_headers (__main__.Artifacts.test_zip64_local_headers) ... ok

----------------------------------------------------------------------
Ran 47 tests in 0.911s

OK
