Microsoft (R) COFF/PE Dumper Version 14.44.35228.0
Copyright (C) Microsoft Corporation.  All rights reserved.


Dump of file D:\Projects\DiskEd\disked\.aide-local\goal-0.1.0\clean-joined-public-ec30be78\build\windows-bootstrap\Release\export_command_probe.exe

PE signature found

File Type: EXECUTABLE IMAGE

FILE HEADER VALUES
            8664 machine (x64)
               6 number of sections
        6AC95049 time date stamp Sat Oct 10 07:36:25 2026
               0 file pointer to symbol table
               0 number of symbols
              F0 size of optional header
              22 characteristics
                   Executable
                   Application can handle large (>2GB) addresses

OPTIONAL HEADER VALUES
             20B magic # (PE32+)
           14.44 linker version
           B2000 size of code
           47400 size of initialized data
               0 size of uninitialized data
           8BD60 entry point (000000014008BD60)
            1000 base of code
       140000000 image base (0000000140000000 to 00000001400FCFFF)
            1000 section alignment
             200 file alignment
            6.00 operating system version
            0.00 image version
            6.00 subsystem version
               0 Win32 version
           FD000 size of image
             400 size of headers
               0 checksum
               3 subsystem (Windows CUI)
            C160 DLL characteristics
                   High Entropy Virtual Addresses
                   Dynamic base
                   NX compatible
                   Control Flow Guard
                   Terminal Server Aware
          100000 size of stack reserve
            1000 size of stack commit
          100000 size of heap reserve
            1000 size of heap commit
               0 loader flags
              10 number of directories
               0 [       0] RVA [size] of Export Directory
           EE524 [      28] RVA [size] of Import Directory
           FB000 [     1E0] RVA [size] of Resource Directory
           F5000 [    57B4] RVA [size] of Exception Directory
               0 [       0] RVA [size] of Certificates Directory
           FC000 [     B60] RVA [size] of Base Relocation Directory
           DAFB0 [      1C] RVA [size] of Debug Directory
               0 [       0] RVA [size] of Architecture Directory
               0 [       0] RVA [size] of Global Pointer Directory
           DB180 [      28] RVA [size] of Thread Storage Directory
           DAE70 [     140] RVA [size] of Load Configuration Directory
               0 [       0] RVA [size] of Bound Import Directory
           B3000 [     3A8] RVA [size] of Import Address Table Directory
               0 [       0] RVA [size] of Delay Import Directory
               0 [       0] RVA [size] of COM Descriptor Directory
               0 [       0] RVA [size] of Reserved Directory


SECTION HEADER #1
   .text name
   B1E8C virtual size
    1000 virtual address (0000000140001000 to 00000001400B2E8B)
   B2000 size of raw data
     400 file pointer to raw data (00000400 to 000B23FF)
       0 file pointer to relocation table
       0 file pointer to line numbers
       0 number of relocations
       0 number of line numbers
60000020 flags
         Code
         Execute Read

SECTION HEADER #2
  .rdata name
   3C214 virtual size
   B3000 virtual address (00000001400B3000 to 00000001400EF213)
   3C400 size of raw data
   B2400 file pointer to raw data (000B2400 to 000EE7FF)
       0 file pointer to relocation table
       0 file pointer to line numbers
       0 number of relocations
       0 number of line numbers
40000040 flags
         Initialized Data
         Read Only

  Debug Directories

        Time Type        Size      RVA  Pointer
    -------- ------- -------- -------- --------
    6AC95049 coffgrp      418 000DD5EC    DC9EC

SECTION HEADER #3
   .data name
    48C0 virtual size
   F0000 virtual address (00000001400F0000 to 00000001400F48BF)
    3200 size of raw data
   EE800 file pointer to raw data (000EE800 to 000F19FF)
       0 file pointer to relocation table
       0 file pointer to line numbers
       0 number of relocations
       0 number of line numbers
C0000040 flags
         Initialized Data
         Read Write

SECTION HEADER #4
  .pdata name
    57B4 virtual size
   F5000 virtual address (00000001400F5000 to 00000001400FA7B3)
    5800 size of raw data
   F1A00 file pointer to raw data (000F1A00 to 000F71FF)
       0 file pointer to relocation table
       0 file pointer to line numbers
       0 number of relocations
       0 number of line numbers
40000040 flags
         Initialized Data
         Read Only

SECTION HEADER #5
   .rsrc name
     1E0 virtual size
   FB000 virtual address (00000001400FB000 to 00000001400FB1DF)
     200 size of raw data
   F7200 file pointer to raw data (000F7200 to 000F73FF)
       0 file pointer to relocation table
       0 file pointer to line numbers
       0 number of relocations
       0 number of line numbers
40000040 flags
         Initialized Data
         Read Only

SECTION HEADER #6
  .reloc name
     B60 virtual size
   FC000 virtual address (00000001400FC000 to 00000001400FCB5F)
     C00 size of raw data
   F7400 file pointer to raw data (000F7400 to 000F7FFF)
       0 file pointer to relocation table
       0 file pointer to line numbers
       0 number of relocations
       0 number of line numbers
42000040 flags
         Initialized Data
         Discardable
         Read Only

  Summary

        5000 .data
        6000 .pdata
       3D000 .rdata
        1000 .reloc
        1000 .rsrc
       B2000 .text
