Traceback (most recent call last):
  File "D:\Projects\DiskEd\disked\tests\journal\test_semantics.py", line 195, in <module>
    if __name__=='__main__':main()
                            ~~~~^^
  File "D:\Projects\DiskEd\disked\tests\journal\test_semantics.py", line 192, in main
    assert not failed,json.dumps(failed[:12],indent=2)
           ^^^^^^^^^^
AssertionError: [
  {
    "name": "independent-expected-plan",
    "errors": [
      "projection-differs-from-valid-prefix-control"
    ]
  },
  {
    "name": "independent-expected-targets",
    "errors": [
      "projection-differs-from-valid-prefix-control"
    ]
  },
  {
    "name": "independent-expected-providers",
    "errors": [
      "projection-differs-from-valid-prefix-control"
    ]
  }
]
