{
  "schema": "org.disked.spec-check/1",
  "status": "FAIL",
  "checks": 939,
  "concepts": 72,
  "requirements": 150,
  "work_units": 36,
  "schemas": 50,
  "errors": [
    "command registry: Observed completion requires bounded observations"
  ],
  "scope": "Specification structure, local contracts, fixtures and tool projections only.",
  "not_validated": [
    "DiskEd runtime",
    "Windows binaries/GUI",
    "physical storage",
    "power-loss recovery",
    "live AIDE CLI",
    "Universal Setup integration",
    "owner acceptance"
  ]
}
