Test project D:/Projects/DiskEd/disked/build/windows-bootstrap
      Start  2: health.command
 1/10 Test  #2: health.command .....................   Passed    3.87 sec
      Start 31: frontend.gui_windows
 2/10 Test #31: frontend.gui_windows ...............   Passed    2.47 sec
      Start 33: frontend.tui_windows
 3/10 Test #33: frontend.tui_windows ...............   Passed    3.88 sec
      Start 34: shell.windows
 4/10 Test #34: shell.windows ......................   Passed    6.33 sec
      Start 37: invocation.policy
 5/10 Test #37: invocation.policy ..................   Passed    5.35 sec
      Start 38: protocol.compatible_reader
 6/10 Test #38: protocol.compatible_reader .........   Passed    0.89 sec
      Start 39: command.syntax
 7/10 Test #39: command.syntax .....................   Passed    9.57 sec
      Start 40: protocol.json_codec
 8/10 Test #40: protocol.json_codec ................   Passed    2.73 sec
      Start 53: disked_provider_guard.invocation
 9/10 Test #53: disked_provider_guard.invocation ...   Passed    1.38 sec
      Start 54: disked_provider_guard.acceptance
10/10 Test #54: disked_provider_guard.acceptance ...   Passed    2.78 sec

100% tests passed, 0 tests failed out of 10

Total Test time (real) =  39.25 sec
