CMake is re-running because D:/Projects/DiskEd/disked/build/windows-bootstrap/CMakeFiles/generate.stamp is out-of-date.
  the file 'D:/Projects/DiskEd/disked/CMakeLists.txt'
  is newer than 'D:/Projects/DiskEd/disked/build/windows-bootstrap/CMakeFiles/generate.stamp.depend'
  result='-1'
-- Configuring done (0.5s)
-- Generating done (1.1s)
-- Build files have been written to: D:/Projects/DiskEd/disked/build/windows-bootstrap
MSBuild version 17.14.51+25f168cee for .NET Framework

  1>Bind current Git revision and native input bytes
  disked_hash.vcxproj -> D:\Projects\DiskEd\disked\build\windows-bootstrap\Release\disked_hash.lib
  protocol.cpp
  disked_json.vcxproj -> D:\Projects\DiskEd\disked\build\windows-bootstrap\Release\disked_json.lib
  disked_acquisition.vcxproj -> D:\Projects\DiskEd\disked\build\windows-bootstrap\Release\disked_acquisition.lib
  disked_acquisition_commands.vcxproj -> D:\Projects\DiskEd\disked\build\windows-bootstrap\Release\disked_acquisition_commands.lib
  session.cpp
  disked_presentation.vcxproj -> D:\Projects\DiskEd\disked\build\windows-bootstrap\Release\disked_presentation.lib
  disked_acquisition_observation.vcxproj -> D:\Projects\DiskEd\disked\build\windows-bootstrap\Release\disked_acquisition_observation.lib
  disked_local_file.vcxproj -> D:\Projects\DiskEd\disked\build\windows-bootstrap\Release\disked_local_file.lib
  disked_file_acquisition.vcxproj -> D:\Projects\DiskEd\disked\build\windows-bootstrap\Release\disked_file_acquisition.lib
  disked_primitives.vcxproj -> D:\Projects\DiskEd\disked\build\windows-bootstrap\Release\disked_primitives.lib
  disked_gpt.vcxproj -> D:\Projects\DiskEd\disked\build\windows-bootstrap\Release\disked_gpt.lib
  gui_model.cpp
  disked_gui.vcxproj -> D:\Projects\DiskEd\disked\build\windows-bootstrap\Release\disked_gui.lib
  disked_health_observation.vcxproj -> D:\Projects\DiskEd\disked\build\windows-bootstrap\Release\disked_health_observation.lib
  disked_mbr.vcxproj -> D:\Projects\DiskEd\disked\build\windows-bootstrap\Release\disked_mbr.lib
  disked_map_observation.vcxproj -> D:\Projects\DiskEd\disked\build\windows-bootstrap\Release\disked_map_observation.lib
  disked_image_actions.vcxproj -> D:\Projects\DiskEd\disked\build\windows-bootstrap\Release\disked_image_actions.lib
  disked_image_capture.vcxproj -> D:\Projects\DiskEd\disked\build\windows-bootstrap\Release\disked_image_capture.lib
  shell_model.cpp
  disked_shell.vcxproj -> D:\Projects\DiskEd\disked\build\windows-bootstrap\Release\disked_shell.lib
  model.cpp
  disked_tui.vcxproj -> D:\Projects\DiskEd\disked\build\windows-bootstrap\Release\disked_tui.lib
  main.cpp
  cli.cpp
  command_registry.cpp
  bootstrap.cpp
  graph.cpp
  health_observer.cpp
  entry.cpp
  invocation.cpp
  fake_worker.cpp
  output.cpp
  memory_budget.cpp
  terminal.cpp
  gui.cpp
  acquisition_worker.cpp
  Generating Code...
  disked.vcxproj -> D:\Projects\DiskEd\disked\build\windows-bootstrap\Release\disked.exe
MSBuild version 17.14.51+25f168cee for .NET Framework

  1>Bind current Git revision and native input bytes
  disked_hash.vcxproj -> D:\Projects\DiskEd\disked\build\windows-bootstrap\Release\disked_hash.lib
  disked_json.vcxproj -> D:\Projects\DiskEd\disked\build\windows-bootstrap\Release\disked_json.lib
  disked_acquisition.vcxproj -> D:\Projects\DiskEd\disked\build\windows-bootstrap\Release\disked_acquisition.lib
  disked_acquisition_commands.vcxproj -> D:\Projects\DiskEd\disked\build\windows-bootstrap\Release\disked_acquisition_commands.lib
  disked_presentation.vcxproj -> D:\Projects\DiskEd\disked\build\windows-bootstrap\Release\disked_presentation.lib
  disked_acquisition_observation.vcxproj -> D:\Projects\DiskEd\disked\build\windows-bootstrap\Release\disked_acquisition_observation.lib
  disked_local_file.vcxproj -> D:\Projects\DiskEd\disked\build\windows-bootstrap\Release\disked_local_file.lib
  disked_file_acquisition.vcxproj -> D:\Projects\DiskEd\disked\build\windows-bootstrap\Release\disked_file_acquisition.lib
  disked_primitives.vcxproj -> D:\Projects\DiskEd\disked\build\windows-bootstrap\Release\disked_primitives.lib
  disked_gpt.vcxproj -> D:\Projects\DiskEd\disked\build\windows-bootstrap\Release\disked_gpt.lib
  disked_gui.vcxproj -> D:\Projects\DiskEd\disked\build\windows-bootstrap\Release\disked_gui.lib
  disked_health_observation.vcxproj -> D:\Projects\DiskEd\disked\build\windows-bootstrap\Release\disked_health_observation.lib
  disked_mbr.vcxproj -> D:\Projects\DiskEd\disked\build\windows-bootstrap\Release\disked_mbr.lib
  disked_map_observation.vcxproj -> D:\Projects\DiskEd\disked\build\windows-bootstrap\Release\disked_map_observation.lib
  disked_image_actions.vcxproj -> D:\Projects\DiskEd\disked\build\windows-bootstrap\Release\disked_image_actions.lib
  disked_image_capture.vcxproj -> D:\Projects\DiskEd\disked\build\windows-bootstrap\Release\disked_image_capture.lib
  disked_shell.vcxproj -> D:\Projects\DiskEd\disked\build\windows-bootstrap\Release\disked_shell.lib
  disked_tui.vcxproj -> D:\Projects\DiskEd\disked\build\windows-bootstrap\Release\disked_tui.lib
  main.cpp
  cli.cpp
  command_registry.cpp
  bootstrap.cpp
  graph.cpp
  health_observer.cpp
  entry.cpp
  invocation.cpp
  fake_worker.cpp
  output.cpp
  memory_budget.cpp
  terminal.cpp
  gui.cpp
  acquisition_worker.cpp
  Generating Code...
  disked_provider_guard.vcxproj -> D:\Projects\DiskEd\disked\build\windows-bootstrap\Release\disked_provider_guard.exe
MSBuild version 17.14.51+25f168cee for .NET Framework

  1>Bind current Git revision and native input bytes
  disked_hash.vcxproj -> D:\Projects\DiskEd\disked\build\windows-bootstrap\Release\disked_hash.lib
  disked_json.vcxproj -> D:\Projects\DiskEd\disked\build\windows-bootstrap\Release\disked_json.lib
  disked_health_observation.vcxproj -> D:\Projects\DiskEd\disked\build\windows-bootstrap\Release\disked_health_observation.lib
  disked_presentation.vcxproj -> D:\Projects\DiskEd\disked\build\windows-bootstrap\Release\disked_presentation.lib
  service_probe.cpp
  command_registry.cpp
  graph.cpp
  health_observer.cpp
  bootstrap.cpp
  Generating Code...
  frontend_service_probe.vcxproj -> D:\Projects\DiskEd\disked\build\windows-bootstrap\Release\frontend_service_probe.exe
MSBuild version 17.14.51+25f168cee for .NET Framework

  1>Bind current Git revision and native input bytes
  disked_hash.vcxproj -> D:\Projects\DiskEd\disked\build\windows-bootstrap\Release\disked_hash.lib
  disked_json.vcxproj -> D:\Projects\DiskEd\disked\build\windows-bootstrap\Release\disked_json.lib
  disked_presentation.vcxproj -> D:\Projects\DiskEd\disked\build\windows-bootstrap\Release\disked_presentation.lib
  disked_gui.vcxproj -> D:\Projects\DiskEd\disked\build\windows-bootstrap\Release\disked_gui.lib
  disked_health_observation.vcxproj -> D:\Projects\DiskEd\disked\build\windows-bootstrap\Release\disked_health_observation.lib
  gui_probe.cpp
  command_registry.cpp
  graph.cpp
  health_observer.cpp
  bootstrap.cpp
  Generating Code...
  gui_model_probe.vcxproj -> D:\Projects\DiskEd\disked\build\windows-bootstrap\Release\gui_model_probe.exe
MSBuild version 17.14.51+25f168cee for .NET Framework

  1>Bind current Git revision and native input bytes
  disked_hash.vcxproj -> D:\Projects\DiskEd\disked\build\windows-bootstrap\Release\disked_hash.lib
  disked_json.vcxproj -> D:\Projects\DiskEd\disked\build\windows-bootstrap\Release\disked_json.lib
  disked_health_observation.vcxproj -> D:\Projects\DiskEd\disked\build\windows-bootstrap\Release\disked_health_observation.lib
  disked_presentation.vcxproj -> D:\Projects\DiskEd\disked\build\windows-bootstrap\Release\disked_presentation.lib
  disked_tui.vcxproj -> D:\Projects\DiskEd\disked\build\windows-bootstrap\Release\disked_tui.lib
  tui_probe.cpp
  command_registry.cpp
  graph.cpp
  health_observer.cpp
  bootstrap.cpp
  Generating Code...
  tui_model_probe.vcxproj -> D:\Projects\DiskEd\disked\build\windows-bootstrap\Release\tui_model_probe.exe
MSBuild version 17.14.51+25f168cee for .NET Framework

  1>Bind current Git revision and native input bytes
  disked_hash.vcxproj -> D:\Projects\DiskEd\disked\build\windows-bootstrap\Release\disked_hash.lib
  disked_json.vcxproj -> D:\Projects\DiskEd\disked\build\windows-bootstrap\Release\disked_json.lib
  disked_health_observation.vcxproj -> D:\Projects\DiskEd\disked\build\windows-bootstrap\Release\disked_health_observation.lib
  disked_presentation.vcxproj -> D:\Projects\DiskEd\disked\build\windows-bootstrap\Release\disked_presentation.lib
  disked_shell.vcxproj -> D:\Projects\DiskEd\disked\build\windows-bootstrap\Release\disked_shell.lib
  shell_probe.cpp
  command_registry.cpp
  graph.cpp
  health_observer.cpp
  bootstrap.cpp
  Generating Code...
  shell_model_probe.vcxproj -> D:\Projects\DiskEd\disked\build\windows-bootstrap\Release\shell_model_probe.exe
MSBuild version 17.14.51+25f168cee for .NET Framework

  disked_json.vcxproj -> D:\Projects\DiskEd\disked\build\windows-bootstrap\Release\disked_json.lib
  disked_health_observation.vcxproj -> D:\Projects\DiskEd\disked\build\windows-bootstrap\Release\disked_health_observation.lib
  health_observation_probe.vcxproj -> D:\Projects\DiskEd\disked\build\windows-bootstrap\Release\health_observation_probe.exe
MSBuild version 17.14.51+25f168cee for .NET Framework

  1>Bind current Git revision and native input bytes
  bootstrap.cpp
  provider_guard_probe.vcxproj -> D:\Projects\DiskEd\disked\build\windows-bootstrap\Release\provider_guard_probe.exe
