Test project D:/Projects/DiskEd/disked/build/windows-bootstrap
      Start  1: health.observation_model
 1/10 Test  #1: health.observation_model ..........   Passed    0.30 sec
      Start  2: health.command
 2/10 Test  #2: health.command ....................   Passed    3.27 sec
      Start 28: shell.model
 3/10 Test #28: shell.model .......................   Passed    1.43 sec
      Start 30: frontend.gui_model
 4/10 Test #30: frontend.gui_model ................   Passed    0.52 sec
      Start 32: frontend.tui_model
 5/10 Test #32: frontend.tui_model ................   Passed    0.42 sec
      Start 35: frontend.service
 6/10 Test #35: frontend.service ..................   Passed    0.47 sec
      Start 36: frontend.transport
 7/10 Test #36: frontend.transport ................   Passed    1.32 sec
      Start 51: disked.invocation
 8/10 Test #51: disked.invocation .................   Passed    1.65 sec
      Start 52: disked.acceptance
 9/10 Test #52: disked.acceptance .................   Passed    3.24 sec
      Start 55: provider_guard.positive_control
10/10 Test #55: provider_guard.positive_control ...   Passed    0.15 sec

100% tests passed, 0 tests failed out of 10

Total Test time (real) =  12.78 sec
