CMake is re-running because D:/Projects/DiskEd/disked/build/windows-bootstrap/CMakeFiles/generate.stamp is out-of-date.
  the file 'D:/Projects/DiskEd/disked/CMakeLists.txt'
  is newer than 'D:/Projects/DiskEd/disked/build/windows-bootstrap/CMakeFiles/generate.stamp.depend'
  result='-1'
-- Configuring done (0.4s)
-- Generating done (0.9s)
-- Build files have been written to: D:/Projects/DiskEd/disked/build/windows-bootstrap
MSBuild version 17.14.51+25f168cee for .NET Framework

  1>Bind current Git revision and native input bytes
  command.cpp
  json.cpp
  protocol.cpp
  shell_lexer.cpp
  policy.cpp
  Generating Code...
  disked_json.vcxproj -> D:\Projects\DiskEd\disked\build\windows-bootstrap\Release\disked_json.lib
  sha256.cpp
  capture.cpp
  snapshot.cpp
  fake_operation.cpp
  watch.cpp
  requests.cpp
  session.cpp
  Generating Code...
  disked_presentation.vcxproj -> D:\Projects\DiskEd\disked\build\windows-bootstrap\Release\disked_presentation.lib
  gui_model.cpp
  disked_gui.vcxproj -> D:\Projects\DiskEd\disked\build\windows-bootstrap\Release\disked_gui.lib
  shell_model.cpp
  disked_shell.vcxproj -> D:\Projects\DiskEd\disked\build\windows-bootstrap\Release\disked_shell.lib
  model.cpp
  disked_tui.vcxproj -> D:\Projects\DiskEd\disked\build\windows-bootstrap\Release\disked_tui.lib
  cli.cpp
  command_registry.cpp
  main.cpp
  terminal.cpp
  entry.cpp
  fake_worker.cpp
  invocation.cpp
  memory_budget.cpp
  output.cpp
  gui.cpp
  bootstrap.cpp
  graph.cpp
  Generating Code...
  disked.vcxproj -> D:\Projects\DiskEd\disked\build\windows-bootstrap\Release\disked.exe
MSBuild version 17.14.51+25f168cee for .NET Framework

  disked_json.vcxproj -> D:\Projects\DiskEd\disked\build\windows-bootstrap\Release\disked_json.lib
  checked.c
  extent.c
  view.c
  Generating Code...
  disked_primitives.vcxproj -> D:\Projects\DiskEd\disked\build\windows-bootstrap\Release\disked_primitives.lib
  ebr.c
  mbr.c
  Generating Code...
  disked_mbr.vcxproj -> D:\Projects\DiskEd\disked\build\windows-bootstrap\Release\disked_mbr.lib
  mbr_probe.cpp
  mbr_probe.vcxproj -> D:\Projects\DiskEd\disked\build\windows-bootstrap\Release\mbr_probe.exe
