Microsoft (R) COFF/PE Dumper Version 14.44.35228.0
Copyright (C) Microsoft Corporation.  All rights reserved.


Dump of file D:\Projects\DiskEd\disked\.aide-local\goal-0.1.0\clean-joined-worker-70318464\build\windows-bootstrap\Release\report_worker_fault.exe

PE signature found

File Type: EXECUTABLE IMAGE

FILE HEADER VALUES
            8664 machine (x64)
               6 number of sections
        6AC94199 time date stamp Sat Oct 10 06:33:45 2026
               0 file pointer to symbol table
               0 number of symbols
              F0 size of optional header
              22 characteristics
                   Executable
                   Application can handle large (>2GB) addresses

OPTIONAL HEADER VALUES
             20B magic # (PE32+)
           14.44 linker version
           81800 size of code
           28600 size of initialized data
               0 size of uninitialized data
           62910 entry point (0000000140062910)
            1000 base of code
       140000000 image base (0000000140000000 to 00000001400ACFFF)
            1000 section alignment
             200 file alignment
            6.00 operating system version
            0.00 image version
            6.00 subsystem version
               0 Win32 version
           AD000 size of image
             400 size of headers
               0 checksum
               3 subsystem (Windows CUI)
            C160 DLL characteristics
                   High Entropy Virtual Addresses
                   Dynamic base
                   NX compatible
                   Control Flow Guard
                   Terminal Server Aware
          100000 size of stack reserve
            1000 size of stack commit
          100000 size of heap reserve
            1000 size of heap commit
               0 loader flags
              10 number of directories
               0 [       0] RVA [size] of Export Directory
           A20BC [      28] RVA [size] of Import Directory
           AB000 [     1E0] RVA [size] of Resource Directory
           A7000 [    3FA8] RVA [size] of Exception Directory
               0 [       0] RVA [size] of Certificates Directory
           AC000 [     8F0] RVA [size] of Base Relocation Directory
           943D0 [      1C] RVA [size] of Debug Directory
               0 [       0] RVA [size] of Architecture Directory
               0 [       0] RVA [size] of Global Pointer Directory
           94580 [      28] RVA [size] of Thread Storage Directory
           94290 [     140] RVA [size] of Load Configuration Directory
               0 [       0] RVA [size] of Bound Import Directory
           83000 [     370] RVA [size] of Import Address Table Directory
               0 [       0] RVA [size] of Delay Import Directory
               0 [       0] RVA [size] of COM Descriptor Directory
               0 [       0] RVA [size] of Reserved Directory


SECTION HEADER #1
   .text name
   816AC virtual size
    1000 virtual address (0000000140001000 to 00000001400826AB)
   81800 size of raw data
     400 file pointer to raw data (00000400 to 00081BFF)
       0 file pointer to relocation table
       0 file pointer to line numbers
       0 number of relocations
       0 number of line numbers
60000020 flags
         Code
         Execute Read

SECTION HEADER #2
  .rdata name
   1FCD0 virtual size
   83000 virtual address (0000000140083000 to 00000001400A2CCF)
   1FE00 size of raw data
   81C00 file pointer to raw data (00081C00 to 000A19FF)
       0 file pointer to relocation table
       0 file pointer to line numbers
       0 number of relocations
       0 number of line numbers
40000040 flags
         Initialized Data
         Read Only

  Debug Directories

        Time Type        Size      RVA  Pointer
    -------- ------- -------- -------- --------
    6AC94199 coffgrp      418 00095854    94454

SECTION HEADER #3
   .data name
    3AB8 virtual size
   A3000 virtual address (00000001400A3000 to 00000001400A6AB7)
    2400 size of raw data
   A1A00 file pointer to raw data (000A1A00 to 000A3DFF)
       0 file pointer to relocation table
       0 file pointer to line numbers
       0 number of relocations
       0 number of line numbers
C0000040 flags
         Initialized Data
         Read Write

SECTION HEADER #4
  .pdata name
    3FA8 virtual size
   A7000 virtual address (00000001400A7000 to 00000001400AAFA7)
    4000 size of raw data
   A3E00 file pointer to raw data (000A3E00 to 000A7DFF)
       0 file pointer to relocation table
       0 file pointer to line numbers
       0 number of relocations
       0 number of line numbers
40000040 flags
         Initialized Data
         Read Only

SECTION HEADER #5
   .rsrc name
     1E0 virtual size
   AB000 virtual address (00000001400AB000 to 00000001400AB1DF)
     200 size of raw data
   A7E00 file pointer to raw data (000A7E00 to 000A7FFF)
       0 file pointer to relocation table
       0 file pointer to line numbers
       0 number of relocations
       0 number of line numbers
40000040 flags
         Initialized Data
         Read Only

SECTION HEADER #6
  .reloc name
     8F0 virtual size
   AC000 virtual address (00000001400AC000 to 00000001400AC8EF)
     A00 size of raw data
   A8000 file pointer to raw data (000A8000 to 000A89FF)
       0 file pointer to relocation table
       0 file pointer to line numbers
       0 number of relocations
       0 number of line numbers
42000040 flags
         Initialized Data
         Discardable
         Read Only

  Summary

        4000 .data
        4000 .pdata
       20000 .rdata
        1000 .reloc
        1000 .rsrc
       82000 .text
