Microsoft (R) COFF/PE Dumper Version 14.44.35228.0
Copyright (C) Microsoft Corporation.  All rights reserved.


Dump of file D:\Projects\DiskEd\disked\.aide-local\goal-0.1.0\clean-joined-worker-70318464\build\windows-bootstrap\Release\report_worker_probe.exe

PE signature found

File Type: EXECUTABLE IMAGE

FILE HEADER VALUES
            8664 machine (x64)
               6 number of sections
        6AC94180 time date stamp Sat Oct 10 06:33:20 2026
               0 file pointer to symbol table
               0 number of symbols
              F0 size of optional header
              22 characteristics
                   Executable
                   Application can handle large (>2GB) addresses

OPTIONAL HEADER VALUES
             20B magic # (PE32+)
           14.44 linker version
           7C800 size of code
           27800 size of initialized data
               0 size of uninitialized data
           61F70 entry point (0000000140061F70)
            1000 base of code
       140000000 image base (0000000140000000 to 00000001400A7FFF)
            1000 section alignment
             200 file alignment
            6.00 operating system version
            0.00 image version
            6.00 subsystem version
               0 Win32 version
           A8000 size of image
             400 size of headers
               0 checksum
               3 subsystem (Windows CUI)
            C160 DLL characteristics
                   High Entropy Virtual Addresses
                   Dynamic base
                   NX compatible
                   Control Flow Guard
                   Terminal Server Aware
          100000 size of stack reserve
            1000 size of stack commit
          100000 size of heap reserve
            1000 size of heap commit
               0 loader flags
              10 number of directories
               0 [       0] RVA [size] of Export Directory
           9C474 [      28] RVA [size] of Import Directory
           A6000 [     1E0] RVA [size] of Resource Directory
           A2000 [    3D44] RVA [size] of Exception Directory
               0 [       0] RVA [size] of Certificates Directory
           A7000 [     8E4] RVA [size] of Base Relocation Directory
           8E9F0 [      1C] RVA [size] of Debug Directory
               0 [       0] RVA [size] of Architecture Directory
               0 [       0] RVA [size] of Global Pointer Directory
           8EB80 [      28] RVA [size] of Thread Storage Directory
           8E8B0 [     140] RVA [size] of Load Configuration Directory
               0 [       0] RVA [size] of Bound Import Directory
           7E000 [     350] RVA [size] of Import Address Table Directory
               0 [       0] RVA [size] of Delay Import Directory
               0 [       0] RVA [size] of COM Descriptor Directory
               0 [       0] RVA [size] of Reserved Directory


SECTION HEADER #1
   .text name
   7C67C virtual size
    1000 virtual address (0000000140001000 to 000000014007D67B)
   7C800 size of raw data
     400 file pointer to raw data (00000400 to 0007CBFF)
       0 file pointer to relocation table
       0 file pointer to line numbers
       0 number of relocations
       0 number of line numbers
60000020 flags
         Code
         Execute Read

SECTION HEADER #2
  .rdata name
   1F01A virtual size
   7E000 virtual address (000000014007E000 to 000000014009D019)
   1F200 size of raw data
   7CC00 file pointer to raw data (0007CC00 to 0009BDFF)
       0 file pointer to relocation table
       0 file pointer to line numbers
       0 number of relocations
       0 number of line numbers
40000040 flags
         Initialized Data
         Read Only

  Debug Directories

        Time Type        Size      RVA  Pointer
    -------- ------- -------- -------- --------
    6AC94180 coffgrp      418 0008FE5C    8EA5C

SECTION HEADER #3
   .data name
    3AA8 virtual size
   9E000 virtual address (000000014009E000 to 00000001400A1AA7)
    2400 size of raw data
   9BE00 file pointer to raw data (0009BE00 to 0009E1FF)
       0 file pointer to relocation table
       0 file pointer to line numbers
       0 number of relocations
       0 number of line numbers
C0000040 flags
         Initialized Data
         Read Write

SECTION HEADER #4
  .pdata name
    3D44 virtual size
   A2000 virtual address (00000001400A2000 to 00000001400A5D43)
    3E00 size of raw data
   9E200 file pointer to raw data (0009E200 to 000A1FFF)
       0 file pointer to relocation table
       0 file pointer to line numbers
       0 number of relocations
       0 number of line numbers
40000040 flags
         Initialized Data
         Read Only

SECTION HEADER #5
   .rsrc name
     1E0 virtual size
   A6000 virtual address (00000001400A6000 to 00000001400A61DF)
     200 size of raw data
   A2000 file pointer to raw data (000A2000 to 000A21FF)
       0 file pointer to relocation table
       0 file pointer to line numbers
       0 number of relocations
       0 number of line numbers
40000040 flags
         Initialized Data
         Read Only

SECTION HEADER #6
  .reloc name
     8E4 virtual size
   A7000 virtual address (00000001400A7000 to 00000001400A78E3)
     A00 size of raw data
   A2200 file pointer to raw data (000A2200 to 000A2BFF)
       0 file pointer to relocation table
       0 file pointer to line numbers
       0 number of relocations
       0 number of line numbers
42000040 flags
         Initialized Data
         Discardable
         Read Only

  Summary

        4000 .data
        4000 .pdata
       20000 .rdata
        1000 .reloc
        1000 .rsrc
       7D000 .text
