CASE 'image.inspect-mbr-empty.img'
CASE 'table.verify-mbr-empty.img'
CASE 'image.inspect-mbr-two.img'
CASE 'table.verify-mbr-two.img'
CASE 'image.inspect-mbr-overlap.img'
CASE 'table.verify-mbr-overlap.img'
CASE 'image.inspect-mbr-outside.img'
CASE 'table.verify-mbr-outside.img'
CASE 'image.inspect-mbr-zero-type.img'
CASE 'table.verify-mbr-zero-type.img'
CASE 'image.inspect-mbr-boot-byte.img'
CASE 'table.verify-mbr-boot-byte.img'
CASE 'image.inspect-mbr-signature.img'
CASE 'table.verify-mbr-signature.img'
CASE 'image.inspect-mbr-truncated.img'
CASE 'table.verify-mbr-truncated.img'
CASE 'image.inspect-ebr-two.img'
CASE 'table.verify-ebr-two.img'
CASE 'image.inspect-ebr-cycle.img'
CASE 'table.verify-ebr-cycle.img'
CASE 'image.inspect-ebr-overlap.img'
CASE 'table.verify-ebr-overlap.img'
CASE 'image.inspect-ebr-signature.img'
CASE 'table.verify-ebr-signature.img'
CASE 'image.inspect-ebr-unavailable.img'
CASE 'table.verify-ebr-unavailable.img'
CASE 'image.inspect-gpt-valid.img'
CASE 'table.verify-gpt-valid.img'
CASE 'image.inspect-gpt-0-header-crc.img'
CASE 'table.verify-gpt-0-header-crc.img'
CASE 'image.inspect-gpt-0-array-crc.img'
CASE 'table.verify-gpt-0-array-crc.img'
CASE 'image.inspect-gpt-0-reserved.img'
CASE 'table.verify-gpt-0-reserved.img'
CASE 'image.inspect-gpt-0-range.img'
CASE 'table.verify-gpt-0-range.img'
CASE 'image.inspect-gpt-0-duplicate.img'
CASE 'table.verify-gpt-0-duplicate.img'
CASE 'image.inspect-gpt-0-overlap.img'
CASE 'table.verify-gpt-0-overlap.img'
CASE 'image.inspect-gpt-0-utf16.img'
CASE 'table.verify-gpt-0-utf16.img'
CASE 'image.inspect-gpt-0-attributes.img'
CASE 'table.verify-gpt-0-attributes.img'
CASE 'image.inspect-gpt-1-header-crc.img'
CASE 'table.verify-gpt-1-header-crc.img'
CASE 'image.inspect-gpt-1-array-crc.img'
CASE 'table.verify-gpt-1-array-crc.img'
CASE 'image.inspect-gpt-1-reserved.img'
CASE 'table.verify-gpt-1-reserved.img'
CASE 'image.inspect-gpt-1-range.img'
CASE 'table.verify-gpt-1-range.img'
CASE 'image.inspect-gpt-1-duplicate.img'
CASE 'table.verify-gpt-1-duplicate.img'
CASE 'image.inspect-gpt-1-overlap.img'
CASE 'table.verify-gpt-1-overlap.img'
CASE 'image.inspect-gpt-1-utf16.img'
CASE 'table.verify-gpt-1-utf16.img'
CASE 'image.inspect-gpt-1-attributes.img'
CASE 'table.verify-gpt-1-attributes.img'
CASE 'image.inspect-gpt-valid-disagreement.img'
CASE 'table.verify-gpt-valid-disagreement.img'
CASE 'image.inspect-gpt-guid-disagreement.img'
CASE 'table.verify-gpt-guid-disagreement.img'
CASE 'image.inspect-gpt-both-crc.img'
CASE 'table.verify-gpt-both-crc.img'
CASE 'image.inspect-gpt-primary-signature.img'
CASE 'table.verify-gpt-primary-signature.img'
CASE 'image.inspect-gpt-short-backup.img'
CASE 'table.verify-gpt-short-backup.img'
CASE 'image.inspect-empty.img'
CASE 'table.verify-short.img'
CASE 'image.inspect-name-\u78c1\u76d8-\U0001f642.img'
CASE 'table.verify-gpt-valid.img'
CASE 'table.verify-gpt-valid.img'
CASE 'image.inspect-gpt-valid.img'
CASE 'literal-path'
CASE 'option-placement'
CASE 'parse-before-open-missing_parameter'
CASE 'parse-before-open-missing_parameter'
CASE 'parse-before-open-invalid_option_value'
CASE 'parse-before-open-duplicate_option'
CASE 'parse-before-open-unknown_option'
CASE 'essential-no-image-open'
CASE 'essential-no-image-open'
CASE 'essential-no-image-open'
CASE 'essential-no-image-open'
CASE 'essential-no-image-open'
CASE 'stdio-image.inspect'
CASE 'image.inspect-gpt-valid.img'
CASE 'strict-before-open-unexpected_revision'
CASE 'strict-before-open-missing_parameter'
CASE 'strict-before-open-invalid_parameter'
CASE 'strict-before-open-unexpected_parameter'
CASE 'stdio-table.verify'
CASE 'table.verify-gpt-valid.img'
CASE 'strict-before-open-unexpected_revision'
CASE 'strict-before-open-missing_parameter'
CASE 'strict-before-open-invalid_parameter'
CASE 'strict-before-open-unexpected_parameter'
CASE 'image.inspect-missing.img'
CASE 'table.verify-gpt-valid.img'
CASE 'table.verify-gpt-valid.img'
CASE 'table.verify-gpt-valid.img'
CASE 'table.verify-gpt-valid.img'
CASE 'table.verify-gpt-valid.img'
CASE 'table.verify-gpt-valid.img'
CASE 'image.inspect-gpt-valid.img'
CASE 'gui-image.inspect-gpt-valid.img'
Traceback (most recent call last):
  File "D:\Projects\DiskEd\disked\tests\frontend\test_image_commands.py", line 178, in <module>
    if __name__=='__main__':main()
                            ~~~~^^
  File "D:\Projects\DiskEd\disked\tests\frontend\test_image_commands.py", line 130, in main
    actual=json.loads(report.read_text(encoding='utf-8'));assert process.returncode==0,actual
                                                                 ^^^^^^^^^^^^^^^^^^^^^
AssertionError: {'fixture_error': 'Console observation timed out\nDiskEd | IMAGE / FAKE PROTOTYPE | linear\nSelection: {"state":"none","target_id":null}\nNotice: Edit fields, then F9. Empty optional fields are omitted; booleans use true/false.\nTYPED FORM (inert)\nCommand: image.inspect\n> logical_block_bytes = "512"\n  path = "D:\\\\Projects\\\\DiskEd\\\\disked\\\\.aide-local\\\\image-command-znk3u7su\\\\gpt-valid.img"\nExpected graph revision: sha256:1be43f23d5cd6e385237902e41a1be66e9717d6ddc02d8f31ff341b0120de6f4\nNo storage permission is granted by review.\nArrows focus | Enter inspect/open | F2 commands | F3 inventory\nF4 clear | F5 refresh view | F6 layout | F9 review/submit\nTab field | PgUp/PgDn page | Esc back | F10/Ctrl+C quit\nDiskEd | IMAGE / FAKE PROTOTYPE | linear\nSelection: {"state":"none","target_id":null}\nNotice: Review the exact request. Release F9, then press F9 to submit.\nREQUEST REVIEW (inert)\nCommand: image.inspect\n  logical_block_bytes = "512"\n  path = "D:\\\\Projects\\\\DiskEd\\\\disked\\\\.aide-local\\\\image-command-znk3u7su\\\\gpt-valid.img"\nTyped parameters (empty optional fields omitted):\n{\n  "logical_block_bytes": "512",\n  "path": "D:\\\\Projects\\\\DiskEd\\\\disked\\\\.aide-local\\\\image-command-znk3u7su\\\\gpt-valid.img"\n}\nExpected graph revision: sha256:1be43f23d5cd6e385237902e41a1be66e9717d6ddc02d8f31ff341b0120de6f4\nNo storage permission is granted by review.\nArrows focus | Enter inspect/open | F2 commands | F3 inventory\nF4 clear | F5 refresh view | F6 layout | F9 review/submit\nTab field | PgUp/PgDn page | Esc back | F10/Ctrl+C quit\nDiskEd | IMAGE / FAKE PROTOTYPE | linear\nSelection: {"state":"none","target_id":null}\nNotice: Waiting for request; outcome is not yet observed. Cached views remain usable.\nnull\nPending request: tui:1; no outcome or permission to retry\nArrows focus | Enter inspect/open | F2 commands | F3 inventory\nF4 clear | F5 refresh view | F6 layout | F9 review/submit\nTab field | PgUp/PgDn page | Esc back | F10/Ctrl+C quit\nDiskEd | IMAGE / FAKE PROTOTYPE | linear\nSelection: {"state":"none","target_id":null}\nNotice: Request completed\n{\n  "diagnostics": [\n  ],\n  "evidence": [\n  ],\n  "operation_id": null,\n  "request_id": "tui:1",\n  "result": {\n    "command": "image.inspect",\n    "map": {\n      "capture": {\n        "atomic_snapshot": false,\n        "capture_epoch": "sha256:1cc7cb9c9029631beeba0bbda8b632b164e0c93956bcf3bbcb951cb99c0c357a",\n        "captured_bytes": "34304",\n        "elapsed_ms": "0",\n        "error_regions": "0",\n        "finished_filetime": "134359332817216259",\n        "metadata_equal": true,\n        "observed_stable": true,\n        "omitted_regions": "0",\n        "overlap_equal": true,\n        "partial_final_block": false,\n        "path": "D:\\\\Projects\\\\DiskEd\\\\disked\\\\.aide-local\\\\image-command-znk3u7su\\\\gpt-valid.img",\n        "region_manifest_sha256": "sha256:6a75608af2d11263318060ec01343f831afd01a23c544a4630129f2a5ea2a1d1",\n        "regions": [\n          {\n            "bytes": "512",\n            "end": "512",\n            "equal": true,\n            "read_error": null,\n            "reread_bytes": "512",\n            "reread_error": null,\n            "reread_sha256": "sha256:b8a4a8906bd00f67c0c3c60c6e3074f0cf2de345669b6f2aa4526301b86929bd",\n            "sha256": "sha256:b8a4a8906bd00f67c0c3c60c6e3074f0cf2de345669b6f2aa4526301b86929bd",\n            "start": "0"\n          },\n          {\n            "bytes": "512",\n            "end": "1024",\n            "equal": true,\n            "read_error": null,\n            "reread_bytes": "512",\n            "reread_error": null,\n            "reread_sha256": "sha256:7bab018fb25199073daca95328a59d9e2019a11030edc203b2fb390b5ef70440",\n            "sha256": "sha256:7bab018fb25199073daca95328a59d9e2019a11030edc203b2fb390b5ef70440",\n            "start": "512"\n          },\n          {\n            "bytes": "16384",\n            "end": "17408",\n            "equal": true,\n            "read_error": null,\n            "reread_bytes": "16384",\n            "reread_error": null,\n            "reread_sha256": "sha256:e237b0d52d3ec9186d0602cf96cc4b8bcf002cc0f4f7154d4adb212132f71d64",\n            "sha256": "sha256:e237b0d52d3ec9186d0602cf96cc4b8bcf002cc0f4f7154d4adb212132f71d64",\n            "start": "1024"\n          },\n          {\n            "bytes": "512",\n            "end": "131072",\n            "equal": true,\n            "read_error": null,\n            "reread_bytes": "512",\n            "reread_error": null,\n            "reread_sha256": "sha256:a606c7d3ea2a421e28445a8c73944e36df287c08be56136c38c4ddb13e56634e",\n            "sha256": "sha256:a606c7d3ea2a421e28445a8c73944e36df287c08be56136c38c4ddb13e56634e",\n            "start": "130560"\n          },\n          {\n            "bytes": "16384",\n            "end": "130560",\n            "equal": true,\n            "read_error": null,\n            "reread_bytes": "16384",\n            "reread_error": null,\n            "reread_sha256": "sha256:e237b0d52d3ec9186d0602cf96cc4b8bcf002cc0f4f7154d4adb212132f71d64",\n            "sha256": "sha256:e237b0d52d3ec9186d0602cf96cc4b8bcf002cc0f4f7154d4adb212132f71d64",\n            "start": "114176"\n          }\n        ],\n        "regions_complete": true,\n        "requested_bytes": "34304",\n        "requested_bytes_with_reuse": "34304",\n        "requests": "5",\n        "reread_equal": true,\n        "reread_regions_complete": true,\n        "reread_short_regions": "0",\n        "resolved_path": "D:\\\\Projects\\\\DiskEd\\\\disked\\\\.aide-local\\\\image-command-znk3u7su\\\\gpt-valid.img",\n        "short_regions": "0",\n        "source_after": {\n          "attributes": "32",\n          "bytes": "131072",\n          "changed": "134359332794653777",\n          "created": "134359332794648777",\n          "file_id": "afe20100000012000000000000000000",\n          "hardlinks": "1",\n          "volume_id": "3781016413010784355",\n          "written": "134359332794653777"\n        },\n        "source_before": {\n          "attributes": "32",\n          "bytes": "131072",\n          "changed": "134359332794653777",\n          "created": "134359332794648777",\n          "file_id": "afe20100000012000000000000000000",\n          "hardlinks": "1",\n          "volume_id": "3781016413010784355",\n          "written": "134359332794653777"\n        },\n        "source_consistency": "live-uncoordinated",\n        "started_filetime": "134359332817206268",\n        "unique_regions": "5",\n        "whole_file_hashed": false\n      },\n      "compare_status": 0,\n      "comparison": 1,\n      "copies": [\n        {\n          "array_status": 0,\n          "candidate": {\n            "active_count": 2,\n            "complete": true,\n            "consistent": true,\n            "count": 128,\n            "entries": [\n              {\n                "attributes": "0",\n                "end": "61",\n                "first": "34",\n                "issues": 0,\n                "last": "60",\n                "name": "Alpha",\n                "name_raw": "41006c007000680061000000000000000000000000000000000000000000000000000000000000000000000000000000000000000000000000000000000000000000000000000000",\n                "name_status": 0,\n                "range_valid": true,\n                "slot": 1,\n                "terminated": true,\n                "type_guid": "ebd0a0a2-b9e5-4433-87c0-68b6b72699c7",\n                "unique_guid": "00000000-0000-0000-0000-000000000001"\n              },\n              {\n                "attributes": "0",\n                "end": "91",\n                "first": "70",\n                "issues": 0,\n                "last": "90",\n                "name": "Beta",\n                "name_raw": "420065007400610000000000000000000000000000000000000000000000000000000000000000000000000000000000000000000000000000000000000000000000000000000000",\n                "name_status": 0,\n                "range_valid": true,\n                "slot": 2,\n                "terminated": true,\n                "type_guid": "ebd0a0a2-b9e5-4433-87c0-68b6b72699c7",\n                "unique_guid": "00000000-0000-0000-0000-000000000002"\n              }\n            ],\n            "issues": 0,\n            "omitted": 0\n          },\n          "header": {\n            "alternate": "255",\n            "array_blocks": "32",\n            "array_bytes": "16384",\n            "array_lba": "2",\n            "consistent": true,\n            "count": 128,\n            "disk_guid": "12345678-9abc-4def-8123-456789abcdef",\n            "entry_size": 128,\n            "fields_decoded": true,\n            "first": "34",\n            "issues": 0,\n            "last": "222",\n            "my_lba": "1"\n          },\n          "lba": "1",\n          "request_end": "34",\n          "request_start": "2",\n          "request_status": 0,\n          "role": "primary",\n          "status": 0\n        },\n        {\n          "array_status": 0,\n          "candidate": {\n            "active_count": 2,\n            "complete": true,\n            "consistent": true,\n            "count": 128,\n            "entries": [\n              {\n                "attributes": "0",\n                "end": "61",\n                "first": "34",\n                "issues": 0,\n                "last": "60",\n                "name": "Alpha",\n                "name_raw": "41006c007000680061000000000000000000000000000000000000000000000000000000000000000000000000000000000000000000000000000000000000000000000000000000",\n                "name_status": 0,\n                "range_valid": true,\n                "slot": 1,\n                "terminated": true,\n                "type_guid": "ebd0a0a2-b9e5-4433-87c0-68b6b72699c7",\n                "unique_guid": "00000000-0000-0000-0000-000000000001"\n              },\n              {\n                "attributes": "0",\n                "end": "91",\n                "first": "70",\n                "issues": 0,\n                "last": "90",\n                "name": "Beta",\n                "name_raw": "420065007400610000000000000000000000000000000000000000000000000000000000000000000000000000000000000000000000000000000000000000000000000000000000",\n                "name_status": 0,\n                "range_valid": true,\n                "slot": 2,\n                "terminated": true,\n                "type_guid": "ebd0a0a2-b9e5-4433-87c0-68b6b72699c7",\n                "unique_guid": "00000000-0000-0000-0000-000000000002"\n              }\n            ],\n            "issues": 0,\n            "omitted": 0\n          },\n          "header": {\n            "alternate": "1",\n            "array_blocks": "32",\n            "array_bytes": "16384",\n            "array_lba": "223",\n            "consistent": true,\n            "count": 128,\n            "disk_guid": "12345678-9abc-4def-8123-456789abcdef",\n            "entry_size": 128,\n            "fie'}
