Test project D:/Projects/DiskEd/disked/.aide-local/goal-0.1.0/clean-store-291b7ce7/build/windows-bootstrap
      Start  1: operation.directory_pins
 1/61 Test  #1: operation.directory_pins ...........   Passed    0.41 sec
      Start  2: evidence.export_model
 2/61 Test  #2: evidence.export_model ..............   Passed    2.04 sec
      Start  3: evidence.file_export
 3/61 Test  #3: evidence.file_export ...............   Passed   13.59 sec
      Start  4: evidence.case_model
 4/61 Test  #4: evidence.case_model ................   Passed    3.76 sec
      Start  5: health.observation_model
 5/61 Test  #5: health.observation_model ...........   Passed    0.28 sec
      Start  6: health.command
 6/61 Test  #6: health.command .....................   Passed    3.21 sec
      Start  7: journal.semantic_reader
 7/61 Test  #7: journal.semantic_reader ............   Passed   14.73 sec
      Start  8: journal.guarded_model
 8/61 Test  #8: journal.guarded_model ..............   Passed    1.96 sec
      Start  9: journal.model_binary_producer
 9/61 Test  #9: journal.model_binary_producer ......   Passed    2.82 sec
      Start 10: journal.repeated_crash_audit
10/61 Test #10: journal.repeated_crash_audit .......   Passed    4.96 sec
      Start 11: journal.plan_definitions
11/61 Test #11: journal.plan_definitions ...........   Passed    0.37 sec
      Start 12: journal.binary_codec
12/61 Test #12: journal.binary_codec ...............   Passed    0.28 sec
      Start 13: frontend.acquisition_forms
13/61 Test #13: frontend.acquisition_forms .........   Passed    2.57 sec
      Start 14: frontend.acquisition_interactive
14/61 Test #14: frontend.acquisition_interactive ...   Passed   40.94 sec
      Start 15: image.acquisition_commands
15/61 Test #15: image.acquisition_commands .........   Passed   20.61 sec
      Start 16: image.acquisition_operations
16/61 Test #16: image.acquisition_operations .......   Passed   10.63 sec
      Start 17: image.acquisition_worker
17/61 Test #17: image.acquisition_worker ...........   Passed   28.97 sec
      Start 18: image.file_acquisition
18/61 Test #18: image.file_acquisition .............   Passed   70.78 sec
      Start 19: image.parent_pins
19/61 Test #19: image.parent_pins ..................   Passed    3.27 sec
      Start 20: image.acquisition_pipeline
20/61 Test #20: image.acquisition_pipeline .........   Passed    4.78 sec
      Start 21: image.shared_commands
21/61 Test #21: image.shared_commands ..............   Passed   20.17 sec
      Start 22: image.file_capture
22/61 Test #22: image.file_capture .................   Passed    4.08 sec
      Start 23: image.map_observation
23/61 Test #23: image.map_observation ..............   Passed    1.63 sec
      Start 24: portable.gpt
24/61 Test #24: portable.gpt .......................   Passed    3.39 sec
      Start 25: portable.gpt_guard
25/61 Test #25: portable.gpt_guard .................   Passed    0.02 sec
      Start 26: portable.mbr_ebr
26/61 Test #26: portable.mbr_ebr ...................   Passed    1.23 sec
      Start 27: portable.mbr_guard
27/61 Test #27: portable.mbr_guard .................   Passed    0.02 sec
      Start 28: portable.checked
28/61 Test #28: portable.checked ...................   Passed    0.32 sec
      Start 29: portable.c_cpp_linkage
29/61 Test #29: portable.c_cpp_linkage .............   Passed    0.04 sec
      Start 30: operation.watch_reader
30/61 Test #30: operation.watch_reader .............   Passed    0.42 sec
      Start 31: resilience.capture
31/61 Test #31: resilience.capture .................   Passed    0.52 sec
      Start 32: resilience.request_channel
32/61 Test #32: resilience.request_channel .........   Passed    1.05 sec
      Start 33: shell.model
33/61 Test #33: shell.model ........................   Passed    1.33 sec
      Start 34: operation.reducer
34/61 Test #34: operation.reducer ..................   Passed    0.80 sec
      Start 35: frontend.gui_model
35/61 Test #35: frontend.gui_model .................   Passed    0.61 sec
      Start 36: frontend.gui_windows
36/61 Test #36: frontend.gui_windows ...............   Passed    2.40 sec
      Start 37: frontend.tui_model
37/61 Test #37: frontend.tui_model .................   Passed    0.51 sec
      Start 38: frontend.tui_windows
38/61 Test #38: frontend.tui_windows ...............   Passed    3.84 sec
      Start 39: shell.windows
39/61 Test #39: shell.windows ......................   Passed    6.47 sec
      Start 40: frontend.service
40/61 Test #40: frontend.service ...................   Passed    0.39 sec
      Start 41: frontend.transport
41/61 Test #41: frontend.transport .................   Passed    1.26 sec
      Start 42: invocation.policy
42/61 Test #42: invocation.policy ..................   Passed    5.81 sec
      Start 43: protocol.compatible_reader
43/61 Test #43: protocol.compatible_reader .........   Passed    1.17 sec
      Start 44: command.syntax
44/61 Test #44: command.syntax .....................   Passed   10.95 sec
      Start 45: protocol.json_codec
45/61 Test #45: protocol.json_codec ................   Passed    3.00 sec
      Start 46: operation.watch
46/61 Test #46: operation.watch ....................   Passed   30.95 sec
      Start 47: resilience.capture_campaign
47/61 Test #47: resilience.capture_campaign ........   Passed    9.14 sec
      Start 48: resilience.frontend_memory
48/61 Test #48: resilience.frontend_memory .........   Passed    7.05 sec
      Start 49: resilience.store_failures
49/61 Test #49: resilience.store_failures ..........   Passed   16.60 sec
      Start 50: resilience.request_waiting
50/61 Test #50: resilience.request_waiting .........   Passed   19.50 sec
      Start 51: resilience.output_waiting
51/61 Test #51: resilience.output_waiting ..........   Passed   17.61 sec
      Start 52: operation.worker
52/61 Test #52: operation.worker ...................   Passed   20.70 sec
      Start 53: resilience.gui_waiting
53/61 Test #53: resilience.gui_waiting .............   Passed    6.34 sec
      Start 54: resilience.console_waiting
54/61 Test #54: resilience.console_waiting .........   Passed   12.66 sec
      Start 55: resilience.worker_budget
55/61 Test #55: resilience.worker_budget ...........   Passed    8.18 sec
      Start 56: disked.invocation
56/61 Test #56: disked.invocation ..................   Passed    1.41 sec
      Start 57: disked.acceptance
57/61 Test #57: disked.acceptance ..................   Passed    3.15 sec
      Start 58: disked_provider_guard.invocation
58/61 Test #58: disked_provider_guard.invocation ...   Passed    1.43 sec
      Start 59: disked_provider_guard.acceptance
59/61 Test #59: disked_provider_guard.acceptance ...   Passed    2.93 sec
      Start 60: provider_guard.positive_control
60/61 Test #60: provider_guard.positive_control ....   Passed    0.12 sec
      Start 61: artifacts.archive_completeness
61/61 Test #61: artifacts.archive_completeness .....   Passed    1.48 sec

100% tests passed, 0 tests failed out of 61

Total Test time (real) = 461.68 sec
