case inert-prepare-0
case golden-0
case sealed-resume-0
case inert-prepare-1
case golden-1
case sealed-resume-1
case inert-prepare-4095
case golden-4095
case sealed-resume-4095
case inert-prepare-4096
case golden-4096
case sealed-resume-4096
case inert-prepare-4097
case golden-4097
case sealed-resume-4097
case inert-prepare-65535
case golden-65535
case sealed-resume-65535
case inert-prepare-65536
case golden-65536
case sealed-resume-65536
case inert-prepare-65537
case golden-65537
case sealed-resume-65537
case inert-prepare-131073
case golden-131073
case sealed-resume-131073
case chunk-65536
case chunk-1048576
case lossless-unicode-paths
case no-clobber-destination
case no-clobber-map
case alias-source
case alias-same
case alias-case
case grant-source_read
case grant-destination_write
case grant-map_write
case grant-host_effects
case grant-digest
case policy-before-source-{'chunk_bytes': '0'}
case policy-before-source-{'retry_limit': '4'}
case policy-before-source-{'read_policy': 'other'}
case policy-before-source-{'substitution': 'silent'}
case policy-before-source-{'read_policy': 'failing-read-mostly', 'retry_limit': '1'}
case path-refusal-'NUL'
case path-refusal-'CON.txt'
case path-refusal-'bad:stream'
case path-refusal-'bad\x1bname'
case path-refusal-'trailing.'
case path-refusal-'trailing '
case path-refusal-'C:relative.img'
case path-refusal-'\\\\.\\PhysicalDrive0'
case path-refusal-'\\\\?\\C:\\no.img'
case path-refusal-'//absent/share.img'
case path-refusal-'xxxxxxxxxxxxxxxxxxxxxxxxxxxxxxxxxxxxxxxxxxxxxxxxxxxxxxxxxxxxxxxxxxxxxxxxxxxxxxxxxxxxxxxxxxxxxxxxxxxxxxxxxxxxxxxxxxxxxxxxxxxxxxxxxxxxxxxxxxxxxxxxxxxxxxxxxxxxxxxxxxxxxxxxxxxxxxxxxxxxxxxxxxxxxxxxxxxxxxxxxxxxxxxxxxxxxxxxxxxxxxxxxxxxxxxxxxxxxxxxx'
case missing-source
case directory-source
case missing-parent
case hardlink-source
case sharing-writer
case sharing-exclusive-reader
case actual-source-access-denied
case reparse-parent
case capacity-before-create
case stop-0
case stop-4096
case resume-stop-4096
case read-READ_ERROR
case read-retry-attempt-READ_ERROR
case read-SHORT_READ
case read-retry-attempt-SHORT_READ
case explicit-zero-ordinary
case explicit-zero-failing-read-mostly
case write-WRITE_ERROR
case resume-WRITE_ERROR
case write-PARTIAL_WRITE
case resume-PARTIAL_WRITE
case flush-MAP_FLUSH_ERROR
case resume-flush-MAP_FLUSH_ERROR
case flush-DESTINATION_FLUSH_ERROR
case resume-flush-DESTINATION_FLUSH_ERROR
case torn-checkpoint
case resume-torn-checkpoint
case failing-pause
case failing-resume-no-prefix-reread
case hooks-absent
case setup-complete-json
case refuse-complete-json
case setup-incomplete
case repair-incomplete-tail
case setup-unexplained-suffix
case refuse-unexplained-suffix
case setup-checkpoint-data
case refuse-checkpoint-data
case setup-source-change
case refuse-source-change
case setup-output-generation
case refuse-output-generation
case setup-map-generation
case refuse-map-generation
case setup-options
case refuse-options
case setup-code-generation
case refuse-code-generation
case setup-sealed-tail
case refuse-sealed-tail
case live-worker-sharing-append-header
case after-process-termination-append-header
case live-worker-sharing-append-pending
case after-process-termination-append-pending
case live-worker-sharing-destination-written
case after-process-termination-destination-written
case live-worker-sharing-destination-flushed
case after-process-termination-destination-flushed
case live-worker-sharing-append-checkpoint
case after-process-termination-append-checkpoint
case live-worker-sharing-append-seal
case after-process-termination-append-seal
case partial-bootstrap-retained
case torn-header
case torn-header-resume
{"passed": true, "cases": 124}
