Test project D:/Projects/DiskEd/disked/build/windows-bootstrap
      Start  1: image.file_acquisition
 1/42 Test  #1: image.file_acquisition .............   Passed   18.87 sec
      Start  2: image.acquisition_pipeline
 2/42 Test  #2: image.acquisition_pipeline .........   Passed    4.82 sec
      Start  3: image.shared_commands
 3/42 Test  #3: image.shared_commands ..............   Passed   18.62 sec
      Start  4: image.file_capture
 4/42 Test  #4: image.file_capture .................   Passed    3.70 sec
      Start  5: image.map_observation
 5/42 Test  #5: image.map_observation ..............   Passed    1.69 sec
      Start  6: portable.gpt
 6/42 Test  #6: portable.gpt .......................   Passed    4.01 sec
      Start  7: portable.gpt_guard
 7/42 Test  #7: portable.gpt_guard .................   Passed    0.02 sec
      Start  8: portable.mbr_ebr
 8/42 Test  #8: portable.mbr_ebr ...................   Passed    1.12 sec
      Start  9: portable.mbr_guard
 9/42 Test  #9: portable.mbr_guard .................   Passed    0.02 sec
      Start 10: portable.checked
10/42 Test #10: portable.checked ...................   Passed    0.27 sec
      Start 11: portable.c_cpp_linkage
11/42 Test #11: portable.c_cpp_linkage .............   Passed    0.02 sec
      Start 12: operation.watch_reader
12/42 Test #12: operation.watch_reader .............   Passed    0.42 sec
      Start 13: resilience.capture
13/42 Test #13: resilience.capture .................   Passed    0.46 sec
      Start 14: resilience.request_channel
14/42 Test #14: resilience.request_channel .........   Passed    0.25 sec
      Start 15: shell.model
15/42 Test #15: shell.model ........................   Passed    1.38 sec
      Start 16: operation.reducer
16/42 Test #16: operation.reducer ..................   Passed    0.71 sec
      Start 17: frontend.gui_model
17/42 Test #17: frontend.gui_model .................   Passed    0.69 sec
      Start 18: frontend.gui_windows
18/42 Test #18: frontend.gui_windows ...............   Passed    2.32 sec
      Start 19: frontend.tui_model
19/42 Test #19: frontend.tui_model .................   Passed    0.37 sec
      Start 20: frontend.tui_windows
20/42 Test #20: frontend.tui_windows ...............   Passed    3.23 sec
      Start 21: shell.windows
21/42 Test #21: shell.windows ......................   Passed    5.94 sec
      Start 22: frontend.service
22/42 Test #22: frontend.service ...................   Passed    0.44 sec
      Start 23: frontend.transport
23/42 Test #23: frontend.transport .................   Passed    1.09 sec
      Start 24: invocation.policy
24/42 Test #24: invocation.policy ..................   Passed    5.52 sec
      Start 25: protocol.compatible_reader
25/42 Test #25: protocol.compatible_reader .........   Passed    0.57 sec
      Start 26: command.syntax
26/42 Test #26: command.syntax .....................   Passed    9.38 sec
      Start 27: protocol.json_codec
27/42 Test #27: protocol.json_codec ................   Passed    2.69 sec
      Start 28: operation.watch
28/42 Test #28: operation.watch ....................   Passed   30.70 sec
      Start 29: resilience.capture_campaign
29/42 Test #29: resilience.capture_campaign ........   Passed    9.56 sec
      Start 30: resilience.frontend_memory
30/42 Test #30: resilience.frontend_memory .........   Passed    7.00 sec
      Start 31: resilience.store_failures
31/42 Test #31: resilience.store_failures ..........   Passed   14.92 sec
      Start 32: resilience.request_waiting
32/42 Test #32: resilience.request_waiting .........   Passed   19.43 sec
      Start 33: resilience.output_waiting
33/42 Test #33: resilience.output_waiting ..........   Passed   17.57 sec
      Start 34: operation.worker
34/42 Test #34: operation.worker ...................   Passed   20.46 sec
      Start 35: resilience.gui_waiting
35/42 Test #35: resilience.gui_waiting .............   Passed    6.18 sec
      Start 36: resilience.console_waiting
36/42 Test #36: resilience.console_waiting .........   Passed   12.52 sec
      Start 37: resilience.worker_budget
37/42 Test #37: resilience.worker_budget ...........   Passed    8.04 sec
      Start 38: disked.invocation
38/42 Test #38: disked.invocation ..................   Passed    1.18 sec
      Start 39: disked.acceptance
39/42 Test #39: disked.acceptance ..................***Failed    2.49 sec
test_broken_output_is_failure (__main__.NativeProtocol.test_broken_output_is_failure) ... ok
test_build_identity_and_machine_aliases (__main__.NativeProtocol.test_build_identity_and_machine_aliases) ... ok
test_discovery_has_exact_registry_and_real_handler_subset (__main__.NativeProtocol.test_discovery_has_exact_registry_and_real_handler_subset) ... ok
test_errors_are_framed_after_complete_parse (__main__.NativeProtocol.test_errors_are_framed_after_complete_parse) ... ok
test_help_every_spelling_and_operand_independence (__main__.NativeProtocol.test_help_every_spelling_and_operand_independence) ... ok
test_malformed_json_and_encoding (__main__.NativeProtocol.test_malformed_json_and_encoding) ... ok
test_mode_inspection_uses_actual_host_in_cli_and_transport (__main__.NativeProtocol.test_mode_inspection_uses_actual_host_in_cli_and_transport) ... ok
test_ndjson_continues_refusals_and_preserves_order (__main__.NativeProtocol.test_ndjson_continues_refusals_and_preserves_order) ... ok
test_ordinary_machine_command_does_not_read_pipeline_as_requests (__main__.NativeProtocol.test_ordinary_machine_command_does_not_read_pipeline_as_requests) ... ok
test_resource_limits_end_stream (__main__.NativeProtocol.test_resource_limits_end_stream) ... ok
test_source_input_closure_and_pe_imports (__main__.NativeProtocol.test_source_input_closure_and_pe_imports) ... FAIL
test_stream_flushes_before_eof (__main__.NativeProtocol.test_stream_flushes_before_eof) ... ok
test_strict_request_and_correlation (__main__.NativeProtocol.test_strict_request_and_correlation) ... ok
test_unavailable_frontends_and_prompt_channels (__main__.NativeProtocol.test_unavailable_frontends_and_prompt_channels) ... ok
test_wire_byte_and_request_count_limits (__main__.NativeProtocol.test_wire_byte_and_request_count_limits) ... ok

======================================================================
FAIL: test_source_input_closure_and_pe_imports (__main__.NativeProtocol.test_source_input_closure_and_pe_imports)
----------------------------------------------------------------------
Traceback (most recent call last):
  File "D:\Projects\DiskEd\disked\tests\native\test_protocol.py", line 202, in test_source_input_closure_and_pe_imports
    self.assertEqual(expected,self.identity['inputs'])
    ~~~~~~~~~~~~~~~~^^^^^^^^^^^^^^^^^^^^^^^^^^^^^^^^^^
AssertionError: {'CMa[5995 chars]a256:dde6cb8224a5ae2cc50fd8c9ab5855ee835a1e054[17013 chars]efd'} != {'CMa[5995 chars]a256:971ec939e6e26f8d2efd2e6f099bbbb39203febe8[17013 chars]efd'}
Diff is 24031 characters long. Set self.maxDiff to None to see it.

----------------------------------------------------------------------
Ran 15 tests in 2.407s

FAILED (failures=1)

      Start 40: disked_provider_guard.invocation
40/42 Test #40: disked_provider_guard.invocation ...   Passed    1.16 sec
      Start 41: disked_provider_guard.acceptance
41/42 Test #41: disked_provider_guard.acceptance ...***Failed    2.70 sec
test_broken_output_is_failure (__main__.NativeProtocol.test_broken_output_is_failure) ... ok
test_build_identity_and_machine_aliases (__main__.NativeProtocol.test_build_identity_and_machine_aliases) ... ok
test_discovery_has_exact_registry_and_real_handler_subset (__main__.NativeProtocol.test_discovery_has_exact_registry_and_real_handler_subset) ... ok
test_errors_are_framed_after_complete_parse (__main__.NativeProtocol.test_errors_are_framed_after_complete_parse) ... ok
test_help_every_spelling_and_operand_independence (__main__.NativeProtocol.test_help_every_spelling_and_operand_independence) ... ok
test_malformed_json_and_encoding (__main__.NativeProtocol.test_malformed_json_and_encoding) ... ok
test_mode_inspection_uses_actual_host_in_cli_and_transport (__main__.NativeProtocol.test_mode_inspection_uses_actual_host_in_cli_and_transport) ... ok
test_ndjson_continues_refusals_and_preserves_order (__main__.NativeProtocol.test_ndjson_continues_refusals_and_preserves_order) ... ok
test_ordinary_machine_command_does_not_read_pipeline_as_requests (__main__.NativeProtocol.test_ordinary_machine_command_does_not_read_pipeline_as_requests) ... ok
test_resource_limits_end_stream (__main__.NativeProtocol.test_resource_limits_end_stream) ... ok
test_source_input_closure_and_pe_imports (__main__.NativeProtocol.test_source_input_closure_and_pe_imports) ... FAIL
test_stream_flushes_before_eof (__main__.NativeProtocol.test_stream_flushes_before_eof) ... ok
test_strict_request_and_correlation (__main__.NativeProtocol.test_strict_request_and_correlation) ... ok
test_unavailable_frontends_and_prompt_channels (__main__.NativeProtocol.test_unavailable_frontends_and_prompt_channels) ... ok
test_wire_byte_and_request_count_limits (__main__.NativeProtocol.test_wire_byte_and_request_count_limits) ... ok

======================================================================
FAIL: test_source_input_closure_and_pe_imports (__main__.NativeProtocol.test_source_input_closure_and_pe_imports)
----------------------------------------------------------------------
Traceback (most recent call last):
  File "D:\Projects\DiskEd\disked\tests\native\test_protocol.py", line 202, in test_source_input_closure_and_pe_imports
    self.assertEqual(expected,self.identity['inputs'])
    ~~~~~~~~~~~~~~~~^^^^^^^^^^^^^^^^^^^^^^^^^^^^^^^^^^
AssertionError: {'CMa[5995 chars]a256:dde6cb8224a5ae2cc50fd8c9ab5855ee835a1e054[17013 chars]efd'} != {'CMa[5995 chars]a256:971ec939e6e26f8d2efd2e6f099bbbb39203febe8[17013 chars]efd'}
Diff is 24031 characters long. Set self.maxDiff to None to see it.

----------------------------------------------------------------------
Ran 15 tests in 2.608s

FAILED (failures=1)

      Start 42: provider_guard.positive_control
42/42 Test #42: provider_guard.positive_control ....   Passed    0.10 sec

95% tests passed, 2 tests failed out of 42

Total Test time (real) = 242.65 sec

The following tests FAILED:
	 39 - disked.acceptance (Failed)
	 41 - disked_provider_guard.acceptance (Failed)
Errors while running CTest
