Start testing: Oct 09 01:13 AUS Eastern Daylight Time
----------------------------------------------------------
1/42 Testing: image.file_acquisition
1/42 Test: image.file_acquisition
Command: "C:/Users/Jules/AppData/Local/Python/pythoncore-3.14-64/python.exe" "D:/Projects/DiskEd/disked/tests/images/test_file_acquisition.py" "--probe" "D:/Projects/DiskEd/disked/build/windows-bootstrap/Release/file_acquisition_probe.exe" "--fault" "D:/Projects/DiskEd/disked/build/windows-bootstrap/Release/file_acquisition_fault.exe" "--root" "D:/Projects/DiskEd/disked"
Directory: D:/Projects/DiskEd/disked/build/windows-bootstrap
"image.file_acquisition" start time: Oct 09 01:13 AUS Eastern Daylight Time
Output:
----------------------------------------------------------
case inert-prepare-0
case golden-0
case sealed-resume-0
case inert-prepare-1
case golden-1
case sealed-resume-1
case inert-prepare-4095
case golden-4095
case sealed-resume-4095
case inert-prepare-4096
case golden-4096
case sealed-resume-4096
case inert-prepare-4097
case golden-4097
case sealed-resume-4097
case inert-prepare-65535
case golden-65535
case sealed-resume-65535
case inert-prepare-65536
case golden-65536
case sealed-resume-65536
case inert-prepare-65537
case golden-65537
case sealed-resume-65537
case inert-prepare-131073
case golden-131073
case sealed-resume-131073
case chunk-65536
case chunk-1048576
case lossless-unicode-paths
case no-clobber-destination
case no-clobber-map
case alias-source
case alias-same
case alias-case
case grant-source_read
case grant-destination_write
case grant-map_write
case grant-host_effects
case grant-digest
case policy-before-source-{'chunk_bytes': '0'}
case policy-before-source-{'retry_limit': '4'}
case policy-before-source-{'read_policy': 'other'}
case policy-before-source-{'substitution': 'silent'}
case policy-before-source-{'read_policy': 'failing-read-mostly', 'retry_limit': '1'}
case path-refusal-'NUL'
case path-refusal-'CON.txt'
case path-refusal-'bad:stream'
case path-refusal-'bad\x1bname'
case path-refusal-'trailing.'
case path-refusal-'trailing '
case path-refusal-'C:relative.img'
case path-refusal-'\\\\.\\PhysicalDrive0'
case path-refusal-'\\\\?\\C:\\no.img'
case path-refusal-'//absent/share.img'
case path-refusal-'xxxxxxxxxxxxxxxxxxxxxxxxxxxxxxxxxxxxxxxxxxxxxxxxxxxxxxxxxxxxxxxxxxxxxxxxxxxxxxxxxxxxxxxxxxxxxxxxxxxxxxxxxxxxxxxxxxxxxxxxxxxxxxxxxxxxxxxxxxxxxxxxxxxxxxxxxxxxxxxxxxxxxxxxxxxxxxxxxxxxxxxxxxxxxxxxxxxxxxxxxxxxxxxxxxxxxxxxxxxxxxxxxxxxxxxxxxxxxxxxx'
case missing-source
case directory-source
case missing-parent
case hardlink-source
case sharing-writer
case sharing-exclusive-reader
case actual-source-access-denied
case reparse-parent
case capacity-before-create
case stop-0
case stop-4096
case resume-stop-4096
case read-READ_ERROR
case read-retry-attempt-READ_ERROR
case read-SHORT_READ
case read-retry-attempt-SHORT_READ
case explicit-zero-ordinary
case explicit-zero-failing-read-mostly
case write-WRITE_ERROR
case resume-WRITE_ERROR
case write-PARTIAL_WRITE
case resume-PARTIAL_WRITE
case flush-MAP_FLUSH_ERROR
case resume-flush-MAP_FLUSH_ERROR
case flush-DESTINATION_FLUSH_ERROR
case resume-flush-DESTINATION_FLUSH_ERROR
case torn-checkpoint
case resume-torn-checkpoint
case failing-pause
case failing-resume-no-prefix-reread
case hooks-absent
case setup-complete-json
case refuse-complete-json
case setup-incomplete
case repair-incomplete-tail
case setup-unexplained-suffix
case refuse-unexplained-suffix
case setup-checkpoint-data
case refuse-checkpoint-data
case setup-source-change
case refuse-source-change
case setup-output-generation
case refuse-output-generation
case setup-map-generation
case refuse-map-generation
case setup-options
case refuse-options
case setup-code-generation
case refuse-code-generation
case setup-sealed-tail
case refuse-sealed-tail
case live-worker-sharing-append-header
case after-process-termination-append-header
case live-worker-sharing-append-pending
case after-process-termination-append-pending
case live-worker-sharing-destination-written
case after-process-termination-destination-written
case live-worker-sharing-destination-flushed
case after-process-termination-destination-flushed
case live-worker-sharing-append-checkpoint
case after-process-termination-append-checkpoint
case live-worker-sharing-append-seal
case after-process-termination-append-seal
case partial-bootstrap-retained
case torn-header
case torn-header-resume
{"passed": true, "cases": 124}
<end of output>
Test time =  18.67 sec
----------------------------------------------------------
Test Passed.
"image.file_acquisition" end time: Oct 09 01:13 AUS Eastern Daylight Time
"image.file_acquisition" time elapsed: 00:00:18
----------------------------------------------------------

2/42 Testing: image.acquisition_pipeline
2/42 Test: image.acquisition_pipeline
Command: "C:/Users/Jules/AppData/Local/Python/pythoncore-3.14-64/python.exe" "D:/Projects/DiskEd/disked/tests/images/test_acquisition_pipeline.py" "--probe" "D:/Projects/DiskEd/disked/build/windows-bootstrap/Release/acquisition_probe.exe" "--root" "D:/Projects/DiskEd/disked"
Directory: D:/Projects/DiskEd/disked/build/windows-bootstrap
"image.acquisition_pipeline" start time: Oct 09 01:13 AUS Eastern Daylight Time
Output:
----------------------------------------------------------
PASS: 208 private native acquisition pipeline cases
<end of output>
Test time =   4.53 sec
----------------------------------------------------------
Test Passed.
"image.acquisition_pipeline" end time: Oct 09 01:13 AUS Eastern Daylight Time
"image.acquisition_pipeline" time elapsed: 00:00:04
----------------------------------------------------------

39/42 Testing: disked.acceptance
39/42 Test: disked.acceptance
Command: "C:/Users/Jules/AppData/Local/Python/pythoncore-3.14-64/python.exe" "D:/Projects/DiskEd/disked/tests/native/test_protocol.py" "--exe" "D:/Projects/DiskEd/disked/build/windows-bootstrap/Release/disked.exe" "--root" "D:/Projects/DiskEd/disked" "--identity" "D:/Projects/DiskEd/disked/build/windows-bootstrap/generated/build-identity.json"
Directory: D:/Projects/DiskEd/disked/build/windows-bootstrap
"disked.acceptance" start time: Oct 09 01:13 AUS Eastern Daylight Time
Output:
----------------------------------------------------------
test_broken_output_is_failure (__main__.NativeProtocol.test_broken_output_is_failure) ... ok
test_build_identity_and_machine_aliases (__main__.NativeProtocol.test_build_identity_and_machine_aliases) ... ok
test_discovery_has_exact_registry_and_real_handler_subset (__main__.NativeProtocol.test_discovery_has_exact_registry_and_real_handler_subset) ... ok
test_errors_are_framed_after_complete_parse (__main__.NativeProtocol.test_errors_are_framed_after_complete_parse) ... ok
test_help_every_spelling_and_operand_independence (__main__.NativeProtocol.test_help_every_spelling_and_operand_independence) ... ok
test_malformed_json_and_encoding (__main__.NativeProtocol.test_malformed_json_and_encoding) ... ok
test_mode_inspection_uses_actual_host_in_cli_and_transport (__main__.NativeProtocol.test_mode_inspection_uses_actual_host_in_cli_and_transport) ... ok
test_ndjson_continues_refusals_and_preserves_order (__main__.NativeProtocol.test_ndjson_continues_refusals_and_preserves_order) ... ok
test_ordinary_machine_command_does_not_read_pipeline_as_requests (__main__.NativeProtocol.test_ordinary_machine_command_does_not_read_pipeline_as_requests) ... ok
test_resource_limits_end_stream (__main__.NativeProtocol.test_resource_limits_end_stream) ... ok
test_source_input_closure_and_pe_imports (__main__.NativeProtocol.test_source_input_closure_and_pe_imports) ... ok
test_stream_flushes_before_eof (__main__.NativeProtocol.test_stream_flushes_before_eof) ... ok
test_strict_request_and_correlation (__main__.NativeProtocol.test_strict_request_and_correlation) ... ok
test_unavailable_frontends_and_prompt_channels (__main__.NativeProtocol.test_unavailable_frontends_and_prompt_channels) ... ok
test_wire_byte_and_request_count_limits (__main__.NativeProtocol.test_wire_byte_and_request_count_limits) ... ok

----------------------------------------------------------------------
Ran 15 tests in 2.770s

OK
<end of output>
Test time =   2.86 sec
----------------------------------------------------------
Test Passed.
"disked.acceptance" end time: Oct 09 01:13 AUS Eastern Daylight Time
"disked.acceptance" time elapsed: 00:00:02
----------------------------------------------------------

41/42 Testing: disked_provider_guard.acceptance
41/42 Test: disked_provider_guard.acceptance
Command: "C:/Users/Jules/AppData/Local/Python/pythoncore-3.14-64/python.exe" "D:/Projects/DiskEd/disked/tests/native/test_protocol.py" "--exe" "D:/Projects/DiskEd/disked/build/windows-bootstrap/Release/disked_provider_guard.exe" "--root" "D:/Projects/DiskEd/disked" "--identity" "D:/Projects/DiskEd/disked/build/windows-bootstrap/generated/build-identity.json"
Directory: D:/Projects/DiskEd/disked/build/windows-bootstrap
"disked_provider_guard.acceptance" start time: Oct 09 01:13 AUS Eastern Daylight Time
Output:
----------------------------------------------------------
test_broken_output_is_failure (__main__.NativeProtocol.test_broken_output_is_failure) ... ok
test_build_identity_and_machine_aliases (__main__.NativeProtocol.test_build_identity_and_machine_aliases) ... ok
test_discovery_has_exact_registry_and_real_handler_subset (__main__.NativeProtocol.test_discovery_has_exact_registry_and_real_handler_subset) ... ok
test_errors_are_framed_after_complete_parse (__main__.NativeProtocol.test_errors_are_framed_after_complete_parse) ... ok
test_help_every_spelling_and_operand_independence (__main__.NativeProtocol.test_help_every_spelling_and_operand_independence) ... ok
test_malformed_json_and_encoding (__main__.NativeProtocol.test_malformed_json_and_encoding) ... ok
test_mode_inspection_uses_actual_host_in_cli_and_transport (__main__.NativeProtocol.test_mode_inspection_uses_actual_host_in_cli_and_transport) ... ok
test_ndjson_continues_refusals_and_preserves_order (__main__.NativeProtocol.test_ndjson_continues_refusals_and_preserves_order) ... ok
test_ordinary_machine_command_does_not_read_pipeline_as_requests (__main__.NativeProtocol.test_ordinary_machine_command_does_not_read_pipeline_as_requests) ... ok
test_resource_limits_end_stream (__main__.NativeProtocol.test_resource_limits_end_stream) ... ok
test_source_input_closure_and_pe_imports (__main__.NativeProtocol.test_source_input_closure_and_pe_imports) ... ok
test_stream_flushes_before_eof (__main__.NativeProtocol.test_stream_flushes_before_eof) ... ok
test_strict_request_and_correlation (__main__.NativeProtocol.test_strict_request_and_correlation) ... ok
test_unavailable_frontends_and_prompt_channels (__main__.NativeProtocol.test_unavailable_frontends_and_prompt_channels) ... ok
test_wire_byte_and_request_count_limits (__main__.NativeProtocol.test_wire_byte_and_request_count_limits) ... ok

----------------------------------------------------------------------
Ran 15 tests in 2.701s

OK
<end of output>
Test time =   2.79 sec
----------------------------------------------------------
Test Passed.
"disked_provider_guard.acceptance" end time: Oct 09 01:13 AUS Eastern Daylight Time
"disked_provider_guard.acceptance" time elapsed: 00:00:02
----------------------------------------------------------

End testing: Oct 09 01:13 AUS Eastern Daylight Time
