MSBuild version 17.14.51+25f168cee for .NET Framework

  1>Checking Build System
  Building Custom Rule D:/Projects/DiskEd/disked/.aide-local/source-layout-clean-fixed/checkout/tests/windows/native/CMakeLists.txt
  observation_frontend_probe.cpp
  memory_budget.cpp
  session.cpp
  requests.cpp
  command.cpp
  protocol.cpp
  shell_lexer.cpp
  tui_model.cpp
  gui_model.cpp
  shell_model.cpp
  identity_queries.cpp
  observation_worker.cpp
  namespace_worker.cpp
  storage_worker.cpp
  storage_queries.cpp
  volume_namespace.cpp
  storage_inventory.cpp
  storage_frame_reader.cpp
  storage_graph.cpp
  volume_inventory.cpp
  Generating Code...
  Compiling...
  namespace_graph.cpp
  local_file.cpp
  json.cpp
  snapshot.cpp
  capture.cpp
  sha256.cpp
  storage_fixture.cpp
  volume_fixture.cpp
  Generating Code...
  nt_observation_frontend_probe.vcxproj -> D:\Projects\DiskEd\disked\.aide-local\source-layout-clean-fixed\build-Win32\Release\nt_observation_frontend_probe.exe
