Microsoft (R) COFF/PE Dumper Version 14.44.35228.0
Copyright (C) Microsoft Corporation.  All rights reserved.


Dump of file D:\Projects\DiskEd\disked\.aide-local\source-layout-clean-fixed\build-x64\Release\nt_observation_frontend_probe.exe

PE signature found

File Type: EXECUTABLE IMAGE

FILE HEADER VALUES
            8664 machine (x64)
               6 number of sections
        6AC9CF5C time date stamp Sat Oct 10 16:38:36 2026
               0 file pointer to symbol table
               0 number of symbols
              F0 size of optional header
              22 characteristics
                   Executable
                   Application can handle large (>2GB) addresses

OPTIONAL HEADER VALUES
             20B magic # (PE32+)
           14.44 linker version
           C6600 size of code
           37600 size of initialized data
               0 size of uninitialized data
           9B1D0 entry point (000000014009B1D0)
            1000 base of code
       140000000 image base (0000000140000000 to 0000000140101FFF)
            1000 section alignment
             200 file alignment
            6.00 operating system version
            0.00 image version
            6.00 subsystem version
               0 Win32 version
          102000 size of image
             400 size of headers
               0 checksum
               3 subsystem (Windows CUI)
            C160 DLL characteristics
                   High Entropy Virtual Addresses
                   Dynamic base
                   NX compatible
                   Control Flow Guard
                   Terminal Server Aware
          100000 size of stack reserve
            1000 size of stack commit
          100000 size of heap reserve
            1000 size of heap commit
               0 loader flags
              10 number of directories
               0 [       0] RVA [size] of Export Directory
           F1D8C [      28] RVA [size] of Import Directory
          100000 [     1E0] RVA [size] of Resource Directory
           F9000 [    65E8] RVA [size] of Exception Directory
               0 [       0] RVA [size] of Certificates Directory
          101000 [     B48] RVA [size] of Base Relocation Directory
           DBDE0 [      1C] RVA [size] of Debug Directory
               0 [       0] RVA [size] of Architecture Directory
               0 [       0] RVA [size] of Global Pointer Directory
           DBF80 [      28] RVA [size] of Thread Storage Directory
           DBCA0 [     140] RVA [size] of Load Configuration Directory
               0 [       0] RVA [size] of Bound Import Directory
           C8000 [     3C8] RVA [size] of Import Address Table Directory
               0 [       0] RVA [size] of Delay Import Directory
               0 [       0] RVA [size] of COM Descriptor Directory
               0 [       0] RVA [size] of Reserved Directory


SECTION HEADER #1
   .text name
   C64EC virtual size
    1000 virtual address (0000000140001000 to 00000001400C74EB)
   C6600 size of raw data
     400 file pointer to raw data (00000400 to 000C69FF)
       0 file pointer to relocation table
       0 file pointer to line numbers
       0 number of relocations
       0 number of line numbers
60000020 flags
         Code
         Execute Read

SECTION HEADER #2
  .rdata name
   2AADC virtual size
   C8000 virtual address (00000001400C8000 to 00000001400F2ADB)
   2AC00 size of raw data
   C6A00 file pointer to raw data (000C6A00 to 000F15FF)
       0 file pointer to relocation table
       0 file pointer to line numbers
       0 number of relocations
       0 number of line numbers
40000040 flags
         Initialized Data
         Read Only

  Debug Directories

        Time Type        Size      RVA  Pointer
    -------- ------- -------- -------- --------
    6AC9CF5C coffgrp      428 000DE42C    DCE2C

SECTION HEADER #3
   .data name
    557C virtual size
   F3000 virtual address (00000001400F3000 to 00000001400F857B)
    3A00 size of raw data
   F1600 file pointer to raw data (000F1600 to 000F4FFF)
       0 file pointer to relocation table
       0 file pointer to line numbers
       0 number of relocations
       0 number of line numbers
C0000040 flags
         Initialized Data
         Read Write

SECTION HEADER #4
  .pdata name
    65E8 virtual size
   F9000 virtual address (00000001400F9000 to 00000001400FF5E7)
    6600 size of raw data
   F5000 file pointer to raw data (000F5000 to 000FB5FF)
       0 file pointer to relocation table
       0 file pointer to line numbers
       0 number of relocations
       0 number of line numbers
40000040 flags
         Initialized Data
         Read Only

SECTION HEADER #5
   .rsrc name
     1E0 virtual size
  100000 virtual address (0000000140100000 to 00000001401001DF)
     200 size of raw data
   FB600 file pointer to raw data (000FB600 to 000FB7FF)
       0 file pointer to relocation table
       0 file pointer to line numbers
       0 number of relocations
       0 number of line numbers
40000040 flags
         Initialized Data
         Read Only

SECTION HEADER #6
  .reloc name
     B48 virtual size
  101000 virtual address (0000000140101000 to 0000000140101B47)
     C00 size of raw data
   FB800 file pointer to raw data (000FB800 to 000FC3FF)
       0 file pointer to relocation table
       0 file pointer to line numbers
       0 number of relocations
       0 number of line numbers
42000040 flags
         Initialized Data
         Discardable
         Read Only

  Summary

        6000 .data
        7000 .pdata
       2B000 .rdata
        1000 .reloc
        1000 .rsrc
       C7000 .text
