Microsoft (R) COFF/PE Dumper Version 14.44.35228.0
Copyright (C) Microsoft Corporation.  All rights reserved.


Dump of file D:\Projects\DiskEd\disked\.aide-local\source-layout-clean-fixed\build-Win32\Release\nt_observation_frontend_probe.exe

PE signature found

File Type: EXECUTABLE IMAGE

FILE HEADER VALUES
             14C machine (x86)
               5 number of sections
        6AC9CF74 time date stamp Sat Oct 10 16:39:00 2026
               0 file pointer to symbol table
               0 number of symbols
              E0 size of optional header
             102 characteristics
                   Executable
                   32 bit word machine

OPTIONAL HEADER VALUES
             10B magic # (PE32)
           14.44 linker version
           BB000 size of code
           2C600 size of initialized data
               0 size of uninitialized data
           90070 entry point (00490070)
            1000 base of code
           BC000 base of data
          400000 image base (00400000 to 004EAFFF)
            1000 section alignment
             200 file alignment
            6.00 operating system version
            0.00 image version
            6.00 subsystem version
               0 Win32 version
           EB000 size of image
             400 size of headers
               0 checksum
               3 subsystem (Windows CUI)
            C140 DLL characteristics
                   Dynamic base
                   NX compatible
                   Control Flow Guard
                   Terminal Server Aware
          100000 size of stack reserve
            1000 size of stack commit
          100000 size of heap reserve
            1000 size of heap commit
               0 loader flags
              10 number of directories
               0 [       0] RVA [size] of Export Directory
           DBAEC [      28] RVA [size] of Import Directory
           E2000 [     1E0] RVA [size] of Resource Directory
               0 [       0] RVA [size] of Exception Directory
               0 [       0] RVA [size] of Certificates Directory
           E3000 [    7840] RVA [size] of Base Relocation Directory
           CBEA0 [      1C] RVA [size] of Debug Directory
               0 [       0] RVA [size] of Architecture Directory
               0 [       0] RVA [size] of Global Pointer Directory
           CBEC0 [      18] RVA [size] of Thread Storage Directory
           CBDE0 [      40] RVA [size] of Load Configuration Directory
               0 [       0] RVA [size] of Bound Import Directory
           BC000 [     1D4] RVA [size] of Import Address Table Directory
               0 [       0] RVA [size] of Delay Import Directory
               0 [       0] RVA [size] of COM Descriptor Directory
               0 [       0] RVA [size] of Reserved Directory


SECTION HEADER #1
   .text name
   BAE2A virtual size
    1000 virtual address (00401000 to 004BBE29)
   BB000 size of raw data
     400 file pointer to raw data (00000400 to 000BB3FF)
       0 file pointer to relocation table
       0 file pointer to line numbers
       0 number of relocations
       0 number of line numbers
60000020 flags
         Code
         Execute Read

SECTION HEADER #2
  .rdata name
   205EC virtual size
   BC000 virtual address (004BC000 to 004DC5EB)
   20600 size of raw data
   BB400 file pointer to raw data (000BB400 to 000DB9FF)
       0 file pointer to relocation table
       0 file pointer to line numbers
       0 number of relocations
       0 number of line numbers
40000040 flags
         Initialized Data
         Read Only

  Debug Directories

        Time Type        Size      RVA  Pointer
    -------- ------- -------- -------- --------
    6AC9CF74 coffgrp      3E4 000CD86C    CCC6C

SECTION HEADER #3
   .data name
    4374 virtual size
   DD000 virtual address (004DD000 to 004E1373)
    3400 size of raw data
   DBA00 file pointer to raw data (000DBA00 to 000DEDFF)
       0 file pointer to relocation table
       0 file pointer to line numbers
       0 number of relocations
       0 number of line numbers
C0000040 flags
         Initialized Data
         Read Write

SECTION HEADER #4
   .rsrc name
     1E0 virtual size
   E2000 virtual address (004E2000 to 004E21DF)
     200 size of raw data
   DEE00 file pointer to raw data (000DEE00 to 000DEFFF)
       0 file pointer to relocation table
       0 file pointer to line numbers
       0 number of relocations
       0 number of line numbers
40000040 flags
         Initialized Data
         Read Only

SECTION HEADER #5
  .reloc name
    7840 virtual size
   E3000 virtual address (004E3000 to 004EA83F)
    7A00 size of raw data
   DF000 file pointer to raw data (000DF000 to 000E69FF)
       0 file pointer to relocation table
       0 file pointer to line numbers
       0 number of relocations
       0 number of line numbers
42000040 flags
         Initialized Data
         Discardable
         Read Only

  Summary

        5000 .data
       21000 .rdata
        8000 .reloc
        1000 .rsrc
       BB000 .text
