Microsoft (R) COFF/PE Dumper Version 14.44.35228.0
Copyright (C) Microsoft Corporation.  All rights reserved.


Dump of file D:\Projects\DiskEd\disked\.aide-local\goal-0.1.0\clean-report-c81d330a\build\windows-bootstrap\Release\report_worker_fault.exe

File Type: EXECUTABLE IMAGE

  Section contains the following imports:

    KERNEL32.dll
             14005F000 Import Address Table
             140076FA8 Import Name Table
                     0 time date stamp
                     0 Index of first forwarder reference

                         2DC GetStdHandle
                         242 GetEnvironmentVariableA
                         243 GetEnvironmentVariableW
                          CE CreateFileW
                         17E FindClose
                         189 FindFirstFileW
                         195 FindNextFileW
                         1A8 FlushFileBuffers
                         232 GetDiskFreeSpaceExW
                         239 GetDriveTypeW
                         24F GetFileAttributesW
                         251 GetFileInformationByHandle
                         256 GetFileSizeEx
                         258 GetFileType
                         25A GetFinalPathNameByHandleW
                         47A ReadFile
                         534 SetFilePointerEx
                         626 WriteFile
                          89 CloseHandle
                         132 DuplicateHandle
                         267 GetHandleInformation
                         53E SetHandleInformation
                         26A GetLastError
                         542 SetLastError
                         527 SetEvent
                         5EB WaitForSingleObject
                          C2 CreateEventW
                         590 Sleep
                         5E9 WaitForMultipleObjects
                         2C8 GetProcessTimes
                         220 GetCurrentProcess
                         221 GetCurrentProcessId
                          E8 CreateProcessW
                         36E InitializeProcThreadAttributeList
                         11A DeleteProcThreadAttributeList
                         5CE UpdateProcThreadAttribute
                         412 OpenProcess
                         2F3 GetSystemTimeAsFileTime
                         38B IsProcessInJob
                          D5 CreateJobObjectW
                         40C OpenJobObjectW
                         53F SetInformationJobObject
                         44F QueryInformationJobObject
                         1B4 FreeLibrary
                         27D GetModuleFileNameW
                         2B8 GetProcAddress
                         3CA LoadLibraryExW
                         3D6 LocalFree
                         44C QueryFullProcessImageNameW
                         1E8 GetComputerNameW
                          9D CompareStringOrdinal
                         3F6 MultiByteToWideChar
                         612 WideCharToMultiByte
                         312 GetTickCount64
                         3B7 LCMapStringEx
                         263 GetFullPathNameW
                         252 GetFileInformationByHandleEx
                         625 WriteConsoleW
                         4D6 RtlCaptureContext
                         4DD RtlLookupFunctionEntry
                         4E4 RtlVirtualUnwind
                         5C1 UnhandledExceptionFilter
                         580 SetUnhandledExceptionFilter
                         59F TerminateProcess
                         38C IsProcessorFeaturePresent
                         452 QueryPerformanceCounter
                         225 GetCurrentThreadId
                         36F InitializeSListHead
                         385 IsDebuggerPresent
                         2DA GetStartupInfoW
                         281 GetModuleHandleW
                         4DF RtlPcToFileHeader
                         469 RaiseException
                         4E3 RtlUnwindEx
                         134 EncodePointer
                         138 EnterCriticalSection
                         3C4 LeaveCriticalSection
                         114 DeleteCriticalSection
                         36B InitializeCriticalSectionAndSpinCount
                         5B1 TlsAlloc
                         5B3 TlsGetValue
                         5B4 TlsSetValue
                         5B2 TlsFree
                         167 ExitProcess
                         280 GetModuleHandleExW
                         1DF GetCommandLineA
                         1E0 GetCommandLineW
                         351 HeapAlloc
                         355 HeapFree
                          9E CompareStringW
                         3B8 LCMapStringW
                         205 GetConsoleMode
                         477 ReadConsoleW
                         209 GetConsoleOutputCP
                         184 FindFirstFileExW
                         392 IsValidCodePage
                         1BB GetACP
                         2A1 GetOEMCP
                         1CA GetCPInfo
                         241 GetEnvironmentStringsW
                         1B3 FreeEnvironmentStringsW
                         525 SetEnvironmentVariableW
                         55C SetStdHandle
                         2E1 GetStringTypeW
                         2BE GetProcessHeap
                         35A HeapSize
                         358 HeapReAlloc

  Summary

        3000 .data
        4000 .pdata
       19000 .rdata
        1000 .reloc
        1000 .rsrc
       5E000 .text
