Microsoft (R) COFF/PE Dumper Version 14.44.35228.0
Copyright (C) Microsoft Corporation.  All rights reserved.


Dump of file D:\Projects\DiskEd\disked\.aide-local\goal-0.1.0\clean-report-c81d330a\build\windows-bootstrap\Release\report_worker_fault.exe

PE signature found

File Type: EXECUTABLE IMAGE

FILE HEADER VALUES
            8664 machine (x64)
               6 number of sections
        6AC88E81 time date stamp Fri Oct  9 17:49:37 2026
               0 file pointer to symbol table
               0 number of symbols
              F0 size of optional header
              22 characteristics
                   Executable
                   Application can handle large (>2GB) addresses

OPTIONAL HEADER VALUES
             20B magic # (PE32+)
           14.44 linker version
           5DA00 size of code
           1F600 size of initialized data
               0 size of uninitialized data
           412D0 entry point (00000001400412D0)
            1000 base of code
       140000000 image base (0000000140000000 to 0000000140080FFF)
            1000 section alignment
             200 file alignment
            6.00 operating system version
            0.00 image version
            6.00 subsystem version
               0 Win32 version
           81000 size of image
             400 size of headers
               0 checksum
               3 subsystem (Windows CUI)
            C160 DLL characteristics
                   High Entropy Virtual Addresses
                   Dynamic base
                   NX compatible
                   Control Flow Guard
                   Terminal Server Aware
          100000 size of stack reserve
            1000 size of stack commit
          100000 size of heap reserve
            1000 size of heap commit
               0 loader flags
              10 number of directories
               0 [       0] RVA [size] of Export Directory
           76F7C [      28] RVA [size] of Import Directory
           7F000 [     1E0] RVA [size] of Resource Directory
           7B000 [    33B4] RVA [size] of Exception Directory
               0 [       0] RVA [size] of Certificates Directory
           80000 [     7B0] RVA [size] of Base Relocation Directory
           6DA80 [      1C] RVA [size] of Debug Directory
               0 [       0] RVA [size] of Architecture Directory
               0 [       0] RVA [size] of Global Pointer Directory
               0 [       0] RVA [size] of Thread Storage Directory
           6D940 [     140] RVA [size] of Load Configuration Directory
               0 [       0] RVA [size] of Bound Import Directory
           5F000 [     360] RVA [size] of Import Address Table Directory
               0 [       0] RVA [size] of Delay Import Directory
               0 [       0] RVA [size] of COM Descriptor Directory
               0 [       0] RVA [size] of Reserved Directory


SECTION HEADER #1
   .text name
   5D916 virtual size
    1000 virtual address (0000000140001000 to 000000014005E915)
   5DA00 size of raw data
     400 file pointer to raw data (00000400 to 0005DDFF)
       0 file pointer to relocation table
       0 file pointer to line numbers
       0 number of relocations
       0 number of line numbers
60000020 flags
         Code
         Execute Read

SECTION HEADER #2
  .rdata name
   18B52 virtual size
   5F000 virtual address (000000014005F000 to 0000000140077B51)
   18C00 size of raw data
   5DE00 file pointer to raw data (0005DE00 to 000769FF)
       0 file pointer to relocation table
       0 file pointer to line numbers
       0 number of relocations
       0 number of line numbers
40000040 flags
         Initialized Data
         Read Only

  Debug Directories

        Time Type        Size      RVA  Pointer
    -------- ------- -------- -------- --------
    6AC88E81 coffgrp      380 0006EAC0    6D8C0

SECTION HEADER #3
   .data name
    2A08 virtual size
   78000 virtual address (0000000140078000 to 000000014007AA07)
    1800 size of raw data
   76A00 file pointer to raw data (00076A00 to 000781FF)
       0 file pointer to relocation table
       0 file pointer to line numbers
       0 number of relocations
       0 number of line numbers
C0000040 flags
         Initialized Data
         Read Write

SECTION HEADER #4
  .pdata name
    33B4 virtual size
   7B000 virtual address (000000014007B000 to 000000014007E3B3)
    3400 size of raw data
   78200 file pointer to raw data (00078200 to 0007B5FF)
       0 file pointer to relocation table
       0 file pointer to line numbers
       0 number of relocations
       0 number of line numbers
40000040 flags
         Initialized Data
         Read Only

SECTION HEADER #5
   .rsrc name
     1E0 virtual size
   7F000 virtual address (000000014007F000 to 000000014007F1DF)
     200 size of raw data
   7B600 file pointer to raw data (0007B600 to 0007B7FF)
       0 file pointer to relocation table
       0 file pointer to line numbers
       0 number of relocations
       0 number of line numbers
40000040 flags
         Initialized Data
         Read Only

SECTION HEADER #6
  .reloc name
     7B0 virtual size
   80000 virtual address (0000000140080000 to 00000001400807AF)
     800 size of raw data
   7B800 file pointer to raw data (0007B800 to 0007BFFF)
       0 file pointer to relocation table
       0 file pointer to line numbers
       0 number of relocations
       0 number of line numbers
42000040 flags
         Initialized Data
         Discardable
         Read Only

  Summary

        3000 .data
        4000 .pdata
       19000 .rdata
        1000 .reloc
        1000 .rsrc
       5E000 .text
