Microsoft (R) COFF/PE Dumper Version 14.44.35228.0
Copyright (C) Microsoft Corporation.  All rights reserved.


Dump of file D:\Projects\DiskEd\disked\.aide-local\goal-0.1.0\clean-report-46eb65c4\build\windows-bootstrap\Release\file_report_export_fault.exe

PE signature found

File Type: EXECUTABLE IMAGE

FILE HEADER VALUES
            8664 machine (x64)
               6 number of sections
        6AC854C1 time date stamp Fri Oct  9 13:43:13 2026
               0 file pointer to symbol table
               0 number of symbols
              F0 size of optional header
              22 characteristics
                   Executable
                   Application can handle large (>2GB) addresses

OPTIONAL HEADER VALUES
             20B magic # (PE32+)
           14.44 linker version
           43600 size of code
           1AA00 size of initialized data
               0 size of uninitialized data
           28980 entry point (0000000140028980)
            1000 base of code
       140000000 image base (0000000140000000 to 0000000140062FFF)
            1000 section alignment
             200 file alignment
            6.00 operating system version
            0.00 image version
            6.00 subsystem version
               0 Win32 version
           63000 size of image
             400 size of headers
               0 checksum
               3 subsystem (Windows CUI)
            C160 DLL characteristics
                   High Entropy Virtual Addresses
                   Dynamic base
                   NX compatible
                   Control Flow Guard
                   Terminal Server Aware
          100000 size of stack reserve
            1000 size of stack commit
          100000 size of heap reserve
            1000 size of heap commit
               0 loader flags
              10 number of directories
               0 [       0] RVA [size] of Export Directory
           5995C [      28] RVA [size] of Import Directory
           61000 [     1E0] RVA [size] of Resource Directory
           5E000 [    2958] RVA [size] of Exception Directory
               0 [       0] RVA [size] of Certificates Directory
           62000 [     744] RVA [size] of Base Relocation Directory
           52100 [      1C] RVA [size] of Debug Directory
               0 [       0] RVA [size] of Architecture Directory
               0 [       0] RVA [size] of Global Pointer Directory
               0 [       0] RVA [size] of Thread Storage Directory
           51FC0 [     140] RVA [size] of Load Configuration Directory
               0 [       0] RVA [size] of Bound Import Directory
           45000 [     2A8] RVA [size] of Import Address Table Directory
               0 [       0] RVA [size] of Delay Import Directory
               0 [       0] RVA [size] of COM Descriptor Directory
               0 [       0] RVA [size] of Reserved Directory


SECTION HEADER #1
   .text name
   43550 virtual size
    1000 virtual address (0000000140001000 to 000000014004454F)
   43600 size of raw data
     400 file pointer to raw data (00000400 to 000439FF)
       0 file pointer to relocation table
       0 file pointer to line numbers
       0 number of relocations
       0 number of line numbers
60000020 flags
         Code
         Execute Read

SECTION HEADER #2
  .rdata name
   15282 virtual size
   45000 virtual address (0000000140045000 to 000000014005A281)
   15400 size of raw data
   43A00 file pointer to raw data (00043A00 to 00058DFF)
       0 file pointer to relocation table
       0 file pointer to line numbers
       0 number of relocations
       0 number of line numbers
40000040 flags
         Initialized Data
         Read Only

  Debug Directories

        Time Type        Size      RVA  Pointer
    -------- ------- -------- -------- --------
    6AC854C1 coffgrp      344 00052EA0    518A0

SECTION HEADER #3
   .data name
    20B0 virtual size
   5B000 virtual address (000000014005B000 to 000000014005D0AF)
    1000 size of raw data
   58E00 file pointer to raw data (00058E00 to 00059DFF)
       0 file pointer to relocation table
       0 file pointer to line numbers
       0 number of relocations
       0 number of line numbers
C0000040 flags
         Initialized Data
         Read Write

SECTION HEADER #4
  .pdata name
    2958 virtual size
   5E000 virtual address (000000014005E000 to 0000000140060957)
    2A00 size of raw data
   59E00 file pointer to raw data (00059E00 to 0005C7FF)
       0 file pointer to relocation table
       0 file pointer to line numbers
       0 number of relocations
       0 number of line numbers
40000040 flags
         Initialized Data
         Read Only

SECTION HEADER #5
   .rsrc name
     1E0 virtual size
   61000 virtual address (0000000140061000 to 00000001400611DF)
     200 size of raw data
   5C800 file pointer to raw data (0005C800 to 0005C9FF)
       0 file pointer to relocation table
       0 file pointer to line numbers
       0 number of relocations
       0 number of line numbers
40000040 flags
         Initialized Data
         Read Only

SECTION HEADER #6
  .reloc name
     744 virtual size
   62000 virtual address (0000000140062000 to 0000000140062743)
     800 size of raw data
   5CA00 file pointer to raw data (0005CA00 to 0005D1FF)
       0 file pointer to relocation table
       0 file pointer to line numbers
       0 number of relocations
       0 number of line numbers
42000040 flags
         Initialized Data
         Discardable
         Read Only

  Summary

        3000 .data
        3000 .pdata
       16000 .rdata
        1000 .reloc
        1000 .rsrc
       44000 .text
