Microsoft (R) COFF/PE Dumper Version 14.44.35228.0
Copyright (C) Microsoft Corporation.  All rights reserved.


Dump of file D:\Projects\DiskEd\disked\.aide-local\goal-0.1.0\clean-report-46eb65c4\build\windows-bootstrap\Release\disked.exe

PE signature found

File Type: EXECUTABLE IMAGE

FILE HEADER VALUES
            8664 machine (x64)
               6 number of sections
        6AC854B4 time date stamp Fri Oct  9 13:43:00 2026
               0 file pointer to symbol table
               0 number of symbols
              F0 size of optional header
              22 characteristics
                   Executable
                   Application can handle large (>2GB) addresses

OPTIONAL HEADER VALUES
             20B magic # (PE32+)
           14.44 linker version
          101A00 size of code
           4E800 size of initialized data
               0 size of uninitialized data
           D0BE0 entry point (00000001400D0BE0)
            1000 base of code
       140000000 image base (0000000140000000 to 0000000140152FFF)
            1000 section alignment
             200 file alignment
           10.00 operating system version
            0.00 image version
           10.00 subsystem version
               0 Win32 version
          153000 size of image
             400 size of headers
               0 checksum
               3 subsystem (Windows CUI)
            C160 DLL characteristics
                   High Entropy Virtual Addresses
                   Dynamic base
                   NX compatible
                   Control Flow Guard
                   Terminal Server Aware
          100000 size of stack reserve
            1000 size of stack commit
          100000 size of heap reserve
            1000 size of heap commit
               0 loader flags
              10 number of directories
               0 [       0] RVA [size] of Export Directory
          1406BC [      28] RVA [size] of Import Directory
          151000 [     1C8] RVA [size] of Resource Directory
          149000 [    7C8C] RVA [size] of Exception Directory
               0 [       0] RVA [size] of Certificates Directory
          152000 [     E40] RVA [size] of Base Relocation Directory
          124FF0 [      1C] RVA [size] of Debug Directory
               0 [       0] RVA [size] of Architecture Directory
               0 [       0] RVA [size] of Global Pointer Directory
          125180 [      28] RVA [size] of Thread Storage Directory
          124EB0 [     140] RVA [size] of Load Configuration Directory
               0 [       0] RVA [size] of Bound Import Directory
          103000 [     488] RVA [size] of Import Address Table Directory
               0 [       0] RVA [size] of Delay Import Directory
               0 [       0] RVA [size] of COM Descriptor Directory
               0 [       0] RVA [size] of Reserved Directory


SECTION HEADER #1
   .text name
  10199C virtual size
    1000 virtual address (0000000140001000 to 000000014010299B)
  101A00 size of raw data
     400 file pointer to raw data (00000400 to 00101DFF)
       0 file pointer to relocation table
       0 file pointer to line numbers
       0 number of relocations
       0 number of line numbers
60000020 flags
         Code
         Execute Read

SECTION HEADER #2
  .rdata name
   3E6F4 virtual size
  103000 virtual address (0000000140103000 to 00000001401416F3)
   3E800 size of raw data
  101E00 file pointer to raw data (00101E00 to 001405FF)
       0 file pointer to relocation table
       0 file pointer to line numbers
       0 number of relocations
       0 number of line numbers
40000040 flags
         Initialized Data
         Read Only

  Debug Directories

        Time Type        Size      RVA  Pointer
    -------- ------- -------- -------- --------
    6AC854B4 coffgrp      418 0012837C   12717C

SECTION HEADER #3
   .data name
    6EF4 virtual size
  142000 virtual address (0000000140142000 to 0000000140148EF3)
    5400 size of raw data
  140600 file pointer to raw data (00140600 to 001459FF)
       0 file pointer to relocation table
       0 file pointer to line numbers
       0 number of relocations
       0 number of line numbers
C0000040 flags
         Initialized Data
         Read Write

SECTION HEADER #4
  .pdata name
    7C8C virtual size
  149000 virtual address (0000000140149000 to 0000000140150C8B)
    7E00 size of raw data
  145A00 file pointer to raw data (00145A00 to 0014D7FF)
       0 file pointer to relocation table
       0 file pointer to line numbers
       0 number of relocations
       0 number of line numbers
40000040 flags
         Initialized Data
         Read Only

SECTION HEADER #5
   .rsrc name
     1C8 virtual size
  151000 virtual address (0000000140151000 to 00000001401511C7)
     200 size of raw data
  14D800 file pointer to raw data (0014D800 to 0014D9FF)
       0 file pointer to relocation table
       0 file pointer to line numbers
       0 number of relocations
       0 number of line numbers
40000040 flags
         Initialized Data
         Read Only

SECTION HEADER #6
  .reloc name
     E40 virtual size
  152000 virtual address (0000000140152000 to 0000000140152E3F)
    1000 size of raw data
  14DA00 file pointer to raw data (0014DA00 to 0014E9FF)
       0 file pointer to relocation table
       0 file pointer to line numbers
       0 number of relocations
       0 number of line numbers
42000040 flags
         Initialized Data
         Discardable
         Read Only

  Summary

        7000 .data
        8000 .pdata
       3F000 .rdata
        1000 .reloc
        1000 .rsrc
      102000 .text
