MSBuild version 17.14.51+25f168cee for .NET Framework

  1>Bind current Git revision and native input bytes
  disked_hash.vcxproj -> D:\Projects\DiskEd\disked\build\windows-bootstrap\Release\disked_hash.lib
  disked_json.vcxproj -> D:\Projects\DiskEd\disked\build\windows-bootstrap\Release\disked_json.lib
  pipeline.cpp
  disked_acquisition.vcxproj -> D:\Projects\DiskEd\disked\build\windows-bootstrap\Release\disked_acquisition.lib
  disked_local_file.vcxproj -> D:\Projects\DiskEd\disked\build\windows-bootstrap\Release\disked_local_file.lib
  disked_file_acquisition.vcxproj -> D:\Projects\DiskEd\disked\build\windows-bootstrap\Release\disked_file_acquisition.lib
  acquisition_worker.cpp
  acquisition_worker_probe.vcxproj -> D:\Projects\DiskEd\disked\build\windows-bootstrap\Release\acquisition_worker_probe.exe
MSBuild version 17.14.51+25f168cee for .NET Framework

  1>Bind current Git revision and native input bytes
  disked_hash.vcxproj -> D:\Projects\DiskEd\disked\build\windows-bootstrap\Release\disked_hash.lib
  disked_json.vcxproj -> D:\Projects\DiskEd\disked\build\windows-bootstrap\Release\disked_json.lib
  disked_acquisition.vcxproj -> D:\Projects\DiskEd\disked\build\windows-bootstrap\Release\disked_acquisition.lib
  disked_local_file.vcxproj -> D:\Projects\DiskEd\disked\build\windows-bootstrap\Release\disked_local_file.lib
  disked_file_acquisition.vcxproj -> D:\Projects\DiskEd\disked\build\windows-bootstrap\Release\disked_file_acquisition.lib
  acquisition_worker.cpp
  acquisition_worker_fault.vcxproj -> D:\Projects\DiskEd\disked\build\windows-bootstrap\Release\acquisition_worker_fault.exe
MSBuild version 17.14.51+25f168cee for .NET Framework

  disked_hash.vcxproj -> D:\Projects\DiskEd\disked\build\windows-bootstrap\Release\disked_hash.lib
  disked_json.vcxproj -> D:\Projects\DiskEd\disked\build\windows-bootstrap\Release\disked_json.lib
  disked_acquisition.vcxproj -> D:\Projects\DiskEd\disked\build\windows-bootstrap\Release\disked_acquisition.lib
  acquisition_probe.vcxproj -> D:\Projects\DiskEd\disked\build\windows-bootstrap\Release\acquisition_probe.exe
