CMake is re-running because D:/Projects/DiskEd/disked/build/windows-bootstrap/CMakeFiles/generate.stamp is out-of-date.
  the file 'D:/Projects/DiskEd/disked/CMakeLists.txt'
  is newer than 'D:/Projects/DiskEd/disked/build/windows-bootstrap/CMakeFiles/generate.stamp.depend'
  result='-1'
-- Configuring done (0.7s)
-- Generating done (1.2s)
-- Build files have been written to: D:/Projects/DiskEd/disked/build/windows-bootstrap
MSBuild version 17.14.51+25f168cee for .NET Framework

  1>Bind current Git revision and native input bytes
  disked_hash.vcxproj -> D:\Projects\DiskEd\disked\build\windows-bootstrap\Release\disked_hash.lib
  disked_json.vcxproj -> D:\Projects\DiskEd\disked\build\windows-bootstrap\Release\disked_json.lib
  disked_acquisition.vcxproj -> D:\Projects\DiskEd\disked\build\windows-bootstrap\Release\disked_acquisition.lib
  disked_acquisition_commands.vcxproj -> D:\Projects\DiskEd\disked\build\windows-bootstrap\Release\disked_acquisition_commands.lib
  disked_presentation.vcxproj -> D:\Projects\DiskEd\disked\build\windows-bootstrap\Release\disked_presentation.lib
  disked_acquisition_observation.vcxproj -> D:\Projects\DiskEd\disked\build\windows-bootstrap\Release\disked_acquisition_observation.lib
  disked_local_file.vcxproj -> D:\Projects\DiskEd\disked\build\windows-bootstrap\Release\disked_local_file.lib
  disked_file_acquisition.vcxproj -> D:\Projects\DiskEd\disked\build\windows-bootstrap\Release\disked_file_acquisition.lib
  disked_primitives.vcxproj -> D:\Projects\DiskEd\disked\build\windows-bootstrap\Release\disked_primitives.lib
  disked_gpt.vcxproj -> D:\Projects\DiskEd\disked\build\windows-bootstrap\Release\disked_gpt.lib
  disked_gui.vcxproj -> D:\Projects\DiskEd\disked\build\windows-bootstrap\Release\disked_gui.lib
  disked_health_observation.vcxproj -> D:\Projects\DiskEd\disked\build\windows-bootstrap\Release\disked_health_observation.lib
  disked_mbr.vcxproj -> D:\Projects\DiskEd\disked\build\windows-bootstrap\Release\disked_mbr.lib
  disked_map_observation.vcxproj -> D:\Projects\DiskEd\disked\build\windows-bootstrap\Release\disked_map_observation.lib
  disked_image_actions.vcxproj -> D:\Projects\DiskEd\disked\build\windows-bootstrap\Release\disked_image_actions.lib
  disked_image_capture.vcxproj -> D:\Projects\DiskEd\disked\build\windows-bootstrap\Release\disked_image_capture.lib
  disked_shell.vcxproj -> D:\Projects\DiskEd\disked\build\windows-bootstrap\Release\disked_shell.lib
  disked_tui.vcxproj -> D:\Projects\DiskEd\disked\build\windows-bootstrap\Release\disked_tui.lib
  cli.cpp
  command_registry.cpp
  acquisition_worker.cpp
  fake_worker.cpp
  invocation.cpp
  bootstrap.cpp
  Generating Code...
  disked.vcxproj -> D:\Projects\DiskEd\disked\build\windows-bootstrap\Release\disked.exe
MSBuild version 17.14.51+25f168cee for .NET Framework

  1>Bind current Git revision and native input bytes
  disked_hash.vcxproj -> D:\Projects\DiskEd\disked\build\windows-bootstrap\Release\disked_hash.lib
  disked_json.vcxproj -> D:\Projects\DiskEd\disked\build\windows-bootstrap\Release\disked_json.lib
  disked_acquisition.vcxproj -> D:\Projects\DiskEd\disked\build\windows-bootstrap\Release\disked_acquisition.lib
  disked_acquisition_commands.vcxproj -> D:\Projects\DiskEd\disked\build\windows-bootstrap\Release\disked_acquisition_commands.lib
  disked_presentation.vcxproj -> D:\Projects\DiskEd\disked\build\windows-bootstrap\Release\disked_presentation.lib
  disked_acquisition_observation.vcxproj -> D:\Projects\DiskEd\disked\build\windows-bootstrap\Release\disked_acquisition_observation.lib
  disked_local_file.vcxproj -> D:\Projects\DiskEd\disked\build\windows-bootstrap\Release\disked_local_file.lib
  disked_file_acquisition.vcxproj -> D:\Projects\DiskEd\disked\build\windows-bootstrap\Release\disked_file_acquisition.lib
  disked_primitives.vcxproj -> D:\Projects\DiskEd\disked\build\windows-bootstrap\Release\disked_primitives.lib
  disked_gpt.vcxproj -> D:\Projects\DiskEd\disked\build\windows-bootstrap\Release\disked_gpt.lib
  disked_gui.vcxproj -> D:\Projects\DiskEd\disked\build\windows-bootstrap\Release\disked_gui.lib
  disked_health_observation.vcxproj -> D:\Projects\DiskEd\disked\build\windows-bootstrap\Release\disked_health_observation.lib
  disked_mbr.vcxproj -> D:\Projects\DiskEd\disked\build\windows-bootstrap\Release\disked_mbr.lib
  disked_map_observation.vcxproj -> D:\Projects\DiskEd\disked\build\windows-bootstrap\Release\disked_map_observation.lib
  disked_image_actions.vcxproj -> D:\Projects\DiskEd\disked\build\windows-bootstrap\Release\disked_image_actions.lib
  disked_shell.vcxproj -> D:\Projects\DiskEd\disked\build\windows-bootstrap\Release\disked_shell.lib
  disked_tui.vcxproj -> D:\Projects\DiskEd\disked\build\windows-bootstrap\Release\disked_tui.lib
  main.cpp
  cli.cpp
  command_registry.cpp
  bootstrap.cpp
  graph.cpp
  health_observer.cpp
  entry.cpp
  invocation.cpp
  fake_worker.cpp
  output.cpp
  memory_budget.cpp
  terminal.cpp
  gui.cpp
  acquisition_worker.cpp
  file_capture.cpp
  Generating Code...
  disked_image_test.vcxproj -> D:\Projects\DiskEd\disked\build\windows-bootstrap\Release\disked_image_test.exe
MSBuild version 17.14.51+25f168cee for .NET Framework

  1>Bind current Git revision and native input bytes
  bootstrap.cpp
  provider_guard_probe.vcxproj -> D:\Projects\DiskEd\disked\build\windows-bootstrap\Release\provider_guard_probe.exe
MSBuild version 17.14.51+25f168cee for .NET Framework

  disked_hash.vcxproj -> D:\Projects\DiskEd\disked\build\windows-bootstrap\Release\disked_hash.lib
  disked_json.vcxproj -> D:\Projects\DiskEd\disked\build\windows-bootstrap\Release\disked_json.lib
  disked_acquisition.vcxproj -> D:\Projects\DiskEd\disked\build\windows-bootstrap\Release\disked_acquisition.lib
  disked_local_file.vcxproj -> D:\Projects\DiskEd\disked\build\windows-bootstrap\Release\disked_local_file.lib
  disked_file_acquisition.vcxproj -> D:\Projects\DiskEd\disked\build\windows-bootstrap\Release\disked_file_acquisition.lib
  file_acquisition_probe.vcxproj -> D:\Projects\DiskEd\disked\build\windows-bootstrap\Release\file_acquisition_probe.exe
MSBuild version 17.14.51+25f168cee for .NET Framework

  disked_hash.vcxproj -> D:\Projects\DiskEd\disked\build\windows-bootstrap\Release\disked_hash.lib
  disked_json.vcxproj -> D:\Projects\DiskEd\disked\build\windows-bootstrap\Release\disked_json.lib
  disked_acquisition.vcxproj -> D:\Projects\DiskEd\disked\build\windows-bootstrap\Release\disked_acquisition.lib
  disked_local_file.vcxproj -> D:\Projects\DiskEd\disked\build\windows-bootstrap\Release\disked_local_file.lib
  file_acquisition_fault.vcxproj -> D:\Projects\DiskEd\disked\build\windows-bootstrap\Release\file_acquisition_fault.exe
MSBuild version 17.14.51+25f168cee for .NET Framework

  disked_primitives.vcxproj -> D:\Projects\DiskEd\disked\build\windows-bootstrap\Release\disked_primitives.lib
  disked_gpt.vcxproj -> D:\Projects\DiskEd\disked\build\windows-bootstrap\Release\disked_gpt.lib
  disked_hash.vcxproj -> D:\Projects\DiskEd\disked\build\windows-bootstrap\Release\disked_hash.lib
  disked_json.vcxproj -> D:\Projects\DiskEd\disked\build\windows-bootstrap\Release\disked_json.lib
  disked_local_file.vcxproj -> D:\Projects\DiskEd\disked\build\windows-bootstrap\Release\disked_local_file.lib
  disked_mbr.vcxproj -> D:\Projects\DiskEd\disked\build\windows-bootstrap\Release\disked_mbr.lib
  disked_presentation.vcxproj -> D:\Projects\DiskEd\disked\build\windows-bootstrap\Release\disked_presentation.lib
  disked_map_observation.vcxproj -> D:\Projects\DiskEd\disked\build\windows-bootstrap\Release\disked_map_observation.lib
  disked_image_capture.vcxproj -> D:\Projects\DiskEd\disked\build\windows-bootstrap\Release\disked_image_capture.lib
  image_file_capture_probe.vcxproj -> D:\Projects\DiskEd\disked\build\windows-bootstrap\Release\image_file_capture_probe.exe
MSBuild version 17.14.51+25f168cee for .NET Framework

  disked_primitives.vcxproj -> D:\Projects\DiskEd\disked\build\windows-bootstrap\Release\disked_primitives.lib
  disked_gpt.vcxproj -> D:\Projects\DiskEd\disked\build\windows-bootstrap\Release\disked_gpt.lib
  disked_hash.vcxproj -> D:\Projects\DiskEd\disked\build\windows-bootstrap\Release\disked_hash.lib
  disked_json.vcxproj -> D:\Projects\DiskEd\disked\build\windows-bootstrap\Release\disked_json.lib
  disked_local_file.vcxproj -> D:\Projects\DiskEd\disked\build\windows-bootstrap\Release\disked_local_file.lib
  disked_mbr.vcxproj -> D:\Projects\DiskEd\disked\build\windows-bootstrap\Release\disked_mbr.lib
  disked_presentation.vcxproj -> D:\Projects\DiskEd\disked\build\windows-bootstrap\Release\disked_presentation.lib
  disked_map_observation.vcxproj -> D:\Projects\DiskEd\disked\build\windows-bootstrap\Release\disked_map_observation.lib
  image_file_capture_fault.vcxproj -> D:\Projects\DiskEd\disked\build\windows-bootstrap\Release\image_file_capture_fault.exe
MSBuild version 17.14.51+25f168cee for .NET Framework

  disked_primitives.vcxproj -> D:\Projects\DiskEd\disked\build\windows-bootstrap\Release\disked_primitives.lib
  disked_gpt.vcxproj -> D:\Projects\DiskEd\disked\build\windows-bootstrap\Release\disked_gpt.lib
  disked_hash.vcxproj -> D:\Projects\DiskEd\disked\build\windows-bootstrap\Release\disked_hash.lib
  disked_json.vcxproj -> D:\Projects\DiskEd\disked\build\windows-bootstrap\Release\disked_json.lib
  disked_mbr.vcxproj -> D:\Projects\DiskEd\disked\build\windows-bootstrap\Release\disked_mbr.lib
  disked_presentation.vcxproj -> D:\Projects\DiskEd\disked\build\windows-bootstrap\Release\disked_presentation.lib
  disked_map_observation.vcxproj -> D:\Projects\DiskEd\disked\build\windows-bootstrap\Release\disked_map_observation.lib
  image_observation_probe.vcxproj -> D:\Projects\DiskEd\disked\build\windows-bootstrap\Release\image_observation_probe.exe
MSBuild version 17.14.51+25f168cee for .NET Framework

  disked_hash.vcxproj -> D:\Projects\DiskEd\disked\build\windows-bootstrap\Release\disked_hash.lib
  disked_json.vcxproj -> D:\Projects\DiskEd\disked\build\windows-bootstrap\Release\disked_json.lib
  disked_health_observation.vcxproj -> D:\Projects\DiskEd\disked\build\windows-bootstrap\Release\disked_health_observation.lib
  disked_case_evidence.vcxproj -> D:\Projects\DiskEd\disked\build\windows-bootstrap\Release\disked_case_evidence.lib
  disked_local_file.vcxproj -> D:\Projects\DiskEd\disked\build\windows-bootstrap\Release\disked_local_file.lib
  disked_report_export.vcxproj -> D:\Projects\DiskEd\disked\build\windows-bootstrap\Release\disked_report_export.lib
  disked_file_report_export.vcxproj -> D:\Projects\DiskEd\disked\build\windows-bootstrap\Release\disked_file_report_export.lib
  file_report_export_probe.vcxproj -> D:\Projects\DiskEd\disked\build\windows-bootstrap\Release\file_report_export_probe.exe
MSBuild version 17.14.51+25f168cee for .NET Framework

  disked_hash.vcxproj -> D:\Projects\DiskEd\disked\build\windows-bootstrap\Release\disked_hash.lib
  disked_json.vcxproj -> D:\Projects\DiskEd\disked\build\windows-bootstrap\Release\disked_json.lib
  disked_health_observation.vcxproj -> D:\Projects\DiskEd\disked\build\windows-bootstrap\Release\disked_health_observation.lib
  disked_case_evidence.vcxproj -> D:\Projects\DiskEd\disked\build\windows-bootstrap\Release\disked_case_evidence.lib
  disked_local_file.vcxproj -> D:\Projects\DiskEd\disked\build\windows-bootstrap\Release\disked_local_file.lib
  disked_report_export.vcxproj -> D:\Projects\DiskEd\disked\build\windows-bootstrap\Release\disked_report_export.lib
  file_report_export_fault.vcxproj -> D:\Projects\DiskEd\disked\build\windows-bootstrap\Release\file_report_export_fault.exe
MSBuild version 17.14.51+25f168cee for .NET Framework

  disked_hash.vcxproj -> D:\Projects\DiskEd\disked\build\windows-bootstrap\Release\disked_hash.lib
  disked_json.vcxproj -> D:\Projects\DiskEd\disked\build\windows-bootstrap\Release\disked_json.lib
  disked_health_observation.vcxproj -> D:\Projects\DiskEd\disked\build\windows-bootstrap\Release\disked_health_observation.lib
  disked_case_evidence.vcxproj -> D:\Projects\DiskEd\disked\build\windows-bootstrap\Release\disked_case_evidence.lib
  disked_report_export.vcxproj -> D:\Projects\DiskEd\disked\build\windows-bootstrap\Release\disked_report_export.lib
  report_export_probe.vcxproj -> D:\Projects\DiskEd\disked\build\windows-bootstrap\Release\report_export_probe.exe
MSBuild version 17.14.51+25f168cee for .NET Framework

  1>Bind current Git revision and native input bytes
  disked_hash.vcxproj -> D:\Projects\DiskEd\disked\build\windows-bootstrap\Release\disked_hash.lib
  disked_json.vcxproj -> D:\Projects\DiskEd\disked\build\windows-bootstrap\Release\disked_json.lib
  disked_acquisition.vcxproj -> D:\Projects\DiskEd\disked\build\windows-bootstrap\Release\disked_acquisition.lib
  disked_acquisition_commands.vcxproj -> D:\Projects\DiskEd\disked\build\windows-bootstrap\Release\disked_acquisition_commands.lib
  disked_presentation.vcxproj -> D:\Projects\DiskEd\disked\build\windows-bootstrap\Release\disked_presentation.lib
  disked_acquisition_observation.vcxproj -> D:\Projects\DiskEd\disked\build\windows-bootstrap\Release\disked_acquisition_observation.lib
  disked_local_file.vcxproj -> D:\Projects\DiskEd\disked\build\windows-bootstrap\Release\disked_local_file.lib
  disked_file_acquisition.vcxproj -> D:\Projects\DiskEd\disked\build\windows-bootstrap\Release\disked_file_acquisition.lib
  acquisition_worker.cpp
  acquisition_worker_probe.vcxproj -> D:\Projects\DiskEd\disked\build\windows-bootstrap\Release\acquisition_worker_probe.exe
MSBuild version 17.14.51+25f168cee for .NET Framework

  1>Bind current Git revision and native input bytes
  disked_hash.vcxproj -> D:\Projects\DiskEd\disked\build\windows-bootstrap\Release\disked_hash.lib
  disked_json.vcxproj -> D:\Projects\DiskEd\disked\build\windows-bootstrap\Release\disked_json.lib
  disked_acquisition.vcxproj -> D:\Projects\DiskEd\disked\build\windows-bootstrap\Release\disked_acquisition.lib
  disked_acquisition_commands.vcxproj -> D:\Projects\DiskEd\disked\build\windows-bootstrap\Release\disked_acquisition_commands.lib
  disked_presentation.vcxproj -> D:\Projects\DiskEd\disked\build\windows-bootstrap\Release\disked_presentation.lib
  disked_acquisition_observation.vcxproj -> D:\Projects\DiskEd\disked\build\windows-bootstrap\Release\disked_acquisition_observation.lib
  disked_local_file.vcxproj -> D:\Projects\DiskEd\disked\build\windows-bootstrap\Release\disked_local_file.lib
  disked_file_acquisition.vcxproj -> D:\Projects\DiskEd\disked\build\windows-bootstrap\Release\disked_file_acquisition.lib
  acquisition_worker.cpp
  acquisition_worker_fault.vcxproj -> D:\Projects\DiskEd\disked\build\windows-bootstrap\Release\acquisition_worker_fault.exe
MSBuild version 17.14.51+25f168cee for .NET Framework

  1>Bind current Git revision and native input bytes
  disked_hash.vcxproj -> D:\Projects\DiskEd\disked\build\windows-bootstrap\Release\disked_hash.lib
  disked_json.vcxproj -> D:\Projects\DiskEd\disked\build\windows-bootstrap\Release\disked_json.lib
  disked_acquisition.vcxproj -> D:\Projects\DiskEd\disked\build\windows-bootstrap\Release\disked_acquisition.lib
  disked_acquisition_commands.vcxproj -> D:\Projects\DiskEd\disked\build\windows-bootstrap\Release\disked_acquisition_commands.lib
  disked_presentation.vcxproj -> D:\Projects\DiskEd\disked\build\windows-bootstrap\Release\disked_presentation.lib
  disked_acquisition_observation.vcxproj -> D:\Projects\DiskEd\disked\build\windows-bootstrap\Release\disked_acquisition_observation.lib
  disked_local_file.vcxproj -> D:\Projects\DiskEd\disked\build\windows-bootstrap\Release\disked_local_file.lib
  disked_file_acquisition.vcxproj -> D:\Projects\DiskEd\disked\build\windows-bootstrap\Release\disked_file_acquisition.lib
  acquisition_worker.cpp
  acquisition_command_probe.cpp
  Generating Code...
  acquisition_command_probe.vcxproj -> D:\Projects\DiskEd\disked\build\windows-bootstrap\Release\acquisition_command_probe.exe
MSBuild version 17.14.51+25f168cee for .NET Framework

  disked_hash.vcxproj -> D:\Projects\DiskEd\disked\build\windows-bootstrap\Release\disked_hash.lib
  disked_json.vcxproj -> D:\Projects\DiskEd\disked\build\windows-bootstrap\Release\disked_json.lib
  disked_acquisition.vcxproj -> D:\Projects\DiskEd\disked\build\windows-bootstrap\Release\disked_acquisition.lib
  disked_acquisition_commands.vcxproj -> D:\Projects\DiskEd\disked\build\windows-bootstrap\Release\disked_acquisition_commands.lib
  disked_presentation.vcxproj -> D:\Projects\DiskEd\disked\build\windows-bootstrap\Release\disked_presentation.lib
  disked_acquisition_observation.vcxproj -> D:\Projects\DiskEd\disked\build\windows-bootstrap\Release\disked_acquisition_observation.lib
  watch_probe.vcxproj -> D:\Projects\DiskEd\disked\build\windows-bootstrap\Release\watch_probe.exe
MSBuild version 17.14.51+25f168cee for .NET Framework

  1>Bind current Git revision and native input bytes
  disked_hash.vcxproj -> D:\Projects\DiskEd\disked\build\windows-bootstrap\Release\disked_hash.lib
  disked_json.vcxproj -> D:\Projects\DiskEd\disked\build\windows-bootstrap\Release\disked_json.lib
  disked_health_observation.vcxproj -> D:\Projects\DiskEd\disked\build\windows-bootstrap\Release\disked_health_observation.lib
  disked_presentation.vcxproj -> D:\Projects\DiskEd\disked\build\windows-bootstrap\Release\disked_presentation.lib
  disked_shell.vcxproj -> D:\Projects\DiskEd\disked\build\windows-bootstrap\Release\disked_shell.lib
  command_registry.cpp
  bootstrap.cpp
  shell_probe.cpp
  Generating Code...
  shell_model_probe.vcxproj -> D:\Projects\DiskEd\disked\build\windows-bootstrap\Release\shell_model_probe.exe
MSBuild version 17.14.51+25f168cee for .NET Framework

  1>Bind current Git revision and native input bytes
  disked_hash.vcxproj -> D:\Projects\DiskEd\disked\build\windows-bootstrap\Release\disked_hash.lib
  disked_json.vcxproj -> D:\Projects\DiskEd\disked\build\windows-bootstrap\Release\disked_json.lib
  disked_presentation.vcxproj -> D:\Projects\DiskEd\disked\build\windows-bootstrap\Release\disked_presentation.lib
  disked_gui.vcxproj -> D:\Projects\DiskEd\disked\build\windows-bootstrap\Release\disked_gui.lib
  disked_health_observation.vcxproj -> D:\Projects\DiskEd\disked\build\windows-bootstrap\Release\disked_health_observation.lib
  command_registry.cpp
  bootstrap.cpp
  gui_probe.cpp
  Generating Code...
  gui_model_probe.vcxproj -> D:\Projects\DiskEd\disked\build\windows-bootstrap\Release\gui_model_probe.exe
MSBuild version 17.14.51+25f168cee for .NET Framework

  1>Bind current Git revision and native input bytes
  disked_hash.vcxproj -> D:\Projects\DiskEd\disked\build\windows-bootstrap\Release\disked_hash.lib
  disked_json.vcxproj -> D:\Projects\DiskEd\disked\build\windows-bootstrap\Release\disked_json.lib
  disked_health_observation.vcxproj -> D:\Projects\DiskEd\disked\build\windows-bootstrap\Release\disked_health_observation.lib
  disked_presentation.vcxproj -> D:\Projects\DiskEd\disked\build\windows-bootstrap\Release\disked_presentation.lib
  disked_tui.vcxproj -> D:\Projects\DiskEd\disked\build\windows-bootstrap\Release\disked_tui.lib
  command_registry.cpp
  bootstrap.cpp
  tui_probe.cpp
  Generating Code...
  tui_model_probe.vcxproj -> D:\Projects\DiskEd\disked\build\windows-bootstrap\Release\tui_model_probe.exe
