Microsoft (R) COFF/PE Dumper Version 14.44.35228.0
Copyright (C) Microsoft Corporation.  All rights reserved.


Dump of file D:\Projects\DiskEd\disked\.aide-local\cp37-2d\checkout\build\windows-bootstrap\Release\capture_probe.exe

PE signature found

File Type: EXECUTABLE IMAGE

FILE HEADER VALUES
            8664 machine (x64)
               6 number of sections
        6AC98502 time date stamp Sat Oct 10 11:21:22 2026
               0 file pointer to symbol table
               0 number of symbols
              F0 size of optional header
              22 characteristics
                   Executable
                   Application can handle large (>2GB) addresses

OPTIONAL HEADER VALUES
             20B magic # (PE32+)
           14.44 linker version
           3D800 size of code
           1CC00 size of initialized data
               0 size of uninitialized data
           1EFDC entry point (000000014001EFDC)
            1000 base of code
       140000000 image base (0000000140000000 to 000000014005DFFF)
            1000 section alignment
             200 file alignment
            6.00 operating system version
            0.00 image version
            6.00 subsystem version
               0 Win32 version
           5E000 size of image
             400 size of headers
               0 checksum
               3 subsystem (Windows CUI)
            8160 DLL characteristics
                   High Entropy Virtual Addresses
                   Dynamic base
                   NX compatible
                   Terminal Server Aware
          100000 size of stack reserve
            1000 size of stack commit
          100000 size of heap reserve
            1000 size of heap commit
               0 loader flags
              10 number of directories
               0 [       0] RVA [size] of Export Directory
           543B4 [      28] RVA [size] of Import Directory
           5C000 [     1E0] RVA [size] of Resource Directory
           58000 [    3210] RVA [size] of Exception Directory
               0 [       0] RVA [size] of Certificates Directory
           5D000 [     98C] RVA [size] of Base Relocation Directory
           4D0D0 [      1C] RVA [size] of Debug Directory
               0 [       0] RVA [size] of Architecture Directory
               0 [       0] RVA [size] of Global Pointer Directory
           4D280 [      28] RVA [size] of Thread Storage Directory
           4CF90 [     140] RVA [size] of Load Configuration Directory
               0 [       0] RVA [size] of Bound Import Directory
           3F000 [     288] RVA [size] of Import Address Table Directory
               0 [       0] RVA [size] of Delay Import Directory
               0 [       0] RVA [size] of COM Descriptor Directory
               0 [       0] RVA [size] of Reserved Directory


SECTION HEADER #1
   .text name
   3D708 virtual size
    1000 virtual address (0000000140001000 to 000000014003E707)
   3D800 size of raw data
     400 file pointer to raw data (00000400 to 0003DBFF)
       0 file pointer to relocation table
       0 file pointer to line numbers
       0 number of relocations
       0 number of line numbers
60000020 flags
         Code
         Execute Read

SECTION HEADER #2
  .rdata name
   15C4C virtual size
   3F000 virtual address (000000014003F000 to 0000000140054C4B)
   15E00 size of raw data
   3DC00 file pointer to raw data (0003DC00 to 000539FF)
       0 file pointer to relocation table
       0 file pointer to line numbers
       0 number of relocations
       0 number of line numbers
40000040 flags
         Initialized Data
         Read Only

  Debug Directories

        Time Type        Size      RVA  Pointer
    -------- ------- -------- -------- --------
    6AC98502 coffgrp      3F4 0004E818    4D418

SECTION HEADER #3
   .data name
    2D88 virtual size
   55000 virtual address (0000000140055000 to 0000000140057D87)
    1600 size of raw data
   53A00 file pointer to raw data (00053A00 to 00054FFF)
       0 file pointer to relocation table
       0 file pointer to line numbers
       0 number of relocations
       0 number of line numbers
C0000040 flags
         Initialized Data
         Read Write

SECTION HEADER #4
  .pdata name
    3210 virtual size
   58000 virtual address (0000000140058000 to 000000014005B20F)
    3400 size of raw data
   55000 file pointer to raw data (00055000 to 000583FF)
       0 file pointer to relocation table
       0 file pointer to line numbers
       0 number of relocations
       0 number of line numbers
40000040 flags
         Initialized Data
         Read Only

SECTION HEADER #5
   .rsrc name
     1E0 virtual size
   5C000 virtual address (000000014005C000 to 000000014005C1DF)
     200 size of raw data
   58400 file pointer to raw data (00058400 to 000585FF)
       0 file pointer to relocation table
       0 file pointer to line numbers
       0 number of relocations
       0 number of line numbers
40000040 flags
         Initialized Data
         Read Only

SECTION HEADER #6
  .reloc name
     98C virtual size
   5D000 virtual address (000000014005D000 to 000000014005D98B)
     A00 size of raw data
   58600 file pointer to raw data (00058600 to 00058FFF)
       0 file pointer to relocation table
       0 file pointer to line numbers
       0 number of relocations
       0 number of line numbers
42000040 flags
         Initialized Data
         Discardable
         Read Only

  Summary

        3000 .data
        4000 .pdata
       16000 .rdata
        1000 .reloc
        1000 .rsrc
       3E000 .text
