Microsoft (R) COFF/PE Dumper Version 14.44.35228.0
Copyright (C) Microsoft Corporation.  All rights reserved.


Dump of file D:\Projects\DiskEd\disked\.aide-local\cp37-2d\build-x64\Release\nt_capture_lifecycle_probe.exe

PE signature found

File Type: EXECUTABLE IMAGE

FILE HEADER VALUES
            8664 machine (x64)
               6 number of sections
        6AC987D5 time date stamp Sat Oct 10 11:33:25 2026
               0 file pointer to symbol table
               0 number of symbols
              F0 size of optional header
              22 characteristics
                   Executable
                   Application can handle large (>2GB) addresses

OPTIONAL HEADER VALUES
             20B magic # (PE32+)
           14.44 linker version
           44A00 size of code
           1B800 size of initialized data
               0 size of uninitialized data
           2DB20 entry point (000000014002DB20)
            1000 base of code
       140000000 image base (0000000140000000 to 0000000140064FFF)
            1000 section alignment
             200 file alignment
            6.00 operating system version
            0.00 image version
            6.00 subsystem version
               0 Win32 version
           65000 size of image
             400 size of headers
               0 checksum
               3 subsystem (Windows CUI)
            C160 DLL characteristics
                   High Entropy Virtual Addresses
                   Dynamic base
                   NX compatible
                   Control Flow Guard
                   Terminal Server Aware
          100000 size of stack reserve
            1000 size of stack commit
          100000 size of heap reserve
            1000 size of heap commit
               0 loader flags
              10 number of directories
               0 [       0] RVA [size] of Export Directory
           5A82C [      28] RVA [size] of Import Directory
           63000 [     1E0] RVA [size] of Resource Directory
           5F000 [    30A8] RVA [size] of Exception Directory
               0 [       0] RVA [size] of Certificates Directory
           64000 [     744] RVA [size] of Base Relocation Directory
           52C30 [      1C] RVA [size] of Debug Directory
               0 [       0] RVA [size] of Architecture Directory
               0 [       0] RVA [size] of Global Pointer Directory
               0 [       0] RVA [size] of Thread Storage Directory
           52AF0 [     140] RVA [size] of Load Configuration Directory
               0 [       0] RVA [size] of Bound Import Directory
           46000 [     350] RVA [size] of Import Address Table Directory
               0 [       0] RVA [size] of Delay Import Directory
               0 [       0] RVA [size] of COM Descriptor Directory
               0 [       0] RVA [size] of Reserved Directory


SECTION HEADER #1
   .text name
   448EF virtual size
    1000 virtual address (0000000140001000 to 00000001400458EE)
   44A00 size of raw data
     400 file pointer to raw data (00000400 to 00044DFF)
       0 file pointer to relocation table
       0 file pointer to line numbers
       0 number of relocations
       0 number of line numbers
60000020 flags
         Code
         Execute Read

SECTION HEADER #2
  .rdata name
   153BE virtual size
   46000 virtual address (0000000140046000 to 000000014005B3BD)
   15400 size of raw data
   44E00 file pointer to raw data (00044E00 to 0005A1FF)
       0 file pointer to relocation table
       0 file pointer to line numbers
       0 number of relocations
       0 number of line numbers
40000040 flags
         Initialized Data
         Read Only

  Debug Directories

        Time Type        Size      RVA  Pointer
    -------- ------- -------- -------- --------
    6AC987D5 coffgrp      390 00053AD0    528D0

SECTION HEADER #3
   .data name
    262C virtual size
   5C000 virtual address (000000014005C000 to 000000014005E62B)
    1400 size of raw data
   5A200 file pointer to raw data (0005A200 to 0005B5FF)
       0 file pointer to relocation table
       0 file pointer to line numbers
       0 number of relocations
       0 number of line numbers
C0000040 flags
         Initialized Data
         Read Write

SECTION HEADER #4
  .pdata name
    30A8 virtual size
   5F000 virtual address (000000014005F000 to 00000001400620A7)
    3200 size of raw data
   5B600 file pointer to raw data (0005B600 to 0005E7FF)
       0 file pointer to relocation table
       0 file pointer to line numbers
       0 number of relocations
       0 number of line numbers
40000040 flags
         Initialized Data
         Read Only

SECTION HEADER #5
   .rsrc name
     1E0 virtual size
   63000 virtual address (0000000140063000 to 00000001400631DF)
     200 size of raw data
   5E800 file pointer to raw data (0005E800 to 0005E9FF)
       0 file pointer to relocation table
       0 file pointer to line numbers
       0 number of relocations
       0 number of line numbers
40000040 flags
         Initialized Data
         Read Only

SECTION HEADER #6
  .reloc name
     744 virtual size
   64000 virtual address (0000000140064000 to 0000000140064743)
     800 size of raw data
   5EA00 file pointer to raw data (0005EA00 to 0005F1FF)
       0 file pointer to relocation table
       0 file pointer to line numbers
       0 number of relocations
       0 number of line numbers
42000040 flags
         Initialized Data
         Discardable
         Read Only

  Summary

        3000 .data
        4000 .pdata
       16000 .rdata
        1000 .reloc
        1000 .rsrc
       45000 .text
