Microsoft (R) COFF/PE Dumper Version 14.44.35228.0
Copyright (C) Microsoft Corporation.  All rights reserved.


Dump of file D:\Projects\DiskEd\disked\.aide-local\cp37-2d\checkout\build\windows-bootstrap\Release\disked.exe

PE signature found

File Type: EXECUTABLE IMAGE

FILE HEADER VALUES
            8664 machine (x64)
               6 number of sections
        6AC98531 time date stamp Sat Oct 10 11:22:09 2026
               0 file pointer to symbol table
               0 number of symbols
              F0 size of optional header
              22 characteristics
                   Executable
                   Application can handle large (>2GB) addresses

OPTIONAL HEADER VALUES
             20B magic # (PE32+)
           14.44 linker version
          193800 size of code
           71600 size of initialized data
               0 size of uninitialized data
          1580A0 entry point (00000001401580A0)
            1000 base of code
       140000000 image base (0000000140000000 to 0000000140208FFF)
            1000 section alignment
             200 file alignment
           10.00 operating system version
            0.00 image version
           10.00 subsystem version
               0 Win32 version
          209000 size of image
             400 size of headers
               0 checksum
               3 subsystem (Windows CUI)
            C160 DLL characteristics
                   High Entropy Virtual Addresses
                   Dynamic base
                   NX compatible
                   Control Flow Guard
                   Terminal Server Aware
          100000 size of stack reserve
            1000 size of stack commit
          100000 size of heap reserve
            1000 size of heap commit
               0 loader flags
              10 number of directories
               0 [       0] RVA [size] of Export Directory
          1F0C6C [      28] RVA [size] of Import Directory
          206000 [     1C8] RVA [size] of Resource Directory
          1FB000 [    A74C] RVA [size] of Exception Directory
               0 [       0] RVA [size] of Certificates Directory
          207000 [    1004] RVA [size] of Base Relocation Directory
          1C6370 [      1C] RVA [size] of Debug Directory
               0 [       0] RVA [size] of Architecture Directory
               0 [       0] RVA [size] of Global Pointer Directory
          1C6500 [      28] RVA [size] of Thread Storage Directory
          1C6230 [     140] RVA [size] of Load Configuration Directory
               0 [       0] RVA [size] of Bound Import Directory
          195000 [     490] RVA [size] of Import Address Table Directory
               0 [       0] RVA [size] of Delay Import Directory
               0 [       0] RVA [size] of COM Descriptor Directory
               0 [       0] RVA [size] of Reserved Directory


SECTION HEADER #1
   .text name
  19372C virtual size
    1000 virtual address (0000000140001000 to 000000014019472B)
  193800 size of raw data
     400 file pointer to raw data (00000400 to 00193BFF)
       0 file pointer to relocation table
       0 file pointer to line numbers
       0 number of relocations
       0 number of line numbers
60000020 flags
         Code
         Execute Read

SECTION HEADER #2
  .rdata name
   5CCCA virtual size
  195000 virtual address (0000000140195000 to 00000001401F1CC9)
   5CE00 size of raw data
  193C00 file pointer to raw data (00193C00 to 001F09FF)
       0 file pointer to relocation table
       0 file pointer to line numbers
       0 number of relocations
       0 number of line numbers
40000040 flags
         Initialized Data
         Read Only

  Debug Directories

        Time Type        Size      RVA  Pointer
    -------- ------- -------- -------- --------
    6AC98531 coffgrp      418 001CA6EC   1C92EC

SECTION HEADER #3
   .data name
    8B54 virtual size
  1F2000 virtual address (00000001401F2000 to 00000001401FAB53)
    7000 size of raw data
  1F0A00 file pointer to raw data (001F0A00 to 001F79FF)
       0 file pointer to relocation table
       0 file pointer to line numbers
       0 number of relocations
       0 number of line numbers
C0000040 flags
         Initialized Data
         Read Write

SECTION HEADER #4
  .pdata name
    A74C virtual size
  1FB000 virtual address (00000001401FB000 to 000000014020574B)
    A800 size of raw data
  1F7A00 file pointer to raw data (001F7A00 to 002021FF)
       0 file pointer to relocation table
       0 file pointer to line numbers
       0 number of relocations
       0 number of line numbers
40000040 flags
         Initialized Data
         Read Only

SECTION HEADER #5
   .rsrc name
     1C8 virtual size
  206000 virtual address (0000000140206000 to 00000001402061C7)
     200 size of raw data
  202200 file pointer to raw data (00202200 to 002023FF)
       0 file pointer to relocation table
       0 file pointer to line numbers
       0 number of relocations
       0 number of line numbers
40000040 flags
         Initialized Data
         Read Only

SECTION HEADER #6
  .reloc name
    1004 virtual size
  207000 virtual address (0000000140207000 to 0000000140208003)
    1200 size of raw data
  202400 file pointer to raw data (00202400 to 002035FF)
       0 file pointer to relocation table
       0 file pointer to line numbers
       0 number of relocations
       0 number of line numbers
42000040 flags
         Initialized Data
         Discardable
         Read Only

  Summary

        9000 .data
        B000 .pdata
       5D000 .rdata
        2000 .reloc
        1000 .rsrc
      194000 .text
