Microsoft (R) COFF/PE Dumper Version 14.44.35228.0
Copyright (C) Microsoft Corporation.  All rights reserved.


Dump of file D:\Projects\DiskEd\disked\.aide-local\cp37-2d\build-x64\Release\nt_namespace_worker_probe.exe

PE signature found

File Type: EXECUTABLE IMAGE

FILE HEADER VALUES
            8664 machine (x64)
               6 number of sections
        6AC987D4 time date stamp Sat Oct 10 11:33:24 2026
               0 file pointer to symbol table
               0 number of symbols
              F0 size of optional header
              22 characteristics
                   Executable
                   Application can handle large (>2GB) addresses

OPTIONAL HEADER VALUES
             20B magic # (PE32+)
           14.44 linker version
           38E00 size of code
           19000 size of initialized data
               0 size of uninitialized data
           22EA0 entry point (0000000140022EA0)
            1000 base of code
       140000000 image base (0000000140000000 to 0000000140055FFF)
            1000 section alignment
             200 file alignment
            6.00 operating system version
            0.00 image version
            6.00 subsystem version
               0 Win32 version
           56000 size of image
             400 size of headers
               0 checksum
               3 subsystem (Windows CUI)
            C160 DLL characteristics
                   High Entropy Virtual Addresses
                   Dynamic base
                   NX compatible
                   Control Flow Guard
                   Terminal Server Aware
          100000 size of stack reserve
            1000 size of stack commit
          100000 size of heap reserve
            1000 size of heap commit
               0 loader flags
              10 number of directories
               0 [       0] RVA [size] of Export Directory
           4C91C [      28] RVA [size] of Import Directory
           54000 [     1E0] RVA [size] of Resource Directory
           51000 [    2880] RVA [size] of Exception Directory
               0 [       0] RVA [size] of Certificates Directory
           55000 [     720] RVA [size] of Base Relocation Directory
           46750 [      1C] RVA [size] of Debug Directory
               0 [       0] RVA [size] of Architecture Directory
               0 [       0] RVA [size] of Global Pointer Directory
               0 [       0] RVA [size] of Thread Storage Directory
           46610 [     140] RVA [size] of Load Configuration Directory
               0 [       0] RVA [size] of Bound Import Directory
           3A000 [     350] RVA [size] of Import Address Table Directory
               0 [       0] RVA [size] of Delay Import Directory
               0 [       0] RVA [size] of COM Descriptor Directory
               0 [       0] RVA [size] of Reserved Directory


SECTION HEADER #1
   .text name
   38DFF virtual size
    1000 virtual address (0000000140001000 to 0000000140039DFE)
   38E00 size of raw data
     400 file pointer to raw data (00000400 to 000391FF)
       0 file pointer to relocation table
       0 file pointer to line numbers
       0 number of relocations
       0 number of line numbers
60000020 flags
         Code
         Execute Read

SECTION HEADER #2
  .rdata name
   134AE virtual size
   3A000 virtual address (000000014003A000 to 000000014004D4AD)
   13600 size of raw data
   39200 file pointer to raw data (00039200 to 0004C7FF)
       0 file pointer to relocation table
       0 file pointer to line numbers
       0 number of relocations
       0 number of line numbers
40000040 flags
         Initialized Data
         Read Only

  Debug Directories

        Time Type        Size      RVA  Pointer
    -------- ------- -------- -------- --------
    6AC987D4 coffgrp      390 000473F8    465F8

SECTION HEADER #3
   .data name
    256C virtual size
   4E000 virtual address (000000014004E000 to 000000014005056B)
    1400 size of raw data
   4C800 file pointer to raw data (0004C800 to 0004DBFF)
       0 file pointer to relocation table
       0 file pointer to line numbers
       0 number of relocations
       0 number of line numbers
C0000040 flags
         Initialized Data
         Read Write

SECTION HEADER #4
  .pdata name
    2880 virtual size
   51000 virtual address (0000000140051000 to 000000014005387F)
    2A00 size of raw data
   4DC00 file pointer to raw data (0004DC00 to 000505FF)
       0 file pointer to relocation table
       0 file pointer to line numbers
       0 number of relocations
       0 number of line numbers
40000040 flags
         Initialized Data
         Read Only

SECTION HEADER #5
   .rsrc name
     1E0 virtual size
   54000 virtual address (0000000140054000 to 00000001400541DF)
     200 size of raw data
   50600 file pointer to raw data (00050600 to 000507FF)
       0 file pointer to relocation table
       0 file pointer to line numbers
       0 number of relocations
       0 number of line numbers
40000040 flags
         Initialized Data
         Read Only

SECTION HEADER #6
  .reloc name
     720 virtual size
   55000 virtual address (0000000140055000 to 000000014005571F)
     800 size of raw data
   50800 file pointer to raw data (00050800 to 00050FFF)
       0 file pointer to relocation table
       0 file pointer to line numbers
       0 number of relocations
       0 number of line numbers
42000040 flags
         Initialized Data
         Discardable
         Read Only

  Summary

        3000 .data
        3000 .pdata
       14000 .rdata
        1000 .reloc
        1000 .rsrc
       39000 .text
