Microsoft (R) COFF/PE Dumper Version 14.44.35228.0
Copyright (C) Microsoft Corporation.  All rights reserved.


Dump of file D:\Projects\DiskEd\disked\.aide-local\cp37-2d\build-Win32\Release\nt_namespace_worker_probe.exe

PE signature found

File Type: EXECUTABLE IMAGE

FILE HEADER VALUES
             14C machine (x86)
               5 number of sections
        6AC987E0 time date stamp Sat Oct 10 11:33:36 2026
               0 file pointer to symbol table
               0 number of symbols
              E0 size of optional header
             102 characteristics
                   Executable
                   32 bit word machine

OPTIONAL HEADER VALUES
             10B magic # (PE32)
           14.44 linker version
           32000 size of code
           12600 size of initialized data
               0 size of uninitialized data
           1E2B0 entry point (0041E2B0)
            1000 base of code
           33000 base of data
          400000 image base (00400000 to 00446FFF)
            1000 section alignment
             200 file alignment
            6.00 operating system version
            0.00 image version
            6.00 subsystem version
               0 Win32 version
           47000 size of image
             400 size of headers
               0 checksum
               3 subsystem (Windows CUI)
            C140 DLL characteristics
                   Dynamic base
                   NX compatible
                   Control Flow Guard
                   Terminal Server Aware
          100000 size of stack reserve
            1000 size of stack commit
          100000 size of heap reserve
            1000 size of heap commit
               0 loader flags
              10 number of directories
               0 [       0] RVA [size] of Export Directory
           4066C [      28] RVA [size] of Import Directory
           43000 [     1E0] RVA [size] of Resource Directory
               0 [       0] RVA [size] of Exception Directory
               0 [       0] RVA [size] of Certificates Directory
           44000 [    269C] RVA [size] of Base Relocation Directory
           3C830 [      1C] RVA [size] of Debug Directory
               0 [       0] RVA [size] of Architecture Directory
               0 [       0] RVA [size] of Global Pointer Directory
               0 [       0] RVA [size] of Thread Storage Directory
           3C770 [      40] RVA [size] of Load Configuration Directory
               0 [       0] RVA [size] of Bound Import Directory
           33000 [     19C] RVA [size] of Import Address Table Directory
               0 [       0] RVA [size] of Delay Import Directory
               0 [       0] RVA [size] of COM Descriptor Directory
               0 [       0] RVA [size] of Reserved Directory


SECTION HEADER #1
   .text name
   31E9B virtual size
    1000 virtual address (00401000 to 00432E9A)
   32000 size of raw data
     400 file pointer to raw data (00000400 to 000323FF)
       0 file pointer to relocation table
       0 file pointer to line numbers
       0 number of relocations
       0 number of line numbers
60000020 flags
         Code
         Execute Read

SECTION HEADER #2
  .rdata name
    DFFE virtual size
   33000 virtual address (00433000 to 00440FFD)
    E000 size of raw data
   32400 file pointer to raw data (00032400 to 000403FF)
       0 file pointer to relocation table
       0 file pointer to line numbers
       0 number of relocations
       0 number of line numbers
40000040 flags
         Initialized Data
         Read Only

  Debug Directories

        Time Type        Size      RVA  Pointer
    -------- ------- -------- -------- --------
    6AC987E0 coffgrp      34C 0003D040    3C440

SECTION HEADER #3
   .data name
    1B0C virtual size
   41000 virtual address (00441000 to 00442B0B)
    1000 size of raw data
   40400 file pointer to raw data (00040400 to 000413FF)
       0 file pointer to relocation table
       0 file pointer to line numbers
       0 number of relocations
       0 number of line numbers
C0000040 flags
         Initialized Data
         Read Write

SECTION HEADER #4
   .rsrc name
     1E0 virtual size
   43000 virtual address (00443000 to 004431DF)
     200 size of raw data
   41400 file pointer to raw data (00041400 to 000415FF)
       0 file pointer to relocation table
       0 file pointer to line numbers
       0 number of relocations
       0 number of line numbers
40000040 flags
         Initialized Data
         Read Only

SECTION HEADER #5
  .reloc name
    269C virtual size
   44000 virtual address (00444000 to 0044669B)
    2800 size of raw data
   41600 file pointer to raw data (00041600 to 00043DFF)
       0 file pointer to relocation table
       0 file pointer to line numbers
       0 number of relocations
       0 number of line numbers
42000040 flags
         Initialized Data
         Discardable
         Read Only

  Summary

        2000 .data
        E000 .rdata
        3000 .reloc
        1000 .rsrc
       32000 .text
