Microsoft (R) COFF/PE Dumper Version 14.44.35228.0
Copyright (C) Microsoft Corporation.  All rights reserved.


Dump of file D:\Projects\DiskEd\disked\.aide-local\goal-0.1.0\clean-definitions-57177457\build\windows-bootstrap\Release\plan_definition_probe.exe

PE signature found

File Type: EXECUTABLE IMAGE

FILE HEADER VALUES
            8664 machine (x64)
               6 number of sections
        6AC80DAC time date stamp Fri Oct  9 08:39:56 2026
               0 file pointer to symbol table
               0 number of symbols
              F0 size of optional header
              22 characteristics
                   Executable
                   Application can handle large (>2GB) addresses

OPTIONAL HEADER VALUES
             20B magic # (PE32+)
           14.44 linker version
           3A000 size of code
           1C400 size of initialized data
               0 size of uninitialized data
           1B7D0 entry point (000000014001B7D0)
            1000 base of code
       140000000 image base (0000000140000000 to 0000000140058FFF)
            1000 section alignment
             200 file alignment
            6.00 operating system version
            0.00 image version
            6.00 subsystem version
               0 Win32 version
           59000 size of image
             400 size of headers
               0 checksum
               3 subsystem (Windows CUI)
            C160 DLL characteristics
                   High Entropy Virtual Addresses
                   Dynamic base
                   NX compatible
                   Control Flow Guard
                   Terminal Server Aware
          100000 size of stack reserve
            1000 size of stack commit
          100000 size of heap reserve
            1000 size of heap commit
               0 loader flags
              10 number of directories
               0 [       0] RVA [size] of Export Directory
           50084 [      28] RVA [size] of Import Directory
           57000 [     1E0] RVA [size] of Resource Directory
           54000 [    2E44] RVA [size] of Exception Directory
               0 [       0] RVA [size] of Certificates Directory
           58000 [     97C] RVA [size] of Base Relocation Directory
           498E0 [      1C] RVA [size] of Debug Directory
               0 [       0] RVA [size] of Architecture Directory
               0 [       0] RVA [size] of Global Pointer Directory
               0 [       0] RVA [size] of Thread Storage Directory
           497A0 [     140] RVA [size] of Load Configuration Directory
               0 [       0] RVA [size] of Bound Import Directory
           3B000 [     288] RVA [size] of Import Address Table Directory
               0 [       0] RVA [size] of Delay Import Directory
               0 [       0] RVA [size] of COM Descriptor Directory
               0 [       0] RVA [size] of Reserved Directory


SECTION HEADER #1
   .text name
   39F8C virtual size
    1000 virtual address (0000000140001000 to 000000014003AF8B)
   3A000 size of raw data
     400 file pointer to raw data (00000400 to 0003A3FF)
       0 file pointer to relocation table
       0 file pointer to line numbers
       0 number of relocations
       0 number of line numbers
60000020 flags
         Code
         Execute Read

SECTION HEADER #2
  .rdata name
   1591C virtual size
   3B000 virtual address (000000014003B000 to 000000014005091B)
   15A00 size of raw data
   3A400 file pointer to raw data (0003A400 to 0004FDFF)
       0 file pointer to relocation table
       0 file pointer to line numbers
       0 number of relocations
       0 number of line numbers
40000040 flags
         Initialized Data
         Read Only

  Debug Directories

        Time Type        Size      RVA  Pointer
    -------- ------- -------- -------- --------
    6AC80DAC coffgrp      3A8 0004AEE8    4A2E8

SECTION HEADER #3
   .data name
    2D70 virtual size
   51000 virtual address (0000000140051000 to 0000000140053D6F)
    1600 size of raw data
   4FE00 file pointer to raw data (0004FE00 to 000513FF)
       0 file pointer to relocation table
       0 file pointer to line numbers
       0 number of relocations
       0 number of line numbers
C0000040 flags
         Initialized Data
         Read Write

SECTION HEADER #4
  .pdata name
    2E44 virtual size
   54000 virtual address (0000000140054000 to 0000000140056E43)
    3000 size of raw data
   51400 file pointer to raw data (00051400 to 000543FF)
       0 file pointer to relocation table
       0 file pointer to line numbers
       0 number of relocations
       0 number of line numbers
40000040 flags
         Initialized Data
         Read Only

SECTION HEADER #5
   .rsrc name
     1E0 virtual size
   57000 virtual address (0000000140057000 to 00000001400571DF)
     200 size of raw data
   54400 file pointer to raw data (00054400 to 000545FF)
       0 file pointer to relocation table
       0 file pointer to line numbers
       0 number of relocations
       0 number of line numbers
40000040 flags
         Initialized Data
         Read Only

SECTION HEADER #6
  .reloc name
     97C virtual size
   58000 virtual address (0000000140058000 to 000000014005897B)
     A00 size of raw data
   54600 file pointer to raw data (00054600 to 00054FFF)
       0 file pointer to relocation table
       0 file pointer to line numbers
       0 number of relocations
       0 number of line numbers
42000040 flags
         Initialized Data
         Discardable
         Read Only

  Summary

        3000 .data
        3000 .pdata
       16000 .rdata
        1000 .reloc
        1000 .rsrc
       3A000 .text
