MSBuild version 17.14.51+25f168cee for .NET Framework

  1>Checking Build System
  Building Custom Rule D:/Projects/DiskEd/disked/.aide-local/goal-0.1.0/nt-contained-clean-acfe15a/checkout/tests/windows/native/CMakeLists.txt
  namespace_worker.cpp
  volume_namespace.cpp
  volume_inventory.cpp
  local_file.cpp
  sha256.cpp
  json.cpp
  volume_fixture.cpp
  namespace_worker_probe.cpp
  Generating Code...
  nt_namespace_worker_probe.vcxproj -> D:\Projects\DiskEd\disked\.aide-local\goal-0.1.0\nt-contained-clean-acfe15a\build-x64\Release\nt_namespace_worker_probe.exe
  Building Custom Rule D:/Projects/DiskEd/disked/.aide-local/goal-0.1.0/nt-contained-clean-acfe15a/checkout/tests/windows/native/CMakeLists.txt
  volume_namespace.cpp
  volume_inventory.cpp
  json.cpp
  volume_fixture.cpp
  volume_namespace_probe.cpp
  Generating Code...
  nt_volume_namespace_probe.vcxproj -> D:\Projects\DiskEd\disked\.aide-local\goal-0.1.0\nt-contained-clean-acfe15a\build-x64\Release\nt_volume_namespace_probe.exe
  Building Custom Rule D:/Projects/DiskEd/disked/.aide-local/goal-0.1.0/nt-contained-clean-acfe15a/checkout/tests/windows/native/CMakeLists.txt
