Microsoft (R) COFF/PE Dumper Version 14.44.35228.0
Copyright (C) Microsoft Corporation.  All rights reserved.


Dump of file D:\Projects\DiskEd\disked\.aide-local\goal-0.1.0\w020-clean-aaac4d4f\gcc-x64\primitive-probe.exe

PE signature found

File Type: EXECUTABLE IMAGE

FILE HEADER VALUES
            8664 machine (x64)
              11 number of sections
        6AC548B3 time date stamp Wed Oct  7 06:14:59 2026
            9800 file pointer to symbol table
             620 number of symbols
              F0 size of optional header
              26 characteristics
                   Executable
                   Line numbers stripped
                   Application can handle large (>2GB) addresses

OPTIONAL HEADER VALUES
             20B magic # (PE32+)
            2.46 linker version
            4E00 size of code
            2600 size of initialized data
             200 size of uninitialized data
            1046 entry point (0000000140001046)
            1000 base of code
       140000000 image base (0000000140000000 to 0000000140016FFF)
            1000 section alignment
             200 file alignment
            4.00 operating system version
            0.00 image version
            5.02 subsystem version
               0 Win32 version
           17000 size of image
             600 size of headers
           15A12 checksum
               3 subsystem (Windows CUI)
             160 DLL characteristics
                   High Entropy Virtual Addresses
                   Dynamic base
                   NX compatible
          200000 size of stack reserve
            1000 size of stack commit
          100000 size of heap reserve
            1000 size of heap commit
               0 loader flags
              10 number of directories
               0 [       0] RVA [size] of Export Directory
            C000 [     99C] RVA [size] of Import Directory
               0 [       0] RVA [size] of Resource Directory
            9000 [     3C0] RVA [size] of Exception Directory
               0 [       0] RVA [size] of Certificates Directory
            E000 [      78] RVA [size] of Base Relocation Directory
               0 [       0] RVA [size] of Debug Directory
               0 [       0] RVA [size] of Architecture Directory
               0 [       0] RVA [size] of Global Pointer Directory
            7300 [      28] RVA [size] of Thread Storage Directory
               0 [       0] RVA [size] of Load Configuration Directory
               0 [       0] RVA [size] of Bound Import Directory
            C2A8 [     1E0] RVA [size] of Import Address Table Directory
               0 [       0] RVA [size] of Delay Import Directory
               0 [       0] RVA [size] of COM Descriptor Directory
               0 [       0] RVA [size] of Reserved Directory


SECTION HEADER #1
   .text name
    4D00 virtual size
    1000 virtual address (0000000140001000 to 0000000140005CFF)
    4E00 size of raw data
     600 file pointer to raw data (00000600 to 000053FF)
       0 file pointer to relocation table
       0 file pointer to line numbers
       0 number of relocations
       0 number of line numbers
60000020 flags
         Code
         Execute Read

SECTION HEADER #2
   .data name
      C0 virtual size
    6000 virtual address (0000000140006000 to 00000001400060BF)
     200 size of raw data
    5400 file pointer to raw data (00005400 to 000055FF)
       0 file pointer to relocation table
       0 file pointer to line numbers
       0 number of relocations
       0 number of line numbers
C0000040 flags
         Initialized Data
         Read Write

SECTION HEADER #3
  .rdata name
     A38 virtual size
    7000 virtual address (0000000140007000 to 0000000140007A37)
     C00 size of raw data
    5600 file pointer to raw data (00005600 to 000061FF)
       0 file pointer to relocation table
       0 file pointer to line numbers
       0 number of relocations
       0 number of line numbers
40000040 flags
         Initialized Data
         Read Only

SECTION HEADER #4
      /4 name (.eh_frame)
       4 virtual size
    8000 virtual address (0000000140008000 to 0000000140008003)
     200 size of raw data
    6200 file pointer to raw data (00006200 to 000063FF)
       0 file pointer to relocation table
       0 file pointer to line numbers
       0 number of relocations
       0 number of line numbers
C0000040 flags
         Initialized Data
         Read Write

SECTION HEADER #5
  .pdata name
     3C0 virtual size
    9000 virtual address (0000000140009000 to 00000001400093BF)
     400 size of raw data
    6400 file pointer to raw data (00006400 to 000067FF)
       0 file pointer to relocation table
       0 file pointer to line numbers
       0 number of relocations
       0 number of line numbers
40000040 flags
         Initialized Data
         Read Only

SECTION HEADER #6
  .xdata name
     3D8 virtual size
    A000 virtual address (000000014000A000 to 000000014000A3D7)
     400 size of raw data
    6800 file pointer to raw data (00006800 to 00006BFF)
       0 file pointer to relocation table
       0 file pointer to line numbers
       0 number of relocations
       0 number of line numbers
40000040 flags
         Initialized Data
         Read Only

SECTION HEADER #7
    .bss name
     1A0 virtual size
    B000 virtual address (000000014000B000 to 000000014000B19F)
       0 size of raw data
       0 file pointer to raw data
       0 file pointer to relocation table
       0 file pointer to line numbers
       0 number of relocations
       0 number of line numbers
C0000080 flags
         Uninitialized Data
         Read Write

SECTION HEADER #8
  .idata name
     99C virtual size
    C000 virtual address (000000014000C000 to 000000014000C99B)
     A00 size of raw data
    6C00 file pointer to raw data (00006C00 to 000075FF)
       0 file pointer to relocation table
       0 file pointer to line numbers
       0 number of relocations
       0 number of line numbers
40000040 flags
         Initialized Data
         Read Only

SECTION HEADER #9
    .tls name
      10 virtual size
    D000 virtual address (000000014000D000 to 000000014000D00F)
     200 size of raw data
    7600 file pointer to raw data (00007600 to 000077FF)
       0 file pointer to relocation table
       0 file pointer to line numbers
       0 number of relocations
       0 number of line numbers
C0000040 flags
         Initialized Data
         Read Write

SECTION HEADER #A
  .reloc name
      78 virtual size
    E000 virtual address (000000014000E000 to 000000014000E077)
     200 size of raw data
    7800 file pointer to raw data (00007800 to 000079FF)
       0 file pointer to relocation table
       0 file pointer to line numbers
       0 number of relocations
       0 number of line numbers
42000040 flags
         Initialized Data
         Discardable
         Read Only

SECTION HEADER #B
     /14 name (.debug_aranges)
      50 virtual size
    F000 virtual address (000000014000F000 to 000000014000F04F)
     200 size of raw data
    7A00 file pointer to raw data (00007A00 to 00007BFF)
       0 file pointer to relocation table
       0 file pointer to line numbers
       0 number of relocations
       0 number of line numbers
42000040 flags
         Initialized Data
         Discardable
         Read Only

SECTION HEADER #C
     /29 name (.debug_info)
    11A4 virtual size
   10000 virtual address (0000000140010000 to 00000001400111A3)
    1200 size of raw data
    7C00 file pointer to raw data (00007C00 to 00008DFF)
       0 file pointer to relocation table
       0 file pointer to line numbers
       0 number of relocations
       0 number of line numbers
42000040 flags
         Initialized Data
         Discardable
         Read Only

SECTION HEADER #D
     /41 name (.debug_abbrev)
      B5 virtual size
   12000 virtual address (0000000140012000 to 00000001400120B4)
     200 size of raw data
    8E00 file pointer to raw data (00008E00 to 00008FFF)
       0 file pointer to relocation table
       0 file pointer to line numbers
       0 number of relocations
       0 number of line numbers
42000040 flags
         Initialized Data
         Discardable
         Read Only

SECTION HEADER #E
     /55 name (.debug_line)
      A4 virtual size
   13000 virtual address (0000000140013000 to 00000001400130A3)
     200 size of raw data
    9000 file pointer to raw data (00009000 to 000091FF)
       0 file pointer to relocation table
       0 file pointer to line numbers
       0 number of relocations
       0 number of line numbers
42000040 flags
         Initialized Data
         Discardable
         Read Only

SECTION HEADER #F
     /67 name (.debug_frame)
      48 virtual size
   14000 virtual address (0000000140014000 to 0000000140014047)
     200 size of raw data
    9200 file pointer to raw data (00009200 to 000093FF)
       0 file pointer to relocation table
       0 file pointer to line numbers
       0 number of relocations
       0 number of line numbers
42000040 flags
         Initialized Data
         Discardable
         Read Only

SECTION HEADER #10
     /80 name (.debug_str)
      7E virtual size
   15000 virtual address (0000000140015000 to 000000014001507D)
     200 size of raw data
    9400 file pointer to raw data (00009400 to 000095FF)
       0 file pointer to relocation table
       0 file pointer to line numbers
       0 number of relocations
       0 number of line numbers
42000040 flags
         Initialized Data
         Discardable
         Read Only

SECTION HEADER #11
     /91 name (.debug_line_str)
     17A virtual size
   16000 virtual address (0000000140016000 to 0000000140016179)
     200 size of raw data
    9600 file pointer to raw data (00009600 to 000097FF)
       0 file pointer to relocation table
       0 file pointer to line numbers
       0 number of relocations
       0 number of line numbers
42000040 flags
         Initialized Data
         Discardable
         Read Only

  Summary

        1000 .bss
        1000 .data
        1000 .debug_abbrev
        1000 .debug_aranges
        1000 .debug_frame
        2000 .debug_info
        1000 .debug_line
        1000 .debug_line_str
        1000 .debug_str
        1000 .eh_frame
        1000 .idata
        1000 .pdata
        1000 .rdata
        1000 .reloc
        5000 .text
        1000 .tls
        1000 .xdata
