{
  "output": ".aide-local\\context\\DE-W034-joint-working",
  "bytes": 259611,
  "concepts": [
    "DE-001",
    "DE-002",
    "DE-005",
    "DE-010",
    "DE-030",
    "DE-020",
    "DE-021",
    "DE-022",
    "DE-033",
    "DE-040",
    "DE-003",
    "DE-004",
    "DE-070",
    "DE-041",
    "DE-042",
    "DE-043",
    "DE-044",
    "DE-074",
    "DE-075",
    "DE-111",
    "DE-071",
    "DE-073",
    "DE-031",
    "DE-036"
  ],
  "execution_authorized": false
}
