Microsoft (R) COFF/PE Dumper Version 14.44.35228.0
Copyright (C) Microsoft Corporation.  All rights reserved.


Dump of file D:\Projects\DiskEd\disked\.aide-local\goal-0.1.0\clean-parent-68bdb6f7\build\windows-bootstrap\Release\disked.exe

PE signature found

File Type: EXECUTABLE IMAGE

FILE HEADER VALUES
            8664 machine (x64)
               6 number of sections
        6AC85A94 time date stamp Fri Oct  9 14:08:04 2026
               0 file pointer to symbol table
               0 number of symbols
              F0 size of optional header
              22 characteristics
                   Executable
                   Application can handle large (>2GB) addresses

OPTIONAL HEADER VALUES
             20B magic # (PE32+)
           14.44 linker version
          102400 size of code
           4E800 size of initialized data
               0 size of uninitialized data
           D14B0 entry point (00000001400D14B0)
            1000 base of code
       140000000 image base (0000000140000000 to 0000000140153FFF)
            1000 section alignment
             200 file alignment
           10.00 operating system version
            0.00 image version
           10.00 subsystem version
               0 Win32 version
          154000 size of image
             400 size of headers
               0 checksum
               3 subsystem (Windows CUI)
            C160 DLL characteristics
                   High Entropy Virtual Addresses
                   Dynamic base
                   NX compatible
                   Control Flow Guard
                   Terminal Server Aware
          100000 size of stack reserve
            1000 size of stack commit
          100000 size of heap reserve
            1000 size of heap commit
               0 loader flags
              10 number of directories
               0 [       0] RVA [size] of Export Directory
          14174C [      28] RVA [size] of Import Directory
          152000 [     1C8] RVA [size] of Resource Directory
          14A000 [    7CB0] RVA [size] of Exception Directory
               0 [       0] RVA [size] of Certificates Directory
          153000 [     E40] RVA [size] of Base Relocation Directory
          125FF0 [      1C] RVA [size] of Debug Directory
               0 [       0] RVA [size] of Architecture Directory
               0 [       0] RVA [size] of Global Pointer Directory
          126180 [      28] RVA [size] of Thread Storage Directory
          125EB0 [     140] RVA [size] of Load Configuration Directory
               0 [       0] RVA [size] of Bound Import Directory
          104000 [     488] RVA [size] of Import Address Table Directory
               0 [       0] RVA [size] of Delay Import Directory
               0 [       0] RVA [size] of COM Descriptor Directory
               0 [       0] RVA [size] of Reserved Directory


SECTION HEADER #1
   .text name
  1022EC virtual size
    1000 virtual address (0000000140001000 to 00000001401032EB)
  102400 size of raw data
     400 file pointer to raw data (00000400 to 001027FF)
       0 file pointer to relocation table
       0 file pointer to line numbers
       0 number of relocations
       0 number of line numbers
60000020 flags
         Code
         Execute Read

SECTION HEADER #2
  .rdata name
   3E784 virtual size
  104000 virtual address (0000000140104000 to 0000000140142783)
   3E800 size of raw data
  102800 file pointer to raw data (00102800 to 00140FFF)
       0 file pointer to relocation table
       0 file pointer to line numbers
       0 number of relocations
       0 number of line numbers
40000040 flags
         Initialized Data
         Read Only

  Debug Directories

        Time Type        Size      RVA  Pointer
    -------- ------- -------- -------- --------
    6AC85A94 coffgrp      418 0012937C   127B7C

SECTION HEADER #3
   .data name
    6EF4 virtual size
  143000 virtual address (0000000140143000 to 0000000140149EF3)
    5400 size of raw data
  141000 file pointer to raw data (00141000 to 001463FF)
       0 file pointer to relocation table
       0 file pointer to line numbers
       0 number of relocations
       0 number of line numbers
C0000040 flags
         Initialized Data
         Read Write

SECTION HEADER #4
  .pdata name
    7CB0 virtual size
  14A000 virtual address (000000014014A000 to 0000000140151CAF)
    7E00 size of raw data
  146400 file pointer to raw data (00146400 to 0014E1FF)
       0 file pointer to relocation table
       0 file pointer to line numbers
       0 number of relocations
       0 number of line numbers
40000040 flags
         Initialized Data
         Read Only

SECTION HEADER #5
   .rsrc name
     1C8 virtual size
  152000 virtual address (0000000140152000 to 00000001401521C7)
     200 size of raw data
  14E200 file pointer to raw data (0014E200 to 0014E3FF)
       0 file pointer to relocation table
       0 file pointer to line numbers
       0 number of relocations
       0 number of line numbers
40000040 flags
         Initialized Data
         Read Only

SECTION HEADER #6
  .reloc name
     E40 virtual size
  153000 virtual address (0000000140153000 to 0000000140153E3F)
    1000 size of raw data
  14E400 file pointer to raw data (0014E400 to 0014F3FF)
       0 file pointer to relocation table
       0 file pointer to line numbers
       0 number of relocations
       0 number of line numbers
42000040 flags
         Initialized Data
         Discardable
         Read Only

  Summary

        7000 .data
        8000 .pdata
       3F000 .rdata
        1000 .reloc
        1000 .rsrc
      103000 .text
