Test project D:/Projects/DiskEd/disked/.aide-local/goal-0.1.0/clean-parent-68bdb6f7/build/windows-bootstrap
      Start  1: evidence.export_model
 1/20 Test  #1: evidence.export_model ..............   Passed    1.73 sec
      Start  2: evidence.file_export
 2/20 Test  #2: evidence.file_export ...............   Passed    9.93 sec
      Start 12: frontend.acquisition_forms
 3/20 Test #12: frontend.acquisition_forms .........   Passed    2.74 sec
      Start 13: frontend.acquisition_interactive
 4/20 Test #13: frontend.acquisition_interactive ...   Passed   37.87 sec
      Start 14: image.acquisition_commands
 5/20 Test #14: image.acquisition_commands .........   Passed   16.68 sec
      Start 15: image.acquisition_operations
 6/20 Test #15: image.acquisition_operations .......   Passed   10.59 sec
      Start 16: image.acquisition_worker
 7/20 Test #16: image.acquisition_worker ...........   Passed   24.47 sec
      Start 17: image.file_acquisition
 8/20 Test #17: image.file_acquisition .............   Passed   21.39 sec
      Start 18: image.parent_pins
 9/20 Test #18: image.parent_pins ..................   Passed    1.10 sec
      Start 20: image.shared_commands
10/20 Test #20: image.shared_commands ..............   Passed   18.81 sec
      Start 21: image.file_capture
11/20 Test #21: image.file_capture .................   Passed    3.75 sec
      Start 32: shell.model
12/20 Test #32: shell.model ........................   Passed    1.45 sec
      Start 34: frontend.gui_model
13/20 Test #34: frontend.gui_model .................   Passed    0.59 sec
      Start 35: frontend.gui_windows
14/20 Test #35: frontend.gui_windows ...............   Passed    2.51 sec
      Start 36: frontend.tui_model
15/20 Test #36: frontend.tui_model .................   Passed    0.44 sec
      Start 37: frontend.tui_windows
16/20 Test #37: frontend.tui_windows ...............   Passed    3.81 sec
      Start 38: shell.windows
17/20 Test #38: shell.windows ......................   Passed    6.49 sec
      Start 55: disked.invocation
18/20 Test #55: disked.invocation ..................   Passed    1.43 sec
      Start 56: disked.acceptance
19/20 Test #56: disked.acceptance ..................   Passed    3.00 sec
      Start 59: provider_guard.positive_control
20/20 Test #59: provider_guard.positive_control ....   Passed    0.13 sec

100% tests passed, 0 tests failed out of 20

Total Test time (real) = 168.92 sec
