Microsoft (R) COFF/PE Dumper Version 14.44.35228.0
Copyright (C) Microsoft Corporation.  All rights reserved.


Dump of file D:\Projects\DiskEd\disked\.aide-local\goal-0.1.0\clean-parent-68bdb6f7\build\windows-bootstrap\Release\file_acquisition_fault.exe

PE signature found

File Type: EXECUTABLE IMAGE

FILE HEADER VALUES
            8664 machine (x64)
               6 number of sections
        6AC85ADA time date stamp Fri Oct  9 14:09:14 2026
               0 file pointer to symbol table
               0 number of symbols
              F0 size of optional header
              22 characteristics
                   Executable
                   Application can handle large (>2GB) addresses

OPTIONAL HEADER VALUES
             20B magic # (PE32+)
           14.44 linker version
           35C00 size of code
           17C00 size of initialized data
               0 size of uninitialized data
           1FAD0 entry point (000000014001FAD0)
            1000 base of code
       140000000 image base (0000000140000000 to 0000000140050FFF)
            1000 section alignment
             200 file alignment
            6.00 operating system version
            0.00 image version
            6.00 subsystem version
               0 Win32 version
           51000 size of image
             400 size of headers
               0 checksum
               3 subsystem (Windows CUI)
            C160 DLL characteristics
                   High Entropy Virtual Addresses
                   Dynamic base
                   NX compatible
                   Control Flow Guard
                   Terminal Server Aware
          100000 size of stack reserve
            1000 size of stack commit
          100000 size of heap reserve
            1000 size of heap commit
               0 loader flags
              10 number of directories
               0 [       0] RVA [size] of Export Directory
           4947C [      28] RVA [size] of Import Directory
           4F000 [     1E0] RVA [size] of Resource Directory
           4C000 [    2400] RVA [size] of Exception Directory
               0 [       0] RVA [size] of Certificates Directory
           50000 [     714] RVA [size] of Base Relocation Directory
           43900 [      1C] RVA [size] of Debug Directory
               0 [       0] RVA [size] of Architecture Directory
               0 [       0] RVA [size] of Global Pointer Directory
               0 [       0] RVA [size] of Thread Storage Directory
           437C0 [     140] RVA [size] of Load Configuration Directory
               0 [       0] RVA [size] of Bound Import Directory
           37000 [     2C0] RVA [size] of Import Address Table Directory
               0 [       0] RVA [size] of Delay Import Directory
               0 [       0] RVA [size] of COM Descriptor Directory
               0 [       0] RVA [size] of Reserved Directory


SECTION HEADER #1
   .text name
   35A76 virtual size
    1000 virtual address (0000000140001000 to 0000000140036A75)
   35C00 size of raw data
     400 file pointer to raw data (00000400 to 00035FFF)
       0 file pointer to relocation table
       0 file pointer to line numbers
       0 number of relocations
       0 number of line numbers
60000020 flags
         Code
         Execute Read

SECTION HEADER #2
  .rdata name
   12DEA virtual size
   37000 virtual address (0000000140037000 to 0000000140049DE9)
   12E00 size of raw data
   36000 file pointer to raw data (00036000 to 00048DFF)
       0 file pointer to relocation table
       0 file pointer to line numbers
       0 number of relocations
       0 number of line numbers
40000040 flags
         Initialized Data
         Read Only

  Debug Directories

        Time Type        Size      RVA  Pointer
    -------- ------- -------- -------- --------
    6AC85ADA coffgrp      380 00044460    43460

SECTION HEADER #3
   .data name
    1F70 virtual size
   4A000 virtual address (000000014004A000 to 000000014004BF6F)
     E00 size of raw data
   48E00 file pointer to raw data (00048E00 to 00049BFF)
       0 file pointer to relocation table
       0 file pointer to line numbers
       0 number of relocations
       0 number of line numbers
C0000040 flags
         Initialized Data
         Read Write

SECTION HEADER #4
  .pdata name
    2400 virtual size
   4C000 virtual address (000000014004C000 to 000000014004E3FF)
    2400 size of raw data
   49C00 file pointer to raw data (00049C00 to 0004BFFF)
       0 file pointer to relocation table
       0 file pointer to line numbers
       0 number of relocations
       0 number of line numbers
40000040 flags
         Initialized Data
         Read Only

SECTION HEADER #5
   .rsrc name
     1E0 virtual size
   4F000 virtual address (000000014004F000 to 000000014004F1DF)
     200 size of raw data
   4C000 file pointer to raw data (0004C000 to 0004C1FF)
       0 file pointer to relocation table
       0 file pointer to line numbers
       0 number of relocations
       0 number of line numbers
40000040 flags
         Initialized Data
         Read Only

SECTION HEADER #6
  .reloc name
     714 virtual size
   50000 virtual address (0000000140050000 to 0000000140050713)
     800 size of raw data
   4C200 file pointer to raw data (0004C200 to 0004C9FF)
       0 file pointer to relocation table
       0 file pointer to line numbers
       0 number of relocations
       0 number of line numbers
42000040 flags
         Initialized Data
         Discardable
         Read Only

  Summary

        2000 .data
        3000 .pdata
       13000 .rdata
        1000 .reloc
        1000 .rsrc
       36000 .text
