Microsoft (R) COFF/PE Dumper Version 14.44.35228.0
Copyright (C) Microsoft Corporation.  All rights reserved.


Dump of file D:\Projects\DiskEd\disked\.aide-local\goal-0.1.0\clean-parent-68bdb6f7\build\windows-bootstrap\Release\image_file_capture_probe.exe

File Type: EXECUTABLE IMAGE

  Section contains the following imports:

    KERNEL32.dll
             140033000 Import Address Table
             140043F30 Import Name Table
                     0 time date stamp
                     0 Index of first forwarder reference

                         612 WideCharToMultiByte
                          CE CreateFileW
                         47A ReadFile
                         534 SetFilePointerEx
                          89 CloseHandle
                         26A GetLastError
                         2C8 GetProcessTimes
                         220 GetCurrentProcess
                         221 GetCurrentProcessId
                         2F3 GetSystemTimeAsFileTime
                         312 GetTickCount64
                         239 GetDriveTypeW
                         251 GetFileInformationByHandle
                         258 GetFileType
                         25A GetFinalPathNameByHandleW
                         263 GetFullPathNameW
                         252 GetFileInformationByHandleEx
                          9D CompareStringOrdinal
                         3F6 MultiByteToWideChar
                         625 WriteConsoleW
                         4D6 RtlCaptureContext
                         4DD RtlLookupFunctionEntry
                         4E4 RtlVirtualUnwind
                         5C1 UnhandledExceptionFilter
                         580 SetUnhandledExceptionFilter
                         59F TerminateProcess
                         38C IsProcessorFeaturePresent
                         452 QueryPerformanceCounter
                         225 GetCurrentThreadId
                         36F InitializeSListHead
                         385 IsDebuggerPresent
                         2DA GetStartupInfoW
                         281 GetModuleHandleW
                         4DF RtlPcToFileHeader
                         469 RaiseException
                         4E3 RtlUnwindEx
                         542 SetLastError
                         134 EncodePointer
                         138 EnterCriticalSection
                         3C4 LeaveCriticalSection
                         114 DeleteCriticalSection
                         36B InitializeCriticalSectionAndSpinCount
                         5B1 TlsAlloc
                         5B3 TlsGetValue
                         5B4 TlsSetValue
                         5B2 TlsFree
                         1B4 FreeLibrary
                         2B8 GetProcAddress
                         3CA LoadLibraryExW
                         2DC GetStdHandle
                         626 WriteFile
                         27D GetModuleFileNameW
                         167 ExitProcess
                         280 GetModuleHandleExW
                         1DF GetCommandLineA
                         1E0 GetCommandLineW
                         351 HeapAlloc
                         355 HeapFree
                          9E CompareStringW
                         3B8 LCMapStringW
                         17E FindClose
                         184 FindFirstFileExW
                         195 FindNextFileW
                         392 IsValidCodePage
                         1BB GetACP
                         2A1 GetOEMCP
                         1CA GetCPInfo
                         241 GetEnvironmentStringsW
                         1B3 FreeEnvironmentStringsW
                         525 SetEnvironmentVariableW
                         55C SetStdHandle
                         2E1 GetStringTypeW
                         2BE GetProcessHeap
                         1A8 FlushFileBuffers
                         209 GetConsoleOutputCP
                         205 GetConsoleMode
                         256 GetFileSizeEx
                         35A HeapSize
                         358 HeapReAlloc

  Summary

        3000 .data
        3000 .pdata
       12000 .rdata
        1000 .reloc
        1000 .rsrc
       32000 .text
