Start testing: Oct 09 14:09 AUS Eastern Daylight Time
----------------------------------------------------------
1/60 Testing: evidence.export_model
1/60 Test: evidence.export_model
Command: "D:/Projects/DiskEd/disked/.aide-local/venv/Scripts/python.exe" "D:/Projects/DiskEd/disked/.aide-local/goal-0.1.0/clean-parent-68bdb6f7/tests/evidence/test_export.py" "--probe" "D:/Projects/DiskEd/disked/.aide-local/goal-0.1.0/clean-parent-68bdb6f7/build/windows-bootstrap/Release/report_export_probe.exe" "--root" "D:/Projects/DiskEd/disked/.aide-local/goal-0.1.0/clean-parent-68bdb6f7"
Directory: D:/Projects/DiskEd/disked/.aide-local/goal-0.1.0/clean-parent-68bdb6f7/build/windows-bootstrap
"evidence.export_model" start time: Oct 09 14:09 AUS Eastern Daylight Time
Output:
----------------------------------------------------------
53 independent native inward export/grant/byte/fault cases passed
<end of output>
Test time =   1.73 sec
----------------------------------------------------------
Test Passed.
"evidence.export_model" end time: Oct 09 14:09 AUS Eastern Daylight Time
"evidence.export_model" time elapsed: 00:00:01
----------------------------------------------------------

2/60 Testing: evidence.file_export
2/60 Test: evidence.file_export
Command: "D:/Projects/DiskEd/disked/.aide-local/venv/Scripts/python.exe" "D:/Projects/DiskEd/disked/.aide-local/goal-0.1.0/clean-parent-68bdb6f7/tests/evidence/test_file_export.py" "--probe" "D:/Projects/DiskEd/disked/.aide-local/goal-0.1.0/clean-parent-68bdb6f7/build/windows-bootstrap/Release/file_report_export_probe.exe" "--fault" "D:/Projects/DiskEd/disked/.aide-local/goal-0.1.0/clean-parent-68bdb6f7/build/windows-bootstrap/Release/file_report_export_fault.exe" "--root" "D:/Projects/DiskEd/disked/.aide-local/goal-0.1.0/clean-parent-68bdb6f7"
Directory: D:/Projects/DiskEd/disked/.aide-local/goal-0.1.0/clean-parent-68bdb6f7/build/windows-bootstrap
"evidence.file_export" start time: Oct 09 14:09 AUS Eastern Daylight Time
Output:
----------------------------------------------------------
53 native file-export cases and 4 owned-process/race observations passed; no physical qualification
<end of output>
Test time =   9.93 sec
----------------------------------------------------------
Test Passed.
"evidence.file_export" end time: Oct 09 14:09 AUS Eastern Daylight Time
"evidence.file_export" time elapsed: 00:00:09
----------------------------------------------------------

12/60 Testing: frontend.acquisition_forms
12/60 Test: frontend.acquisition_forms
Command: "D:/Projects/DiskEd/disked/.aide-local/venv/Scripts/python.exe" "D:/Projects/DiskEd/disked/.aide-local/goal-0.1.0/clean-parent-68bdb6f7/tests/frontend/test_acquisition_forms.py" "--exe" "D:/Projects/DiskEd/disked/.aide-local/goal-0.1.0/clean-parent-68bdb6f7/build/windows-bootstrap/Release/disked.exe" "--product" "D:/Projects/DiskEd/disked/.aide-local/goal-0.1.0/clean-parent-68bdb6f7/build/windows-bootstrap/Release/disked.exe" "--gui" "D:/Projects/DiskEd/disked/.aide-local/goal-0.1.0/clean-parent-68bdb6f7/build/windows-bootstrap/Release/gui_model_probe.exe" "--tui" "D:/Projects/DiskEd/disked/.aide-local/goal-0.1.0/clean-parent-68bdb6f7/build/windows-bootstrap/Release/tui_model_probe.exe" "--root" "D:/Projects/DiskEd/disked/.aide-local/goal-0.1.0/clean-parent-68bdb6f7"
Directory: D:/Projects/DiskEd/disked/.aide-local/goal-0.1.0/clean-parent-68bdb6f7/build/windows-bootstrap
"frontend.acquisition_forms" start time: Oct 09 14:09 AUS Eastern Daylight Time
Output:
----------------------------------------------------------
PASS acquisition forms: 23 checks; 5 native journeys; 2 verified copies
<end of output>
Test time =   2.74 sec
----------------------------------------------------------
Test Passed.
"frontend.acquisition_forms" end time: Oct 09 14:09 AUS Eastern Daylight Time
"frontend.acquisition_forms" time elapsed: 00:00:02
----------------------------------------------------------

13/60 Testing: frontend.acquisition_interactive
13/60 Test: frontend.acquisition_interactive
Command: "D:/Projects/DiskEd/disked/.aide-local/venv/Scripts/python.exe" "D:/Projects/DiskEd/disked/.aide-local/goal-0.1.0/clean-parent-68bdb6f7/tests/frontend/test_acquisition_interactive.py" "--exe" "D:/Projects/DiskEd/disked/.aide-local/goal-0.1.0/clean-parent-68bdb6f7/build/windows-bootstrap/Release/disked.exe" "--product" "D:/Projects/DiskEd/disked/.aide-local/goal-0.1.0/clean-parent-68bdb6f7/build/windows-bootstrap/Release/disked.exe" "--shell" "D:/Projects/DiskEd/disked/.aide-local/goal-0.1.0/clean-parent-68bdb6f7/build/windows-bootstrap/Release/shell_model_probe.exe" "--reader" "D:/Projects/DiskEd/disked/.aide-local/goal-0.1.0/clean-parent-68bdb6f7/build/windows-bootstrap/Release/watch_probe.exe" "--root" "D:/Projects/DiskEd/disked/.aide-local/goal-0.1.0/clean-parent-68bdb6f7"
Directory: D:/Projects/DiskEd/disked/.aide-local/goal-0.1.0/clean-parent-68bdb6f7/build/windows-bootstrap
"frontend.acquisition_interactive" start time: Oct 09 14:09 AUS Eastern Daylight Time
Output:
----------------------------------------------------------
PASS acquisition interactive: 734 checks; 5 native journeys; 4 verified copies; synthetic 64-event response 103006 bytes
<end of output>
Test time =  37.87 sec
----------------------------------------------------------
Test Passed.
"frontend.acquisition_interactive" end time: Oct 09 14:10 AUS Eastern Daylight Time
"frontend.acquisition_interactive" time elapsed: 00:00:37
----------------------------------------------------------

14/60 Testing: image.acquisition_commands
14/60 Test: image.acquisition_commands
Command: "D:/Projects/DiskEd/disked/.aide-local/venv/Scripts/python.exe" "D:/Projects/DiskEd/disked/.aide-local/goal-0.1.0/clean-parent-68bdb6f7/tests/images/test_acquisition_commands.py" "--probe" "D:/Projects/DiskEd/disked/.aide-local/goal-0.1.0/clean-parent-68bdb6f7/build/windows-bootstrap/Release/acquisition_command_probe.exe" "--root" "D:/Projects/DiskEd/disked/.aide-local/goal-0.1.0/clean-parent-68bdb6f7"
Directory: D:/Projects/DiskEd/disked/.aide-local/goal-0.1.0/clean-parent-68bdb6f7/build/windows-bootstrap
"image.acquisition_commands" start time: Oct 09 14:10 AUS Eastern Daylight Time
Output:
----------------------------------------------------------
PASS shared acquisition commands: 284 checks; 6 verified copies
<end of output>
Test time =  16.68 sec
----------------------------------------------------------
Test Passed.
"image.acquisition_commands" end time: Oct 09 14:10 AUS Eastern Daylight Time
"image.acquisition_commands" time elapsed: 00:00:16
----------------------------------------------------------

15/60 Testing: image.acquisition_operations
15/60 Test: image.acquisition_operations
Command: "D:/Projects/DiskEd/disked/.aide-local/venv/Scripts/python.exe" "D:/Projects/DiskEd/disked/.aide-local/goal-0.1.0/clean-parent-68bdb6f7/tests/images/test_acquisition_operations.py" "--probe" "D:/Projects/DiskEd/disked/.aide-local/goal-0.1.0/clean-parent-68bdb6f7/build/windows-bootstrap/Release/acquisition_command_probe.exe" "--disked" "D:/Projects/DiskEd/disked/.aide-local/goal-0.1.0/clean-parent-68bdb6f7/build/windows-bootstrap/Release/disked.exe" "--reader" "D:/Projects/DiskEd/disked/.aide-local/goal-0.1.0/clean-parent-68bdb6f7/build/windows-bootstrap/Release/watch_probe.exe" "--root" "D:/Projects/DiskEd/disked/.aide-local/goal-0.1.0/clean-parent-68bdb6f7"
Directory: D:/Projects/DiskEd/disked/.aide-local/goal-0.1.0/clean-parent-68bdb6f7/build/windows-bootstrap
"image.acquisition_operations" start time: Oct 09 14:10 AUS Eastern Daylight Time
Output:
----------------------------------------------------------
PASS public acquisition observations: 216 checks; 68 producer events
<end of output>
Test time =  10.59 sec
----------------------------------------------------------
Test Passed.
"image.acquisition_operations" end time: Oct 09 14:10 AUS Eastern Daylight Time
"image.acquisition_operations" time elapsed: 00:00:10
----------------------------------------------------------

16/60 Testing: image.acquisition_worker
16/60 Test: image.acquisition_worker
Command: "D:/Projects/DiskEd/disked/.aide-local/venv/Scripts/python.exe" "D:/Projects/DiskEd/disked/.aide-local/goal-0.1.0/clean-parent-68bdb6f7/tests/images/test_acquisition_worker.py" "--probe" "D:/Projects/DiskEd/disked/.aide-local/goal-0.1.0/clean-parent-68bdb6f7/build/windows-bootstrap/Release/acquisition_worker_probe.exe" "--fault" "D:/Projects/DiskEd/disked/.aide-local/goal-0.1.0/clean-parent-68bdb6f7/build/windows-bootstrap/Release/acquisition_worker_fault.exe" "--root" "D:/Projects/DiskEd/disked/.aide-local/goal-0.1.0/clean-parent-68bdb6f7"
Directory: D:/Projects/DiskEd/disked/.aide-local/goal-0.1.0/clean-parent-68bdb6f7/build/windows-bootstrap
"image.acquisition_worker" start time: Oct 09 14:10 AUS Eastern Daylight Time
Output:
----------------------------------------------------------
case prepare-0
case start-0
case no-relaunch-0
case prepare-1
case start-1
case no-relaunch-1
case prepare-65535
case start-65535
case no-relaunch-65535
case prepare-65536
case start-65536
case no-relaunch-65536
case prepare-65537
case start-65537
case no-relaunch-65537
case prepare-1048577
case start-1048577
case no-relaunch-1048577
case prepare-2097153
case start-2097153
case no-relaunch-2097153
case review-grants
case deny-source_read
case deny-destination_write
case deny-map_write
case deny-host_effects
case deny-unbound-grant
case deny-different-executable-generation
case refuse-source-generation-change
case review-directory-generation
case refuse-directory-generation-change
case refuse-operation-metadata-alias
case refuse-occupied-store
case review-cancel
case start-cancel
case repeat-active-does-not-relaunch
case exclude-second-writer
case review-resume-new-attempt
case start-resume-new-attempt
case review-checkpoint-observer-error
case start-checkpoint-observer-error
case review-store-fault-full
case store-fault-retained-full
case store-fault-no-restart-full
case review-store-fault-short
case store-fault-retained-short
case store-fault-no-restart-short
case review-store-fault-flush
case store-fault-retained-flush
case store-fault-no-restart-flush
case review-late-admission
case admission-timeout-is-unresolved
case late-admission-no-restart
case review-normal-no-fault
case normal-ignores-fault-controls
case review-aggregate-0
case start-aggregate-0
case review-aggregate-1
case start-aggregate-1
case review-aggregate-2
case start-aggregate-2
case review-aggregate-3
case start-aggregate-3
case review-excess-worker
case excess-worker-is-not-admitted
case review-termination
case start-owned-termination-fixture
case unfinished-worker-never-restarted
case review-history
case start-history-fixture
PASS: 385 private acquisition worker checks; 10 completed byte/map verifications
<end of output>
Test time =  24.47 sec
----------------------------------------------------------
Test Passed.
"image.acquisition_worker" end time: Oct 09 14:11 AUS Eastern Daylight Time
"image.acquisition_worker" time elapsed: 00:00:24
----------------------------------------------------------

17/60 Testing: image.file_acquisition
17/60 Test: image.file_acquisition
Command: "D:/Projects/DiskEd/disked/.aide-local/venv/Scripts/python.exe" "D:/Projects/DiskEd/disked/.aide-local/goal-0.1.0/clean-parent-68bdb6f7/tests/images/test_file_acquisition.py" "--probe" "D:/Projects/DiskEd/disked/.aide-local/goal-0.1.0/clean-parent-68bdb6f7/build/windows-bootstrap/Release/file_acquisition_probe.exe" "--fault" "D:/Projects/DiskEd/disked/.aide-local/goal-0.1.0/clean-parent-68bdb6f7/build/windows-bootstrap/Release/file_acquisition_fault.exe" "--root" "D:/Projects/DiskEd/disked/.aide-local/goal-0.1.0/clean-parent-68bdb6f7"
Directory: D:/Projects/DiskEd/disked/.aide-local/goal-0.1.0/clean-parent-68bdb6f7/build/windows-bootstrap
"image.file_acquisition" start time: Oct 09 14:11 AUS Eastern Daylight Time
Output:
----------------------------------------------------------
case inert-prepare-0
case golden-0
case sealed-resume-0
case inert-prepare-1
case golden-1
case sealed-resume-1
case inert-prepare-4095
case golden-4095
case sealed-resume-4095
case inert-prepare-4096
case golden-4096
case sealed-resume-4096
case inert-prepare-4097
case golden-4097
case sealed-resume-4097
case inert-prepare-65535
case golden-65535
case sealed-resume-65535
case inert-prepare-65536
case golden-65536
case sealed-resume-65536
case inert-prepare-65537
case golden-65537
case sealed-resume-65537
case inert-prepare-131073
case golden-131073
case sealed-resume-131073
case chunk-65536-131073
case chunk-1048576-131073
case chunk-1048576-1048576
case chunk-1048576-1048577
case lossless-unicode-paths
case no-clobber-destination
case no-clobber-map
case alias-source
case alias-same
case alias-case
case grant-source_read
case grant-destination_write
case grant-map_write
case grant-host_effects
case grant-digest
case policy-before-source-{'chunk_bytes': '0'}
case policy-before-source-{'retry_limit': '4'}
case policy-before-source-{'read_policy': 'other'}
case policy-before-source-{'substitution': 'silent'}
case policy-before-source-{'read_policy': 'failing-read-mostly', 'retry_limit': '1'}
case path-refusal-'NUL'
case path-refusal-'CON.txt'
case path-refusal-'bad:stream'
case path-refusal-'bad\x1bname'
case path-refusal-'trailing.'
case path-refusal-'trailing '
case path-refusal-'C:relative.img'
case path-refusal-'\\\\.\\PhysicalDrive0'
case path-refusal-'\\\\?\\C:\\no.img'
case path-refusal-'//absent/share.img'
case path-refusal-'xxxxxxxxxxxxxxxxxxxxxxxxxxxxxxxxxxxxxxxxxxxxxxxxxxxxxxxxxxxxxxxxxxxxxxxxxxxxxxxxxxxxxxxxxxxxxxxxxxxxxxxxxxxxxxxxxxxxxxxxxxxxxxxxxxxxxxxxxxxxxxxxxxxxxxxxxxxxxxxxxxxxxxxxxxxxxxxxxxxxxxxxxxxxxxxxxxxxxxxxxxxxxxxxxxxxxxxxxxxxxxxxxxxxxxxxxxxxxxxxx'
case missing-source
case directory-source
case missing-parent
case hardlink-source
case sharing-writer
case sharing-exclusive-reader
case actual-source-access-denied
case reparse-parent
case capacity-before-create
case stop-0
case stop-4096
case resume-stop-4096
case read-READ_ERROR
case read-retry-attempt-READ_ERROR
case read-SHORT_READ
case read-retry-attempt-SHORT_READ
case explicit-zero-ordinary
case explicit-zero-failing-read-mostly
case write-WRITE_ERROR
case resume-WRITE_ERROR
case write-PARTIAL_WRITE
case resume-PARTIAL_WRITE
case flush-MAP_FLUSH_ERROR
case resume-flush-MAP_FLUSH_ERROR
case flush-DESTINATION_FLUSH_ERROR
case resume-flush-DESTINATION_FLUSH_ERROR
case torn-checkpoint
case resume-torn-checkpoint
case failing-pause
case failing-resume-no-prefix-reread
case hooks-absent
case setup-complete-json
case refuse-complete-json
case setup-incomplete
case repair-incomplete-tail
case setup-unexplained-suffix
case refuse-unexplained-suffix
case setup-checkpoint-data
case refuse-checkpoint-data
case setup-source-change
case refuse-source-change
case setup-output-generation
case refuse-output-generation
case setup-map-generation
case refuse-map-generation
case setup-options
case refuse-options
case setup-code-generation
case refuse-code-generation
case setup-sealed-tail
case refuse-sealed-tail
case live-worker-sharing-append-header
case after-process-termination-append-header
case live-worker-sharing-append-pending
case after-process-termination-append-pending
case live-worker-sharing-destination-written
case after-process-termination-destination-written
case live-worker-sharing-destination-flushed
case after-process-termination-destination-flushed
case live-worker-sharing-append-checkpoint
case after-process-termination-append-checkpoint
case live-worker-sharing-append-seal
case after-process-termination-append-seal
case partial-bootstrap-retained
case torn-header
case torn-header-resume
{"passed": true, "cases": 126}
<end of output>
Test time =  21.39 sec
----------------------------------------------------------
Test Passed.
"image.file_acquisition" end time: Oct 09 14:11 AUS Eastern Daylight Time
"image.file_acquisition" time elapsed: 00:00:21
----------------------------------------------------------

18/60 Testing: image.parent_pins
18/60 Test: image.parent_pins
Command: "D:/Projects/DiskEd/disked/.aide-local/venv/Scripts/python.exe" "D:/Projects/DiskEd/disked/.aide-local/goal-0.1.0/clean-parent-68bdb6f7/tests/images/test_parent_pins.py" "--probe" "D:/Projects/DiskEd/disked/.aide-local/goal-0.1.0/clean-parent-68bdb6f7/build/windows-bootstrap/Release/file_acquisition_fault.exe" "--capture-probe" "D:/Projects/DiskEd/disked/.aide-local/goal-0.1.0/clean-parent-68bdb6f7/build/windows-bootstrap/Release/image_file_capture_probe.exe" "--root" "D:/Projects/DiskEd/disked/.aide-local/goal-0.1.0/clean-parent-68bdb6f7"
Directory: D:/Projects/DiskEd/disked/.aide-local/goal-0.1.0/clean-parent-68bdb6f7/build/windows-bootstrap
"image.parent_pins" start time: Oct 09 14:11 AUS Eastern Daylight Time
Output:
----------------------------------------------------------
{"passed": true, "cases": 4, "mode": "strong-parent-contract"}
<end of output>
Test time =   1.10 sec
----------------------------------------------------------
Test Passed.
"image.parent_pins" end time: Oct 09 14:11 AUS Eastern Daylight Time
"image.parent_pins" time elapsed: 00:00:01
----------------------------------------------------------

20/60 Testing: image.shared_commands
20/60 Test: image.shared_commands
Command: "D:/Projects/DiskEd/disked/.aide-local/venv/Scripts/python.exe" "D:/Projects/DiskEd/disked/.aide-local/goal-0.1.0/clean-parent-68bdb6f7/tests/frontend/test_image_commands.py" "--exe" "D:/Projects/DiskEd/disked/.aide-local/goal-0.1.0/clean-parent-68bdb6f7/build/windows-bootstrap/Release/disked.exe" "--fault" "D:/Projects/DiskEd/disked/.aide-local/goal-0.1.0/clean-parent-68bdb6f7/build/windows-bootstrap/Release/disked_image_test.exe" "--probe" "D:/Projects/DiskEd/disked/.aide-local/goal-0.1.0/clean-parent-68bdb6f7/build/windows-bootstrap/Release/image_file_capture_probe.exe" "--root" "D:/Projects/DiskEd/disked/.aide-local/goal-0.1.0/clean-parent-68bdb6f7"
Directory: D:/Projects/DiskEd/disked/.aide-local/goal-0.1.0/clean-parent-68bdb6f7/build/windows-bootstrap
"image.shared_commands" start time: Oct 09 14:11 AUS Eastern Daylight Time
Output:
----------------------------------------------------------
CASE 'image.inspect-mbr-empty.img'
CASE 'table.verify-mbr-empty.img'
CASE 'image.inspect-mbr-two.img'
CASE 'table.verify-mbr-two.img'
CASE 'image.inspect-mbr-overlap.img'
CASE 'table.verify-mbr-overlap.img'
CASE 'image.inspect-mbr-outside.img'
CASE 'table.verify-mbr-outside.img'
CASE 'image.inspect-mbr-zero-type.img'
CASE 'table.verify-mbr-zero-type.img'
CASE 'image.inspect-mbr-boot-byte.img'
CASE 'table.verify-mbr-boot-byte.img'
CASE 'image.inspect-mbr-signature.img'
CASE 'table.verify-mbr-signature.img'
CASE 'image.inspect-mbr-truncated.img'
CASE 'table.verify-mbr-truncated.img'
CASE 'image.inspect-ebr-two.img'
CASE 'table.verify-ebr-two.img'
CASE 'image.inspect-ebr-cycle.img'
CASE 'table.verify-ebr-cycle.img'
CASE 'image.inspect-ebr-overlap.img'
CASE 'table.verify-ebr-overlap.img'
CASE 'image.inspect-ebr-signature.img'
CASE 'table.verify-ebr-signature.img'
CASE 'image.inspect-ebr-unavailable.img'
CASE 'table.verify-ebr-unavailable.img'
CASE 'image.inspect-gpt-valid.img'
CASE 'table.verify-gpt-valid.img'
CASE 'image.inspect-gpt-0-header-crc.img'
CASE 'table.verify-gpt-0-header-crc.img'
CASE 'image.inspect-gpt-0-array-crc.img'
CASE 'table.verify-gpt-0-array-crc.img'
CASE 'image.inspect-gpt-0-reserved.img'
CASE 'table.verify-gpt-0-reserved.img'
CASE 'image.inspect-gpt-0-range.img'
CASE 'table.verify-gpt-0-range.img'
CASE 'image.inspect-gpt-0-duplicate.img'
CASE 'table.verify-gpt-0-duplicate.img'
CASE 'image.inspect-gpt-0-overlap.img'
CASE 'table.verify-gpt-0-overlap.img'
CASE 'image.inspect-gpt-0-utf16.img'
CASE 'table.verify-gpt-0-utf16.img'
CASE 'image.inspect-gpt-0-attributes.img'
CASE 'table.verify-gpt-0-attributes.img'
CASE 'image.inspect-gpt-1-header-crc.img'
CASE 'table.verify-gpt-1-header-crc.img'
CASE 'image.inspect-gpt-1-array-crc.img'
CASE 'table.verify-gpt-1-array-crc.img'
CASE 'image.inspect-gpt-1-reserved.img'
CASE 'table.verify-gpt-1-reserved.img'
CASE 'image.inspect-gpt-1-range.img'
CASE 'table.verify-gpt-1-range.img'
CASE 'image.inspect-gpt-1-duplicate.img'
CASE 'table.verify-gpt-1-duplicate.img'
CASE 'image.inspect-gpt-1-overlap.img'
CASE 'table.verify-gpt-1-overlap.img'
CASE 'image.inspect-gpt-1-utf16.img'
CASE 'table.verify-gpt-1-utf16.img'
CASE 'image.inspect-gpt-1-attributes.img'
CASE 'table.verify-gpt-1-attributes.img'
CASE 'image.inspect-gpt-valid-disagreement.img'
CASE 'table.verify-gpt-valid-disagreement.img'
CASE 'image.inspect-gpt-guid-disagreement.img'
CASE 'table.verify-gpt-guid-disagreement.img'
CASE 'image.inspect-gpt-both-crc.img'
CASE 'table.verify-gpt-both-crc.img'
CASE 'image.inspect-gpt-primary-signature.img'
CASE 'table.verify-gpt-primary-signature.img'
CASE 'image.inspect-gpt-short-backup.img'
CASE 'table.verify-gpt-short-backup.img'
CASE 'image.inspect-empty.img'
CASE 'table.verify-short.img'
CASE 'image.inspect-name-\u78c1\u76d8-\U0001f642.img'
CASE 'table.verify-gpt-valid.img'
CASE 'table.verify-gpt-valid.img'
CASE 'image.inspect-gpt-valid.img'
CASE 'literal-path'
CASE 'option-placement'
CASE 'parse-before-open-missing_parameter'
CASE 'parse-before-open-missing_parameter'
CASE 'parse-before-open-invalid_option_value'
CASE 'parse-before-open-duplicate_option'
CASE 'parse-before-open-unknown_option'
CASE 'essential-no-image-open'
CASE 'essential-no-image-open'
CASE 'essential-no-image-open'
CASE 'essential-no-image-open'
CASE 'essential-no-image-open'
CASE 'stdio-image.inspect'
CASE 'image.inspect-gpt-valid.img'
CASE 'strict-before-open-unexpected_revision'
CASE 'strict-before-open-missing_parameter'
CASE 'strict-before-open-invalid_parameter'
CASE 'strict-before-open-unexpected_parameter'
CASE 'stdio-table.verify'
CASE 'table.verify-gpt-valid.img'
CASE 'strict-before-open-unexpected_revision'
CASE 'strict-before-open-missing_parameter'
CASE 'strict-before-open-invalid_parameter'
CASE 'strict-before-open-unexpected_parameter'
CASE 'image.inspect-missing.img'
CASE 'table.verify-gpt-valid.img'
CASE 'table.verify-gpt-valid.img'
CASE 'table.verify-gpt-valid.img'
CASE 'table.verify-gpt-valid.img'
CASE 'table.verify-gpt-valid.img'
CASE 'table.verify-gpt-valid.img'
CASE 'image.inspect-gpt-valid.img'
CASE 'gui-image.inspect-gpt-valid.img'
CASE 'tui-image.inspect-gpt-valid.img'
CASE 'shell-image.inspect-gpt-valid.img'
CASE 'table.verify-gpt-valid.img'
CASE 'gui-table.verify-gpt-valid.img'
CASE 'tui-table.verify-gpt-valid.img'
CASE 'shell-table.verify-gpt-valid.img'
CASE 'table.verify-short.img'
CASE 'gui-table.verify-short.img'
CASE 'tui-table.verify-short.img'
CASE 'shell-table.verify-short.img'
CASE 'image.inspect-missing.img'
CASE 'gui-image.inspect-missing.img'
CASE 'tui-image.inspect-missing.img'
CASE 'shell-image.inspect-missing.img'
CASE 'product-ignores-test-gate'
CASE 'stdio-wait-slot-late'
CASE 'gui-image-late-isolated'
Shared image commands PASS 126
<end of output>
Test time =  18.81 sec
----------------------------------------------------------
Test Passed.
"image.shared_commands" end time: Oct 09 14:12 AUS Eastern Daylight Time
"image.shared_commands" time elapsed: 00:00:18
----------------------------------------------------------

21/60 Testing: image.file_capture
21/60 Test: image.file_capture
Command: "D:/Projects/DiskEd/disked/.aide-local/venv/Scripts/python.exe" "D:/Projects/DiskEd/disked/.aide-local/goal-0.1.0/clean-parent-68bdb6f7/tests/frontend/test_image_file_capture.py" "--probe" "D:/Projects/DiskEd/disked/.aide-local/goal-0.1.0/clean-parent-68bdb6f7/build/windows-bootstrap/Release/image_file_capture_probe.exe" "--fault" "D:/Projects/DiskEd/disked/.aide-local/goal-0.1.0/clean-parent-68bdb6f7/build/windows-bootstrap/Release/image_file_capture_fault.exe" "--map-probe" "D:/Projects/DiskEd/disked/.aide-local/goal-0.1.0/clean-parent-68bdb6f7/build/windows-bootstrap/Release/image_observation_probe.exe"
Directory: D:/Projects/DiskEd/disked/.aide-local/goal-0.1.0/clean-parent-68bdb6f7/build/windows-bootstrap
"image.file_capture" start time: Oct 09 14:12 AUS Eastern Daylight Time
Output:
----------------------------------------------------------
CASE 'mbr-empty'
CASE 'mbr-two'
CASE 'mbr-overlap'
CASE 'mbr-outside'
CASE 'mbr-zero-type'
CASE 'mbr-boot-byte'
CASE 'mbr-signature'
CASE 'mbr-truncated'
CASE 'ebr-two'
CASE 'ebr-cycle'
CASE 'ebr-overlap'
CASE 'ebr-signature'
CASE 'ebr-unavailable'
CASE 'gpt-valid'
CASE 'gpt-0-header-crc'
CASE 'gpt-0-array-crc'
CASE 'gpt-0-reserved'
CASE 'gpt-0-range'
CASE 'gpt-0-duplicate'
CASE 'gpt-0-overlap'
CASE 'gpt-0-utf16'
CASE 'gpt-0-attributes'
CASE 'gpt-1-header-crc'
CASE 'gpt-1-array-crc'
CASE 'gpt-1-reserved'
CASE 'gpt-1-range'
CASE 'gpt-1-duplicate'
CASE 'gpt-1-overlap'
CASE 'gpt-1-utf16'
CASE 'gpt-1-attributes'
CASE 'gpt-valid-disagreement'
CASE 'gpt-guid-disagreement'
CASE 'gpt-both-crc'
CASE 'gpt-primary-signature'
CASE 'gpt-short-backup'
CASE 'length-0'
CASE 'length-1'
CASE 'length-445'
CASE 'length-446'
CASE 'length-447'
CASE 'length-461'
CASE 'length-462'
CASE 'length-509'
CASE 'length-510'
CASE 'length-511'
CASE 'length-512'
CASE 'length-513'
CASE 'length-1023'
CASE 'length-1024'
CASE 'length-1030'
CASE 'length-1152'
CASE 'length-17407'
CASE 'length-17408'
CASE 'wide-geometry'
CASE '--json'
CASE 'relative-literal-option'
CASE 'duplicate-request-reused'
CASE 'overlapping-regions'
CASE 'overlapping-capture-change'
CASE '\xe9-\U0001f4be'
CASE 'unicode-path'
CASE 'large-sparse-gpt'
CASE 'open-writer'
CASE 'exclusive-reader'
CASE 'hardlink-alias'
CASE 'directory'
CASE 'missing-file'
CASE 'access-denied'
CASE 'reparse-ancestor'
CASE 'reparse-final'
CASE 'fault-read'
CASE 'fault-short'
CASE 'fault-change'
CASE 'fault-verify'
CASE 'fault-metadata'
CASE "path-refusal-'NUL'"
CASE "path-refusal-'NUL .txt'"
CASE "path-refusal-'CON.txt'"
CASE "path-refusal-'PRN'"
CASE "path-refusal-'AUX'"
CASE "path-refusal-'COM1.img'"
CASE "path-refusal-'LPT9.img'"
CASE "path-refusal-'COM\xb9.img'"
CASE "path-refusal-'CONIN$'"
CASE "path-refusal-'CONOUT$'"
CASE "path-refusal-'bad:stream'"
CASE "path-refusal-'bad?name'"
CASE "path-refusal-'bad*name'"
CASE "path-refusal-'bad|name'"
CASE 'path-refusal-\'bad"name\''
CASE "path-refusal-'bad\\x1bname'"
CASE "path-refusal-'bad\\x7fname'"
CASE "path-refusal-'trailing.'"
CASE "path-refusal-'trailing '"
CASE "path-refusal-'C:relative.img'"
CASE "path-refusal-'\\\\rooted.img'"
CASE "path-refusal-'//unavailable-share/image.img'"
CASE "path-refusal-'\\\\\\\\?\\\\C:\\\\sample.img'"
CASE "path-refusal-'xxxxxxxxxxxxxxxxxxxxxxxxxxxxxxxxxxxxxxxxxxxxxxxxxxxxxxxxxxxxxxxxxxxxxxxxxxxxxxxxxxxxxxxxxxxxxxxxxxxxxxxxxxxxxxxxxxxxxxxxxxxxxxxxxxxxxxxxxxxxxxxxxxxxxxxxxxxxxxxxxxxxxxxxxxxxxxxxxxxxxxxxxxxxxxxxxxxxxxxxxxxxxxxxxxxxxxxxxxxxxxxxxxxxxxxxxxxxxxxxx'"
CASE 'unit-refusal-0'
CASE 'unit-refusal-1024'
CASE 'unit-refusal-8192'
CASE 'open-guard-positive-control'
{"passed": true, "cases": 104}
<end of output>
Test time =   3.75 sec
----------------------------------------------------------
Test Passed.
"image.file_capture" end time: Oct 09 14:12 AUS Eastern Daylight Time
"image.file_capture" time elapsed: 00:00:03
----------------------------------------------------------

32/60 Testing: shell.model
32/60 Test: shell.model
Command: "D:/Projects/DiskEd/disked/.aide-local/venv/Scripts/python.exe" "D:/Projects/DiskEd/disked/.aide-local/goal-0.1.0/clean-parent-68bdb6f7/tests/interaction/test_shell_model.py" "--probe" "D:/Projects/DiskEd/disked/.aide-local/goal-0.1.0/clean-parent-68bdb6f7/build/windows-bootstrap/Release/shell_model_probe.exe"
Directory: D:/Projects/DiskEd/disked/.aide-local/goal-0.1.0/clean-parent-68bdb6f7/build/windows-bootstrap
"shell.model" start time: Oct 09 14:12 AUS Eastern Daylight Time
Output:
----------------------------------------------------------
.............
----------------------------------------------------------------------
Ran 13 tests in 1.294s

OK
<end of output>
Test time =   1.45 sec
----------------------------------------------------------
Test Passed.
"shell.model" end time: Oct 09 14:12 AUS Eastern Daylight Time
"shell.model" time elapsed: 00:00:01
----------------------------------------------------------

34/60 Testing: frontend.gui_model
34/60 Test: frontend.gui_model
Command: "D:/Projects/DiskEd/disked/.aide-local/venv/Scripts/python.exe" "D:/Projects/DiskEd/disked/.aide-local/goal-0.1.0/clean-parent-68bdb6f7/tests/frontend/test_gui_model.py" "--probe" "D:/Projects/DiskEd/disked/.aide-local/goal-0.1.0/clean-parent-68bdb6f7/build/windows-bootstrap/Release/gui_model_probe.exe" "--exe" "D:/Projects/DiskEd/disked/.aide-local/goal-0.1.0/clean-parent-68bdb6f7/build/windows-bootstrap/Release/disked.exe" "--tui" "D:/Projects/DiskEd/disked/.aide-local/goal-0.1.0/clean-parent-68bdb6f7/build/windows-bootstrap/Release/tui_model_probe.exe"
Directory: D:/Projects/DiskEd/disked/.aide-local/goal-0.1.0/clean-parent-68bdb6f7/build/windows-bootstrap
"frontend.gui_model" start time: Oct 09 14:12 AUS Eastern Daylight Time
Output:
----------------------------------------------------------
test_command_availability_and_no_invented_plan (__main__.Model.test_command_availability_and_no_invented_plan) ... ok
test_gui_cli_tui_outcomes_match (__main__.Model.test_gui_cli_tui_outcomes_match) ... ok
test_identity_selection_and_missing_focus_survive_refresh (__main__.Model.test_identity_selection_and_missing_focus_survive_refresh) ... ok
test_invalid_edit_cannot_authorize_old_value (__main__.Model.test_invalid_edit_cannot_authorize_old_value) ... ok
test_review_is_consumed_by_edit_submit_and_new_request (__main__.Model.test_review_is_consumed_by_edit_submit_and_new_request) ... ok
test_stale_review_is_not_rebased_by_refresh (__main__.Model.test_stale_review_is_not_rebased_by_refresh) ... ok
test_two_bounded_responses_remain_renderable_without_losing_current_view (__main__.Model.test_two_bounded_responses_remain_renderable_without_losing_current_view) ... ok
test_watch_optional_fields_and_boolean_review_are_typed (__main__.Model.test_watch_optional_fields_and_boolean_review_are_typed) ... ok

----------------------------------------------------------------------
Ran 8 tests in 0.406s

OK
<end of output>
Test time =   0.59 sec
----------------------------------------------------------
Test Passed.
"frontend.gui_model" end time: Oct 09 14:12 AUS Eastern Daylight Time
"frontend.gui_model" time elapsed: 00:00:00
----------------------------------------------------------

35/60 Testing: frontend.gui_windows
35/60 Test: frontend.gui_windows
Command: "D:/Projects/DiskEd/disked/.aide-local/venv/Scripts/python.exe" "D:/Projects/DiskEd/disked/.aide-local/goal-0.1.0/clean-parent-68bdb6f7/tests/frontend/test_gui_windows.py" "--exe" "D:/Projects/DiskEd/disked/.aide-local/goal-0.1.0/clean-parent-68bdb6f7/build/windows-bootstrap/Release/disked.exe" "--guard" "D:/Projects/DiskEd/disked/.aide-local/goal-0.1.0/clean-parent-68bdb6f7/build/windows-bootstrap/Release/disked_provider_guard.exe" "--unavailable" "D:/Projects/DiskEd/disked/.aide-local/goal-0.1.0/clean-parent-68bdb6f7/build/windows-bootstrap/Release/disked_gui_unavailable.exe"
Directory: D:/Projects/DiskEd/disked/.aide-local/goal-0.1.0/clean-parent-68bdb6f7/build/windows-bootstrap
"frontend.gui_windows" start time: Oct 09 14:12 AUS Eastern Daylight Time
Output:
----------------------------------------------------------
test_fake_health_form_matches_protocol_with_explicit_disclosure (__main__.WindowsGui.test_fake_health_form_matches_protocol_with_explicit_disclosure) ... ok
test_forms_require_separate_review_submit_and_match_cli (__main__.WindowsGui.test_forms_require_separate_review_submit_and_match_cli) ... ok
test_keyboard_traversal_and_explicit_navigator_enter (__main__.WindowsGui.test_keyboard_traversal_and_explicit_navigator_enter) ... ok
test_mode_observation_and_setting_refresh (__main__.WindowsGui.test_mode_observation_and_setting_refresh) ... ok
test_native_controls_cached_graph_and_actual_render (__main__.WindowsGui.test_native_controls_cached_graph_and_actual_render) ... ok
test_oversized_insert_and_control_text_cannot_authorize_old_value (__main__.WindowsGui.test_oversized_insert_and_control_text_cannot_authorize_old_value) ... ok
test_resize_keeps_controls_in_client_and_details_complete (__main__.WindowsGui.test_resize_keeps_controls_in_client_and_details_complete) ... ok
test_unavailable_gui_dependency_is_named_and_headless_remains_static (__main__.WindowsGui.test_unavailable_gui_dependency_is_named_and_headless_remains_static) ... ok

----------------------------------------------------------------------
Ran 8 tests in 2.342s

OK
<end of output>
Test time =   2.51 sec
----------------------------------------------------------
Test Passed.
"frontend.gui_windows" end time: Oct 09 14:12 AUS Eastern Daylight Time
"frontend.gui_windows" time elapsed: 00:00:02
----------------------------------------------------------

36/60 Testing: frontend.tui_model
36/60 Test: frontend.tui_model
Command: "D:/Projects/DiskEd/disked/.aide-local/venv/Scripts/python.exe" "D:/Projects/DiskEd/disked/.aide-local/goal-0.1.0/clean-parent-68bdb6f7/tests/frontend/test_tui_model.py" "--probe" "D:/Projects/DiskEd/disked/.aide-local/goal-0.1.0/clean-parent-68bdb6f7/build/windows-bootstrap/Release/tui_model_probe.exe" "--exe" "D:/Projects/DiskEd/disked/.aide-local/goal-0.1.0/clean-parent-68bdb6f7/build/windows-bootstrap/Release/disked.exe"
Directory: D:/Projects/DiskEd/disked/.aide-local/goal-0.1.0/clean-parent-68bdb6f7/build/windows-bootstrap
"frontend.tui_model" start time: Oct 09 14:12 AUS Eastern Daylight Time
Output:
----------------------------------------------------------
test_command_explorer_availability_and_focus_remain_visible (__main__.Model.test_command_explorer_availability_and_focus_remain_visible) ... ok
test_graph_command_parity_for_both_renderers (__main__.Model.test_graph_command_parity_for_both_renderers) ... ok
test_inspection_and_stable_selection_are_service_results (__main__.Model.test_inspection_and_stable_selection_are_service_results) ... ok
test_linear_output_is_complete_and_small_layout_does_not_change_outcomes (__main__.Model.test_linear_output_is_complete_and_small_layout_does_not_change_outcomes) ... ok
test_orderly_quit_stops_later_actions (__main__.Model.test_orderly_quit_stops_later_actions) ... ok
test_paste_enter_repeat_and_navigation_do_not_submit (__main__.Model.test_paste_enter_repeat_and_navigation_do_not_submit) ... ok
test_staged_review_cannot_silently_rebase (__main__.Model.test_staged_review_cannot_silently_rebase) ... ok
test_typed_unicode_editing_bounds_and_field_navigation (__main__.Model.test_typed_unicode_editing_bounds_and_field_navigation) ... ok

----------------------------------------------------------------------
Ran 8 tests in 0.284s

OK
<end of output>
Test time =   0.44 sec
----------------------------------------------------------
Test Passed.
"frontend.tui_model" end time: Oct 09 14:12 AUS Eastern Daylight Time
"frontend.tui_model" time elapsed: 00:00:00
----------------------------------------------------------

37/60 Testing: frontend.tui_windows
37/60 Test: frontend.tui_windows
Command: "D:/Projects/DiskEd/disked/.aide-local/venv/Scripts/python.exe" "D:/Projects/DiskEd/disked/.aide-local/goal-0.1.0/clean-parent-68bdb6f7/tests/frontend/test_tui_windows.py" "--exe" "D:/Projects/DiskEd/disked/.aide-local/goal-0.1.0/clean-parent-68bdb6f7/build/windows-bootstrap/Release/disked.exe" "--guard" "D:/Projects/DiskEd/disked/.aide-local/goal-0.1.0/clean-parent-68bdb6f7/build/windows-bootstrap/Release/disked_provider_guard.exe" "--fault" "D:/Projects/DiskEd/disked/.aide-local/goal-0.1.0/clean-parent-68bdb6f7/build/windows-bootstrap/Release/disked_tui_fault.exe" "--root" "D:/Projects/DiskEd/disked/.aide-local/goal-0.1.0/clean-parent-68bdb6f7"
Directory: D:/Projects/DiskEd/disked/.aide-local/goal-0.1.0/clean-parent-68bdb6f7/build/windows-bootstrap
"frontend.tui_windows" start time: Oct 09 14:12 AUS Eastern Daylight Time
Output:
----------------------------------------------------------
test_active_buffer_restored_when_stdout_is_another_buffer (__main__.WindowsTui.test_active_buffer_restored_when_stdout_is_another_buffer) ... ok
test_caught_failure_restores_owned_state (__main__.WindowsTui.test_caught_failure_restores_owned_state) ... ok
test_ctrl_c_key_event_restores_caller (__main__.WindowsTui.test_ctrl_c_key_event_restores_caller) ... ok
test_ctrl_c_restores_caller (__main__.WindowsTui.test_ctrl_c_restores_caller) ... ok
test_explicit_linear_inventory (__main__.WindowsTui.test_explicit_linear_inventory) ... ok
test_fake_health_typed_form_and_disclosure (__main__.WindowsTui.test_fake_health_typed_form_and_disclosure) ... ok
test_forced_screen_refuses_small_channel (__main__.WindowsTui.test_forced_screen_refuses_small_channel) ... ok
test_mode_explanation_retains_explicit_linear_preference (__main__.WindowsTui.test_mode_explanation_retains_explicit_linear_preference) ... ok
test_resize_preserves_complete_linear_results (__main__.WindowsTui.test_resize_preserves_complete_linear_results) ... ok
test_screen_navigation_forms_repeat_and_layout_switch (__main__.WindowsTui.test_screen_navigation_forms_repeat_and_layout_switch) ... ok
test_small_terminal_auto_linear (__main__.WindowsTui.test_small_terminal_auto_linear) ... ok
test_startup_terminal_capabilities_are_honest_on_pipes (__main__.WindowsTui.test_startup_terminal_capabilities_are_honest_on_pipes) ... ok
test_typed_form_paste_is_inert_until_explicit_review (__main__.WindowsTui.test_typed_form_paste_is_inert_until_explicit_review) ... ok
test_unavailable_channels_help_and_conflicts_are_static (__main__.WindowsTui.test_unavailable_channels_help_and_conflicts_are_static) ... ok
test_unrelated_mode_change_is_preserved (__main__.WindowsTui.test_unrelated_mode_change_is_preserved) ... ok
test_wrong_input_role_refused_before_provider_initialization (__main__.WindowsTui.test_wrong_input_role_refused_before_provider_initialization) ... ok

----------------------------------------------------------------------
Ran 16 tests in 3.665s

OK
<end of output>
Test time =   3.81 sec
----------------------------------------------------------
Test Passed.
"frontend.tui_windows" end time: Oct 09 14:12 AUS Eastern Daylight Time
"frontend.tui_windows" time elapsed: 00:00:03
----------------------------------------------------------

38/60 Testing: shell.windows
38/60 Test: shell.windows
Command: "D:/Projects/DiskEd/disked/.aide-local/venv/Scripts/python.exe" "D:/Projects/DiskEd/disked/.aide-local/goal-0.1.0/clean-parent-68bdb6f7/tests/interaction/test_shell_windows.py" "--exe" "D:/Projects/DiskEd/disked/.aide-local/goal-0.1.0/clean-parent-68bdb6f7/build/windows-bootstrap/Release/disked.exe" "--guard" "D:/Projects/DiskEd/disked/.aide-local/goal-0.1.0/clean-parent-68bdb6f7/build/windows-bootstrap/Release/disked_provider_guard.exe" "--fault" "D:/Projects/DiskEd/disked/.aide-local/goal-0.1.0/clean-parent-68bdb6f7/build/windows-bootstrap/Release/disked_tui_fault.exe" "--root" "D:/Projects/DiskEd/disked/.aide-local/goal-0.1.0/clean-parent-68bdb6f7"
Directory: D:/Projects/DiskEd/disked/.aide-local/goal-0.1.0/clean-parent-68bdb6f7/build/windows-bootstrap
"shell.windows" start time: Oct 09 14:12 AUS Eastern Daylight Time
Output:
----------------------------------------------------------
test_active_mode_explanation (__main__.ShellConsole.test_active_mode_explanation) ... ok
test_ctrl_c_restoration (__main__.ShellConsole.test_ctrl_c_restoration) ... ok
test_ctrl_key_restoration (__main__.ShellConsole.test_ctrl_key_restoration) ... ok
test_failure_restoration (__main__.ShellConsole.test_failure_restoration) ... ok
test_forced_small_refused (__main__.ShellConsole.test_forced_small_refused) ... ok
test_history_opt_in_and_quit (__main__.ShellConsole.test_history_opt_in_and_quit) ... ok
test_linear_correction_completion_alias_and_inert_enter (__main__.ShellConsole.test_linear_correction_completion_alias_and_inert_enter) ... ok
test_native_unicode_events_and_editing (__main__.ShellConsole.test_native_unicode_events_and_editing) ... ok
test_resize_to_linear (__main__.ShellConsole.test_resize_to_linear) ... ok
test_screen_navigation_review_repeat_and_layout (__main__.ShellConsole.test_screen_navigation_review_repeat_and_layout) ... ok
test_shell_close_preserves_dispatched_worker (__main__.ShellConsole.test_shell_close_preserves_dispatched_worker) ... ok
test_small_auto_linear (__main__.ShellConsole.test_small_auto_linear) ... ok
test_static_entry_help_conflicts_and_channels (__main__.ShellConsole.test_static_entry_help_conflicts_and_channels) ... ok
test_unrelated_console_mode_preserved (__main__.ShellConsole.test_unrelated_console_mode_preserved) ... ok
test_wrong_input_before_provider_initialization (__main__.ShellConsole.test_wrong_input_before_provider_initialization) ... ok

----------------------------------------------------------------------
Ran 15 tests in 6.345s

OK
<end of output>
Test time =   6.49 sec
----------------------------------------------------------
Test Passed.
"shell.windows" end time: Oct 09 14:12 AUS Eastern Daylight Time
"shell.windows" time elapsed: 00:00:06
----------------------------------------------------------

55/60 Testing: disked.invocation
55/60 Test: disked.invocation
Command: "D:/Projects/DiskEd/disked/.aide-local/venv/Scripts/python.exe" "D:/Projects/DiskEd/disked/.aide-local/goal-0.1.0/clean-parent-68bdb6f7/tests/invocation/test_windows.py" "--exe" "D:/Projects/DiskEd/disked/.aide-local/goal-0.1.0/clean-parent-68bdb6f7/build/windows-bootstrap/Release/disked.exe" "--root" "D:/Projects/DiskEd/disked/.aide-local/goal-0.1.0/clean-parent-68bdb6f7"
Directory: D:/Projects/DiskEd/disked/.aide-local/goal-0.1.0/clean-parent-68bdb6f7/build/windows-bootstrap
"disked.invocation" start time: Oct 09 14:12 AUS Eastern Daylight Time
Output:
----------------------------------------------------------
test_cmd_and_powershell_actual_launches (__main__.WindowsInvocation.test_cmd_and_powershell_actual_launches) ... ok
test_inherited_console_preserves_caller_state (__main__.WindowsInvocation.test_inherited_console_preserves_caller_state) ... ok
test_missing_stderr_and_transport_input (__main__.WindowsInvocation.test_missing_stderr_and_transport_input) ... ok
test_pipe_observations_and_utf16_errors (__main__.WindowsInvocation.test_pipe_observations_and_utf16_errors) ... ok
test_standard_handle_absence_and_invalidity (__main__.WindowsInvocation.test_standard_handle_absence_and_invalidity) ... ok

----------------------------------------------------------------------
Ran 5 tests in 1.289s

OK
<end of output>
Test time =   1.43 sec
----------------------------------------------------------
Test Passed.
"disked.invocation" end time: Oct 09 14:12 AUS Eastern Daylight Time
"disked.invocation" time elapsed: 00:00:01
----------------------------------------------------------

56/60 Testing: disked.acceptance
56/60 Test: disked.acceptance
Command: "D:/Projects/DiskEd/disked/.aide-local/venv/Scripts/python.exe" "D:/Projects/DiskEd/disked/.aide-local/goal-0.1.0/clean-parent-68bdb6f7/tests/native/test_protocol.py" "--exe" "D:/Projects/DiskEd/disked/.aide-local/goal-0.1.0/clean-parent-68bdb6f7/build/windows-bootstrap/Release/disked.exe" "--root" "D:/Projects/DiskEd/disked/.aide-local/goal-0.1.0/clean-parent-68bdb6f7" "--identity" "D:/Projects/DiskEd/disked/.aide-local/goal-0.1.0/clean-parent-68bdb6f7/build/windows-bootstrap/generated/build-identity.json"
Directory: D:/Projects/DiskEd/disked/.aide-local/goal-0.1.0/clean-parent-68bdb6f7/build/windows-bootstrap
"disked.acceptance" start time: Oct 09 14:12 AUS Eastern Daylight Time
Output:
----------------------------------------------------------
test_broken_output_is_failure (__main__.NativeProtocol.test_broken_output_is_failure) ... ok
test_build_identity_and_machine_aliases (__main__.NativeProtocol.test_build_identity_and_machine_aliases) ... ok
test_discovery_has_exact_registry_and_real_handler_subset (__main__.NativeProtocol.test_discovery_has_exact_registry_and_real_handler_subset) ... ok
test_errors_are_framed_after_complete_parse (__main__.NativeProtocol.test_errors_are_framed_after_complete_parse) ... ok
test_help_every_spelling_and_operand_independence (__main__.NativeProtocol.test_help_every_spelling_and_operand_independence) ... ok
test_malformed_json_and_encoding (__main__.NativeProtocol.test_malformed_json_and_encoding) ... ok
test_mode_inspection_uses_actual_host_in_cli_and_transport (__main__.NativeProtocol.test_mode_inspection_uses_actual_host_in_cli_and_transport) ... ok
test_ndjson_continues_refusals_and_preserves_order (__main__.NativeProtocol.test_ndjson_continues_refusals_and_preserves_order) ... ok
test_ordinary_machine_command_does_not_read_pipeline_as_requests (__main__.NativeProtocol.test_ordinary_machine_command_does_not_read_pipeline_as_requests) ... ok
test_resource_limits_end_stream (__main__.NativeProtocol.test_resource_limits_end_stream) ... ok
test_source_input_closure_and_pe_imports (__main__.NativeProtocol.test_source_input_closure_and_pe_imports) ... ok
test_stream_flushes_before_eof (__main__.NativeProtocol.test_stream_flushes_before_eof) ... ok
test_strict_request_and_correlation (__main__.NativeProtocol.test_strict_request_and_correlation) ... ok
test_unavailable_frontends_and_prompt_channels (__main__.NativeProtocol.test_unavailable_frontends_and_prompt_channels) ... ok
test_wire_byte_and_request_count_limits (__main__.NativeProtocol.test_wire_byte_and_request_count_limits) ... ok

----------------------------------------------------------------------
Ran 15 tests in 2.843s

OK
<end of output>
Test time =   3.00 sec
----------------------------------------------------------
Test Passed.
"disked.acceptance" end time: Oct 09 14:12 AUS Eastern Daylight Time
"disked.acceptance" time elapsed: 00:00:02
----------------------------------------------------------

59/60 Testing: provider_guard.positive_control
59/60 Test: provider_guard.positive_control
Command: "D:/Projects/DiskEd/disked/.aide-local/venv/Scripts/python.exe" "D:/Projects/DiskEd/disked/.aide-local/goal-0.1.0/clean-parent-68bdb6f7/tests/native/test_provider_guard.py" "D:/Projects/DiskEd/disked/.aide-local/goal-0.1.0/clean-parent-68bdb6f7/build/windows-bootstrap/Release/provider_guard_probe.exe"
Directory: D:/Projects/DiskEd/disked/.aide-local/goal-0.1.0/clean-parent-68bdb6f7/build/windows-bootstrap
"provider_guard.positive_control" start time: Oct 09 14:12 AUS Eastern Daylight Time
Output:
----------------------------------------------------------
PASS: provider initialization boundary exits 97
<end of output>
Test time =   0.13 sec
----------------------------------------------------------
Test Passed.
"provider_guard.positive_control" end time: Oct 09 14:12 AUS Eastern Daylight Time
"provider_guard.positive_control" time elapsed: 00:00:00
----------------------------------------------------------

End testing: Oct 09 14:12 AUS Eastern Daylight Time
