{
  "output": "D:\\Projects\\DiskEd\\disked\\.aide-local\\goal-0.1.0\\setup-source-clean-23079a5\\context",
  "bytes": 293509,
  "concepts": [
    "DE-001",
    "DE-002",
    "DE-005",
    "DE-010",
    "DE-030",
    "DE-020",
    "DE-021",
    "DE-022",
    "DE-033",
    "DE-040",
    "DE-003",
    "DE-004",
    "DE-070",
    "DE-041",
    "DE-042",
    "DE-043",
    "DE-044",
    "DE-074",
    "DE-075",
    "DE-013",
    "DE-011",
    "DE-012",
    "DE-050",
    "DE-060",
    "DE-061",
    "DE-062",
    "DE-063",
    "DE-064",
    "DE-065",
    "DE-077"
  ],
  "execution_authorized": false
}
