Microsoft (R) COFF/PE Dumper Version 14.44.35228.0
Copyright (C) Microsoft Corporation.  All rights reserved.


Dump of file D:\Projects\DiskEd\disked\.aide-local\goal-0.1.0\setup-source-clean-23079a5\build\Release\setup_source_probe.exe

File Type: EXECUTABLE IMAGE

  Section contains the following imports:

    KERNEL32.dll
             140130000 Import Address Table
             14016EDF0 Import Name Table
                     0 time date stamp
                     0 Index of first forwarder reference

                         24F GetFileAttributesW
                          CE CreateFileW
                          89 CloseHandle
                         252 GetFileInformationByHandleEx
                         251 GetFileInformationByHandle
                         258 GetFileType
                         47A ReadFile
                         534 SetFilePointerEx
                         26A GetLastError
                         1A8 FlushFileBuffers
                         626 WriteFile
                         3EF MoveFileExW
                         4C9 ReplaceFileW
                         281 GetModuleHandleW
                         2B8 GetProcAddress
                         239 GetDriveTypeW
                         32A GetVolumeInformationW
                         32E GetVolumePathNameW
                         521 SetEndOfFile
                         4B9 ReleaseSRWLockExclusive
                           0 AcquireSRWLockExclusive
                         5F3 WakeAllConditionVariable
                         592 SleepConditionVariableSRW
                         4D6 RtlCaptureContext
                         4DD RtlLookupFunctionEntry
                         4E4 RtlVirtualUnwind
                         5C1 UnhandledExceptionFilter
                         580 SetUnhandledExceptionFilter
                         220 GetCurrentProcess
                         59F TerminateProcess
                         38C IsProcessorFeaturePresent
                         452 QueryPerformanceCounter
                         221 GetCurrentProcessId
                         225 GetCurrentThreadId
                         2F3 GetSystemTimeAsFileTime
                         36F InitializeSListHead
                         385 IsDebuggerPresent
                         2DA GetStartupInfoW
                         453 QueryPerformanceFrequency
                         1AF FormatMessageA
                         612 WideCharToMultiByte
                         3D6 LocalFree
                         26D GetLocaleInfoEx
                         21A GetCurrentDirectoryW
                          BD CreateDirectoryW
                         17E FindClose
                         189 FindFirstFileW
                         184 FindFirstFileExW
                         195 FindNextFileW
                         232 GetDiskFreeSpaceExW
                         24C GetFileAttributesExW
                         25A GetFinalPathNameByHandleW
                         263 GetFullPathNameW
                         531 SetFileInformationByHandle
                          23 AreFileApisANSI
                         3F6 MultiByteToWideChar
                         138 EnterCriticalSection
                         3C4 LeaveCriticalSection
                         36C InitializeCriticalSectionEx
                         114 DeleteCriticalSection
                         134 EncodePointer
                         10D DecodePointer
                         3B7 LCMapStringEx
                         2E1 GetStringTypeW
                         1CA GetCPInfo
                         4DF RtlPcToFileHeader
                         469 RaiseException
                         4E3 RtlUnwindEx
                         542 SetLastError
                         36B InitializeCriticalSectionAndSpinCount
                         5B1 TlsAlloc
                         5B3 TlsGetValue
                         5B4 TlsSetValue
                         5B2 TlsFree
                         1B4 FreeLibrary
                         3CA LoadLibraryExW
                         2DC GetStdHandle
                         27D GetModuleFileNameW
                         167 ExitProcess
                         280 GetModuleHandleExW
                         1DF GetCommandLineA
                         1E0 GetCommandLineW
                         351 HeapAlloc
                         355 HeapFree
                         22B GetDateFormatW
                         316 GetTimeFormatW
                          9E CompareStringW
                         3B8 LCMapStringW
                         26E GetLocaleInfoW
                         394 IsValidLocale
                         31E GetUserDefaultLCID
                         15C EnumSystemLocalesW
                         205 GetConsoleMode
                         477 ReadConsoleW
                         209 GetConsoleOutputCP
                         256 GetFileSizeEx
                         55C SetStdHandle
                         392 IsValidCodePage
                         1BB GetACP
                         2A1 GetOEMCP
                         241 GetEnvironmentStringsW
                         1B3 FreeEnvironmentStringsW
                         525 SetEnvironmentVariableW
                         2BE GetProcessHeap
                         358 HeapReAlloc
                         318 GetTimeZoneInformation
                         35A HeapSize
                         625 WriteConsoleW
                         4E2 RtlUnwind

  Summary

        4000 .data
        9000 .pdata
       40000 .rdata
        1000 .reloc
        1000 .rsrc
      12F000 .text
