Test project D:/Projects/DiskEd/disked/.aide-local/goal-0.1.0/clean-joint-1d38bdcd/build/windows-bootstrap
      Start  1: operation.directory_pins
 1/63 Test  #1: operation.directory_pins ...........   Passed    0.42 sec
      Start  2: evidence.acquisition_export
 2/63 Test  #2: evidence.acquisition_export ........   Passed    5.53 sec
      Start  3: evidence.acquisition_case
 3/63 Test  #3: evidence.acquisition_case ..........   Passed    8.61 sec
      Start  4: evidence.export_model
 4/63 Test  #4: evidence.export_model ..............   Passed    1.68 sec
      Start  5: evidence.file_export
 5/63 Test  #5: evidence.file_export ...............   Passed   10.40 sec
      Start  6: evidence.case_model
 6/63 Test  #6: evidence.case_model ................   Passed    3.61 sec
      Start  7: health.observation_model
 7/63 Test  #7: health.observation_model ...........   Passed    0.26 sec
      Start  8: health.command
 8/63 Test  #8: health.command .....................   Passed    3.48 sec
      Start  9: journal.semantic_reader
 9/63 Test  #9: journal.semantic_reader ............   Passed   13.95 sec
      Start 10: journal.guarded_model
10/63 Test #10: journal.guarded_model ..............   Passed    2.01 sec
      Start 11: journal.model_binary_producer
11/63 Test #11: journal.model_binary_producer ......   Passed    2.59 sec
      Start 12: journal.repeated_crash_audit
12/63 Test #12: journal.repeated_crash_audit .......   Passed    4.36 sec
      Start 13: journal.plan_definitions
13/63 Test #13: journal.plan_definitions ...........   Passed    0.36 sec
      Start 14: journal.binary_codec
14/63 Test #14: journal.binary_codec ...............   Passed    0.27 sec
      Start 15: frontend.acquisition_forms
15/63 Test #15: frontend.acquisition_forms .........   Passed    5.71 sec
      Start 16: frontend.acquisition_interactive
16/63 Test #16: frontend.acquisition_interactive ...   Passed   39.32 sec
      Start 17: image.acquisition_commands
17/63 Test #17: image.acquisition_commands .........   Passed   16.22 sec
      Start 18: image.acquisition_operations
18/63 Test #18: image.acquisition_operations .......   Passed   10.53 sec
      Start 19: image.acquisition_worker
19/63 Test #19: image.acquisition_worker ...........   Passed   25.90 sec
      Start 20: image.file_acquisition
20/63 Test #20: image.file_acquisition .............   Passed   21.45 sec
      Start 21: image.parent_pins
21/63 Test #21: image.parent_pins ..................   Passed    1.44 sec
      Start 22: image.acquisition_pipeline
22/63 Test #22: image.acquisition_pipeline .........   Passed    4.78 sec
      Start 23: image.shared_commands
23/63 Test #23: image.shared_commands ..............   Passed   18.32 sec
      Start 24: image.file_capture
24/63 Test #24: image.file_capture .................   Passed    3.44 sec
      Start 25: image.map_observation
25/63 Test #25: image.map_observation ..............   Passed    1.51 sec
      Start 26: portable.gpt
26/63 Test #26: portable.gpt .......................   Passed    3.39 sec
      Start 27: portable.gpt_guard
27/63 Test #27: portable.gpt_guard .................   Passed    0.02 sec
      Start 28: portable.mbr_ebr
28/63 Test #28: portable.mbr_ebr ...................   Passed    1.30 sec
      Start 29: portable.mbr_guard
29/63 Test #29: portable.mbr_guard .................   Passed    0.02 sec
      Start 30: portable.checked
30/63 Test #30: portable.checked ...................   Passed    0.31 sec
      Start 31: portable.c_cpp_linkage
31/63 Test #31: portable.c_cpp_linkage .............   Passed    0.04 sec
      Start 32: operation.watch_reader
32/63 Test #32: operation.watch_reader .............   Passed    0.42 sec
      Start 33: resilience.capture
33/63 Test #33: resilience.capture .................   Passed    0.50 sec
      Start 34: resilience.request_channel
34/63 Test #34: resilience.request_channel .........   Passed    1.00 sec
      Start 35: shell.model
35/63 Test #35: shell.model ........................   Passed    1.25 sec
      Start 36: operation.reducer
36/63 Test #36: operation.reducer ..................   Passed    0.72 sec
      Start 37: frontend.gui_model
37/63 Test #37: frontend.gui_model .................   Passed    0.50 sec
      Start 38: frontend.gui_windows
38/63 Test #38: frontend.gui_windows ...............   Passed    2.29 sec
      Start 39: frontend.tui_model
39/63 Test #39: frontend.tui_model .................   Passed    0.39 sec
      Start 40: frontend.tui_windows
40/63 Test #40: frontend.tui_windows ...............   Passed    3.65 sec
      Start 41: shell.windows
41/63 Test #41: shell.windows ......................   Passed    6.28 sec
      Start 42: frontend.service
42/63 Test #42: frontend.service ...................   Passed    0.36 sec
      Start 43: frontend.transport
43/63 Test #43: frontend.transport .................   Passed    1.15 sec
      Start 44: invocation.policy
44/63 Test #44: invocation.policy ..................   Passed    5.27 sec
      Start 45: protocol.compatible_reader
45/63 Test #45: protocol.compatible_reader .........   Passed    0.75 sec
      Start 46: command.syntax
46/63 Test #46: command.syntax .....................   Passed   10.42 sec
      Start 47: protocol.json_codec
47/63 Test #47: protocol.json_codec ................   Passed    2.94 sec
      Start 48: operation.watch
48/63 Test #48: operation.watch ....................   Passed   31.07 sec
      Start 49: resilience.capture_campaign
49/63 Test #49: resilience.capture_campaign ........   Passed    9.14 sec
      Start 50: resilience.frontend_memory
50/63 Test #50: resilience.frontend_memory .........   Passed    7.10 sec
      Start 51: resilience.store_failures
51/63 Test #51: resilience.store_failures ..........   Passed   16.68 sec
      Start 52: resilience.request_waiting
52/63 Test #52: resilience.request_waiting .........   Passed   19.52 sec
      Start 53: resilience.output_waiting
53/63 Test #53: resilience.output_waiting ..........   Passed   17.62 sec
      Start 54: operation.worker
54/63 Test #54: operation.worker ...................   Passed   20.63 sec
      Start 55: resilience.gui_waiting
55/63 Test #55: resilience.gui_waiting .............   Passed    6.27 sec
      Start 56: resilience.console_waiting
56/63 Test #56: resilience.console_waiting .........   Passed   12.72 sec
      Start 57: resilience.worker_budget
57/63 Test #57: resilience.worker_budget ...........   Passed    8.15 sec
      Start 58: disked.invocation
58/63 Test #58: disked.invocation ..................   Passed    1.42 sec
      Start 59: disked.acceptance
59/63 Test #59: disked.acceptance ..................   Passed    2.85 sec
      Start 60: disked_provider_guard.invocation
60/63 Test #60: disked_provider_guard.invocation ...   Passed    1.52 sec
      Start 61: disked_provider_guard.acceptance
61/63 Test #61: disked_provider_guard.acceptance ...   Passed    2.93 sec
      Start 62: provider_guard.positive_control
62/63 Test #62: provider_guard.positive_control ....   Passed    0.13 sec
      Start 63: artifacts.archive_completeness
63/63 Test #63: artifacts.archive_completeness .....   Passed    1.42 sec

100% tests passed, 0 tests failed out of 63

Total Test time (real) = 408.34 sec
