Microsoft (R) COFF/PE Dumper Version 14.44.35228.0
Copyright (C) Microsoft Corporation.  All rights reserved.


Dump of file D:\Projects\DiskEd\disked\.aide-local\goal-0.1.0\clean-joint-1d38bdcd\build\windows-bootstrap\Release\acquisition_export_probe.exe

PE signature found

File Type: EXECUTABLE IMAGE

FILE HEADER VALUES
            8664 machine (x64)
               6 number of sections
        6AC87F5B time date stamp Fri Oct  9 16:44:59 2026
               0 file pointer to symbol table
               0 number of symbols
              F0 size of optional header
              22 characteristics
                   Executable
                   Application can handle large (>2GB) addresses

OPTIONAL HEADER VALUES
             20B magic # (PE32+)
           14.44 linker version
           44E00 size of code
           1BA00 size of initialized data
               0 size of uninitialized data
           2DC60 entry point (000000014002DC60)
            1000 base of code
       140000000 image base (0000000140000000 to 0000000140063FFF)
            1000 section alignment
             200 file alignment
            6.00 operating system version
            0.00 image version
            6.00 subsystem version
               0 Win32 version
           64000 size of image
             400 size of headers
               0 checksum
               3 subsystem (Windows CUI)
            C160 DLL characteristics
                   High Entropy Virtual Addresses
                   Dynamic base
                   NX compatible
                   Control Flow Guard
                   Terminal Server Aware
          100000 size of stack reserve
            1000 size of stack commit
          100000 size of heap reserve
            1000 size of heap commit
               0 loader flags
              10 number of directories
               0 [       0] RVA [size] of Export Directory
           5AE94 [      28] RVA [size] of Import Directory
           62000 [     1E0] RVA [size] of Resource Directory
           5F000 [    2B68] RVA [size] of Exception Directory
               0 [       0] RVA [size] of Certificates Directory
           63000 [     7BC] RVA [size] of Base Relocation Directory
           534D0 [      1C] RVA [size] of Debug Directory
               0 [       0] RVA [size] of Architecture Directory
               0 [       0] RVA [size] of Global Pointer Directory
               0 [       0] RVA [size] of Thread Storage Directory
           53390 [     140] RVA [size] of Load Configuration Directory
               0 [       0] RVA [size] of Bound Import Directory
           46000 [     2A0] RVA [size] of Import Address Table Directory
               0 [       0] RVA [size] of Delay Import Directory
               0 [       0] RVA [size] of COM Descriptor Directory
               0 [       0] RVA [size] of Reserved Directory


SECTION HEADER #1
   .text name
   44CA6 virtual size
    1000 virtual address (0000000140001000 to 0000000140045CA5)
   44E00 size of raw data
     400 file pointer to raw data (00000400 to 000451FF)
       0 file pointer to relocation table
       0 file pointer to line numbers
       0 number of relocations
       0 number of line numbers
60000020 flags
         Code
         Execute Read

SECTION HEADER #2
  .rdata name
   1579E virtual size
   46000 virtual address (0000000140046000 to 000000014005B79D)
   15800 size of raw data
   45200 file pointer to raw data (00045200 to 0005A9FF)
       0 file pointer to relocation table
       0 file pointer to line numbers
       0 number of relocations
       0 number of line numbers
40000040 flags
         Initialized Data
         Read Only

  Debug Directories

        Time Type        Size      RVA  Pointer
    -------- ------- -------- -------- --------
    6AC87F5B coffgrp      380 0005473C    5393C

SECTION HEADER #3
   .data name
    2AF0 virtual size
   5C000 virtual address (000000014005C000 to 000000014005EAEF)
    1A00 size of raw data
   5AA00 file pointer to raw data (0005AA00 to 0005C3FF)
       0 file pointer to relocation table
       0 file pointer to line numbers
       0 number of relocations
       0 number of line numbers
C0000040 flags
         Initialized Data
         Read Write

SECTION HEADER #4
  .pdata name
    2B68 virtual size
   5F000 virtual address (000000014005F000 to 0000000140061B67)
    2C00 size of raw data
   5C400 file pointer to raw data (0005C400 to 0005EFFF)
       0 file pointer to relocation table
       0 file pointer to line numbers
       0 number of relocations
       0 number of line numbers
40000040 flags
         Initialized Data
         Read Only

SECTION HEADER #5
   .rsrc name
     1E0 virtual size
   62000 virtual address (0000000140062000 to 00000001400621DF)
     200 size of raw data
   5F000 file pointer to raw data (0005F000 to 0005F1FF)
       0 file pointer to relocation table
       0 file pointer to line numbers
       0 number of relocations
       0 number of line numbers
40000040 flags
         Initialized Data
         Read Only

SECTION HEADER #6
  .reloc name
     7BC virtual size
   63000 virtual address (0000000140063000 to 00000001400637BB)
     800 size of raw data
   5F200 file pointer to raw data (0005F200 to 0005F9FF)
       0 file pointer to relocation table
       0 file pointer to line numbers
       0 number of relocations
       0 number of line numbers
42000040 flags
         Initialized Data
         Discardable
         Read Only

  Summary

        3000 .data
        3000 .pdata
       16000 .rdata
        1000 .reloc
        1000 .rsrc
       45000 .text
