Microsoft (R) COFF/PE Dumper Version 14.44.35228.0
Copyright (C) Microsoft Corporation.  All rights reserved.


Dump of file D:\Projects\DiskEd\disked\.aide-local\goal-0.1.0\clean-5e033f20\build\windows-bootstrap\Release\image_observation_probe.exe

PE signature found

File Type: EXECUTABLE IMAGE

FILE HEADER VALUES
            8664 machine (x64)
               6 number of sections
        6AC640BB time date stamp Wed Oct  7 23:53:15 2026
               0 file pointer to symbol table
               0 number of symbols
              F0 size of optional header
              22 characteristics
                   Executable
                   Application can handle large (>2GB) addresses

OPTIONAL HEADER VALUES
             20B magic # (PE32+)
           14.44 linker version
           25E00 size of code
           11800 size of initialized data
               0 size of uninitialized data
           1165C entry point (000000014001165C)
            1000 base of code
       140000000 image base (0000000140000000 to 0000000140039FFF)
            1000 section alignment
             200 file alignment
            6.00 operating system version
            0.00 image version
            6.00 subsystem version
               0 Win32 version
           3A000 size of image
             400 size of headers
               0 checksum
               3 subsystem (Windows CUI)
            8160 DLL characteristics
                   High Entropy Virtual Addresses
                   Dynamic base
                   NX compatible
                   Terminal Server Aware
          100000 size of stack reserve
            1000 size of stack commit
          100000 size of heap reserve
            1000 size of heap commit
               0 loader flags
              10 number of directories
               0 [       0] RVA [size] of Export Directory
           33674 [      28] RVA [size] of Import Directory
           38000 [     1E0] RVA [size] of Resource Directory
           36000 [    1ED8] RVA [size] of Exception Directory
               0 [       0] RVA [size] of Certificates Directory
           39000 [     6A8] RVA [size] of Base Relocation Directory
           2FC40 [      1C] RVA [size] of Debug Directory
               0 [       0] RVA [size] of Architecture Directory
               0 [       0] RVA [size] of Global Pointer Directory
               0 [       0] RVA [size] of Thread Storage Directory
           2FB00 [     140] RVA [size] of Load Configuration Directory
               0 [       0] RVA [size] of Bound Import Directory
           27000 [     248] RVA [size] of Import Address Table Directory
               0 [       0] RVA [size] of Delay Import Directory
               0 [       0] RVA [size] of COM Descriptor Directory
               0 [       0] RVA [size] of Reserved Directory


SECTION HEADER #1
   .text name
   25C80 virtual size
    1000 virtual address (0000000140001000 to 0000000140026C7F)
   25E00 size of raw data
     400 file pointer to raw data (00000400 to 000261FF)
       0 file pointer to relocation table
       0 file pointer to line numbers
       0 number of relocations
       0 number of line numbers
60000020 flags
         Code
         Execute Read

SECTION HEADER #2
  .rdata name
    CE34 virtual size
   27000 virtual address (0000000140027000 to 0000000140033E33)
    D000 size of raw data
   26200 file pointer to raw data (00026200 to 000331FF)
       0 file pointer to relocation table
       0 file pointer to line numbers
       0 number of relocations
       0 number of line numbers
40000040 flags
         Initialized Data
         Read Only

  Debug Directories

        Time Type        Size      RVA  Pointer
    -------- ------- -------- -------- --------
    6AC640BB coffgrp      334 000304B8    2F6B8

SECTION HEADER #3
   .data name
    1DC8 virtual size
   34000 virtual address (0000000140034000 to 0000000140035DC7)
     E00 size of raw data
   33200 file pointer to raw data (00033200 to 00033FFF)
       0 file pointer to relocation table
       0 file pointer to line numbers
       0 number of relocations
       0 number of line numbers
C0000040 flags
         Initialized Data
         Read Write

SECTION HEADER #4
  .pdata name
    1ED8 virtual size
   36000 virtual address (0000000140036000 to 0000000140037ED7)
    2000 size of raw data
   34000 file pointer to raw data (00034000 to 00035FFF)
       0 file pointer to relocation table
       0 file pointer to line numbers
       0 number of relocations
       0 number of line numbers
40000040 flags
         Initialized Data
         Read Only

SECTION HEADER #5
   .rsrc name
     1E0 virtual size
   38000 virtual address (0000000140038000 to 00000001400381DF)
     200 size of raw data
   36000 file pointer to raw data (00036000 to 000361FF)
       0 file pointer to relocation table
       0 file pointer to line numbers
       0 number of relocations
       0 number of line numbers
40000040 flags
         Initialized Data
         Read Only

SECTION HEADER #6
  .reloc name
     6A8 virtual size
   39000 virtual address (0000000140039000 to 00000001400396A7)
     800 size of raw data
   36200 file pointer to raw data (00036200 to 000369FF)
       0 file pointer to relocation table
       0 file pointer to line numbers
       0 number of relocations
       0 number of line numbers
42000040 flags
         Initialized Data
         Discardable
         Read Only

  Summary

        2000 .data
        2000 .pdata
        D000 .rdata
        1000 .reloc
        1000 .rsrc
       26000 .text
