Microsoft (R) COFF/PE Dumper Version 14.44.35228.0
Copyright (C) Microsoft Corporation.  All rights reserved.


Dump of file D:\Projects\DiskEd\disked\.aide-local\goal-0.1.0\primitive-gcc-first\primitive-probe.exe

File Type: EXECUTABLE IMAGE

  Section contains the following imports:

    KERNEL32.dll
             14000B288 Import Address Table
             14000B0C8 Import Name Table
                     0 time date stamp
                     0 Index of first forwarder reference

                         127 DeleteCriticalSection
                         14D EnterCriticalSection
                         1CA FreeLibrary
                         288 GetLastError
                         29E GetModuleHandleA
                         2DA GetProcAddress
                         396 InitializeCriticalSection
                         3F4 LeaveCriticalSection
                         3F8 LoadLibraryA
                         599 SetUnhandledExceptionFilter
                         5A9 Sleep
                         5CD TlsGetValue
                         5FD VirtualProtect
                         5FF VirtualQuery

    api-ms-win-crt-environment-l1-1-0.dll
             14000B300 Import Address Table
             14000B140 Import Name Table
                     0 time date stamp
                     0 Index of first forwarder reference

                           0 __p__environ

    api-ms-win-crt-heap-l1-1-0.dll
             14000B310 Import Address Table
             14000B150 Import Name Table
                     0 time date stamp
                     0 Index of first forwarder reference

                          17 _set_new_mode
                          18 calloc
                          19 free
                          1A malloc

    api-ms-win-crt-locale-l1-1-0.dll
             14000B338 Import Address Table
             14000B178 Import Name Table
                     0 time date stamp
                     0 Index of first forwarder reference

                           9 _configthreadlocale

    api-ms-win-crt-math-l1-1-0.dll
             14000B348 Import Address Table
             14000B188 Import Name Table
                     0 time date stamp
                     0 Index of first forwarder reference

                           9 __setusermatherr

    api-ms-win-crt-private-l1-1-0.dll
             14000B358 Import Address Table
             14000B198 Import Name Table
                     0 time date stamp
                     0 Index of first forwarder reference

                           C __C_specific_handler
                         43D memcmp
                         43E memcpy

    api-ms-win-crt-runtime-l1-1-0.dll
             14000B378 Import Address Table
             14000B1B8 Import Name Table
                     0 time date stamp
                     0 Index of first forwarder reference

                           4 __p___argc
                           5 __p___argv
                          16 _cexit
                          18 _configure_narrow_argv
                          1E _crt_atexit
                          23 _exit
                          33 _initialize_narrow_environment
                          36 _set_app_type
                          38 _initterm
                          39 _initterm_e
                          49 _set_invalid_parameter_handler
                          56 abort
                          57 exit
                          65 signal

    api-ms-win-crt-stdio-l1-1-0.dll
             14000B3F0 Import Address Table
             14000B230 Import Name Table
                     0 time date stamp
                     0 Index of first forwarder reference

                           0 __acrt_iob_func
                           1 __p__commode
                           2 __p__fmode
                           3 __stdio_common_vfprintf
                          B3 putchar
                          B4 puts

    api-ms-win-crt-string-l1-1-0.dll
             14000B428 Import Address Table
             14000B268 Import Name Table
                     0 time date stamp
                     0 Index of first forwarder reference

                          A2 strcmp
                          A7 strlen
                          AA strncmp

  Summary

        1000 .bss
        1000 .data
        1000 .debug_abbrev
        1000 .debug_aranges
        1000 .debug_frame
        2000 .debug_info
        1000 .debug_line
        1000 .debug_line_str
        1000 .debug_str
        1000 .eh_frame
        1000 .idata
        1000 .pdata
        1000 .rdata
        1000 .reloc
        4000 .text
        1000 .tls
        1000 .xdata
