MSBuild version 17.14.51+25f168cee for .NET Framework

  1>Checking Build System
  1>Bind current Git revision and native input bytes
  Building Custom Rule D:/Projects/DiskEd/disked/.aide-local/goal-0.1.0/clean-case-e9b8fc99/CMakeLists.txt
  Building Custom Rule D:/Projects/DiskEd/disked/.aide-local/goal-0.1.0/clean-case-e9b8fc99/CMakeLists.txt
  sha256.cpp
  disked_hash.vcxproj -> D:\Projects\DiskEd\disked\.aide-local\goal-0.1.0\clean-case-e9b8fc99\build\windows-bootstrap\Release\disked_hash.lib
  Building Custom Rule D:/Projects/DiskEd/disked/.aide-local/goal-0.1.0/clean-case-e9b8fc99/CMakeLists.txt
  json.cpp
  command.cpp
  protocol.cpp
  shell_lexer.cpp
  policy.cpp
  Generating Code...
  disked_json.vcxproj -> D:\Projects\DiskEd\disked\.aide-local\goal-0.1.0\clean-case-e9b8fc99\build\windows-bootstrap\Release\disked_json.lib
  Building Custom Rule D:/Projects/DiskEd/disked/.aide-local/goal-0.1.0/clean-case-e9b8fc99/CMakeLists.txt
  pipeline.cpp
  operation.cpp
  Generating Code...
  disked_acquisition.vcxproj -> D:\Projects\DiskEd\disked\.aide-local\goal-0.1.0\clean-case-e9b8fc99\build\windows-bootstrap\Release\disked_acquisition.lib
  Building Custom Rule D:/Projects/DiskEd/disked/.aide-local/goal-0.1.0/clean-case-e9b8fc99/CMakeLists.txt
  commands.cpp
  disked_acquisition_commands.vcxproj -> D:\Projects\DiskEd\disked\.aide-local\goal-0.1.0\clean-case-e9b8fc99\build\windows-bootstrap\Release\disked_acquisition_commands.lib
  Building Custom Rule D:/Projects/DiskEd/disked/.aide-local/goal-0.1.0/clean-case-e9b8fc99/CMakeLists.txt
  fake_operation.cpp
  watch.cpp
  snapshot.cpp
  capture.cpp
  session.cpp
  requests.cpp
  Generating Code...
  disked_presentation.vcxproj -> D:\Projects\DiskEd\disked\.aide-local\goal-0.1.0\clean-case-e9b8fc99\build\windows-bootstrap\Release\disked_presentation.lib
  Building Custom Rule D:/Projects/DiskEd/disked/.aide-local/goal-0.1.0/clean-case-e9b8fc99/CMakeLists.txt
  observation.cpp
  disked_acquisition_observation.vcxproj -> D:\Projects\DiskEd\disked\.aide-local\goal-0.1.0\clean-case-e9b8fc99\build\windows-bootstrap\Release\disked_acquisition_observation.lib
  Building Custom Rule D:/Projects/DiskEd/disked/.aide-local/goal-0.1.0/clean-case-e9b8fc99/CMakeLists.txt
  local_file.cpp
  disked_local_file.vcxproj -> D:\Projects\DiskEd\disked\.aide-local\goal-0.1.0\clean-case-e9b8fc99\build\windows-bootstrap\Release\disked_local_file.lib
  Building Custom Rule D:/Projects/DiskEd/disked/.aide-local/goal-0.1.0/clean-case-e9b8fc99/CMakeLists.txt
  file_acquisition.cpp
  disked_file_acquisition.vcxproj -> D:\Projects\DiskEd\disked\.aide-local\goal-0.1.0\clean-case-e9b8fc99\build\windows-bootstrap\Release\disked_file_acquisition.lib
  Building Custom Rule D:/Projects/DiskEd/disked/.aide-local/goal-0.1.0/clean-case-e9b8fc99/CMakeLists.txt
  checked.c
  view.c
  extent.c
  Generating Code...
  disked_primitives.vcxproj -> D:\Projects\DiskEd\disked\.aide-local\goal-0.1.0\clean-case-e9b8fc99\build\windows-bootstrap\Release\disked_primitives.lib
  Building Custom Rule D:/Projects/DiskEd/disked/.aide-local/goal-0.1.0/clean-case-e9b8fc99/CMakeLists.txt
  encoding.c
  gpt.c
  Generating Code...
  disked_gpt.vcxproj -> D:\Projects\DiskEd\disked\.aide-local\goal-0.1.0\clean-case-e9b8fc99\build\windows-bootstrap\Release\disked_gpt.lib
  Building Custom Rule D:/Projects/DiskEd/disked/.aide-local/goal-0.1.0/clean-case-e9b8fc99/CMakeLists.txt
  gui_model.cpp
  disked_gui.vcxproj -> D:\Projects\DiskEd\disked\.aide-local\goal-0.1.0\clean-case-e9b8fc99\build\windows-bootstrap\Release\disked_gui.lib
  Building Custom Rule D:/Projects/DiskEd/disked/.aide-local/goal-0.1.0/clean-case-e9b8fc99/CMakeLists.txt
  health.cpp
  disked_health_observation.vcxproj -> D:\Projects\DiskEd\disked\.aide-local\goal-0.1.0\clean-case-e9b8fc99\build\windows-bootstrap\Release\disked_health_observation.lib
  Building Custom Rule D:/Projects/DiskEd/disked/.aide-local/goal-0.1.0/clean-case-e9b8fc99/CMakeLists.txt
  mbr.c
  ebr.c
  Generating Code...
  disked_mbr.vcxproj -> D:\Projects\DiskEd\disked\.aide-local\goal-0.1.0\clean-case-e9b8fc99\build\windows-bootstrap\Release\disked_mbr.lib
  Building Custom Rule D:/Projects/DiskEd/disked/.aide-local/goal-0.1.0/clean-case-e9b8fc99/CMakeLists.txt
  map_observation.cpp
  disked_map_observation.vcxproj -> D:\Projects\DiskEd\disked\.aide-local\goal-0.1.0\clean-case-e9b8fc99\build\windows-bootstrap\Release\disked_map_observation.lib
  Building Custom Rule D:/Projects/DiskEd/disked/.aide-local/goal-0.1.0/clean-case-e9b8fc99/CMakeLists.txt
  image_commands.cpp
  disked_image_actions.vcxproj -> D:\Projects\DiskEd\disked\.aide-local\goal-0.1.0\clean-case-e9b8fc99\build\windows-bootstrap\Release\disked_image_actions.lib
  Building Custom Rule D:/Projects/DiskEd/disked/.aide-local/goal-0.1.0/clean-case-e9b8fc99/CMakeLists.txt
  file_capture.cpp
  disked_image_capture.vcxproj -> D:\Projects\DiskEd\disked\.aide-local\goal-0.1.0\clean-case-e9b8fc99\build\windows-bootstrap\Release\disked_image_capture.lib
  Building Custom Rule D:/Projects/DiskEd/disked/.aide-local/goal-0.1.0/clean-case-e9b8fc99/CMakeLists.txt
  shell_model.cpp
  disked_shell.vcxproj -> D:\Projects\DiskEd\disked\.aide-local\goal-0.1.0\clean-case-e9b8fc99\build\windows-bootstrap\Release\disked_shell.lib
  Building Custom Rule D:/Projects/DiskEd/disked/.aide-local/goal-0.1.0/clean-case-e9b8fc99/CMakeLists.txt
  model.cpp
  disked_tui.vcxproj -> D:\Projects\DiskEd\disked\.aide-local\goal-0.1.0\clean-case-e9b8fc99\build\windows-bootstrap\Release\disked_tui.lib
  Building Custom Rule D:/Projects/DiskEd/disked/.aide-local/goal-0.1.0/clean-case-e9b8fc99/CMakeLists.txt
  main.cpp
  cli.cpp
  command_registry.cpp
  bootstrap.cpp
  graph.cpp
  health_observer.cpp
  entry.cpp
  invocation.cpp
  fake_worker.cpp
  output.cpp
  memory_budget.cpp
  terminal.cpp
  gui.cpp
  acquisition_worker.cpp
  Generating Code...
  disked.vcxproj -> D:\Projects\DiskEd\disked\.aide-local\goal-0.1.0\clean-case-e9b8fc99\build\windows-bootstrap\Release\disked.exe
MSBuild version 17.14.51+25f168cee for .NET Framework

  disked_hash.vcxproj -> D:\Projects\DiskEd\disked\.aide-local\goal-0.1.0\clean-case-e9b8fc99\build\windows-bootstrap\Release\disked_hash.lib
  disked_json.vcxproj -> D:\Projects\DiskEd\disked\.aide-local\goal-0.1.0\clean-case-e9b8fc99\build\windows-bootstrap\Release\disked_json.lib
  disked_health_observation.vcxproj -> D:\Projects\DiskEd\disked\.aide-local\goal-0.1.0\clean-case-e9b8fc99\build\windows-bootstrap\Release\disked_health_observation.lib
  Building Custom Rule D:/Projects/DiskEd/disked/.aide-local/goal-0.1.0/clean-case-e9b8fc99/CMakeLists.txt
  case_report.cpp
  disked_case_evidence.vcxproj -> D:\Projects\DiskEd\disked\.aide-local\goal-0.1.0\clean-case-e9b8fc99\build\windows-bootstrap\Release\disked_case_evidence.lib
  disked_presentation.vcxproj -> D:\Projects\DiskEd\disked\.aide-local\goal-0.1.0\clean-case-e9b8fc99\build\windows-bootstrap\Release\disked_presentation.lib
  Building Custom Rule D:/Projects/DiskEd/disked/.aide-local/goal-0.1.0/clean-case-e9b8fc99/CMakeLists.txt
  case_probe.cpp
  case_evidence_probe.vcxproj -> D:\Projects\DiskEd\disked\.aide-local\goal-0.1.0\clean-case-e9b8fc99\build\windows-bootstrap\Release\case_evidence_probe.exe
MSBuild version 17.14.51+25f168cee for .NET Framework

  disked_json.vcxproj -> D:\Projects\DiskEd\disked\.aide-local\goal-0.1.0\clean-case-e9b8fc99\build\windows-bootstrap\Release\disked_json.lib
  disked_health_observation.vcxproj -> D:\Projects\DiskEd\disked\.aide-local\goal-0.1.0\clean-case-e9b8fc99\build\windows-bootstrap\Release\disked_health_observation.lib
  Building Custom Rule D:/Projects/DiskEd/disked/.aide-local/goal-0.1.0/clean-case-e9b8fc99/CMakeLists.txt
  health_probe.cpp
  health_observation_probe.vcxproj -> D:\Projects\DiskEd\disked\.aide-local\goal-0.1.0\clean-case-e9b8fc99\build\windows-bootstrap\Release\health_observation_probe.exe
MSBuild version 17.14.51+25f168cee for .NET Framework

  1>Bind current Git revision and native input bytes
  Building Custom Rule D:/Projects/DiskEd/disked/.aide-local/goal-0.1.0/clean-case-e9b8fc99/CMakeLists.txt
  provider_guard_probe.cpp
  bootstrap.cpp
  Generating Code...
  provider_guard_probe.vcxproj -> D:\Projects\DiskEd\disked\.aide-local\goal-0.1.0\clean-case-e9b8fc99\build\windows-bootstrap\Release\provider_guard_probe.exe
