Microsoft (R) COFF/PE Dumper Version 14.44.35228.0
Copyright (C) Microsoft Corporation.  All rights reserved.


Dump of file D:\Projects\DiskEd\disked\.aide-local\goal-0.1.0\clean-case-e9b8fc99\build\windows-bootstrap\Release\case_evidence_probe.exe

PE signature found

File Type: EXECUTABLE IMAGE

FILE HEADER VALUES
            8664 machine (x64)
               6 number of sections
        6AC84D74 time date stamp Fri Oct  9 13:12:04 2026
               0 file pointer to symbol table
               0 number of symbols
              F0 size of optional header
              22 characteristics
                   Executable
                   Application can handle large (>2GB) addresses

OPTIONAL HEADER VALUES
             20B magic # (PE32+)
           14.44 linker version
           3E800 size of code
           1CC00 size of initialized data
               0 size of uninitialized data
           20150 entry point (0000000140020150)
            1000 base of code
       140000000 image base (0000000140000000 to 000000014005EFFF)
            1000 section alignment
             200 file alignment
            6.00 operating system version
            0.00 image version
            6.00 subsystem version
               0 Win32 version
           5F000 size of image
             400 size of headers
               0 checksum
               3 subsystem (Windows CUI)
            C160 DLL characteristics
                   High Entropy Virtual Addresses
                   Dynamic base
                   NX compatible
                   Control Flow Guard
                   Terminal Server Aware
          100000 size of stack reserve
            1000 size of stack commit
          100000 size of heap reserve
            1000 size of heap commit
               0 loader flags
              10 number of directories
               0 [       0] RVA [size] of Export Directory
           55974 [      28] RVA [size] of Import Directory
           5D000 [     1E0] RVA [size] of Resource Directory
           5A000 [    2D6C] RVA [size] of Exception Directory
               0 [       0] RVA [size] of Certificates Directory
           5E000 [     974] RVA [size] of Base Relocation Directory
           4E7E0 [      1C] RVA [size] of Debug Directory
               0 [       0] RVA [size] of Architecture Directory
               0 [       0] RVA [size] of Global Pointer Directory
           4E980 [      28] RVA [size] of Thread Storage Directory
           4E6A0 [     140] RVA [size] of Load Configuration Directory
               0 [       0] RVA [size] of Bound Import Directory
           40000 [     288] RVA [size] of Import Address Table Directory
               0 [       0] RVA [size] of Delay Import Directory
               0 [       0] RVA [size] of COM Descriptor Directory
               0 [       0] RVA [size] of Reserved Directory


SECTION HEADER #1
   .text name
   3E78C virtual size
    1000 virtual address (0000000140001000 to 000000014003F78B)
   3E800 size of raw data
     400 file pointer to raw data (00000400 to 0003EBFF)
       0 file pointer to relocation table
       0 file pointer to line numbers
       0 number of relocations
       0 number of line numbers
60000020 flags
         Code
         Execute Read

SECTION HEADER #2
  .rdata name
   1620C virtual size
   40000 virtual address (0000000140040000 to 000000014005620B)
   16400 size of raw data
   3EC00 file pointer to raw data (0003EC00 to 00054FFF)
       0 file pointer to relocation table
       0 file pointer to line numbers
       0 number of relocations
       0 number of line numbers
40000040 flags
         Initialized Data
         Read Only

  Debug Directories

        Time Type        Size      RVA  Pointer
    -------- ------- -------- -------- --------
    6AC84D74 coffgrp      404 0004FD94    4E994

SECTION HEADER #3
   .data name
    2C80 virtual size
   57000 virtual address (0000000140057000 to 0000000140059C7F)
    1400 size of raw data
   55000 file pointer to raw data (00055000 to 000563FF)
       0 file pointer to relocation table
       0 file pointer to line numbers
       0 number of relocations
       0 number of line numbers
C0000040 flags
         Initialized Data
         Read Write

SECTION HEADER #4
  .pdata name
    2D6C virtual size
   5A000 virtual address (000000014005A000 to 000000014005CD6B)
    2E00 size of raw data
   56400 file pointer to raw data (00056400 to 000591FF)
       0 file pointer to relocation table
       0 file pointer to line numbers
       0 number of relocations
       0 number of line numbers
40000040 flags
         Initialized Data
         Read Only

SECTION HEADER #5
   .rsrc name
     1E0 virtual size
   5D000 virtual address (000000014005D000 to 000000014005D1DF)
     200 size of raw data
   59200 file pointer to raw data (00059200 to 000593FF)
       0 file pointer to relocation table
       0 file pointer to line numbers
       0 number of relocations
       0 number of line numbers
40000040 flags
         Initialized Data
         Read Only

SECTION HEADER #6
  .reloc name
     974 virtual size
   5E000 virtual address (000000014005E000 to 000000014005E973)
     A00 size of raw data
   59400 file pointer to raw data (00059400 to 00059DFF)
       0 file pointer to relocation table
       0 file pointer to line numbers
       0 number of relocations
       0 number of line numbers
42000040 flags
         Initialized Data
         Discardable
         Read Only

  Summary

        3000 .data
        3000 .pdata
       17000 .rdata
        1000 .reloc
        1000 .rsrc
       3F000 .text
