Microsoft (R) COFF/PE Dumper Version 14.44.35228.0
Copyright (C) Microsoft Corporation.  All rights reserved.


Dump of file D:\Projects\DiskEd\disked\.aide-local\goal-0.1.0\clean-ce9ae70f\build\windows-bootstrap\Release\journal_codec_probe.exe

PE signature found

File Type: EXECUTABLE IMAGE

FILE HEADER VALUES
            8664 machine (x64)
               6 number of sections
        6AC80159 time date stamp Fri Oct  9 07:47:21 2026
               0 file pointer to symbol table
               0 number of symbols
              F0 size of optional header
              22 characteristics
                   Executable
                   Application can handle large (>2GB) addresses

OPTIONAL HEADER VALUES
             20B magic # (PE32+)
           14.44 linker version
           2FC00 size of code
           1A000 size of initialized data
               0 size of uninitialized data
           123A0 entry point (00000001400123A0)
            1000 base of code
       140000000 image base (0000000140000000 to 000000014004CFFF)
            1000 section alignment
             200 file alignment
            6.00 operating system version
            0.00 image version
            6.00 subsystem version
               0 Win32 version
           4D000 size of image
             400 size of headers
               0 checksum
               3 subsystem (Windows CUI)
            C160 DLL characteristics
                   High Entropy Virtual Addresses
                   Dynamic base
                   NX compatible
                   Control Flow Guard
                   Terminal Server Aware
          100000 size of stack reserve
            1000 size of stack commit
          100000 size of heap reserve
            1000 size of heap commit
               0 loader flags
              10 number of directories
               0 [       0] RVA [size] of Export Directory
           444F4 [      28] RVA [size] of Import Directory
           4B000 [     1E0] RVA [size] of Resource Directory
           48000 [    270C] RVA [size] of Exception Directory
               0 [       0] RVA [size] of Certificates Directory
           4C000 [     97C] RVA [size] of Base Relocation Directory
           3F0D0 [      1C] RVA [size] of Debug Directory
               0 [       0] RVA [size] of Architecture Directory
               0 [       0] RVA [size] of Global Pointer Directory
               0 [       0] RVA [size] of Thread Storage Directory
           3EF90 [     140] RVA [size] of Load Configuration Directory
               0 [       0] RVA [size] of Bound Import Directory
           31000 [     288] RVA [size] of Import Address Table Directory
               0 [       0] RVA [size] of Delay Import Directory
               0 [       0] RVA [size] of COM Descriptor Directory
               0 [       0] RVA [size] of Reserved Directory


SECTION HEADER #1
   .text name
   2FB6C virtual size
    1000 virtual address (0000000140001000 to 0000000140030B6B)
   2FC00 size of raw data
     400 file pointer to raw data (00000400 to 0002FFFF)
       0 file pointer to relocation table
       0 file pointer to line numbers
       0 number of relocations
       0 number of line numbers
60000020 flags
         Code
         Execute Read

SECTION HEADER #2
  .rdata name
   13D8C virtual size
   31000 virtual address (0000000140031000 to 0000000140044D8B)
   13E00 size of raw data
   30000 file pointer to raw data (00030000 to 00043DFF)
       0 file pointer to relocation table
       0 file pointer to line numbers
       0 number of relocations
       0 number of line numbers
40000040 flags
         Initialized Data
         Read Only

  Debug Directories

        Time Type        Size      RVA  Pointer
    -------- ------- -------- -------- --------
    6AC80159 coffgrp      394 0004068C    3F68C

SECTION HEADER #3
   .data name
    2D60 virtual size
   45000 virtual address (0000000140045000 to 0000000140047D5F)
    1600 size of raw data
   43E00 file pointer to raw data (00043E00 to 000453FF)
       0 file pointer to relocation table
       0 file pointer to line numbers
       0 number of relocations
       0 number of line numbers
C0000040 flags
         Initialized Data
         Read Write

SECTION HEADER #4
  .pdata name
    270C virtual size
   48000 virtual address (0000000140048000 to 000000014004A70B)
    2800 size of raw data
   45400 file pointer to raw data (00045400 to 00047BFF)
       0 file pointer to relocation table
       0 file pointer to line numbers
       0 number of relocations
       0 number of line numbers
40000040 flags
         Initialized Data
         Read Only

SECTION HEADER #5
   .rsrc name
     1E0 virtual size
   4B000 virtual address (000000014004B000 to 000000014004B1DF)
     200 size of raw data
   47C00 file pointer to raw data (00047C00 to 00047DFF)
       0 file pointer to relocation table
       0 file pointer to line numbers
       0 number of relocations
       0 number of line numbers
40000040 flags
         Initialized Data
         Read Only

SECTION HEADER #6
  .reloc name
     97C virtual size
   4C000 virtual address (000000014004C000 to 000000014004C97B)
     A00 size of raw data
   47E00 file pointer to raw data (00047E00 to 000487FF)
       0 file pointer to relocation table
       0 file pointer to line numbers
       0 number of relocations
       0 number of line numbers
42000040 flags
         Initialized Data
         Discardable
         Read Only

  Summary

        3000 .data
        3000 .pdata
       14000 .rdata
        1000 .reloc
        1000 .rsrc
       30000 .text
