Microsoft (R) COFF/PE Dumper Version 14.44.35228.0
Copyright (C) Microsoft Corporation.  All rights reserved.


Dump of file D:\Projects\DiskEd\disked\.aide-local\goal-0.1.0\clean-90f91e1a\build\windows-bootstrap\Release\disked.exe

PE signature found

File Type: EXECUTABLE IMAGE

FILE HEADER VALUES
            8664 machine (x64)
               6 number of sections
        6AC4CA10 time date stamp Tue Oct  6 21:14:40 2026
               0 file pointer to symbol table
               0 number of symbols
              F0 size of optional header
              22 characteristics
                   Executable
                   Application can handle large (>2GB) addresses

OPTIONAL HEADER VALUES
             20B magic # (PE32+)
           14.44 linker version
           41200 size of code
           22C00 size of initialized data
               0 size of uninitialized data
           20460 entry point (0000000140020460)
            1000 base of code
       140000000 image base (0000000140000000 to 0000000140066FFF)
            1000 section alignment
             200 file alignment
           10.00 operating system version
            0.00 image version
           10.00 subsystem version
               0 Win32 version
           67000 size of image
             400 size of headers
               0 checksum
               3 subsystem (Windows CUI)
            C160 DLL characteristics
                   High Entropy Virtual Addresses
                   Dynamic base
                   NX compatible
                   Control Flow Guard
                   Terminal Server Aware
          100000 size of stack reserve
            1000 size of stack commit
          100000 size of heap reserve
            1000 size of heap commit
               0 loader flags
              10 number of directories
               0 [       0] RVA [size] of Export Directory
           5E3EC [      28] RVA [size] of Import Directory
           65000 [     1C8] RVA [size] of Resource Directory
           62000 [    2F64] RVA [size] of Exception Directory
               0 [       0] RVA [size] of Certificates Directory
           66000 [     A6C] RVA [size] of Base Relocation Directory
           57C20 [      1C] RVA [size] of Debug Directory
               0 [       0] RVA [size] of Architecture Directory
               0 [       0] RVA [size] of Global Pointer Directory
           57E00 [      28] RVA [size] of Thread Storage Directory
           57AE0 [     140] RVA [size] of Load Configuration Directory
               0 [       0] RVA [size] of Bound Import Directory
           43000 [     2C0] RVA [size] of Import Address Table Directory
               0 [       0] RVA [size] of Delay Import Directory
               0 [       0] RVA [size] of COM Descriptor Directory
               0 [       0] RVA [size] of Reserved Directory


SECTION HEADER #1
   .text name
   4105C virtual size
    1000 virtual address (0000000140001000 to 000000014004205B)
   41200 size of raw data
     400 file pointer to raw data (00000400 to 000415FF)
       0 file pointer to relocation table
       0 file pointer to line numbers
       0 number of relocations
       0 number of line numbers
60000020 flags
         Code
         Execute Read

SECTION HEADER #2
  .rdata name
   1BD7E virtual size
   43000 virtual address (0000000140043000 to 000000014005ED7D)
   1BE00 size of raw data
   41600 file pointer to raw data (00041600 to 0005D3FF)
       0 file pointer to relocation table
       0 file pointer to line numbers
       0 number of relocations
       0 number of line numbers
40000040 flags
         Initialized Data
         Read Only

  Debug Directories

        Time Type        Size      RVA  Pointer
    -------- ------- -------- -------- --------
    6AC4CA10 coffgrp      404 0005904C    5764C

SECTION HEADER #3
   .data name
    2E54 virtual size
   5F000 virtual address (000000014005F000 to 0000000140061E53)
    1600 size of raw data
   5D400 file pointer to raw data (0005D400 to 0005E9FF)
       0 file pointer to relocation table
       0 file pointer to line numbers
       0 number of relocations
       0 number of line numbers
C0000040 flags
         Initialized Data
         Read Write

SECTION HEADER #4
  .pdata name
    2F64 virtual size
   62000 virtual address (0000000140062000 to 0000000140064F63)
    3000 size of raw data
   5EA00 file pointer to raw data (0005EA00 to 000619FF)
       0 file pointer to relocation table
       0 file pointer to line numbers
       0 number of relocations
       0 number of line numbers
40000040 flags
         Initialized Data
         Read Only

SECTION HEADER #5
   .rsrc name
     1C8 virtual size
   65000 virtual address (0000000140065000 to 00000001400651C7)
     200 size of raw data
   61A00 file pointer to raw data (00061A00 to 00061BFF)
       0 file pointer to relocation table
       0 file pointer to line numbers
       0 number of relocations
       0 number of line numbers
40000040 flags
         Initialized Data
         Read Only

SECTION HEADER #6
  .reloc name
     A6C virtual size
   66000 virtual address (0000000140066000 to 0000000140066A6B)
     C00 size of raw data
   61C00 file pointer to raw data (00061C00 to 000627FF)
       0 file pointer to relocation table
       0 file pointer to line numbers
       0 number of relocations
       0 number of line numbers
42000040 flags
         Initialized Data
         Discardable
         Read Only

  Summary

        3000 .data
        3000 .pdata
       1C000 .rdata
        1000 .reloc
        1000 .rsrc
       42000 .text
