MSBuild version 17.14.51+25f168cee for .NET Framework

  1>Checking Build System
  1>Bind current Git revision and native input bytes
  Building Custom Rule D:/Projects/DiskEd/disked/.aide-local/goal-0.1.0/clean-90f91e1a/CMakeLists.txt
  Building Custom Rule D:/Projects/DiskEd/disked/.aide-local/goal-0.1.0/clean-90f91e1a/CMakeLists.txt
  json.cpp
  command.cpp
  protocol.cpp
  policy.cpp
  Generating Code...
  disked_json.vcxproj -> D:\Projects\DiskEd\disked\.aide-local\goal-0.1.0\clean-90f91e1a\build\windows-bootstrap\Release\disked_json.lib
  Building Custom Rule D:/Projects/DiskEd/disked/.aide-local/goal-0.1.0/clean-90f91e1a/CMakeLists.txt
  parser_probe.cpp
  command_registry.cpp
  Generating Code...
  command_parser_probe.vcxproj -> D:\Projects\DiskEd\disked\.aide-local\goal-0.1.0\clean-90f91e1a\build\windows-bootstrap\Release\command_parser_probe.exe
  Building Custom Rule D:/Projects/DiskEd/disked/.aide-local/goal-0.1.0/clean-90f91e1a/CMakeLists.txt
  main.cpp
  cli.cpp
  command_registry.cpp
  bootstrap.cpp
  entry.cpp
  invocation.cpp
  Generating Code...
  disked.vcxproj -> D:\Projects\DiskEd\disked\.aide-local\goal-0.1.0\clean-90f91e1a\build\windows-bootstrap\Release\disked.exe
  Building Custom Rule D:/Projects/DiskEd/disked/.aide-local/goal-0.1.0/clean-90f91e1a/CMakeLists.txt
  main.cpp
  cli.cpp
  command_registry.cpp
  bootstrap.cpp
  entry.cpp
  invocation.cpp
  Generating Code...
  disked_provider_guard.vcxproj -> D:\Projects\DiskEd\disked\.aide-local\goal-0.1.0\clean-90f91e1a\build\windows-bootstrap\Release\disked_provider_guard.exe
  Building Custom Rule D:/Projects/DiskEd/disked/.aide-local/goal-0.1.0/clean-90f91e1a/CMakeLists.txt
  policy_probe.cpp
  invocation_policy_probe.vcxproj -> D:\Projects\DiskEd\disked\.aide-local\goal-0.1.0\clean-90f91e1a\build\windows-bootstrap\Release\invocation_policy_probe.exe
  Building Custom Rule D:/Projects/DiskEd/disked/.aide-local/goal-0.1.0/clean-90f91e1a/CMakeLists.txt
  codec_probe.cpp
  json_codec_probe.vcxproj -> D:\Projects\DiskEd\disked\.aide-local\goal-0.1.0\clean-90f91e1a\build\windows-bootstrap\Release\json_codec_probe.exe
  Building Custom Rule D:/Projects/DiskEd/disked/.aide-local/goal-0.1.0/clean-90f91e1a/CMakeLists.txt
  reader_probe.cpp
  protocol_reader_probe.vcxproj -> D:\Projects\DiskEd\disked\.aide-local\goal-0.1.0\clean-90f91e1a\build\windows-bootstrap\Release\protocol_reader_probe.exe
  Building Custom Rule D:/Projects/DiskEd/disked/.aide-local/goal-0.1.0/clean-90f91e1a/CMakeLists.txt
  provider_guard_probe.cpp
  bootstrap.cpp
  Generating Code...
  provider_guard_probe.vcxproj -> D:\Projects\DiskEd\disked\.aide-local\goal-0.1.0\clean-90f91e1a\build\windows-bootstrap\Release\provider_guard_probe.exe
  Building Custom Rule D:/Projects/DiskEd/disked/.aide-local/goal-0.1.0/clean-90f91e1a/CMakeLists.txt
