Start testing: Oct 06 21:12 AUS Eastern Daylight Time
----------------------------------------------------------
1/9 Testing: invocation.policy
1/9 Test: invocation.policy
Command: "C:/Users/Jules/AppData/Local/Python/pythoncore-3.14-64/python.exe" "D:/Projects/DiskEd/disked/tests/invocation/test_policy.py" "--exe" "D:/Projects/DiskEd/disked/build/windows-bootstrap/Release/invocation_policy_probe.exe" "--root" "D:/Projects/DiskEd/disked"
Directory: D:/Projects/DiskEd/disked/build/windows-bootstrap
"invocation.policy" start time: Oct 06 21:12 AUS Eastern Daylight Time
Output:
----------------------------------------------------------
test_absence_is_not_redirection_and_prompt_channels_are_explicit (__main__.Policy.test_absence_is_not_redirection_and_prompt_channels_are_explicit) ... ok
test_all_canonical_fixtures (__main__.Policy.test_all_canonical_fixtures) ... ok
test_oracle_cross_product (__main__.Policy.test_oracle_cross_product) ... ok

----------------------------------------------------------------------
Ran 3 tests in 5.672s

OK
Native policy fixtures: 29
Native/oracle routing combinations: 270
<end of output>
Test time =   5.77 sec
----------------------------------------------------------
Test Passed.
"invocation.policy" end time: Oct 06 21:12 AUS Eastern Daylight Time
"invocation.policy" time elapsed: 00:00:05
----------------------------------------------------------

2/9 Testing: protocol.compatible_reader
2/9 Test: protocol.compatible_reader
Command: "C:/Users/Jules/AppData/Local/Python/pythoncore-3.14-64/python.exe" "D:/Projects/DiskEd/disked/tests/contracts/test_reader.py" "--exe" "D:/Projects/DiskEd/disked/build/windows-bootstrap/Release/protocol_reader_probe.exe"
Directory: D:/Projects/DiskEd/disked/build/windows-bootstrap
"protocol.compatible_reader" start time: Oct 06 21:12 AUS Eastern Daylight Time
Output:
----------------------------------------------------------
test_diagnostics_are_structural_and_not_message_parsing (__main__.Reader.test_diagnostics_are_structural_and_not_message_parsing) ... ok
test_extensions_preserved_and_required_features_refused (__main__.Reader.test_extensions_preserved_and_required_features_refused) ... ok
test_status_identity_relationship_and_exit_outcomes (__main__.Reader.test_status_identity_relationship_and_exit_outcomes) ... ok
test_unknown_and_missing_known_fields (__main__.Reader.test_unknown_and_missing_known_fields) ... ok

----------------------------------------------------------------------
Ran 4 tests in 0.584s

OK
<end of output>
Test time =   0.68 sec
----------------------------------------------------------
Test Passed.
"protocol.compatible_reader" end time: Oct 06 21:12 AUS Eastern Daylight Time
"protocol.compatible_reader" time elapsed: 00:00:00
----------------------------------------------------------

3/9 Testing: command.syntax
3/9 Test: command.syntax
Command: "C:/Users/Jules/AppData/Local/Python/pythoncore-3.14-64/python.exe" "D:/Projects/DiskEd/disked/tests/contracts/test_parser.py" "--exe" "D:/Projects/DiskEd/disked/build/windows-bootstrap/Release/command_parser_probe.exe" "--root" "D:/Projects/DiskEd/disked"
Directory: D:/Projects/DiskEd/disked/build/windows-bootstrap
"command.syntax" start time: Oct 06 21:12 AUS Eastern Daylight Time
Output:
----------------------------------------------------------
test_all_conflict_orders_are_refused (__main__.Parser.test_all_conflict_orders_are_refused) ... ok
test_bounds_and_parameter_error_location (__main__.Parser.test_bounds_and_parameter_error_location) ... ok
test_global_option_group_placement (__main__.Parser.test_global_option_group_placement) ... ok
test_literal_and_consumed_values_are_not_reinterpreted (__main__.Parser.test_literal_and_consumed_values_are_not_reinterpreted) ... ok
test_quantity_boundaries_and_no_float_rounding (__main__.Parser.test_quantity_boundaries_and_no_float_rounding) ... ok
test_shared_syntax_corpus (__main__.Parser.test_shared_syntax_corpus) ... ok
test_static_completion_never_changes_execution_rules (__main__.Parser.test_static_completion_never_changes_execution_rules) ... ok

----------------------------------------------------------------------
Ran 7 tests in 10.843s

OK
Executed canonical native syntax vectors: 80
<end of output>
Test time =  10.94 sec
----------------------------------------------------------
Test Passed.
"command.syntax" end time: Oct 06 21:12 AUS Eastern Daylight Time
"command.syntax" time elapsed: 00:00:10
----------------------------------------------------------

4/9 Testing: protocol.json_codec
4/9 Test: protocol.json_codec
Command: "C:/Users/Jules/AppData/Local/Python/pythoncore-3.14-64/python.exe" "D:/Projects/DiskEd/disked/tests/contracts/test_json.py" "--exe" "D:/Projects/DiskEd/disked/build/windows-bootstrap/Release/json_codec_probe.exe"
Directory: D:/Projects/DiskEd/disked/build/windows-bootstrap
"protocol.json_codec" start time: Oct 06 21:12 AUS Eastern Daylight Time
Output:
----------------------------------------------------------
test_deterministic_differential_corpus (__main__.JsonCodec.test_deterministic_differential_corpus) ... ok
test_exact_resource_boundaries (__main__.JsonCodec.test_exact_resource_boundaries) ... ok
test_invalid_json_and_duplicate_decoded_keys (__main__.JsonCodec.test_invalid_json_and_duplicate_decoded_keys) ... ok
test_primitives_unicode_and_exact_integer_lexemes (__main__.JsonCodec.test_primitives_unicode_and_exact_integer_lexemes) ... ok
test_utf8_and_surrogate_rejection (__main__.JsonCodec.test_utf8_and_surrogate_rejection) ... ok

----------------------------------------------------------------------
Ran 5 tests in 3.297s

OK
<end of output>
Test time =   3.42 sec
----------------------------------------------------------
Test Passed.
"protocol.json_codec" end time: Oct 06 21:12 AUS Eastern Daylight Time
"protocol.json_codec" time elapsed: 00:00:03
----------------------------------------------------------

5/9 Testing: disked.invocation
5/9 Test: disked.invocation
Command: "C:/Users/Jules/AppData/Local/Python/pythoncore-3.14-64/python.exe" "D:/Projects/DiskEd/disked/tests/invocation/test_windows.py" "--exe" "D:/Projects/DiskEd/disked/build/windows-bootstrap/Release/disked.exe" "--root" "D:/Projects/DiskEd/disked"
Directory: D:/Projects/DiskEd/disked/build/windows-bootstrap
"disked.invocation" start time: Oct 06 21:12 AUS Eastern Daylight Time
Output:
----------------------------------------------------------
test_cmd_and_powershell_actual_launches (__main__.WindowsInvocation.test_cmd_and_powershell_actual_launches) ... ok
test_inherited_console_preserves_caller_state (__main__.WindowsInvocation.test_inherited_console_preserves_caller_state) ... ok
test_missing_stderr_and_transport_input (__main__.WindowsInvocation.test_missing_stderr_and_transport_input) ... ok
test_pipe_observations_and_utf16_errors (__main__.WindowsInvocation.test_pipe_observations_and_utf16_errors) ... ok
test_standard_handle_absence_and_invalidity (__main__.WindowsInvocation.test_standard_handle_absence_and_invalidity) ... ok

----------------------------------------------------------------------
Ran 5 tests in 1.495s

OK
<end of output>
Test time =   1.63 sec
----------------------------------------------------------
Test Passed.
"disked.invocation" end time: Oct 06 21:12 AUS Eastern Daylight Time
"disked.invocation" time elapsed: 00:00:01
----------------------------------------------------------

6/9 Testing: disked.acceptance
6/9 Test: disked.acceptance
Command: "C:/Users/Jules/AppData/Local/Python/pythoncore-3.14-64/python.exe" "D:/Projects/DiskEd/disked/tests/native/test_protocol.py" "--exe" "D:/Projects/DiskEd/disked/build/windows-bootstrap/Release/disked.exe" "--root" "D:/Projects/DiskEd/disked" "--identity" "D:/Projects/DiskEd/disked/build/windows-bootstrap/generated/build-identity.json"
Directory: D:/Projects/DiskEd/disked/build/windows-bootstrap
"disked.acceptance" start time: Oct 06 21:12 AUS Eastern Daylight Time
Output:
----------------------------------------------------------
test_broken_output_is_failure (__main__.NativeProtocol.test_broken_output_is_failure) ... ok
test_build_identity_and_machine_aliases (__main__.NativeProtocol.test_build_identity_and_machine_aliases) ... ok
test_discovery_has_exact_registry_and_real_handler_subset (__main__.NativeProtocol.test_discovery_has_exact_registry_and_real_handler_subset) ... ok
test_errors_are_framed_after_complete_parse (__main__.NativeProtocol.test_errors_are_framed_after_complete_parse) ... ok
test_help_every_spelling_and_operand_independence (__main__.NativeProtocol.test_help_every_spelling_and_operand_independence) ... ok
test_malformed_json_and_encoding (__main__.NativeProtocol.test_malformed_json_and_encoding) ... ok
test_mode_inspection_uses_actual_host_in_cli_and_transport (__main__.NativeProtocol.test_mode_inspection_uses_actual_host_in_cli_and_transport) ... ok
test_ndjson_continues_refusals_and_preserves_order (__main__.NativeProtocol.test_ndjson_continues_refusals_and_preserves_order) ... ok
test_ordinary_machine_command_does_not_read_pipeline_as_requests (__main__.NativeProtocol.test_ordinary_machine_command_does_not_read_pipeline_as_requests) ... ok
test_resource_limits_end_stream (__main__.NativeProtocol.test_resource_limits_end_stream) ... ok
test_source_input_closure_and_pe_imports (__main__.NativeProtocol.test_source_input_closure_and_pe_imports) ... ok
test_stream_flushes_before_eof (__main__.NativeProtocol.test_stream_flushes_before_eof) ... ok
test_strict_request_and_correlation (__main__.NativeProtocol.test_strict_request_and_correlation) ... ok
test_unavailable_frontends_and_prompt_channels (__main__.NativeProtocol.test_unavailable_frontends_and_prompt_channels) ... ok
test_wire_byte_and_request_count_limits (__main__.NativeProtocol.test_wire_byte_and_request_count_limits) ... ok

----------------------------------------------------------------------
Ran 15 tests in 4.198s

OK
<end of output>
Test time =   4.30 sec
----------------------------------------------------------
Test Passed.
"disked.acceptance" end time: Oct 06 21:12 AUS Eastern Daylight Time
"disked.acceptance" time elapsed: 00:00:04
----------------------------------------------------------

7/9 Testing: disked_provider_guard.invocation
7/9 Test: disked_provider_guard.invocation
Command: "C:/Users/Jules/AppData/Local/Python/pythoncore-3.14-64/python.exe" "D:/Projects/DiskEd/disked/tests/invocation/test_windows.py" "--exe" "D:/Projects/DiskEd/disked/build/windows-bootstrap/Release/disked_provider_guard.exe" "--root" "D:/Projects/DiskEd/disked"
Directory: D:/Projects/DiskEd/disked/build/windows-bootstrap
"disked_provider_guard.invocation" start time: Oct 06 21:12 AUS Eastern Daylight Time
Output:
----------------------------------------------------------
test_cmd_and_powershell_actual_launches (__main__.WindowsInvocation.test_cmd_and_powershell_actual_launches) ... ok
test_inherited_console_preserves_caller_state (__main__.WindowsInvocation.test_inherited_console_preserves_caller_state) ... ok
test_missing_stderr_and_transport_input (__main__.WindowsInvocation.test_missing_stderr_and_transport_input) ... ok
test_pipe_observations_and_utf16_errors (__main__.WindowsInvocation.test_pipe_observations_and_utf16_errors) ... ok
test_standard_handle_absence_and_invalidity (__main__.WindowsInvocation.test_standard_handle_absence_and_invalidity) ... ok

----------------------------------------------------------------------
Ran 5 tests in 1.423s

OK
<end of output>
Test time =   1.54 sec
----------------------------------------------------------
Test Passed.
"disked_provider_guard.invocation" end time: Oct 06 21:12 AUS Eastern Daylight Time
"disked_provider_guard.invocation" time elapsed: 00:00:01
----------------------------------------------------------

8/9 Testing: disked_provider_guard.acceptance
8/9 Test: disked_provider_guard.acceptance
Command: "C:/Users/Jules/AppData/Local/Python/pythoncore-3.14-64/python.exe" "D:/Projects/DiskEd/disked/tests/native/test_protocol.py" "--exe" "D:/Projects/DiskEd/disked/build/windows-bootstrap/Release/disked_provider_guard.exe" "--root" "D:/Projects/DiskEd/disked" "--identity" "D:/Projects/DiskEd/disked/build/windows-bootstrap/generated/build-identity.json"
Directory: D:/Projects/DiskEd/disked/build/windows-bootstrap
"disked_provider_guard.acceptance" start time: Oct 06 21:12 AUS Eastern Daylight Time
Output:
----------------------------------------------------------
test_broken_output_is_failure (__main__.NativeProtocol.test_broken_output_is_failure) ... ok
test_build_identity_and_machine_aliases (__main__.NativeProtocol.test_build_identity_and_machine_aliases) ... ok
test_discovery_has_exact_registry_and_real_handler_subset (__main__.NativeProtocol.test_discovery_has_exact_registry_and_real_handler_subset) ... ok
test_errors_are_framed_after_complete_parse (__main__.NativeProtocol.test_errors_are_framed_after_complete_parse) ... ok
test_help_every_spelling_and_operand_independence (__main__.NativeProtocol.test_help_every_spelling_and_operand_independence) ... ok
test_malformed_json_and_encoding (__main__.NativeProtocol.test_malformed_json_and_encoding) ... ok
test_mode_inspection_uses_actual_host_in_cli_and_transport (__main__.NativeProtocol.test_mode_inspection_uses_actual_host_in_cli_and_transport) ... ok
test_ndjson_continues_refusals_and_preserves_order (__main__.NativeProtocol.test_ndjson_continues_refusals_and_preserves_order) ... ok
test_ordinary_machine_command_does_not_read_pipeline_as_requests (__main__.NativeProtocol.test_ordinary_machine_command_does_not_read_pipeline_as_requests) ... ok
test_resource_limits_end_stream (__main__.NativeProtocol.test_resource_limits_end_stream) ... ok
test_source_input_closure_and_pe_imports (__main__.NativeProtocol.test_source_input_closure_and_pe_imports) ... ok
test_stream_flushes_before_eof (__main__.NativeProtocol.test_stream_flushes_before_eof) ... ok
test_strict_request_and_correlation (__main__.NativeProtocol.test_strict_request_and_correlation) ... ok
test_unavailable_frontends_and_prompt_channels (__main__.NativeProtocol.test_unavailable_frontends_and_prompt_channels) ... ok
test_wire_byte_and_request_count_limits (__main__.NativeProtocol.test_wire_byte_and_request_count_limits) ... ok

----------------------------------------------------------------------
Ran 15 tests in 2.720s

OK
<end of output>
Test time =   2.83 sec
----------------------------------------------------------
Test Passed.
"disked_provider_guard.acceptance" end time: Oct 06 21:12 AUS Eastern Daylight Time
"disked_provider_guard.acceptance" time elapsed: 00:00:02
----------------------------------------------------------

9/9 Testing: provider_guard.positive_control
9/9 Test: provider_guard.positive_control
Command: "C:/Users/Jules/AppData/Local/Python/pythoncore-3.14-64/python.exe" "D:/Projects/DiskEd/disked/tests/native/test_provider_guard.py" "D:/Projects/DiskEd/disked/build/windows-bootstrap/Release/provider_guard_probe.exe"
Directory: D:/Projects/DiskEd/disked/build/windows-bootstrap
"provider_guard.positive_control" start time: Oct 06 21:12 AUS Eastern Daylight Time
Output:
----------------------------------------------------------
PASS: provider initialization boundary exits 97
<end of output>
Test time =   0.16 sec
----------------------------------------------------------
Test Passed.
"provider_guard.positive_control" end time: Oct 06 21:12 AUS Eastern Daylight Time
"provider_guard.positive_control" time elapsed: 00:00:00
----------------------------------------------------------

End testing: Oct 06 21:12 AUS Eastern Daylight Time
