Microsoft (R) COFF/PE Dumper Version 14.44.35228.0
Copyright (C) Microsoft Corporation.  All rights reserved.


Dump of file D:\Projects\DiskEd\disked\.aide-local\goal-0.1.0\clean-product-verification-ac34bb1b\build\windows-bootstrap\Release\request_channel_probe.exe

PE signature found

File Type: EXECUTABLE IMAGE

FILE HEADER VALUES
            8664 machine (x64)
               6 number of sections
        6AC92867 time date stamp Sat Oct 10 04:46:15 2026
               0 file pointer to symbol table
               0 number of symbols
              F0 size of optional header
              22 characteristics
                   Executable
                   Application can handle large (>2GB) addresses

OPTIONAL HEADER VALUES
             20B magic # (PE32+)
           14.44 linker version
           37A00 size of code
           1D000 size of initialized data
               0 size of uninitialized data
           1992C entry point (000000014001992C)
            1000 base of code
       140000000 image base (0000000140000000 to 0000000140057FFF)
            1000 section alignment
             200 file alignment
            6.00 operating system version
            0.00 image version
            6.00 subsystem version
               0 Win32 version
           58000 size of image
             400 size of headers
               0 checksum
               3 subsystem (Windows CUI)
            8160 DLL characteristics
                   High Entropy Virtual Addresses
                   Dynamic base
                   NX compatible
                   Terminal Server Aware
          100000 size of stack reserve
            1000 size of stack commit
          100000 size of heap reserve
            1000 size of heap commit
               0 loader flags
              10 number of directories
               0 [       0] RVA [size] of Export Directory
           4DF54 [      28] RVA [size] of Import Directory
           56000 [     1E0] RVA [size] of Resource Directory
           53000 [    2CDC] RVA [size] of Exception Directory
               0 [       0] RVA [size] of Certificates Directory
           57000 [     AA4] RVA [size] of Base Relocation Directory
           47880 [      1C] RVA [size] of Debug Directory
               0 [       0] RVA [size] of Architecture Directory
               0 [       0] RVA [size] of Global Pointer Directory
           47A00 [      28] RVA [size] of Thread Storage Directory
           47740 [     140] RVA [size] of Load Configuration Directory
               0 [       0] RVA [size] of Bound Import Directory
           39000 [     2E8] RVA [size] of Import Address Table Directory
               0 [       0] RVA [size] of Delay Import Directory
               0 [       0] RVA [size] of COM Descriptor Directory
               0 [       0] RVA [size] of Reserved Directory


SECTION HEADER #1
   .text name
   37928 virtual size
    1000 virtual address (0000000140001000 to 0000000140038927)
   37A00 size of raw data
     400 file pointer to raw data (00000400 to 00037DFF)
       0 file pointer to relocation table
       0 file pointer to line numbers
       0 number of relocations
       0 number of line numbers
60000020 flags
         Code
         Execute Read

SECTION HEADER #2
  .rdata name
   1595E virtual size
   39000 virtual address (0000000140039000 to 000000014004E95D)
   15A00 size of raw data
   37E00 file pointer to raw data (00037E00 to 0004D7FF)
       0 file pointer to relocation table
       0 file pointer to line numbers
       0 number of relocations
       0 number of line numbers
40000040 flags
         Initialized Data
         Read Only

  Debug Directories

        Time Type        Size      RVA  Pointer
    -------- ------- -------- -------- --------
    6AC92867 coffgrp      3F4 00049668    48468

SECTION HEADER #3
   .data name
    3988 virtual size
   4F000 virtual address (000000014004F000 to 0000000140052987)
    1E00 size of raw data
   4D800 file pointer to raw data (0004D800 to 0004F5FF)
       0 file pointer to relocation table
       0 file pointer to line numbers
       0 number of relocations
       0 number of line numbers
C0000040 flags
         Initialized Data
         Read Write

SECTION HEADER #4
  .pdata name
    2CDC virtual size
   53000 virtual address (0000000140053000 to 0000000140055CDB)
    2E00 size of raw data
   4F600 file pointer to raw data (0004F600 to 000523FF)
       0 file pointer to relocation table
       0 file pointer to line numbers
       0 number of relocations
       0 number of line numbers
40000040 flags
         Initialized Data
         Read Only

SECTION HEADER #5
   .rsrc name
     1E0 virtual size
   56000 virtual address (0000000140056000 to 00000001400561DF)
     200 size of raw data
   52400 file pointer to raw data (00052400 to 000525FF)
       0 file pointer to relocation table
       0 file pointer to line numbers
       0 number of relocations
       0 number of line numbers
40000040 flags
         Initialized Data
         Read Only

SECTION HEADER #6
  .reloc name
     AA4 virtual size
   57000 virtual address (0000000140057000 to 0000000140057AA3)
     C00 size of raw data
   52600 file pointer to raw data (00052600 to 000531FF)
       0 file pointer to relocation table
       0 file pointer to line numbers
       0 number of relocations
       0 number of line numbers
42000040 flags
         Initialized Data
         Discardable
         Read Only

  Summary

        4000 .data
        3000 .pdata
       16000 .rdata
        1000 .reloc
        1000 .rsrc
       38000 .text
