Test project D:/Projects/DiskEd/disked/.aide-local/goal-0.1.0/clean-product-verification-ac34bb1b/build/windows-bootstrap
      Start  1: frontend.product_verification
 1/75 Test  #1: frontend.product_verification .............   Passed   31.45 sec
      Start  2: frontend.product_export
 2/75 Test  #2: frontend.product_export ...................   Passed   11.96 sec
      Start  3: frontend.gui_capture
 3/75 Test  #3: frontend.gui_capture ......................   Passed    0.71 sec
      Start  4: evidence.report_process_identity
 4/75 Test  #4: evidence.report_process_identity ..........   Passed    3.30 sec
      Start  5: operation.directory_pins
 5/75 Test  #5: operation.directory_pins ..................   Passed    0.35 sec
      Start  6: evidence.acquisition_export
 6/75 Test  #6: evidence.acquisition_export ...............   Passed    2.94 sec
      Start  7: evidence.report_worker
 7/75 Test  #7: evidence.report_worker ....................   Passed   19.86 sec
      Start  8: evidence.export_commands
 8/75 Test  #8: evidence.export_commands ..................   Passed    8.81 sec
      Start  9: evidence.report_watch
 9/75 Test  #9: evidence.report_watch .....................   Passed   19.14 sec
      Start 10: evidence.acquisition_case
10/75 Test #10: evidence.acquisition_case .................   Passed    7.61 sec
      Start 11: evidence.export_model
11/75 Test #11: evidence.export_model .....................   Passed    1.64 sec
      Start 12: evidence.file_export
12/75 Test #12: evidence.file_export ......................   Passed    9.87 sec
      Start 13: evidence.acquired_image_verification
13/75 Test #13: evidence.acquired_image_verification ......   Passed    3.07 sec
      Start 14: evidence.image_verification_observation
14/75 Test #14: evidence.image_verification_observation ...   Passed    3.79 sec
      Start 15: evidence.image_verification_collection
15/75 Test #15: evidence.image_verification_collection ....   Passed    5.67 sec
      Start 16: evidence.verification_worker
16/75 Test #16: evidence.verification_worker ..............   Passed   29.95 sec
      Start 17: evidence.verification_commands
17/75 Test #17: evidence.verification_commands ............   Passed   22.84 sec
      Start 18: evidence.case_model
18/75 Test #18: evidence.case_model .......................   Passed    3.41 sec
      Start 19: health.observation_model
19/75 Test #19: health.observation_model ..................   Passed    0.26 sec
      Start 20: health.command
20/75 Test #20: health.command ............................   Passed    2.89 sec
      Start 21: journal.semantic_reader
21/75 Test #21: journal.semantic_reader ...................   Passed   12.62 sec
      Start 22: journal.guarded_model
22/75 Test #22: journal.guarded_model .....................   Passed    1.85 sec
      Start 23: journal.model_binary_producer
23/75 Test #23: journal.model_binary_producer .............   Passed    2.53 sec
      Start 24: journal.repeated_crash_audit
24/75 Test #24: journal.repeated_crash_audit ..............   Passed    4.06 sec
      Start 25: journal.plan_definitions
25/75 Test #25: journal.plan_definitions ..................   Passed    0.35 sec
      Start 26: journal.binary_codec
26/75 Test #26: journal.binary_codec ......................   Passed    0.26 sec
      Start 27: frontend.acquisition_forms
27/75 Test #27: frontend.acquisition_forms ................   Passed    2.47 sec
      Start 28: frontend.acquisition_interactive
28/75 Test #28: frontend.acquisition_interactive ..........   Passed   36.13 sec
      Start 29: image.acquisition_commands
29/75 Test #29: image.acquisition_commands ................   Passed   15.53 sec
      Start 30: image.acquisition_operations
30/75 Test #30: image.acquisition_operations ..............   Passed   10.41 sec
      Start 31: image.acquisition_worker
31/75 Test #31: image.acquisition_worker ..................   Passed   25.11 sec
      Start 32: image.file_acquisition
32/75 Test #32: image.file_acquisition ....................   Passed   20.45 sec
      Start 33: image.parent_pins
33/75 Test #33: image.parent_pins .........................   Passed    0.98 sec
      Start 34: image.acquisition_pipeline
34/75 Test #34: image.acquisition_pipeline ................   Passed    4.67 sec
      Start 35: image.shared_commands
35/75 Test #35: image.shared_commands .....................   Passed   18.29 sec
      Start 36: image.file_capture
36/75 Test #36: image.file_capture ........................   Passed    3.38 sec
      Start 37: image.map_observation
37/75 Test #37: image.map_observation .....................   Passed    1.48 sec
      Start 38: portable.gpt
38/75 Test #38: portable.gpt ..............................   Passed    3.24 sec
      Start 39: portable.gpt_guard
39/75 Test #39: portable.gpt_guard ........................   Passed    0.02 sec
      Start 40: portable.mbr_ebr
40/75 Test #40: portable.mbr_ebr ..........................   Passed    1.19 sec
      Start 41: portable.mbr_guard
41/75 Test #41: portable.mbr_guard ........................   Passed    0.02 sec
      Start 42: portable.checked
42/75 Test #42: portable.checked ..........................   Passed    0.32 sec
      Start 43: portable.c_cpp_linkage
43/75 Test #43: portable.c_cpp_linkage ....................   Passed    0.04 sec
      Start 44: operation.watch_reader
44/75 Test #44: operation.watch_reader ....................   Passed    0.41 sec
      Start 45: resilience.capture
45/75 Test #45: resilience.capture ........................   Passed    0.50 sec
      Start 46: resilience.request_channel
46/75 Test #46: resilience.request_channel ................   Passed    0.43 sec
      Start 47: shell.model
47/75 Test #47: shell.model ...............................   Passed    1.32 sec
      Start 48: operation.reducer
48/75 Test #48: operation.reducer .........................   Passed    0.68 sec
      Start 49: frontend.gui_model
49/75 Test #49: frontend.gui_model ........................   Passed    0.53 sec
      Start 50: frontend.gui_windows
50/75 Test #50: frontend.gui_windows ......................   Passed    2.30 sec
      Start 51: frontend.tui_model
51/75 Test #51: frontend.tui_model ........................   Passed    0.41 sec
      Start 52: frontend.tui_windows
52/75 Test #52: frontend.tui_windows ......................   Passed    3.70 sec
      Start 53: shell.windows
53/75 Test #53: shell.windows .............................   Passed    6.27 sec
      Start 54: frontend.service
54/75 Test #54: frontend.service ..........................   Passed    0.36 sec
      Start 55: frontend.transport
55/75 Test #55: frontend.transport ........................   Passed    1.17 sec
      Start 56: invocation.policy
56/75 Test #56: invocation.policy .........................   Passed    5.17 sec
      Start 57: protocol.compatible_reader
57/75 Test #57: protocol.compatible_reader ................   Passed    0.63 sec
      Start 58: command.syntax
58/75 Test #58: command.syntax ............................   Passed    9.87 sec
      Start 59: protocol.json_codec
59/75 Test #59: protocol.json_codec .......................   Passed    2.71 sec
      Start 60: operation.watch
60/75 Test #60: operation.watch ...........................   Passed   30.90 sec
      Start 61: resilience.capture_campaign
61/75 Test #61: resilience.capture_campaign ...............   Passed    9.07 sec
      Start 62: resilience.frontend_memory
62/75 Test #62: resilience.frontend_memory ................   Passed    7.01 sec
      Start 63: resilience.store_failures
63/75 Test #63: resilience.store_failures .................   Passed   16.66 sec
      Start 64: resilience.request_waiting
64/75 Test #64: resilience.request_waiting ................   Passed   19.49 sec
      Start 65: resilience.output_waiting
65/75 Test #65: resilience.output_waiting .................   Passed   17.64 sec
      Start 66: operation.worker
66/75 Test #66: operation.worker ..........................   Passed   20.58 sec
      Start 67: resilience.gui_waiting
67/75 Test #67: resilience.gui_waiting ....................   Passed    6.29 sec
      Start 68: resilience.console_waiting
68/75 Test #68: resilience.console_waiting ................   Passed   12.59 sec
      Start 69: resilience.worker_budget
69/75 Test #69: resilience.worker_budget ..................   Passed    8.15 sec
      Start 70: disked.invocation
70/75 Test #70: disked.invocation .........................   Passed    1.34 sec
      Start 71: disked.acceptance
71/75 Test #71: disked.acceptance .........................   Passed    2.74 sec
      Start 72: disked_provider_guard.invocation
72/75 Test #72: disked_provider_guard.invocation ..........   Passed    1.31 sec
      Start 73: disked_provider_guard.acceptance
73/75 Test #73: disked_provider_guard.acceptance ..........   Passed    2.85 sec
      Start 74: provider_guard.positive_control
74/75 Test #74: provider_guard.positive_control ...........   Passed    0.11 sec
      Start 75: artifacts.archive_completeness
75/75 Test #75: artifacts.archive_completeness ............   Passed    1.39 sec

100% tests passed, 0 tests failed out of 75

Total Test time (real) = 549.50 sec
