Microsoft (R) COFF/PE Dumper Version 14.44.35228.0
Copyright (C) Microsoft Corporation.  All rights reserved.


Dump of file D:\Projects\DiskEd\disked\.aide-local\goal-0.1.0\clean-d0229f7a\build\windows-bootstrap\Release\image_file_capture_probe.exe

PE signature found

File Type: EXECUTABLE IMAGE

FILE HEADER VALUES
            8664 machine (x64)
               6 number of sections
        6AC6BD34 time date stamp Thu Oct  8 08:44:20 2026
               0 file pointer to symbol table
               0 number of symbols
              F0 size of optional header
              22 characteristics
                   Executable
                   Application can handle large (>2GB) addresses

OPTIONAL HEADER VALUES
             20B magic # (PE32+)
           14.44 linker version
           30E00 size of code
           16800 size of initialized data
               0 size of uninitialized data
           18E80 entry point (0000000140018E80)
            1000 base of code
       140000000 image base (0000000140000000 to 000000014004BFFF)
            1000 section alignment
             200 file alignment
            6.00 operating system version
            0.00 image version
            6.00 subsystem version
               0 Win32 version
           4C000 size of image
             400 size of headers
               0 checksum
               3 subsystem (Windows CUI)
            C160 DLL characteristics
                   High Entropy Virtual Addresses
                   Dynamic base
                   NX compatible
                   Control Flow Guard
                   Terminal Server Aware
          100000 size of stack reserve
            1000 size of stack commit
          100000 size of heap reserve
            1000 size of heap commit
               0 loader flags
              10 number of directories
               0 [       0] RVA [size] of Export Directory
           42B74 [      28] RVA [size] of Import Directory
           4A000 [     1E0] RVA [size] of Resource Directory
           47000 [    2430] RVA [size] of Exception Directory
               0 [       0] RVA [size] of Certificates Directory
           4B000 [     708] RVA [size] of Base Relocation Directory
           3DE50 [      1C] RVA [size] of Debug Directory
               0 [       0] RVA [size] of Architecture Directory
               0 [       0] RVA [size] of Global Pointer Directory
               0 [       0] RVA [size] of Thread Storage Directory
           3DD10 [     140] RVA [size] of Load Configuration Directory
               0 [       0] RVA [size] of Bound Import Directory
           32000 [     280] RVA [size] of Import Address Table Directory
               0 [       0] RVA [size] of Delay Import Directory
               0 [       0] RVA [size] of COM Descriptor Directory
               0 [       0] RVA [size] of Reserved Directory


SECTION HEADER #1
   .text name
   30DB0 virtual size
    1000 virtual address (0000000140001000 to 0000000140031DAF)
   30E00 size of raw data
     400 file pointer to raw data (00000400 to 000311FF)
       0 file pointer to relocation table
       0 file pointer to line numbers
       0 number of relocations
       0 number of line numbers
60000020 flags
         Code
         Execute Read

SECTION HEADER #2
  .rdata name
   11416 virtual size
   32000 virtual address (0000000140032000 to 0000000140043415)
   11600 size of raw data
   31200 file pointer to raw data (00031200 to 000427FF)
       0 file pointer to relocation table
       0 file pointer to line numbers
       0 number of relocations
       0 number of line numbers
40000040 flags
         Initialized Data
         Read Only

  Debug Directories

        Time Type        Size      RVA  Pointer
    -------- ------- -------- -------- --------
    6AC6BD34 coffgrp      344 0003E928    3DB28

SECTION HEADER #3
   .data name
    2148 virtual size
   44000 virtual address (0000000140044000 to 0000000140046147)
    1000 size of raw data
   42800 file pointer to raw data (00042800 to 000437FF)
       0 file pointer to relocation table
       0 file pointer to line numbers
       0 number of relocations
       0 number of line numbers
C0000040 flags
         Initialized Data
         Read Write

SECTION HEADER #4
  .pdata name
    2430 virtual size
   47000 virtual address (0000000140047000 to 000000014004942F)
    2600 size of raw data
   43800 file pointer to raw data (00043800 to 00045DFF)
       0 file pointer to relocation table
       0 file pointer to line numbers
       0 number of relocations
       0 number of line numbers
40000040 flags
         Initialized Data
         Read Only

SECTION HEADER #5
   .rsrc name
     1E0 virtual size
   4A000 virtual address (000000014004A000 to 000000014004A1DF)
     200 size of raw data
   45E00 file pointer to raw data (00045E00 to 00045FFF)
       0 file pointer to relocation table
       0 file pointer to line numbers
       0 number of relocations
       0 number of line numbers
40000040 flags
         Initialized Data
         Read Only

SECTION HEADER #6
  .reloc name
     708 virtual size
   4B000 virtual address (000000014004B000 to 000000014004B707)
     800 size of raw data
   46000 file pointer to raw data (00046000 to 000467FF)
       0 file pointer to relocation table
       0 file pointer to line numbers
       0 number of relocations
       0 number of line numbers
42000040 flags
         Initialized Data
         Discardable
         Read Only

  Summary

        3000 .data
        3000 .pdata
       12000 .rdata
        1000 .reloc
        1000 .rsrc
       31000 .text
