Microsoft (R) COFF/PE Dumper Version 14.44.35228.0
Copyright (C) Microsoft Corporation.  All rights reserved.


Dump of file D:\Projects\DiskEd\disked\.aide-local\goal-0.1.0\carrier-clean-d4102ab\sdk\build\Release\disked_setup_host_fixture.exe

PE signature found

File Type: EXECUTABLE IMAGE

FILE HEADER VALUES
            8664 machine (x64)
               6 number of sections
        6AC96BBA time date stamp Sat Oct 10 09:33:30 2026
               0 file pointer to symbol table
               0 number of symbols
              F0 size of optional header
              22 characteristics
                   Executable
                   Application can handle large (>2GB) addresses

OPTIONAL HEADER VALUES
             20B magic # (PE32+)
           14.44 linker version
          12E400 size of code
           4D600 size of initialized data
               0 size of uninitialized data
           F4230 entry point (00000001400F4230)
            1000 base of code
       140000000 image base (0000000140000000 to 000000014017EFFF)
            1000 section alignment
             200 file alignment
            6.00 operating system version
            0.00 image version
            6.00 subsystem version
               0 Win32 version
          17F000 size of image
             400 size of headers
               0 checksum
               3 subsystem (Windows CUI)
            8160 DLL characteristics
                   High Entropy Virtual Addresses
                   Dynamic base
                   NX compatible
                   Terminal Server Aware
          100000 size of stack reserve
            1000 size of stack commit
          100000 size of heap reserve
            1000 size of heap commit
               0 loader flags
              10 number of directories
               0 [       0] RVA [size] of Export Directory
          16EFC4 [      28] RVA [size] of Import Directory
          17D000 [     1E0] RVA [size] of Resource Directory
          174000 [    882C] RVA [size] of Exception Directory
               0 [       0] RVA [size] of Certificates Directory
          17E000 [     E1C] RVA [size] of Base Relocation Directory
          1507C0 [      1C] RVA [size] of Debug Directory
               0 [       0] RVA [size] of Architecture Directory
               0 [       0] RVA [size] of Global Pointer Directory
          150980 [      28] RVA [size] of Thread Storage Directory
          150680 [     140] RVA [size] of Load Configuration Directory
               0 [       0] RVA [size] of Bound Import Directory
          130000 [     370] RVA [size] of Import Address Table Directory
               0 [       0] RVA [size] of Delay Import Directory
               0 [       0] RVA [size] of COM Descriptor Directory
               0 [       0] RVA [size] of Reserved Directory


SECTION HEADER #1
   .text name
  12E234 virtual size
    1000 virtual address (0000000140001000 to 000000014012F233)
  12E400 size of raw data
     400 file pointer to raw data (00000400 to 0012E7FF)
       0 file pointer to relocation table
       0 file pointer to line numbers
       0 number of relocations
       0 number of line numbers
60000020 flags
         Code
         Execute Read

SECTION HEADER #2
  .rdata name
   3FBC6 virtual size
  130000 virtual address (0000000140130000 to 000000014016FBC5)
   3FC00 size of raw data
  12E800 file pointer to raw data (0012E800 to 0016E3FF)
       0 file pointer to relocation table
       0 file pointer to line numbers
       0 number of relocations
       0 number of line numbers
40000040 flags
         Initialized Data
         Read Only

  Debug Directories

        Time Type        Size      RVA  Pointer
    -------- ------- -------- -------- --------
    6AC96BBA coffgrp      408 00152DEC   1515EC

SECTION HEADER #3
   .data name
    3CF0 virtual size
  170000 virtual address (0000000140170000 to 0000000140173CEF)
    2600 size of raw data
  16E400 file pointer to raw data (0016E400 to 001709FF)
       0 file pointer to relocation table
       0 file pointer to line numbers
       0 number of relocations
       0 number of line numbers
C0000040 flags
         Initialized Data
         Read Write

SECTION HEADER #4
  .pdata name
    882C virtual size
  174000 virtual address (0000000140174000 to 000000014017C82B)
    8A00 size of raw data
  170A00 file pointer to raw data (00170A00 to 001793FF)
       0 file pointer to relocation table
       0 file pointer to line numbers
       0 number of relocations
       0 number of line numbers
40000040 flags
         Initialized Data
         Read Only

SECTION HEADER #5
   .rsrc name
     1E0 virtual size
  17D000 virtual address (000000014017D000 to 000000014017D1DF)
     200 size of raw data
  179400 file pointer to raw data (00179400 to 001795FF)
       0 file pointer to relocation table
       0 file pointer to line numbers
       0 number of relocations
       0 number of line numbers
40000040 flags
         Initialized Data
         Read Only

SECTION HEADER #6
  .reloc name
     E1C virtual size
  17E000 virtual address (000000014017E000 to 000000014017EE1B)
    1000 size of raw data
  179600 file pointer to raw data (00179600 to 0017A5FF)
       0 file pointer to relocation table
       0 file pointer to line numbers
       0 number of relocations
       0 number of line numbers
42000040 flags
         Initialized Data
         Discardable
         Read Only

  Summary

        4000 .data
        9000 .pdata
       40000 .rdata
        1000 .reloc
        1000 .rsrc
      12F000 .text
