Microsoft (R) COFF/PE Dumper Version 14.44.35228.0
Copyright (C) Microsoft Corporation.  All rights reserved.


Dump of file D:\Projects\DiskEd\disked\.aide-local\goal-0.1.0\clean-report-watch-6a69c447\build\windows-bootstrap\Release\disked.exe

PE signature found

File Type: EXECUTABLE IMAGE

FILE HEADER VALUES
            8664 machine (x64)
               6 number of sections
        6AC8AA34 time date stamp Fri Oct  9 19:47:48 2026
               0 file pointer to symbol table
               0 number of symbols
              F0 size of optional header
              22 characteristics
                   Executable
                   Application can handle large (>2GB) addresses

OPTIONAL HEADER VALUES
             20B magic # (PE32+)
           14.44 linker version
          103A00 size of code
           53C00 size of initialized data
               0 size of uninitialized data
           D24D0 entry point (00000001400D24D0)
            1000 base of code
       140000000 image base (0000000140000000 to 0000000140159FFF)
            1000 section alignment
             200 file alignment
           10.00 operating system version
            0.00 image version
           10.00 subsystem version
               0 Win32 version
          15A000 size of image
             400 size of headers
               0 checksum
               3 subsystem (Windows CUI)
            C160 DLL characteristics
                   High Entropy Virtual Addresses
                   Dynamic base
                   NX compatible
                   Control Flow Guard
                   Terminal Server Aware
          100000 size of stack reserve
            1000 size of stack commit
          100000 size of heap reserve
            1000 size of heap commit
               0 loader flags
              10 number of directories
               0 [       0] RVA [size] of Export Directory
          147B7C [      28] RVA [size] of Import Directory
          158000 [     1C8] RVA [size] of Resource Directory
          150000 [    7D64] RVA [size] of Exception Directory
               0 [       0] RVA [size] of Certificates Directory
          159000 [     E2C] RVA [size] of Base Relocation Directory
          12C250 [      1C] RVA [size] of Debug Directory
               0 [       0] RVA [size] of Architecture Directory
               0 [       0] RVA [size] of Global Pointer Directory
          12C400 [      28] RVA [size] of Thread Storage Directory
          12C110 [     140] RVA [size] of Load Configuration Directory
               0 [       0] RVA [size] of Bound Import Directory
          105000 [     488] RVA [size] of Import Address Table Directory
               0 [       0] RVA [size] of Delay Import Directory
               0 [       0] RVA [size] of COM Descriptor Directory
               0 [       0] RVA [size] of Reserved Directory


SECTION HEADER #1
   .text name
  10389C virtual size
    1000 virtual address (0000000140001000 to 000000014010489B)
  103A00 size of raw data
     400 file pointer to raw data (00000400 to 00103DFF)
       0 file pointer to relocation table
       0 file pointer to line numbers
       0 number of relocations
       0 number of line numbers
60000020 flags
         Code
         Execute Read

SECTION HEADER #2
  .rdata name
   43BB4 virtual size
  105000 virtual address (0000000140105000 to 0000000140148BB3)
   43C00 size of raw data
  103E00 file pointer to raw data (00103E00 to 001479FF)
       0 file pointer to relocation table
       0 file pointer to line numbers
       0 number of relocations
       0 number of line numbers
40000040 flags
         Initialized Data
         Read Only

  Debug Directories

        Time Type        Size      RVA  Pointer
    -------- ------- -------- -------- --------
    6AC8AA34 coffgrp      418 0012F60C   12E40C

SECTION HEADER #3
   .data name
    6EF4 virtual size
  149000 virtual address (0000000140149000 to 000000014014FEF3)
    5400 size of raw data
  147A00 file pointer to raw data (00147A00 to 0014CDFF)
       0 file pointer to relocation table
       0 file pointer to line numbers
       0 number of relocations
       0 number of line numbers
C0000040 flags
         Initialized Data
         Read Write

SECTION HEADER #4
  .pdata name
    7D64 virtual size
  150000 virtual address (0000000140150000 to 0000000140157D63)
    7E00 size of raw data
  14CE00 file pointer to raw data (0014CE00 to 00154BFF)
       0 file pointer to relocation table
       0 file pointer to line numbers
       0 number of relocations
       0 number of line numbers
40000040 flags
         Initialized Data
         Read Only

SECTION HEADER #5
   .rsrc name
     1C8 virtual size
  158000 virtual address (0000000140158000 to 00000001401581C7)
     200 size of raw data
  154C00 file pointer to raw data (00154C00 to 00154DFF)
       0 file pointer to relocation table
       0 file pointer to line numbers
       0 number of relocations
       0 number of line numbers
40000040 flags
         Initialized Data
         Read Only

SECTION HEADER #6
  .reloc name
     E2C virtual size
  159000 virtual address (0000000140159000 to 0000000140159E2B)
    1000 size of raw data
  154E00 file pointer to raw data (00154E00 to 00155DFF)
       0 file pointer to relocation table
       0 file pointer to line numbers
       0 number of relocations
       0 number of line numbers
42000040 flags
         Initialized Data
         Discardable
         Read Only

  Summary

        7000 .data
        8000 .pdata
       44000 .rdata
        1000 .reloc
        1000 .rsrc
      104000 .text
