Test project D:/Projects/DiskEd/disked/.aide-local/goal-0.1.0/clean-report-watch-6a69c447/build/windows-bootstrap
      Start  1: operation.directory_pins
 1/66 Test  #1: operation.directory_pins ...........   Passed    0.48 sec
      Start  2: evidence.acquisition_export
 2/66 Test  #2: evidence.acquisition_export ........   Passed    4.15 sec
      Start  3: evidence.report_worker
 3/66 Test  #3: evidence.report_worker .............   Passed   23.23 sec
      Start  4: evidence.export_commands
 4/66 Test  #4: evidence.export_commands ...........   Passed    9.85 sec
      Start  5: evidence.report_watch
 5/66 Test  #5: evidence.report_watch ..............   Passed   20.52 sec
      Start  6: evidence.acquisition_case
 6/66 Test  #6: evidence.acquisition_case ..........   Passed    7.78 sec
      Start  7: evidence.export_model
 7/66 Test  #7: evidence.export_model ..............   Passed    1.71 sec
      Start  8: evidence.file_export
 8/66 Test  #8: evidence.file_export ...............   Passed    9.87 sec
      Start  9: evidence.case_model
 9/66 Test  #9: evidence.case_model ................   Passed    3.75 sec
      Start 10: health.observation_model
10/66 Test #10: health.observation_model ...........   Passed    0.27 sec
      Start 11: health.command
11/66 Test #11: health.command .....................   Passed    2.93 sec
      Start 12: journal.semantic_reader
12/66 Test #12: journal.semantic_reader ............   Passed   13.32 sec
      Start 13: journal.guarded_model
13/66 Test #13: journal.guarded_model ..............   Passed    2.03 sec
      Start 14: journal.model_binary_producer
14/66 Test #14: journal.model_binary_producer ......   Passed    2.70 sec
      Start 15: journal.repeated_crash_audit
15/66 Test #15: journal.repeated_crash_audit .......   Passed    4.10 sec
      Start 16: journal.plan_definitions
16/66 Test #16: journal.plan_definitions ...........   Passed    0.35 sec
      Start 17: journal.binary_codec
17/66 Test #17: journal.binary_codec ...............   Passed    0.26 sec
      Start 18: frontend.acquisition_forms
18/66 Test #18: frontend.acquisition_forms .........   Passed    2.50 sec
      Start 19: frontend.acquisition_interactive
19/66 Test #19: frontend.acquisition_interactive ...   Passed   38.47 sec
      Start 20: image.acquisition_commands
20/66 Test #20: image.acquisition_commands .........   Passed   17.24 sec
      Start 21: image.acquisition_operations
21/66 Test #21: image.acquisition_operations .......   Passed   11.00 sec
      Start 22: image.acquisition_worker
22/66 Test #22: image.acquisition_worker ...........   Passed   28.00 sec
      Start 23: image.file_acquisition
23/66 Test #23: image.file_acquisition .............   Passed   20.68 sec
      Start 24: image.parent_pins
24/66 Test #24: image.parent_pins ..................   Passed    2.02 sec
      Start 25: image.acquisition_pipeline
25/66 Test #25: image.acquisition_pipeline .........   Passed    4.83 sec
      Start 26: image.shared_commands
26/66 Test #26: image.shared_commands ..............   Passed   18.50 sec
      Start 27: image.file_capture
27/66 Test #27: image.file_capture .................   Passed    3.50 sec
      Start 28: image.map_observation
28/66 Test #28: image.map_observation ..............   Passed    1.55 sec
      Start 29: portable.gpt
29/66 Test #29: portable.gpt .......................   Passed    3.35 sec
      Start 30: portable.gpt_guard
30/66 Test #30: portable.gpt_guard .................   Passed    0.02 sec
      Start 31: portable.mbr_ebr
31/66 Test #31: portable.mbr_ebr ...................   Passed    1.18 sec
      Start 32: portable.mbr_guard
32/66 Test #32: portable.mbr_guard .................   Passed    0.02 sec
      Start 33: portable.checked
33/66 Test #33: portable.checked ...................   Passed    0.31 sec
      Start 34: portable.c_cpp_linkage
34/66 Test #34: portable.c_cpp_linkage .............   Passed    0.04 sec
      Start 35: operation.watch_reader
35/66 Test #35: operation.watch_reader .............   Passed    0.40 sec
      Start 36: resilience.capture
36/66 Test #36: resilience.capture .................   Passed    0.50 sec
      Start 37: resilience.request_channel
37/66 Test #37: resilience.request_channel .........   Passed    0.95 sec
      Start 38: shell.model
38/66 Test #38: shell.model ........................   Passed    1.35 sec
      Start 39: operation.reducer
39/66 Test #39: operation.reducer ..................   Passed    0.76 sec
      Start 40: frontend.gui_model
40/66 Test #40: frontend.gui_model .................   Passed    0.53 sec
      Start 41: frontend.gui_windows
41/66 Test #41: frontend.gui_windows ...............   Passed    2.29 sec
      Start 42: frontend.tui_model
42/66 Test #42: frontend.tui_model .................   Passed    0.43 sec
      Start 43: frontend.tui_windows
43/66 Test #43: frontend.tui_windows ...............   Passed    3.77 sec
      Start 44: shell.windows
44/66 Test #44: shell.windows ......................   Passed    6.40 sec
      Start 45: frontend.service
45/66 Test #45: frontend.service ...................   Passed    0.38 sec
      Start 46: frontend.transport
46/66 Test #46: frontend.transport .................   Passed    1.26 sec
      Start 47: invocation.policy
47/66 Test #47: invocation.policy ..................   Passed    5.70 sec
      Start 48: protocol.compatible_reader
48/66 Test #48: protocol.compatible_reader .........   Passed    0.76 sec
      Start 49: command.syntax
49/66 Test #49: command.syntax .....................   Passed   10.56 sec
      Start 50: protocol.json_codec
50/66 Test #50: protocol.json_codec ................   Passed    2.93 sec
      Start 51: operation.watch
51/66 Test #51: operation.watch ....................   Passed   30.95 sec
      Start 52: resilience.capture_campaign
52/66 Test #52: resilience.capture_campaign ........   Passed    9.11 sec
      Start 53: resilience.frontend_memory
53/66 Test #53: resilience.frontend_memory .........   Passed    6.97 sec
      Start 54: resilience.store_failures
54/66 Test #54: resilience.store_failures ..........   Passed   16.47 sec
      Start 55: resilience.request_waiting
55/66 Test #55: resilience.request_waiting .........   Passed   19.50 sec
      Start 56: resilience.output_waiting
56/66 Test #56: resilience.output_waiting ..........   Passed   17.68 sec
      Start 57: operation.worker
57/66 Test #57: operation.worker ...................   Passed   20.54 sec
      Start 58: resilience.gui_waiting
58/66 Test #58: resilience.gui_waiting .............   Passed    6.31 sec
      Start 59: resilience.console_waiting
59/66 Test #59: resilience.console_waiting .........   Passed   12.58 sec
      Start 60: resilience.worker_budget
60/66 Test #60: resilience.worker_budget ...........   Passed    8.15 sec
      Start 61: disked.invocation
61/66 Test #61: disked.invocation ..................   Passed    1.33 sec
      Start 62: disked.acceptance
62/66 Test #62: disked.acceptance ..................   Passed    2.75 sec
      Start 63: disked_provider_guard.invocation
63/66 Test #63: disked_provider_guard.invocation ...   Passed    1.51 sec
      Start 64: disked_provider_guard.acceptance
64/66 Test #64: disked_provider_guard.acceptance ...   Passed    2.88 sec
      Start 65: provider_guard.positive_control
65/66 Test #65: provider_guard.positive_control ....   Passed    0.12 sec
      Start 66: artifacts.archive_completeness
66/66 Test #66: artifacts.archive_completeness .....   Passed    1.38 sec

100% tests passed, 0 tests failed out of 66

Total Test time (real) = 457.74 sec
