Microsoft (R) COFF/PE Dumper Version 14.44.35228.0
Copyright (C) Microsoft Corporation.  All rights reserved.


Dump of file D:\Projects\DiskEd\disked\.aide-local\goal-0.1.0\clean-report-watch-6a69c447\build\windows-bootstrap\Release\export_command_probe.exe

PE signature found

File Type: EXECUTABLE IMAGE

FILE HEADER VALUES
            8664 machine (x64)
               6 number of sections
        6AC8AA0E time date stamp Fri Oct  9 19:47:10 2026
               0 file pointer to symbol table
               0 number of symbols
              F0 size of optional header
              22 characteristics
                   Executable
                   Application can handle large (>2GB) addresses

OPTIONAL HEADER VALUES
             20B magic # (PE32+)
           14.44 linker version
           8D600 size of code
           3A800 size of initialized data
               0 size of uninitialized data
           69B50 entry point (0000000140069B50)
            1000 base of code
       140000000 image base (0000000140000000 to 00000001400CAFFF)
            1000 section alignment
             200 file alignment
            6.00 operating system version
            0.00 image version
            6.00 subsystem version
               0 Win32 version
           CB000 size of image
             400 size of headers
               0 checksum
               3 subsystem (Windows CUI)
            C160 DLL characteristics
                   High Entropy Virtual Addresses
                   Dynamic base
                   NX compatible
                   Control Flow Guard
                   Terminal Server Aware
          100000 size of stack reserve
            1000 size of stack commit
          100000 size of heap reserve
            1000 size of heap commit
               0 loader flags
              10 number of directories
               0 [       0] RVA [size] of Export Directory
           BED9C [      28] RVA [size] of Import Directory
           C9000 [     1E0] RVA [size] of Resource Directory
           C4000 [    4C5C] RVA [size] of Exception Directory
               0 [       0] RVA [size] of Certificates Directory
           CA000 [     AE0] RVA [size] of Base Relocation Directory
           B0150 [      1C] RVA [size] of Debug Directory
               0 [       0] RVA [size] of Architecture Directory
               0 [       0] RVA [size] of Global Pointer Directory
           B0300 [      28] RVA [size] of Thread Storage Directory
           B0010 [     140] RVA [size] of Load Configuration Directory
               0 [       0] RVA [size] of Bound Import Directory
           8F000 [     3A8] RVA [size] of Import Address Table Directory
               0 [       0] RVA [size] of Delay Import Directory
               0 [       0] RVA [size] of COM Descriptor Directory
               0 [       0] RVA [size] of Reserved Directory


SECTION HEADER #1
   .text name
   8D5CC virtual size
    1000 virtual address (0000000140001000 to 000000014008E5CB)
   8D600 size of raw data
     400 file pointer to raw data (00000400 to 0008D9FF)
       0 file pointer to relocation table
       0 file pointer to line numbers
       0 number of relocations
       0 number of line numbers
60000020 flags
         Code
         Execute Read

SECTION HEADER #2
  .rdata name
   30A8C virtual size
   8F000 virtual address (000000014008F000 to 00000001400BFA8B)
   30C00 size of raw data
   8DA00 file pointer to raw data (0008DA00 to 000BE5FF)
       0 file pointer to relocation table
       0 file pointer to line numbers
       0 number of relocations
       0 number of line numbers
40000040 flags
         Initialized Data
         Read Only

  Debug Directories

        Time Type        Size      RVA  Pointer
    -------- ------- -------- -------- --------
    6AC8AA0E coffgrp      418 000B2388    B0D88

SECTION HEADER #3
   .data name
    3EA0 virtual size
   C0000 virtual address (00000001400C0000 to 00000001400C3E9F)
    2800 size of raw data
   BE600 file pointer to raw data (000BE600 to 000C0DFF)
       0 file pointer to relocation table
       0 file pointer to line numbers
       0 number of relocations
       0 number of line numbers
C0000040 flags
         Initialized Data
         Read Write

SECTION HEADER #4
  .pdata name
    4C5C virtual size
   C4000 virtual address (00000001400C4000 to 00000001400C8C5B)
    4E00 size of raw data
   C0E00 file pointer to raw data (000C0E00 to 000C5BFF)
       0 file pointer to relocation table
       0 file pointer to line numbers
       0 number of relocations
       0 number of line numbers
40000040 flags
         Initialized Data
         Read Only

SECTION HEADER #5
   .rsrc name
     1E0 virtual size
   C9000 virtual address (00000001400C9000 to 00000001400C91DF)
     200 size of raw data
   C5C00 file pointer to raw data (000C5C00 to 000C5DFF)
       0 file pointer to relocation table
       0 file pointer to line numbers
       0 number of relocations
       0 number of line numbers
40000040 flags
         Initialized Data
         Read Only

SECTION HEADER #6
  .reloc name
     AE0 virtual size
   CA000 virtual address (00000001400CA000 to 00000001400CAADF)
     C00 size of raw data
   C5E00 file pointer to raw data (000C5E00 to 000C69FF)
       0 file pointer to relocation table
       0 file pointer to line numbers
       0 number of relocations
       0 number of line numbers
42000040 flags
         Initialized Data
         Discardable
         Read Only

  Summary

        4000 .data
        5000 .pdata
       31000 .rdata
        1000 .reloc
        1000 .rsrc
       8E000 .text
