Test project D:/Projects/DiskEd/disked/.aide-local/goal-0.1.0/clean-image-collection-9a3a1b38/build/windows-bootstrap
      Start  1: frontend.product_export
 1/72 Test  #1: frontend.product_export ...................   Passed   11.99 sec
      Start  2: frontend.gui_capture
 2/72 Test  #2: frontend.gui_capture ......................   Passed    0.82 sec
      Start  3: evidence.report_process_identity
 3/72 Test  #3: evidence.report_process_identity ..........   Passed    3.29 sec
      Start  4: operation.directory_pins
 4/72 Test  #4: operation.directory_pins ..................   Passed    0.35 sec
      Start  5: evidence.acquisition_export
 5/72 Test  #5: evidence.acquisition_export ...............   Passed    2.81 sec
      Start  6: evidence.report_worker
 6/72 Test  #6: evidence.report_worker ....................   Passed   19.77 sec
      Start  7: evidence.export_commands
 7/72 Test  #7: evidence.export_commands ..................   Passed    8.70 sec
      Start  8: evidence.report_watch
 8/72 Test  #8: evidence.report_watch .....................   Passed   19.02 sec
      Start  9: evidence.acquisition_case
 9/72 Test  #9: evidence.acquisition_case .................   Passed    7.63 sec
      Start 10: evidence.export_model
10/72 Test #10: evidence.export_model .....................   Passed    1.62 sec
      Start 11: evidence.file_export
11/72 Test #11: evidence.file_export ......................   Passed    9.83 sec
      Start 12: evidence.acquired_image_verification
12/72 Test #12: evidence.acquired_image_verification ......   Passed    3.01 sec
      Start 13: evidence.image_verification_observation
13/72 Test #13: evidence.image_verification_observation ...   Passed    3.76 sec
      Start 14: evidence.image_verification_collection
14/72 Test #14: evidence.image_verification_collection ....   Passed    5.87 sec
      Start 15: evidence.case_model
15/72 Test #15: evidence.case_model .......................   Passed    3.46 sec
      Start 16: health.observation_model
16/72 Test #16: health.observation_model ..................   Passed    0.26 sec
      Start 17: health.command
17/72 Test #17: health.command ............................   Passed    2.81 sec
      Start 18: journal.semantic_reader
18/72 Test #18: journal.semantic_reader ...................   Passed   12.66 sec
      Start 19: journal.guarded_model
19/72 Test #19: journal.guarded_model .....................   Passed    1.86 sec
      Start 20: journal.model_binary_producer
20/72 Test #20: journal.model_binary_producer .............   Passed    2.56 sec
      Start 21: journal.repeated_crash_audit
21/72 Test #21: journal.repeated_crash_audit ..............   Passed    4.06 sec
      Start 22: journal.plan_definitions
22/72 Test #22: journal.plan_definitions ..................   Passed    0.35 sec
      Start 23: journal.binary_codec
23/72 Test #23: journal.binary_codec ......................   Passed    0.26 sec
      Start 24: frontend.acquisition_forms
24/72 Test #24: frontend.acquisition_forms ................   Passed    2.43 sec
      Start 25: frontend.acquisition_interactive
25/72 Test #25: frontend.acquisition_interactive ..........   Passed   35.31 sec
      Start 26: image.acquisition_commands
26/72 Test #26: image.acquisition_commands ................   Passed   17.05 sec
      Start 27: image.acquisition_operations
27/72 Test #27: image.acquisition_operations ..............   Passed   10.70 sec
      Start 28: image.acquisition_worker
28/72 Test #28: image.acquisition_worker ..................   Passed   25.45 sec
      Start 29: image.file_acquisition
29/72 Test #29: image.file_acquisition ....................   Passed   21.98 sec
      Start 30: image.parent_pins
30/72 Test #30: image.parent_pins .........................   Passed    0.97 sec
      Start 31: image.acquisition_pipeline
31/72 Test #31: image.acquisition_pipeline ................   Passed    4.65 sec
      Start 32: image.shared_commands
32/72 Test #32: image.shared_commands .....................   Passed   18.22 sec
      Start 33: image.file_capture
33/72 Test #33: image.file_capture ........................   Passed    3.45 sec
      Start 34: image.map_observation
34/72 Test #34: image.map_observation .....................   Passed    1.50 sec
      Start 35: portable.gpt
35/72 Test #35: portable.gpt ..............................   Passed    3.27 sec
      Start 36: portable.gpt_guard
36/72 Test #36: portable.gpt_guard ........................   Passed    0.02 sec
      Start 37: portable.mbr_ebr
37/72 Test #37: portable.mbr_ebr ..........................   Passed    1.18 sec
      Start 38: portable.mbr_guard
38/72 Test #38: portable.mbr_guard ........................   Passed    0.02 sec
      Start 39: portable.checked
39/72 Test #39: portable.checked ..........................   Passed    0.30 sec
      Start 40: portable.c_cpp_linkage
40/72 Test #40: portable.c_cpp_linkage ....................   Passed    0.04 sec
      Start 41: operation.watch_reader
41/72 Test #41: operation.watch_reader ....................   Passed    0.40 sec
      Start 42: resilience.capture
42/72 Test #42: resilience.capture ........................   Passed    0.48 sec
      Start 43: resilience.request_channel
43/72 Test #43: resilience.request_channel ................   Passed    0.96 sec
      Start 44: shell.model
44/72 Test #44: shell.model ...............................   Passed    1.27 sec
      Start 45: operation.reducer
45/72 Test #45: operation.reducer .........................   Passed    0.72 sec
      Start 46: frontend.gui_model
46/72 Test #46: frontend.gui_model ........................   Passed    0.51 sec
      Start 47: frontend.gui_windows
47/72 Test #47: frontend.gui_windows ......................   Passed    2.25 sec
      Start 48: frontend.tui_model
48/72 Test #48: frontend.tui_model ........................   Passed    0.39 sec
      Start 49: frontend.tui_windows
49/72 Test #49: frontend.tui_windows ......................   Passed    3.58 sec
      Start 50: shell.windows
50/72 Test #50: shell.windows .............................   Passed    6.22 sec
      Start 51: frontend.service
51/72 Test #51: frontend.service ..........................   Passed    0.36 sec
      Start 52: frontend.transport
52/72 Test #52: frontend.transport ........................   Passed    1.17 sec
      Start 53: invocation.policy
53/72 Test #53: invocation.policy .........................   Passed    5.37 sec
      Start 54: protocol.compatible_reader
54/72 Test #54: protocol.compatible_reader ................   Passed    0.71 sec
      Start 55: command.syntax
55/72 Test #55: command.syntax ............................   Passed    9.72 sec
      Start 56: protocol.json_codec
56/72 Test #56: protocol.json_codec .......................   Passed    2.69 sec
      Start 57: operation.watch
57/72 Test #57: operation.watch ...........................   Passed   30.85 sec
      Start 58: resilience.capture_campaign
58/72 Test #58: resilience.capture_campaign ...............   Passed    9.09 sec
      Start 59: resilience.frontend_memory
59/72 Test #59: resilience.frontend_memory ................   Passed    6.99 sec
      Start 60: resilience.store_failures
60/72 Test #60: resilience.store_failures .................   Passed   16.49 sec
      Start 61: resilience.request_waiting
61/72 Test #61: resilience.request_waiting ................   Passed   19.49 sec
      Start 62: resilience.output_waiting
62/72 Test #62: resilience.output_waiting .................   Passed   17.59 sec
      Start 63: operation.worker
63/72 Test #63: operation.worker ..........................   Passed   20.57 sec
      Start 64: resilience.gui_waiting
64/72 Test #64: resilience.gui_waiting ....................   Passed    6.32 sec
      Start 65: resilience.console_waiting
65/72 Test #65: resilience.console_waiting ................   Passed   12.70 sec
      Start 66: resilience.worker_budget
66/72 Test #66: resilience.worker_budget ..................   Passed    8.16 sec
      Start 67: disked.invocation
67/72 Test #67: disked.invocation .........................   Passed    1.29 sec
      Start 68: disked.acceptance
68/72 Test #68: disked.acceptance .........................   Passed    2.72 sec
      Start 69: disked_provider_guard.invocation
69/72 Test #69: disked_provider_guard.invocation ..........   Passed    1.35 sec
      Start 70: disked_provider_guard.acceptance
70/72 Test #70: disked_provider_guard.acceptance ..........   Passed    2.82 sec
      Start 71: provider_guard.positive_control
71/72 Test #71: provider_guard.positive_control ...........   Passed    0.11 sec
      Start 72: artifacts.archive_completeness
72/72 Test #72: artifacts.archive_completeness ............   Passed    1.34 sec

100% tests passed, 0 tests failed out of 72

Total Test time (real) = 468.00 sec
