Microsoft (R) COFF/PE Dumper Version 14.44.35228.0
Copyright (C) Microsoft Corporation.  All rights reserved.


Dump of file D:\Projects\DiskEd\disked\.aide-local\goal-0.1.0\clean-image-collection-9a3a1b38\build\windows-bootstrap\Release\image_verification_observation_probe.exe

PE signature found

File Type: EXECUTABLE IMAGE

FILE HEADER VALUES
            8664 machine (x64)
               6 number of sections
        6AC8F9D1 time date stamp Sat Oct 10 01:27:29 2026
               0 file pointer to symbol table
               0 number of symbols
              F0 size of optional header
              22 characteristics
                   Executable
                   Application can handle large (>2GB) addresses

OPTIONAL HEADER VALUES
             20B magic # (PE32+)
           14.44 linker version
           52600 size of code
           1DC00 size of initialized data
               0 size of uninitialized data
           3B140 entry point (000000014003B140)
            1000 base of code
       140000000 image base (0000000140000000 to 0000000140074FFF)
            1000 section alignment
             200 file alignment
            6.00 operating system version
            0.00 image version
            6.00 subsystem version
               0 Win32 version
           75000 size of image
             400 size of headers
               0 checksum
               3 subsystem (Windows CUI)
            C160 DLL characteristics
                   High Entropy Virtual Addresses
                   Dynamic base
                   NX compatible
                   Control Flow Guard
                   Terminal Server Aware
          100000 size of stack reserve
            1000 size of stack commit
          100000 size of heap reserve
            1000 size of heap commit
               0 loader flags
              10 number of directories
               0 [       0] RVA [size] of Export Directory
           6B74C [      28] RVA [size] of Import Directory
           73000 [     1E0] RVA [size] of Resource Directory
           70000 [    2D6C] RVA [size] of Exception Directory
               0 [       0] RVA [size] of Certificates Directory
           74000 [     75C] RVA [size] of Base Relocation Directory
           62210 [      1C] RVA [size] of Debug Directory
               0 [       0] RVA [size] of Architecture Directory
               0 [       0] RVA [size] of Global Pointer Directory
               0 [       0] RVA [size] of Thread Storage Directory
           620D0 [     140] RVA [size] of Load Configuration Directory
               0 [       0] RVA [size] of Bound Import Directory
           54000 [     2B8] RVA [size] of Import Address Table Directory
               0 [       0] RVA [size] of Delay Import Directory
               0 [       0] RVA [size] of COM Descriptor Directory
               0 [       0] RVA [size] of Reserved Directory


SECTION HEADER #1
   .text name
   52526 virtual size
    1000 virtual address (0000000140001000 to 0000000140053525)
   52600 size of raw data
     400 file pointer to raw data (00000400 to 000529FF)
       0 file pointer to relocation table
       0 file pointer to line numbers
       0 number of relocations
       0 number of line numbers
60000020 flags
         Code
         Execute Read

SECTION HEADER #2
  .rdata name
   1809E virtual size
   54000 virtual address (0000000140054000 to 000000014006C09D)
   18200 size of raw data
   52A00 file pointer to raw data (00052A00 to 0006ABFF)
       0 file pointer to relocation table
       0 file pointer to line numbers
       0 number of relocations
       0 number of line numbers
40000040 flags
         Initialized Data
         Read Only

  Debug Directories

        Time Type        Size      RVA  Pointer
    -------- ------- -------- -------- --------
    6AC8F9D1 coffgrp      380 000631B4    61BB4

SECTION HEADER #3
   .data name
    21D0 virtual size
   6D000 virtual address (000000014006D000 to 000000014006F1CF)
    1200 size of raw data
   6AC00 file pointer to raw data (0006AC00 to 0006BDFF)
       0 file pointer to relocation table
       0 file pointer to line numbers
       0 number of relocations
       0 number of line numbers
C0000040 flags
         Initialized Data
         Read Write

SECTION HEADER #4
  .pdata name
    2D6C virtual size
   70000 virtual address (0000000140070000 to 0000000140072D6B)
    2E00 size of raw data
   6BE00 file pointer to raw data (0006BE00 to 0006EBFF)
       0 file pointer to relocation table
       0 file pointer to line numbers
       0 number of relocations
       0 number of line numbers
40000040 flags
         Initialized Data
         Read Only

SECTION HEADER #5
   .rsrc name
     1E0 virtual size
   73000 virtual address (0000000140073000 to 00000001400731DF)
     200 size of raw data
   6EC00 file pointer to raw data (0006EC00 to 0006EDFF)
       0 file pointer to relocation table
       0 file pointer to line numbers
       0 number of relocations
       0 number of line numbers
40000040 flags
         Initialized Data
         Read Only

SECTION HEADER #6
  .reloc name
     75C virtual size
   74000 virtual address (0000000140074000 to 000000014007475B)
     800 size of raw data
   6EE00 file pointer to raw data (0006EE00 to 0006F5FF)
       0 file pointer to relocation table
       0 file pointer to line numbers
       0 number of relocations
       0 number of line numbers
42000040 flags
         Initialized Data
         Discardable
         Read Only

  Summary

        3000 .data
        3000 .pdata
       19000 .rdata
        1000 .reloc
        1000 .rsrc
       53000 .text
