Start testing: Oct 06 22:19 AUS Eastern Daylight Time
----------------------------------------------------------
1/13 Testing: frontend.tui_model
1/13 Test: frontend.tui_model
Command: "C:/Users/Jules/AppData/Local/Python/pythoncore-3.14-64/python.exe" "D:/Projects/DiskEd/disked/.aide-local/goal-0.1.0/clean-5012d858/tests/frontend/test_tui_model.py" "--probe" "D:/Projects/DiskEd/disked/.aide-local/goal-0.1.0/clean-5012d858/build/windows-bootstrap/Release/tui_model_probe.exe" "--exe" "D:/Projects/DiskEd/disked/.aide-local/goal-0.1.0/clean-5012d858/build/windows-bootstrap/Release/disked.exe"
Directory: D:/Projects/DiskEd/disked/.aide-local/goal-0.1.0/clean-5012d858/build/windows-bootstrap
"frontend.tui_model" start time: Oct 06 22:19 AUS Eastern Daylight Time
Output:
----------------------------------------------------------
test_command_explorer_availability_and_focus_remain_visible (__main__.Model.test_command_explorer_availability_and_focus_remain_visible) ... ok
test_graph_command_parity_for_both_renderers (__main__.Model.test_graph_command_parity_for_both_renderers) ... ok
test_inspection_and_stable_selection_are_service_results (__main__.Model.test_inspection_and_stable_selection_are_service_results) ... ok
test_linear_output_is_complete_and_small_layout_does_not_change_outcomes (__main__.Model.test_linear_output_is_complete_and_small_layout_does_not_change_outcomes) ... ok
test_orderly_quit_stops_later_actions (__main__.Model.test_orderly_quit_stops_later_actions) ... ok
test_paste_enter_repeat_and_navigation_do_not_submit (__main__.Model.test_paste_enter_repeat_and_navigation_do_not_submit) ... ok
test_staged_review_cannot_silently_rebase (__main__.Model.test_staged_review_cannot_silently_rebase) ... ok
test_typed_unicode_editing_bounds_and_field_navigation (__main__.Model.test_typed_unicode_editing_bounds_and_field_navigation) ... ok

----------------------------------------------------------------------
Ran 8 tests in 1.102s

OK
<end of output>
Test time =   1.20 sec
----------------------------------------------------------
Test Passed.
"frontend.tui_model" end time: Oct 06 22:19 AUS Eastern Daylight Time
"frontend.tui_model" time elapsed: 00:00:01
----------------------------------------------------------

2/13 Testing: frontend.tui_windows
2/13 Test: frontend.tui_windows
Command: "C:/Users/Jules/AppData/Local/Python/pythoncore-3.14-64/python.exe" "D:/Projects/DiskEd/disked/.aide-local/goal-0.1.0/clean-5012d858/tests/frontend/test_tui_windows.py" "--exe" "D:/Projects/DiskEd/disked/.aide-local/goal-0.1.0/clean-5012d858/build/windows-bootstrap/Release/disked.exe" "--guard" "D:/Projects/DiskEd/disked/.aide-local/goal-0.1.0/clean-5012d858/build/windows-bootstrap/Release/disked_provider_guard.exe" "--fault" "D:/Projects/DiskEd/disked/.aide-local/goal-0.1.0/clean-5012d858/build/windows-bootstrap/Release/disked_tui_fault.exe" "--root" "D:/Projects/DiskEd/disked/.aide-local/goal-0.1.0/clean-5012d858"
Directory: D:/Projects/DiskEd/disked/.aide-local/goal-0.1.0/clean-5012d858/build/windows-bootstrap
"frontend.tui_windows" start time: Oct 06 22:19 AUS Eastern Daylight Time
Output:
----------------------------------------------------------
test_active_buffer_restored_when_stdout_is_another_buffer (__main__.WindowsTui.test_active_buffer_restored_when_stdout_is_another_buffer) ... ok
test_caught_failure_restores_owned_state (__main__.WindowsTui.test_caught_failure_restores_owned_state) ... ok
test_ctrl_c_key_event_restores_caller (__main__.WindowsTui.test_ctrl_c_key_event_restores_caller) ... ok
test_ctrl_c_restores_caller (__main__.WindowsTui.test_ctrl_c_restores_caller) ... ok
test_explicit_linear_inventory (__main__.WindowsTui.test_explicit_linear_inventory) ... ok
test_forced_screen_refuses_small_channel (__main__.WindowsTui.test_forced_screen_refuses_small_channel) ... ok
test_mode_explanation_retains_explicit_linear_preference (__main__.WindowsTui.test_mode_explanation_retains_explicit_linear_preference) ... ok
test_resize_preserves_complete_linear_results (__main__.WindowsTui.test_resize_preserves_complete_linear_results) ... ok
test_screen_navigation_forms_repeat_and_layout_switch (__main__.WindowsTui.test_screen_navigation_forms_repeat_and_layout_switch) ... ok
test_small_terminal_auto_linear (__main__.WindowsTui.test_small_terminal_auto_linear) ... ok
test_startup_terminal_capabilities_are_honest_on_pipes (__main__.WindowsTui.test_startup_terminal_capabilities_are_honest_on_pipes) ... ok
test_typed_form_paste_is_inert_until_explicit_review (__main__.WindowsTui.test_typed_form_paste_is_inert_until_explicit_review) ... ok
test_unavailable_channels_help_and_conflicts_are_static (__main__.WindowsTui.test_unavailable_channels_help_and_conflicts_are_static) ... ok
test_unrelated_mode_change_is_preserved (__main__.WindowsTui.test_unrelated_mode_change_is_preserved) ... ok
test_wrong_input_role_refused_before_provider_initialization (__main__.WindowsTui.test_wrong_input_role_refused_before_provider_initialization) ... ok

----------------------------------------------------------------------
Ran 15 tests in 3.198s

OK
<end of output>
Test time =   3.30 sec
----------------------------------------------------------
Test Passed.
"frontend.tui_windows" end time: Oct 06 22:19 AUS Eastern Daylight Time
"frontend.tui_windows" time elapsed: 00:00:03
----------------------------------------------------------

3/13 Testing: frontend.service
3/13 Test: frontend.service
Command: "C:/Users/Jules/AppData/Local/Python/pythoncore-3.14-64/python.exe" "D:/Projects/DiskEd/disked/.aide-local/goal-0.1.0/clean-5012d858/tests/frontend/test_service.py" "--probe" "D:/Projects/DiskEd/disked/.aide-local/goal-0.1.0/clean-5012d858/build/windows-bootstrap/Release/frontend_service_probe.exe"
Directory: D:/Projects/DiskEd/disked/.aide-local/goal-0.1.0/clean-5012d858/build/windows-bootstrap
"frontend.service" start time: Oct 06 22:19 AUS Eastern Daylight Time
Output:
----------------------------------------------------------
test_cached_observations_and_capability_denials (__main__.Service.test_cached_observations_and_capability_denials) ... ok
test_display_escapes_without_losing_original_values (__main__.Service.test_display_escapes_without_losing_original_values) ... ok
test_initial_partial_graph_cycles_clones_and_revision (__main__.Service.test_initial_partial_graph_cycles_clones_and_revision) ... ok
test_invalid_refresh_does_not_publish_or_lose_selection (__main__.Service.test_invalid_refresh_does_not_publish_or_lose_selection) ... ok
test_retained_snapshot_refresh_epoch_and_stale_actions (__main__.Service.test_retained_snapshot_refresh_epoch_and_stale_actions) ... ok
test_retired_identity_cannot_be_reused_and_history_is_bounded (__main__.Service.test_retired_identity_cannot_be_reused_and_history_is_bounded) ... ok
test_selection_survives_reorder_removal_and_replacement (__main__.Service.test_selection_survives_reorder_removal_and_replacement) ... ok
test_sha256_vectors_padding_boundaries_and_random_values (__main__.Service.test_sha256_vectors_padding_boundaries_and_random_values) ... ok
test_total_graph_bytes_are_bounded_before_publication (__main__.Service.test_total_graph_bytes_are_bounded_before_publication) ... ok

----------------------------------------------------------------------
Ran 9 tests in 0.351s

OK
<end of output>
Test time =   0.45 sec
----------------------------------------------------------
Test Passed.
"frontend.service" end time: Oct 06 22:19 AUS Eastern Daylight Time
"frontend.service" time elapsed: 00:00:00
----------------------------------------------------------

4/13 Testing: frontend.transport
4/13 Test: frontend.transport
Command: "C:/Users/Jules/AppData/Local/Python/pythoncore-3.14-64/python.exe" "D:/Projects/DiskEd/disked/.aide-local/goal-0.1.0/clean-5012d858/tests/frontend/test_transport.py" "--exe" "D:/Projects/DiskEd/disked/.aide-local/goal-0.1.0/clean-5012d858/build/windows-bootstrap/Release/disked.exe" "--guard" "D:/Projects/DiskEd/disked/.aide-local/goal-0.1.0/clean-5012d858/build/windows-bootstrap/Release/disked_provider_guard.exe" "--probe" "D:/Projects/DiskEd/disked/.aide-local/goal-0.1.0/clean-5012d858/build/windows-bootstrap/Release/frontend_service_probe.exe" "--root" "D:/Projects/DiskEd/disked/.aide-local/goal-0.1.0/clean-5012d858"
Directory: D:/Projects/DiskEd/disked/.aide-local/goal-0.1.0/clean-5012d858/build/windows-bootstrap
"frontend.transport" start time: Oct 06 22:19 AUS Eastern Daylight Time
Output:
----------------------------------------------------------
test_bad_arguments_and_envelopes_do_not_initialize_provider (__main__.Transport.test_bad_arguments_and_envelopes_do_not_initialize_provider) ... ok
test_direct_and_transport_refusals_match (__main__.Transport.test_direct_and_transport_refusals_match) ... ok
test_direct_argv_and_transport_share_results (__main__.Transport.test_direct_argv_and_transport_share_results) ... ok
test_revisions_refusals_and_ndjson_session_continue (__main__.Transport.test_revisions_refusals_and_ndjson_session_continue) ... ok
test_terminal_view_is_lossless_ascii_and_machine_preserves_utf8 (__main__.Transport.test_terminal_view_is_lossless_ascii_and_machine_preserves_utf8) ... ok
test_unknown_targets_not_resolved_by_alias_or_row_and_no_mutation (__main__.Transport.test_unknown_targets_not_resolved_by_alias_or_row_and_no_mutation) ... ok

----------------------------------------------------------------------
Ran 6 tests in 0.976s

OK
<end of output>
Test time =   1.08 sec
----------------------------------------------------------
Test Passed.
"frontend.transport" end time: Oct 06 22:19 AUS Eastern Daylight Time
"frontend.transport" time elapsed: 00:00:01
----------------------------------------------------------

5/13 Testing: invocation.policy
5/13 Test: invocation.policy
Command: "C:/Users/Jules/AppData/Local/Python/pythoncore-3.14-64/python.exe" "D:/Projects/DiskEd/disked/.aide-local/goal-0.1.0/clean-5012d858/tests/invocation/test_policy.py" "--exe" "D:/Projects/DiskEd/disked/.aide-local/goal-0.1.0/clean-5012d858/build/windows-bootstrap/Release/invocation_policy_probe.exe" "--root" "D:/Projects/DiskEd/disked/.aide-local/goal-0.1.0/clean-5012d858"
Directory: D:/Projects/DiskEd/disked/.aide-local/goal-0.1.0/clean-5012d858/build/windows-bootstrap
"invocation.policy" start time: Oct 06 22:19 AUS Eastern Daylight Time
Output:
----------------------------------------------------------
test_absence_is_not_redirection_and_prompt_channels_are_explicit (__main__.Policy.test_absence_is_not_redirection_and_prompt_channels_are_explicit) ... ok
test_all_canonical_fixtures (__main__.Policy.test_all_canonical_fixtures) ... ok
test_oracle_cross_product (__main__.Policy.test_oracle_cross_product) ... ok

----------------------------------------------------------------------
Ran 3 tests in 5.658s

OK
Native policy fixtures: 29
Native/oracle routing combinations: 270
<end of output>
Test time =   5.77 sec
----------------------------------------------------------
Test Passed.
"invocation.policy" end time: Oct 06 22:19 AUS Eastern Daylight Time
"invocation.policy" time elapsed: 00:00:05
----------------------------------------------------------

6/13 Testing: protocol.compatible_reader
6/13 Test: protocol.compatible_reader
Command: "C:/Users/Jules/AppData/Local/Python/pythoncore-3.14-64/python.exe" "D:/Projects/DiskEd/disked/.aide-local/goal-0.1.0/clean-5012d858/tests/contracts/test_reader.py" "--exe" "D:/Projects/DiskEd/disked/.aide-local/goal-0.1.0/clean-5012d858/build/windows-bootstrap/Release/protocol_reader_probe.exe"
Directory: D:/Projects/DiskEd/disked/.aide-local/goal-0.1.0/clean-5012d858/build/windows-bootstrap
"protocol.compatible_reader" start time: Oct 06 22:19 AUS Eastern Daylight Time
Output:
----------------------------------------------------------
test_diagnostics_are_structural_and_not_message_parsing (__main__.Reader.test_diagnostics_are_structural_and_not_message_parsing) ... ok
test_extensions_preserved_and_required_features_refused (__main__.Reader.test_extensions_preserved_and_required_features_refused) ... ok
test_status_identity_relationship_and_exit_outcomes (__main__.Reader.test_status_identity_relationship_and_exit_outcomes) ... ok
test_unknown_and_missing_known_fields (__main__.Reader.test_unknown_and_missing_known_fields) ... ok

----------------------------------------------------------------------
Ran 4 tests in 0.650s

OK
<end of output>
Test time =   0.75 sec
----------------------------------------------------------
Test Passed.
"protocol.compatible_reader" end time: Oct 06 22:19 AUS Eastern Daylight Time
"protocol.compatible_reader" time elapsed: 00:00:00
----------------------------------------------------------

7/13 Testing: command.syntax
7/13 Test: command.syntax
Command: "C:/Users/Jules/AppData/Local/Python/pythoncore-3.14-64/python.exe" "D:/Projects/DiskEd/disked/.aide-local/goal-0.1.0/clean-5012d858/tests/contracts/test_parser.py" "--exe" "D:/Projects/DiskEd/disked/.aide-local/goal-0.1.0/clean-5012d858/build/windows-bootstrap/Release/command_parser_probe.exe" "--root" "D:/Projects/DiskEd/disked/.aide-local/goal-0.1.0/clean-5012d858"
Directory: D:/Projects/DiskEd/disked/.aide-local/goal-0.1.0/clean-5012d858/build/windows-bootstrap
"command.syntax" start time: Oct 06 22:19 AUS Eastern Daylight Time
Output:
----------------------------------------------------------
test_all_conflict_orders_are_refused (__main__.Parser.test_all_conflict_orders_are_refused) ... ok
test_bounds_and_parameter_error_location (__main__.Parser.test_bounds_and_parameter_error_location) ... ok
test_global_option_group_placement (__main__.Parser.test_global_option_group_placement) ... ok
test_literal_and_consumed_values_are_not_reinterpreted (__main__.Parser.test_literal_and_consumed_values_are_not_reinterpreted) ... ok
test_quantity_boundaries_and_no_float_rounding (__main__.Parser.test_quantity_boundaries_and_no_float_rounding) ... ok
test_shared_syntax_corpus (__main__.Parser.test_shared_syntax_corpus) ... ok
test_static_completion_never_changes_execution_rules (__main__.Parser.test_static_completion_never_changes_execution_rules) ... ok

----------------------------------------------------------------------
Ran 7 tests in 10.744s

OK
Executed canonical native syntax vectors: 86
<end of output>
Test time =  10.86 sec
----------------------------------------------------------
Test Passed.
"command.syntax" end time: Oct 06 22:19 AUS Eastern Daylight Time
"command.syntax" time elapsed: 00:00:10
----------------------------------------------------------

8/13 Testing: protocol.json_codec
8/13 Test: protocol.json_codec
Command: "C:/Users/Jules/AppData/Local/Python/pythoncore-3.14-64/python.exe" "D:/Projects/DiskEd/disked/.aide-local/goal-0.1.0/clean-5012d858/tests/contracts/test_json.py" "--exe" "D:/Projects/DiskEd/disked/.aide-local/goal-0.1.0/clean-5012d858/build/windows-bootstrap/Release/json_codec_probe.exe"
Directory: D:/Projects/DiskEd/disked/.aide-local/goal-0.1.0/clean-5012d858/build/windows-bootstrap
"protocol.json_codec" start time: Oct 06 22:19 AUS Eastern Daylight Time
Output:
----------------------------------------------------------
test_deterministic_differential_corpus (__main__.JsonCodec.test_deterministic_differential_corpus) ... ok
test_exact_resource_boundaries (__main__.JsonCodec.test_exact_resource_boundaries) ... ok
test_invalid_json_and_duplicate_decoded_keys (__main__.JsonCodec.test_invalid_json_and_duplicate_decoded_keys) ... ok
test_primitives_unicode_and_exact_integer_lexemes (__main__.JsonCodec.test_primitives_unicode_and_exact_integer_lexemes) ... ok
test_utf8_and_surrogate_rejection (__main__.JsonCodec.test_utf8_and_surrogate_rejection) ... ok

----------------------------------------------------------------------
Ran 5 tests in 2.991s

OK
<end of output>
Test time =   3.10 sec
----------------------------------------------------------
Test Passed.
"protocol.json_codec" end time: Oct 06 22:19 AUS Eastern Daylight Time
"protocol.json_codec" time elapsed: 00:00:03
----------------------------------------------------------

9/13 Testing: disked.invocation
9/13 Test: disked.invocation
Command: "C:/Users/Jules/AppData/Local/Python/pythoncore-3.14-64/python.exe" "D:/Projects/DiskEd/disked/.aide-local/goal-0.1.0/clean-5012d858/tests/invocation/test_windows.py" "--exe" "D:/Projects/DiskEd/disked/.aide-local/goal-0.1.0/clean-5012d858/build/windows-bootstrap/Release/disked.exe" "--root" "D:/Projects/DiskEd/disked/.aide-local/goal-0.1.0/clean-5012d858"
Directory: D:/Projects/DiskEd/disked/.aide-local/goal-0.1.0/clean-5012d858/build/windows-bootstrap
"disked.invocation" start time: Oct 06 22:19 AUS Eastern Daylight Time
Output:
----------------------------------------------------------
test_cmd_and_powershell_actual_launches (__main__.WindowsInvocation.test_cmd_and_powershell_actual_launches) ... ok
test_inherited_console_preserves_caller_state (__main__.WindowsInvocation.test_inherited_console_preserves_caller_state) ... ok
test_missing_stderr_and_transport_input (__main__.WindowsInvocation.test_missing_stderr_and_transport_input) ... ok
test_pipe_observations_and_utf16_errors (__main__.WindowsInvocation.test_pipe_observations_and_utf16_errors) ... ok
test_standard_handle_absence_and_invalidity (__main__.WindowsInvocation.test_standard_handle_absence_and_invalidity) ... ok

----------------------------------------------------------------------
Ran 5 tests in 1.285s

OK
<end of output>
Test time =   1.40 sec
----------------------------------------------------------
Test Passed.
"disked.invocation" end time: Oct 06 22:19 AUS Eastern Daylight Time
"disked.invocation" time elapsed: 00:00:01
----------------------------------------------------------

10/13 Testing: disked.acceptance
10/13 Test: disked.acceptance
Command: "C:/Users/Jules/AppData/Local/Python/pythoncore-3.14-64/python.exe" "D:/Projects/DiskEd/disked/.aide-local/goal-0.1.0/clean-5012d858/tests/native/test_protocol.py" "--exe" "D:/Projects/DiskEd/disked/.aide-local/goal-0.1.0/clean-5012d858/build/windows-bootstrap/Release/disked.exe" "--root" "D:/Projects/DiskEd/disked/.aide-local/goal-0.1.0/clean-5012d858" "--identity" "D:/Projects/DiskEd/disked/.aide-local/goal-0.1.0/clean-5012d858/build/windows-bootstrap/generated/build-identity.json"
Directory: D:/Projects/DiskEd/disked/.aide-local/goal-0.1.0/clean-5012d858/build/windows-bootstrap
"disked.acceptance" start time: Oct 06 22:19 AUS Eastern Daylight Time
Output:
----------------------------------------------------------
test_broken_output_is_failure (__main__.NativeProtocol.test_broken_output_is_failure) ... ok
test_build_identity_and_machine_aliases (__main__.NativeProtocol.test_build_identity_and_machine_aliases) ... ok
test_discovery_has_exact_registry_and_real_handler_subset (__main__.NativeProtocol.test_discovery_has_exact_registry_and_real_handler_subset) ... ok
test_errors_are_framed_after_complete_parse (__main__.NativeProtocol.test_errors_are_framed_after_complete_parse) ... ok
test_help_every_spelling_and_operand_independence (__main__.NativeProtocol.test_help_every_spelling_and_operand_independence) ... ok
test_malformed_json_and_encoding (__main__.NativeProtocol.test_malformed_json_and_encoding) ... ok
test_mode_inspection_uses_actual_host_in_cli_and_transport (__main__.NativeProtocol.test_mode_inspection_uses_actual_host_in_cli_and_transport) ... ok
test_ndjson_continues_refusals_and_preserves_order (__main__.NativeProtocol.test_ndjson_continues_refusals_and_preserves_order) ... ok
test_ordinary_machine_command_does_not_read_pipeline_as_requests (__main__.NativeProtocol.test_ordinary_machine_command_does_not_read_pipeline_as_requests) ... ok
test_resource_limits_end_stream (__main__.NativeProtocol.test_resource_limits_end_stream) ... ok
test_source_input_closure_and_pe_imports (__main__.NativeProtocol.test_source_input_closure_and_pe_imports) ... ok
test_stream_flushes_before_eof (__main__.NativeProtocol.test_stream_flushes_before_eof) ... ok
test_strict_request_and_correlation (__main__.NativeProtocol.test_strict_request_and_correlation) ... ok
test_unavailable_frontends_and_prompt_channels (__main__.NativeProtocol.test_unavailable_frontends_and_prompt_channels) ... ok
test_wire_byte_and_request_count_limits (__main__.NativeProtocol.test_wire_byte_and_request_count_limits) ... ok

----------------------------------------------------------------------
Ran 15 tests in 2.676s

OK
<end of output>
Test time =   2.79 sec
----------------------------------------------------------
Test Passed.
"disked.acceptance" end time: Oct 06 22:19 AUS Eastern Daylight Time
"disked.acceptance" time elapsed: 00:00:02
----------------------------------------------------------

11/13 Testing: disked_provider_guard.invocation
11/13 Test: disked_provider_guard.invocation
Command: "C:/Users/Jules/AppData/Local/Python/pythoncore-3.14-64/python.exe" "D:/Projects/DiskEd/disked/.aide-local/goal-0.1.0/clean-5012d858/tests/invocation/test_windows.py" "--exe" "D:/Projects/DiskEd/disked/.aide-local/goal-0.1.0/clean-5012d858/build/windows-bootstrap/Release/disked_provider_guard.exe" "--root" "D:/Projects/DiskEd/disked/.aide-local/goal-0.1.0/clean-5012d858"
Directory: D:/Projects/DiskEd/disked/.aide-local/goal-0.1.0/clean-5012d858/build/windows-bootstrap
"disked_provider_guard.invocation" start time: Oct 06 22:19 AUS Eastern Daylight Time
Output:
----------------------------------------------------------
test_cmd_and_powershell_actual_launches (__main__.WindowsInvocation.test_cmd_and_powershell_actual_launches) ... ok
test_inherited_console_preserves_caller_state (__main__.WindowsInvocation.test_inherited_console_preserves_caller_state) ... ok
test_missing_stderr_and_transport_input (__main__.WindowsInvocation.test_missing_stderr_and_transport_input) ... ok
test_pipe_observations_and_utf16_errors (__main__.WindowsInvocation.test_pipe_observations_and_utf16_errors) ... ok
test_standard_handle_absence_and_invalidity (__main__.WindowsInvocation.test_standard_handle_absence_and_invalidity) ... ok

----------------------------------------------------------------------
Ran 5 tests in 1.284s

OK
<end of output>
Test time =   1.40 sec
----------------------------------------------------------
Test Passed.
"disked_provider_guard.invocation" end time: Oct 06 22:19 AUS Eastern Daylight Time
"disked_provider_guard.invocation" time elapsed: 00:00:01
----------------------------------------------------------

12/13 Testing: disked_provider_guard.acceptance
12/13 Test: disked_provider_guard.acceptance
Command: "C:/Users/Jules/AppData/Local/Python/pythoncore-3.14-64/python.exe" "D:/Projects/DiskEd/disked/.aide-local/goal-0.1.0/clean-5012d858/tests/native/test_protocol.py" "--exe" "D:/Projects/DiskEd/disked/.aide-local/goal-0.1.0/clean-5012d858/build/windows-bootstrap/Release/disked_provider_guard.exe" "--root" "D:/Projects/DiskEd/disked/.aide-local/goal-0.1.0/clean-5012d858" "--identity" "D:/Projects/DiskEd/disked/.aide-local/goal-0.1.0/clean-5012d858/build/windows-bootstrap/generated/build-identity.json"
Directory: D:/Projects/DiskEd/disked/.aide-local/goal-0.1.0/clean-5012d858/build/windows-bootstrap
"disked_provider_guard.acceptance" start time: Oct 06 22:19 AUS Eastern Daylight Time
Output:
----------------------------------------------------------
test_broken_output_is_failure (__main__.NativeProtocol.test_broken_output_is_failure) ... ok
test_build_identity_and_machine_aliases (__main__.NativeProtocol.test_build_identity_and_machine_aliases) ... ok
test_discovery_has_exact_registry_and_real_handler_subset (__main__.NativeProtocol.test_discovery_has_exact_registry_and_real_handler_subset) ... ok
test_errors_are_framed_after_complete_parse (__main__.NativeProtocol.test_errors_are_framed_after_complete_parse) ... ok
test_help_every_spelling_and_operand_independence (__main__.NativeProtocol.test_help_every_spelling_and_operand_independence) ... ok
test_malformed_json_and_encoding (__main__.NativeProtocol.test_malformed_json_and_encoding) ... ok
test_mode_inspection_uses_actual_host_in_cli_and_transport (__main__.NativeProtocol.test_mode_inspection_uses_actual_host_in_cli_and_transport) ... ok
test_ndjson_continues_refusals_and_preserves_order (__main__.NativeProtocol.test_ndjson_continues_refusals_and_preserves_order) ... ok
test_ordinary_machine_command_does_not_read_pipeline_as_requests (__main__.NativeProtocol.test_ordinary_machine_command_does_not_read_pipeline_as_requests) ... ok
test_resource_limits_end_stream (__main__.NativeProtocol.test_resource_limits_end_stream) ... ok
test_source_input_closure_and_pe_imports (__main__.NativeProtocol.test_source_input_closure_and_pe_imports) ... ok
test_stream_flushes_before_eof (__main__.NativeProtocol.test_stream_flushes_before_eof) ... ok
test_strict_request_and_correlation (__main__.NativeProtocol.test_strict_request_and_correlation) ... ok
test_unavailable_frontends_and_prompt_channels (__main__.NativeProtocol.test_unavailable_frontends_and_prompt_channels) ... ok
test_wire_byte_and_request_count_limits (__main__.NativeProtocol.test_wire_byte_and_request_count_limits) ... ok

----------------------------------------------------------------------
Ran 15 tests in 2.552s

OK
<end of output>
Test time =   2.65 sec
----------------------------------------------------------
Test Passed.
"disked_provider_guard.acceptance" end time: Oct 06 22:19 AUS Eastern Daylight Time
"disked_provider_guard.acceptance" time elapsed: 00:00:02
----------------------------------------------------------

13/13 Testing: provider_guard.positive_control
13/13 Test: provider_guard.positive_control
Command: "C:/Users/Jules/AppData/Local/Python/pythoncore-3.14-64/python.exe" "D:/Projects/DiskEd/disked/.aide-local/goal-0.1.0/clean-5012d858/tests/native/test_provider_guard.py" "D:/Projects/DiskEd/disked/.aide-local/goal-0.1.0/clean-5012d858/build/windows-bootstrap/Release/provider_guard_probe.exe"
Directory: D:/Projects/DiskEd/disked/.aide-local/goal-0.1.0/clean-5012d858/build/windows-bootstrap
"provider_guard.positive_control" start time: Oct 06 22:19 AUS Eastern Daylight Time
Output:
----------------------------------------------------------
PASS: provider initialization boundary exits 97
<end of output>
Test time =   0.12 sec
----------------------------------------------------------
Test Passed.
"provider_guard.positive_control" end time: Oct 06 22:19 AUS Eastern Daylight Time
"provider_guard.positive_control" time elapsed: 00:00:00
----------------------------------------------------------

End testing: Oct 06 22:19 AUS Eastern Daylight Time
