Microsoft (R) COFF/PE Dumper Version 14.44.35228.0
Copyright (C) Microsoft Corporation.  All rights reserved.


Dump of file D:\Projects\DiskEd\disked\.aide-local\goal-0.1.0\clean-5012d858\build\windows-bootstrap\Release\disked.exe

PE signature found

File Type: EXECUTABLE IMAGE

FILE HEADER VALUES
            8664 machine (x64)
               6 number of sections
        6AC4D91B time date stamp Tue Oct  6 22:18:51 2026
               0 file pointer to symbol table
               0 number of symbols
              F0 size of optional header
              22 characteristics
                   Executable
                   Application can handle large (>2GB) addresses

OPTIONAL HEADER VALUES
             20B magic # (PE32+)
           14.44 linker version
           57800 size of code
           27A00 size of initialized data
               0 size of uninitialized data
           35350 entry point (0000000140035350)
            1000 base of code
       140000000 image base (0000000140000000 to 0000000140082FFF)
            1000 section alignment
             200 file alignment
           10.00 operating system version
            0.00 image version
           10.00 subsystem version
               0 Win32 version
           83000 size of image
             400 size of headers
               0 checksum
               3 subsystem (Windows CUI)
            C160 DLL characteristics
                   High Entropy Virtual Addresses
                   Dynamic base
                   NX compatible
                   Control Flow Guard
                   Terminal Server Aware
          100000 size of stack reserve
            1000 size of stack commit
          100000 size of heap reserve
            1000 size of heap commit
               0 loader flags
              10 number of directories
               0 [       0] RVA [size] of Export Directory
           78104 [      28] RVA [size] of Import Directory
           81000 [     1C8] RVA [size] of Resource Directory
           7D000 [    38B8] RVA [size] of Exception Directory
               0 [       0] RVA [size] of Certificates Directory
           82000 [     AAC] RVA [size] of Base Relocation Directory
           6F020 [      1C] RVA [size] of Debug Directory
               0 [       0] RVA [size] of Architecture Directory
               0 [       0] RVA [size] of Global Pointer Directory
           6F200 [      28] RVA [size] of Thread Storage Directory
           6EEE0 [     140] RVA [size] of Load Configuration Directory
               0 [       0] RVA [size] of Bound Import Directory
           59000 [     300] RVA [size] of Import Address Table Directory
               0 [       0] RVA [size] of Delay Import Directory
               0 [       0] RVA [size] of COM Descriptor Directory
               0 [       0] RVA [size] of Reserved Directory


SECTION HEADER #1
   .text name
   5772C virtual size
    1000 virtual address (0000000140001000 to 000000014005872B)
   57800 size of raw data
     400 file pointer to raw data (00000400 to 00057BFF)
       0 file pointer to relocation table
       0 file pointer to line numbers
       0 number of relocations
       0 number of line numbers
60000020 flags
         Code
         Execute Read

SECTION HEADER #2
  .rdata name
   1FB94 virtual size
   59000 virtual address (0000000140059000 to 0000000140078B93)
   1FC00 size of raw data
   57C00 file pointer to raw data (00057C00 to 000777FF)
       0 file pointer to relocation table
       0 file pointer to line numbers
       0 number of relocations
       0 number of line numbers
40000040 flags
         Initialized Data
         Read Only

  Debug Directories

        Time Type        Size      RVA  Pointer
    -------- ------- -------- -------- --------
    6AC4D91B coffgrp      404 0007073C    6F33C

SECTION HEADER #3
   .data name
    3464 virtual size
   79000 virtual address (0000000140079000 to 000000014007C463)
    1C00 size of raw data
   77800 file pointer to raw data (00077800 to 000793FF)
       0 file pointer to relocation table
       0 file pointer to line numbers
       0 number of relocations
       0 number of line numbers
C0000040 flags
         Initialized Data
         Read Write

SECTION HEADER #4
  .pdata name
    38B8 virtual size
   7D000 virtual address (000000014007D000 to 00000001400808B7)
    3A00 size of raw data
   79400 file pointer to raw data (00079400 to 0007CDFF)
       0 file pointer to relocation table
       0 file pointer to line numbers
       0 number of relocations
       0 number of line numbers
40000040 flags
         Initialized Data
         Read Only

SECTION HEADER #5
   .rsrc name
     1C8 virtual size
   81000 virtual address (0000000140081000 to 00000001400811C7)
     200 size of raw data
   7CE00 file pointer to raw data (0007CE00 to 0007CFFF)
       0 file pointer to relocation table
       0 file pointer to line numbers
       0 number of relocations
       0 number of line numbers
40000040 flags
         Initialized Data
         Read Only

SECTION HEADER #6
  .reloc name
     AAC virtual size
   82000 virtual address (0000000140082000 to 0000000140082AAB)
     C00 size of raw data
   7D000 file pointer to raw data (0007D000 to 0007DBFF)
       0 file pointer to relocation table
       0 file pointer to line numbers
       0 number of relocations
       0 number of line numbers
42000040 flags
         Initialized Data
         Discardable
         Read Only

  Summary

        4000 .data
        4000 .pdata
       20000 .rdata
        1000 .reloc
        1000 .rsrc
       58000 .text
