=================================================================
==249675==ERROR: AddressSanitizer: heap-buffer-overflow on address 0x502000000018 at pc 0x63620d114a09 bp 0x7ffc0775bf90 sp 0x7ffc0775bf80
WRITE of size 1 at 0x502000000018 thread T0
    #0 0x63620d114a08 in main /mnt/d/Projects/DiskEd/disked/tests/fuzz/sanitizer_control.cpp:11
    #1 0x7b4a6fe2a1c9  (/lib/x86_64-linux-gnu/libc.so.6+0x2a1c9) (BuildId: a4a7992a8e66555c8141ab2a08a8465ff6e0ea65)
    #2 0x7b4a6fe2a28a in __libc_start_main (/lib/x86_64-linux-gnu/libc.so.6+0x2a28a) (BuildId: a4a7992a8e66555c8141ab2a08a8465ff6e0ea65)
    #3 0x63620d1145b4 in _start (/mnt/d/Projects/DiskEd/disked/.aide-local/goal-0.1.0/w023-faults-initial3/control-address+0x25b4) (BuildId: ed0e24b612057e8c3cc803a92f4df7011c485835)

0x502000000018 is located 0 bytes after 8-byte region [0x502000000010,0x502000000018)
allocated by thread T0 here:
    #0 0x7b4a706fd9c7 in malloc ../../../../src/libsanitizer/asan/asan_malloc_linux.cpp:69
    #1 0x63620d114970 in main /mnt/d/Projects/DiskEd/disked/tests/fuzz/sanitizer_control.cpp:9
    #2 0x7b4a6fe2a1c9  (/lib/x86_64-linux-gnu/libc.so.6+0x2a1c9) (BuildId: a4a7992a8e66555c8141ab2a08a8465ff6e0ea65)
    #3 0x7b4a6fe2a28a in __libc_start_main (/lib/x86_64-linux-gnu/libc.so.6+0x2a28a) (BuildId: a4a7992a8e66555c8141ab2a08a8465ff6e0ea65)
    #4 0x63620d1145b4 in _start (/mnt/d/Projects/DiskEd/disked/.aide-local/goal-0.1.0/w023-faults-initial3/control-address+0x25b4) (BuildId: ed0e24b612057e8c3cc803a92f4df7011c485835)

SUMMARY: AddressSanitizer: heap-buffer-overflow /mnt/d/Projects/DiskEd/disked/tests/fuzz/sanitizer_control.cpp:11 in main
Shadow bytes around the buggy address:
  0x501ffffffd80: 00 00 00 00 00 00 00 00 00 00 00 00 00 00 00 00
  0x501ffffffe00: 00 00 00 00 00 00 00 00 00 00 00 00 00 00 00 00
  0x501ffffffe80: 00 00 00 00 00 00 00 00 00 00 00 00 00 00 00 00
  0x501fffffff00: 00 00 00 00 00 00 00 00 00 00 00 00 00 00 00 00
  0x501fffffff80: 00 00 00 00 00 00 00 00 00 00 00 00 00 00 00 00
=>0x502000000000: fa fa 00[fa]fa fa fa fa fa fa fa fa fa fa fa fa
  0x502000000080: fa fa fa fa fa fa fa fa fa fa fa fa fa fa fa fa
  0x502000000100: fa fa fa fa fa fa fa fa fa fa fa fa fa fa fa fa
  0x502000000180: fa fa fa fa fa fa fa fa fa fa fa fa fa fa fa fa
  0x502000000200: fa fa fa fa fa fa fa fa fa fa fa fa fa fa fa fa
  0x502000000280: fa fa fa fa fa fa fa fa fa fa fa fa fa fa fa fa
Shadow byte legend (one shadow byte represents 8 application bytes):
  Addressable:           00
  Partially addressable: 01 02 03 04 05 06 07 
  Heap left redzone:       fa
  Freed heap region:       fd
  Stack left redzone:      f1
  Stack mid redzone:       f2
  Stack right redzone:     f3
  Stack after return:      f5
  Stack use after scope:   f8
  Global redzone:          f9
  Global init order:       f6
  Poisoned by user:        f7
  Container overflow:      fc
  Array cookie:            ac
  Intra object redzone:    bb
  ASan internal:           fe
  Left alloca redzone:     ca
  Right alloca redzone:    cb
==249675==ABORTING
