Microsoft (R) COFF/PE Dumper Version 14.44.35228.0
Copyright (C) Microsoft Corporation.  All rights reserved.


Dump of file D:\Projects\DiskEd\disked\.aide-local\goal-0.1.0\w020-clean-aaac4d4f\msvc2022-x64\primitive-probe.exe

PE signature found

File Type: EXECUTABLE IMAGE

FILE HEADER VALUES
            8664 machine (x64)
               5 number of sections
        6AC548B5 time date stamp Wed Oct  7 06:15:01 2026
               0 file pointer to symbol table
               0 number of symbols
              F0 size of optional header
              22 characteristics
                   Executable
                   Application can handle large (>2GB) addresses

OPTIONAL HEADER VALUES
             20B magic # (PE32+)
           14.44 linker version
           15400 size of code
            E200 size of initialized data
               0 size of uninitialized data
            3B60 entry point (0000000140003B60)
            1000 base of code
       140000000 image base (0000000140000000 to 0000000140026FFF)
            1000 section alignment
             200 file alignment
            6.00 operating system version
            0.00 image version
            6.00 subsystem version
               0 Win32 version
           27000 size of image
             400 size of headers
               0 checksum
               3 subsystem (Windows CUI)
            8160 DLL characteristics
                   High Entropy Virtual Addresses
                   Dynamic base
                   NX compatible
                   Terminal Server Aware
          100000 size of stack reserve
            1000 size of stack commit
          100000 size of heap reserve
            1000 size of heap commit
               0 loader flags
              10 number of directories
               0 [       0] RVA [size] of Export Directory
           20F80 [      28] RVA [size] of Import Directory
               0 [       0] RVA [size] of Resource Directory
           24000 [    12C0] RVA [size] of Exception Directory
               0 [       0] RVA [size] of Certificates Directory
           26000 [     678] RVA [size] of Base Relocation Directory
           1F8B0 [      1C] RVA [size] of Debug Directory
               0 [       0] RVA [size] of Architecture Directory
               0 [       0] RVA [size] of Global Pointer Directory
               0 [       0] RVA [size] of Thread Storage Directory
           1F770 [     140] RVA [size] of Load Configuration Directory
               0 [       0] RVA [size] of Bound Import Directory
           17000 [     240] RVA [size] of Import Address Table Directory
               0 [       0] RVA [size] of Delay Import Directory
               0 [       0] RVA [size] of COM Descriptor Directory
               0 [       0] RVA [size] of Reserved Directory


SECTION HEADER #1
   .text name
   153C0 virtual size
    1000 virtual address (0000000140001000 to 00000001400163BF)
   15400 size of raw data
     400 file pointer to raw data (00000400 to 000157FF)
       0 file pointer to relocation table
       0 file pointer to line numbers
       0 number of relocations
       0 number of line numbers
60000020 flags
         Code
         Execute Read

SECTION HEADER #2
  .rdata name
    A71C virtual size
   17000 virtual address (0000000140017000 to 000000014002171B)
    A800 size of raw data
   15800 file pointer to raw data (00015800 to 0001FFFF)
       0 file pointer to relocation table
       0 file pointer to line numbers
       0 number of relocations
       0 number of line numbers
40000040 flags
         Initialized Data
         Read Only

  Debug Directories

        Time Type        Size      RVA  Pointer
    -------- ------- -------- -------- --------
    6AC548B5 coffgrp      2C0 0001FB58    1E358

SECTION HEADER #3
   .data name
    1C70 virtual size
   22000 virtual address (0000000140022000 to 0000000140023C6F)
     C00 size of raw data
   20000 file pointer to raw data (00020000 to 00020BFF)
       0 file pointer to relocation table
       0 file pointer to line numbers
       0 number of relocations
       0 number of line numbers
C0000040 flags
         Initialized Data
         Read Write

SECTION HEADER #4
  .pdata name
    12C0 virtual size
   24000 virtual address (0000000140024000 to 00000001400252BF)
    1400 size of raw data
   20C00 file pointer to raw data (00020C00 to 00021FFF)
       0 file pointer to relocation table
       0 file pointer to line numbers
       0 number of relocations
       0 number of line numbers
40000040 flags
         Initialized Data
         Read Only

SECTION HEADER #5
  .reloc name
     678 virtual size
   26000 virtual address (0000000140026000 to 0000000140026677)
     800 size of raw data
   22000 file pointer to raw data (00022000 to 000227FF)
       0 file pointer to relocation table
       0 file pointer to line numbers
       0 number of relocations
       0 number of line numbers
42000040 flags
         Initialized Data
         Discardable
         Read Only

  Summary

        2000 .data
        2000 .pdata
        B000 .rdata
        1000 .reloc
       16000 .text
