Microsoft (R) COFF/PE Dumper Version 14.44.35228.0
Copyright (C) Microsoft Corporation.  All rights reserved.


Dump of file D:\Projects\DiskEd\disked\.aide-local\goal-0.1.0\clean-ad880989\build\windows-bootstrap\Release\disked.exe

File Type: EXECUTABLE IMAGE

  Section contains the following imports:

    KERNEL32.dll
             1400A9000 Import Address Table
             1400D52D0 Import Name Table
                     0 time date stamp
                     0 Index of first forwarder reference

                         612 WideCharToMultiByte
                         2DC GetStdHandle
                         258 GetFileType
                         26A GetLastError
                         542 SetLastError
                         205 GetConsoleMode
                         29F GetNumberOfConsoleInputEvents
                         20B GetConsoleScreenBufferInfo
                         20A GetConsoleProcessList
                          CE CreateFileW
                         17E FindClose
                         189 FindFirstFileW
                         195 FindNextFileW
                         1A8 FlushFileBuffers
                         239 GetDriveTypeW
                         251 GetFileInformationByHandle
                         256 GetFileSizeEx
                         25A GetFinalPathNameByHandleW
                         47A ReadFile
                         534 SetFilePointerEx
                         626 WriteFile
                          89 CloseHandle
                         132 DuplicateHandle
                         267 GetHandleInformation
                         53E SetHandleInformation
                          E0 CreatePipe
                         427 PeekNamedPipe
                         28B GetNamedPipeInfo
                         527 SetEvent
                         5EB WaitForSingleObject
                          C2 CreateEventW
                         590 Sleep
                         5E9 WaitForMultipleObjects
                         2C8 GetProcessTimes
                         220 GetCurrentProcess
                         221 GetCurrentProcessId
                         246 GetExitCodeProcess
                          E8 CreateProcessW
                         36E InitializeProcThreadAttributeList
                         11A DeleteProcThreadAttributeList
                         5CE UpdateProcThreadAttribute
                         412 OpenProcess
                         312 GetTickCount64
                         38B IsProcessInJob
                          D5 CreateJobObjectW
                         40C OpenJobObjectW
                         53F SetInformationJobObject
                         44F QueryInformationJobObject
                         1B4 FreeLibrary
                         27D GetModuleFileNameW
                         2B8 GetProcAddress
                         3CA LoadLibraryExW
                         3D6 LocalFree
                         1E8 GetComputerNameW
                         3F6 MultiByteToWideChar
                          75 CancelSynchronousIo
                         4B7 ReleaseMutex
                          DD CreateMutexW
                          24 AssignProcessToJobObject
                         50A SetConsoleMode
                         471 ReadConsoleInputW
                         625 WriteConsoleW
                         4FA SetConsoleCtrlHandler
                         176 FillConsoleOutputCharacterW
                          B7 CreateConsoleScreenBuffer
                         4F8 SetConsoleActiveScreenBuffer
                         4FC SetConsoleCursorInfo
                         4FE SetConsoleCursorPosition
                         623 WriteConsoleOutputCharacterW
                         624 WriteConsoleOutputW
                         2DA GetStartupInfoW
                         281 GetModuleHandleW
                         3F5 MulDiv
                         35A HeapSize
                         452 QueryPerformanceCounter
                         453 QueryPerformanceFrequency
                         225 GetCurrentThreadId
                         4B9 ReleaseSRWLockExclusive
                           0 AcquireSRWLockExclusive
                         5B8 TryAcquireSRWLockExclusive
                         5F4 WakeConditionVariable
                         5F3 WakeAllConditionVariable
                         592 SleepConditionVariableSRW
                         36C InitializeCriticalSectionEx
                         2F3 GetSystemTimeAsFileTime
                         138 EnterCriticalSection
                         3C4 LeaveCriticalSection
                         114 DeleteCriticalSection
                         134 EncodePointer
                         10D DecodePointer
                         3B7 LCMapStringEx
                         2E1 GetStringTypeW
                         1CA GetCPInfo
                         4D6 RtlCaptureContext
                         4DD RtlLookupFunctionEntry
                         4E4 RtlVirtualUnwind
                         5C1 UnhandledExceptionFilter
                         580 SetUnhandledExceptionFilter
                         59F TerminateProcess
                         38C IsProcessorFeaturePresent
                         385 IsDebuggerPresent
                         36F InitializeSListHead
                         4DF RtlPcToFileHeader
                         469 RaiseException
                         4E3 RtlUnwindEx
                         36B InitializeCriticalSectionAndSpinCount
                         5B1 TlsAlloc
                         5B3 TlsGetValue
                         5B4 TlsSetValue
                         5B2 TlsFree
                          F5 CreateThread
                         168 ExitThread
                         1B5 FreeLibraryAndExitThread
                         280 GetModuleHandleExW
                         55C SetStdHandle
                         167 ExitProcess
                         1DF GetCommandLineA
                         1E0 GetCommandLineW
                         351 HeapAlloc
                         355 HeapFree
                          9E CompareStringW
                         3B8 LCMapStringW
                         26E GetLocaleInfoW
                         394 IsValidLocale
                         31E GetUserDefaultLCID
                         15C EnumSystemLocalesW
                         358 HeapReAlloc
                         184 FindFirstFileExW
                         392 IsValidCodePage
                         1BB GetACP
                         2A1 GetOEMCP
                         241 GetEnvironmentStringsW
                         1B3 FreeEnvironmentStringsW
                         525 SetEnvironmentVariableW
                         2BE GetProcessHeap
                         209 GetConsoleOutputCP
                         477 ReadConsoleW
                         4E2 RtlUnwind

  Summary

        6000 .data
        6000 .pdata
       2E000 .rdata
        1000 .reloc
        1000 .rsrc
       A8000 .text
