Test project D:/Projects/DiskEd/disked/.aide-local/goal-0.1.0/capture-publication-clean-2d753ba-full/checkout/build/windows-bootstrap
      Start  1: frontend.product_verification
 1/77 Test  #1: frontend.product_verification .............   Passed   33.68 sec
      Start  2: frontend.product_export
 2/77 Test  #2: frontend.product_export ...................   Passed   12.18 sec
      Start  3: frontend.joined_report
 3/77 Test  #3: frontend.joined_report ....................   Passed   15.29 sec
      Start  4: frontend.gui_capture
 4/77 Test  #4: frontend.gui_capture ......................   Passed    0.78 sec
      Start  5: evidence.report_process_identity
 5/77 Test  #5: evidence.report_process_identity ..........   Passed    3.31 sec
      Start  6: operation.directory_pins
 6/77 Test  #6: operation.directory_pins ..................   Passed    0.37 sec
      Start  7: evidence.acquisition_export
 7/77 Test  #7: evidence.acquisition_export ...............   Passed    3.29 sec
      Start  8: evidence.verification_case_export
 8/77 Test  #8: evidence.verification_case_export .........   Passed   37.80 sec
      Start  9: evidence.report_worker
 9/77 Test  #9: evidence.report_worker ....................   Passed   19.88 sec
      Start 10: evidence.export_commands
10/77 Test #10: evidence.export_commands ..................   Passed    8.88 sec
      Start 11: evidence.report_watch
11/77 Test #11: evidence.report_watch .....................   Passed   19.45 sec
      Start 12: evidence.acquisition_case
12/77 Test #12: evidence.acquisition_case .................   Passed    7.64 sec
      Start 13: evidence.export_model
13/77 Test #13: evidence.export_model .....................   Passed    1.64 sec
      Start 14: evidence.file_export
14/77 Test #14: evidence.file_export ......................   Passed    9.77 sec
      Start 15: evidence.acquired_image_verification
15/77 Test #15: evidence.acquired_image_verification ......   Passed    3.18 sec
      Start 16: evidence.image_verification_observation
16/77 Test #16: evidence.image_verification_observation ...   Passed    3.86 sec
      Start 17: evidence.image_verification_collection
17/77 Test #17: evidence.image_verification_collection ....   Passed    5.72 sec
      Start 18: evidence.verification_worker
18/77 Test #18: evidence.verification_worker ..............   Passed   30.24 sec
      Start 19: evidence.verification_commands
19/77 Test #19: evidence.verification_commands ............   Passed   23.06 sec
      Start 20: evidence.case_model
20/77 Test #20: evidence.case_model .......................   Passed    3.48 sec
      Start 21: health.observation_model
21/77 Test #21: health.observation_model ..................   Passed    0.27 sec
      Start 22: health.command
22/77 Test #22: health.command ............................   Passed    2.97 sec
      Start 23: journal.semantic_reader
23/77 Test #23: journal.semantic_reader ...................   Passed   12.56 sec
      Start 24: journal.guarded_model
24/77 Test #24: journal.guarded_model .....................   Passed    1.85 sec
      Start 25: journal.model_binary_producer
25/77 Test #25: journal.model_binary_producer .............   Passed    2.53 sec
      Start 26: journal.repeated_crash_audit
26/77 Test #26: journal.repeated_crash_audit ..............   Passed    4.06 sec
      Start 27: journal.plan_definitions
27/77 Test #27: journal.plan_definitions ..................   Passed    0.35 sec
      Start 28: journal.binary_codec
28/77 Test #28: journal.binary_codec ......................   Passed    0.26 sec
      Start 29: frontend.acquisition_forms
29/77 Test #29: frontend.acquisition_forms ................***Failed    2.37 sec
Failed fixture retained: D:\Projects\DiskEd\disked\.aide-local\goal-0.1.0\capture-publication-clean-2d753ba-full\checkout\.aide-local\disked-acq-worker-zo2l5wqa
Traceback (most recent call last):
  File "D:\Projects\DiskEd\disked\.aide-local\goal-0.1.0\capture-publication-clean-2d753ba-full\checkout\tests\frontend\test_acquisition_forms.py", line 152, in <module>
    if __name__=='__main__':main()
                            ~~~~^^
  File "D:\Projects\DiskEd\disked\.aide-local\goal-0.1.0\capture-publication-clean-2d753ba-full\checkout\tests\frontend\test_acquisition_forms.py", line 143, in main
    _,p=fixture('public-prepare-only');reply=cli(['image','acquire','prepare',p['source'],p['destination'],'--map',p['map'],'--state-dir',p['state_directory']],(0,),True)
                                             ~~~^^^^^^^^^^^^^^^^^^^^^^^^^^^^^^^^^^^^^^^^^^^^^^^^^^^^^^^^^^^^^^^^^^^^^^^^^^^^^^^^^^^^^^^^^^^^^^^^^^^^^^^^^^^^^^^^^^^^^^^^^^
  File "D:\Projects\DiskEd\disked\.aide-local\goal-0.1.0\capture-publication-clean-2d753ba-full\checkout\tests\frontend\test_acquisition_forms.py", line 29, in cli
    assert p.returncode in exits and not p.stderr,(argv,p.returncode,p.stdout,p.stderr)
           ^^^^^^^^^^^^^^^^^^^^^^^^^^^^^^^^^^^^^^
AssertionError: (['image', 'acquire', 'prepare', 'D:\\Projects\\DiskEd\\disked\\.aide-local\\goal-0.1.0\\capture-publication-clean-2d753ba-full\\checkout\\.aide-local\\disked-acq-worker-zo2l5wqa\\public-prepare-only\\owned-\u78c1\u78c1\u78c1\u78c1\u78c1\u78c1\u78c1\u78c1\u78c1\u78c1\u78c1\u78c1\u78c1\u78c1\u78c1\u78c1\u78c1\u78c1\u78c1\u78c1\u78c1\u78c1\u78c1\u78c1\u78c1\u78c1\u78c1\u78c1\u78c1\u78c1\u78c1\u78c1\u78c1\u78c1\u78c1\u78c1\u78c1\u78c1\u78c1\u78c1\u78c1\u78c1\u78c1\u78c1\u78c1\u78c1\u78c1\u78c1\u78c1\u78c1\u78c1\u78c1\u78c1\u78c1\u78c1\u78c1\u78c1\u78c1\u78c1\u78c1\u78c1\u78c1\u78c1\u78c1\u78c1\u78c1\u78c1\u78c1\u78c1\u78c1\\source.img', 'D:\\Projects\\DiskEd\\disked\\.aide-local\\goal-0.1.0\\capture-publication-clean-2d753ba-full\\checkout\\.aide-local\\disked-acq-worker-zo2l5wqa\\public-prepare-only\\owned-\u78c1\u78c1\u78c1\u78c1\u78c1\u78c1\u78c1\u78c1\u78c1\u78c1\u78c1\u78c1\u78c1\u78c1\u78c1\u78c1\u78c1\u78c1\u78c1\u78c1\u78c1\u78c1\u78c1\u78c1\u78c1\u78c1\u78c1\u78c1\u78c1\u78c1\u78c1\u78c1\u78c1\u78c1\u78c1\u78c1\u78c1\u78c1\u78c1\u78c1\u78c1\u78c1\u78c1\u78c1\u78c1\u78c1\u78c1\u78c1\u78c1\u78c1\u78c1\u78c1\u78c1\u78c1\u78c1\u78c1\u78c1\u78c1\u78c1\u78c1\u78c1\u78c1\u78c1\u78c1\u78c1\u78c1\u78c1\u78c1\u78c1\u78c1\\copy.img', '--map', 'D:\\Projects\\DiskEd\\disked\\.aide-local\\goal-0.1.0\\capture-publication-clean-2d753ba-full\\checkout\\.aide-local\\disked-acq-worker-zo2l5wqa\\public-prepare-only\\owned-\u78c1\u78c1\u78c1\u78c1\u78c1\u78c1\u78c1\u78c1\u78c1\u78c1\u78c1\u78c1\u78c1\u78c1\u78c1\u78c1\u78c1\u78c1\u78c1\u78c1\u78c1\u78c1\u78c1\u78c1\u78c1\u78c1\u78c1\u78c1\u78c1\u78c1\u78c1\u78c1\u78c1\u78c1\u78c1\u78c1\u78c1\u78c1\u78c1\u78c1\u78c1\u78c1\u78c1\u78c1\u78c1\u78c1\u78c1\u78c1\u78c1\u78c1\u78c1\u78c1\u78c1\u78c1\u78c1\u78c1\u78c1\u78c1\u78c1\u78c1\u78c1\u78c1\u78c1\u78c1\u78c1\u78c1\u78c1\u78c1\u78c1\u78c1\\copy.map', '--state-dir', 'D:\\Projects\\DiskEd\\disked\\.aide-local\\goal-0.1.0\\capture-publication-clean-2d753ba-full\\checkout\\.aide-local\\disked-acq-worker-zo2l5wqa\\public-prepare-only\\owned-\u78c1\u78c1\u78c1\u78c1\u78c1\u78c1\u78c1\u78c1\u78c1\u78c1\u78c1\u78c1\u78c1\u78c1\u78c1\u78c1\u78c1\u78c1\u78c1\u78c1\u78c1\u78c1\u78c1\u78c1\u78c1\u78c1\u78c1\u78c1\u78c1\u78c1\u78c1\u78c1\u78c1\u78c1\u78c1\u78c1\u78c1\u78c1\u78c1\u78c1\u78c1\u78c1\u78c1\u78c1\u78c1\u78c1\u78c1\u78c1\u78c1\u78c1\u78c1\u78c1\u78c1\u78c1\u78c1\u78c1\u78c1\u78c1\u78c1\u78c1\u78c1\u78c1\u78c1\u78c1\u78c1\u78c1\u78c1\u78c1\u78c1\u78c1\\state'], 3, b'{"diagnostics":[{"code":"acquisition_preparation_refused","message_key":"disked.acquisition_preparation_refused","parameters":{},"platform_code":null,"remediation":[],"severity":"error"}],"evidence":[],"operation_id":null,"request_id":"cli","result":null,"schema":"org.disked.response/1","status":"refused"}\n', b'')

      Start 30: frontend.acquisition_interactive
30/77 Test #30: frontend.acquisition_interactive ..........***Failed   31.37 sec
Failed fixture retained: D:\Projects\DiskEd\disked\.aide-local\goal-0.1.0\capture-publication-clean-2d753ba-full\checkout\.aide-local\disked-acq-worker-8ftu6m77
Traceback (most recent call last):
  File "D:\Projects\DiskEd\disked\.aide-local\goal-0.1.0\capture-publication-clean-2d753ba-full\checkout\tests\frontend\test_acquisition_interactive.py", line 201, in <module>
    if __name__=='__main__':main()
                            ~~~~^^
  File "D:\Projects\DiskEd\disked\.aide-local\goal-0.1.0\capture-publication-clean-2d753ba-full\checkout\tests\frontend\test_acquisition_interactive.py", line 163, in main
    folder,p=fixture(100,2097152);g=grants(call(command(p))[0]['result']);first,_=call(command(g));original=finish(p,first)
             ~~~~~~~^^^^^^^^^^^^^
  File "D:\Projects\DiskEd\disked\.aide-local\goal-0.1.0\capture-publication-clean-2d753ba-full\checkout\tests\frontend\test_acquisition_interactive.py", line 83, in fixture
    assert len(str(src))<=240;src.write_bytes(source_bytes(size))
           ^^^^^^^^^^^^^^^^^^
AssertionError

      Start 31: image.acquisition_commands
31/77 Test #31: image.acquisition_commands ................   Passed   15.77 sec
      Start 32: image.acquisition_operations
32/77 Test #32: image.acquisition_operations ..............   Passed   10.46 sec
      Start 33: image.acquisition_worker
33/77 Test #33: image.acquisition_worker ..................   Passed   28.79 sec
      Start 34: image.file_acquisition
34/77 Test #34: image.file_acquisition ....................   Passed   33.33 sec
      Start 35: image.parent_pins
35/77 Test #35: image.parent_pins .........................   Passed    0.94 sec
      Start 36: image.acquisition_pipeline
36/77 Test #36: image.acquisition_pipeline ................   Passed    4.76 sec
      Start 37: image.shared_commands
37/77 Test #37: image.shared_commands .....................   Passed   18.46 sec
      Start 38: image.file_capture
38/77 Test #38: image.file_capture ........................   Passed    3.40 sec
      Start 39: image.map_observation
39/77 Test #39: image.map_observation .....................   Passed    1.50 sec
      Start 40: portable.gpt
40/77 Test #40: portable.gpt ..............................   Passed    3.29 sec
      Start 41: portable.gpt_guard
41/77 Test #41: portable.gpt_guard ........................   Passed    0.02 sec
      Start 42: portable.mbr_ebr
42/77 Test #42: portable.mbr_ebr ..........................   Passed    1.17 sec
      Start 43: portable.mbr_guard
43/77 Test #43: portable.mbr_guard ........................   Passed    0.02 sec
      Start 44: portable.checked
44/77 Test #44: portable.checked ..........................   Passed    0.31 sec
      Start 45: portable.c_cpp_linkage
45/77 Test #45: portable.c_cpp_linkage ....................   Passed    0.04 sec
      Start 46: operation.watch_reader
46/77 Test #46: operation.watch_reader ....................   Passed    0.41 sec
      Start 47: resilience.capture
47/77 Test #47: resilience.capture ........................   Passed    0.62 sec
      Start 48: resilience.request_channel
48/77 Test #48: resilience.request_channel ................   Passed    1.09 sec
      Start 49: shell.model
49/77 Test #49: shell.model ...............................   Passed    1.31 sec
      Start 50: operation.reducer
50/77 Test #50: operation.reducer .........................   Passed    0.72 sec
      Start 51: frontend.gui_model
51/77 Test #51: frontend.gui_model ........................   Passed    0.66 sec
      Start 52: frontend.gui_windows
52/77 Test #52: frontend.gui_windows ......................   Passed    2.28 sec
      Start 53: frontend.tui_model
53/77 Test #53: frontend.tui_model ........................   Passed    0.42 sec
      Start 54: frontend.tui_windows
54/77 Test #54: frontend.tui_windows ......................   Passed    3.61 sec
      Start 55: shell.windows
55/77 Test #55: shell.windows .............................   Passed    6.24 sec
      Start 56: frontend.service
56/77 Test #56: frontend.service ..........................   Passed    0.37 sec
      Start 57: frontend.transport
57/77 Test #57: frontend.transport ........................   Passed    1.21 sec
      Start 58: invocation.policy
58/77 Test #58: invocation.policy .........................   Passed    5.23 sec
      Start 59: protocol.compatible_reader
59/77 Test #59: protocol.compatible_reader ................   Passed    0.64 sec
      Start 60: command.syntax
60/77 Test #60: command.syntax ............................   Passed   10.04 sec
      Start 61: protocol.json_codec
61/77 Test #61: protocol.json_codec .......................   Passed    2.72 sec
      Start 62: operation.watch
62/77 Test #62: operation.watch ...........................   Passed   30.93 sec
      Start 63: resilience.capture_campaign
63/77 Test #63: resilience.capture_campaign ...............   Passed    9.09 sec
      Start 64: resilience.frontend_memory
64/77 Test #64: resilience.frontend_memory ................   Passed    6.98 sec
      Start 65: resilience.store_failures
65/77 Test #65: resilience.store_failures .................   Passed   16.73 sec
      Start 66: resilience.request_waiting
66/77 Test #66: resilience.request_waiting ................   Passed   19.48 sec
      Start 67: resilience.output_waiting
67/77 Test #67: resilience.output_waiting .................   Passed   17.65 sec
      Start 68: operation.worker
68/77 Test #68: operation.worker ..........................   Passed   20.80 sec
      Start 69: resilience.gui_waiting
69/77 Test #69: resilience.gui_waiting ....................   Passed    6.30 sec
      Start 70: resilience.console_waiting
70/77 Test #70: resilience.console_waiting ................   Passed   12.58 sec
      Start 71: resilience.worker_budget
71/77 Test #71: resilience.worker_budget ..................   Passed    8.14 sec
      Start 72: disked.invocation
72/77 Test #72: disked.invocation .........................   Passed    1.33 sec
      Start 73: disked.acceptance
73/77 Test #73: disked.acceptance .........................   Passed    2.78 sec
      Start 74: disked_provider_guard.invocation
74/77 Test #74: disked_provider_guard.invocation ..........   Passed    1.35 sec
      Start 75: disked_provider_guard.acceptance
75/77 Test #75: disked_provider_guard.acceptance ..........   Passed    2.88 sec
      Start 76: provider_guard.positive_control
76/77 Test #76: provider_guard.positive_control ...........   Passed    0.11 sec
      Start 77: artifacts.archive_completeness
77/77 Test #77: artifacts.archive_completeness ............   Passed    1.37 sec

97% tests passed, 2 tests failed out of 77

Total Test time (real) = 620.46 sec

The following tests FAILED:
	 29 - frontend.acquisition_forms (Failed)
	 30 - frontend.acquisition_interactive (Failed)
Errors while running CTest
