Microsoft (R) COFF/PE Dumper Version 14.44.35228.0
Copyright (C) Microsoft Corporation.  All rights reserved.


Dump of file D:\Projects\DiskEd\disked\.aide-local\goal-0.1.0\clean-7bb3eb4b\build\windows-bootstrap\Release\disked.exe

PE signature found

File Type: EXECUTABLE IMAGE

FILE HEADER VALUES
            8664 machine (x64)
               6 number of sections
        6AC7DD9F time date stamp Fri Oct  9 05:14:55 2026
               0 file pointer to symbol table
               0 number of symbols
              F0 size of optional header
              22 characteristics
                   Executable
                   Application can handle large (>2GB) addresses

OPTIONAL HEADER VALUES
             20B magic # (PE32+)
           14.44 linker version
           D4C00 size of code
           45800 size of initialized data
               0 size of uninitialized data
           A78E0 entry point (00000001400A78E0)
            1000 base of code
       140000000 image base (0000000140000000 to 000000014011CFFF)
            1000 section alignment
             200 file alignment
           10.00 operating system version
            0.00 image version
           10.00 subsystem version
               0 Win32 version
          11D000 size of image
             400 size of headers
               0 checksum
               3 subsystem (Windows CUI)
            C160 DLL characteristics
                   High Entropy Virtual Addresses
                   Dynamic base
                   NX compatible
                   Control Flow Guard
                   Terminal Server Aware
          100000 size of stack reserve
            1000 size of stack commit
          100000 size of heap reserve
            1000 size of heap commit
               0 loader flags
              10 number of directories
               0 [       0] RVA [size] of Export Directory
          10BF64 [      28] RVA [size] of Import Directory
          11B000 [     1C8] RVA [size] of Resource Directory
          114000 [    6E10] RVA [size] of Exception Directory
               0 [       0] RVA [size] of Certificates Directory
          11C000 [     D40] RVA [size] of Base Relocation Directory
           F6020 [      1C] RVA [size] of Debug Directory
               0 [       0] RVA [size] of Architecture Directory
               0 [       0] RVA [size] of Global Pointer Directory
           F6200 [      28] RVA [size] of Thread Storage Directory
           F5EE0 [     140] RVA [size] of Load Configuration Directory
               0 [       0] RVA [size] of Bound Import Directory
           D6000 [     470] RVA [size] of Import Address Table Directory
               0 [       0] RVA [size] of Delay Import Directory
               0 [       0] RVA [size] of COM Descriptor Directory
               0 [       0] RVA [size] of Reserved Directory


SECTION HEADER #1
   .text name
   D4BBC virtual size
    1000 virtual address (0000000140001000 to 00000001400D5BBB)
   D4C00 size of raw data
     400 file pointer to raw data (00000400 to 000D4FFF)
       0 file pointer to relocation table
       0 file pointer to line numbers
       0 number of relocations
       0 number of line numbers
60000020 flags
         Code
         Execute Read

SECTION HEADER #2
  .rdata name
   36F48 virtual size
   D6000 virtual address (00000001400D6000 to 000000014010CF47)
   37000 size of raw data
   D5000 file pointer to raw data (000D5000 to 0010BFFF)
       0 file pointer to relocation table
       0 file pointer to line numbers
       0 number of relocations
       0 number of line numbers
40000040 flags
         Initialized Data
         Read Only

  Debug Directories

        Time Type        Size      RVA  Pointer
    -------- ------- -------- -------- --------
    6AC7DD9F coffgrp      418 000F8C3C    F7C3C

SECTION HEADER #3
   .data name
    66C4 virtual size
  10D000 virtual address (000000014010D000 to 00000001401136C3)
    4C00 size of raw data
  10C000 file pointer to raw data (0010C000 to 00110BFF)
       0 file pointer to relocation table
       0 file pointer to line numbers
       0 number of relocations
       0 number of line numbers
C0000040 flags
         Initialized Data
         Read Write

SECTION HEADER #4
  .pdata name
    6E10 virtual size
  114000 virtual address (0000000140114000 to 000000014011AE0F)
    7000 size of raw data
  110C00 file pointer to raw data (00110C00 to 00117BFF)
       0 file pointer to relocation table
       0 file pointer to line numbers
       0 number of relocations
       0 number of line numbers
40000040 flags
         Initialized Data
         Read Only

SECTION HEADER #5
   .rsrc name
     1C8 virtual size
  11B000 virtual address (000000014011B000 to 000000014011B1C7)
     200 size of raw data
  117C00 file pointer to raw data (00117C00 to 00117DFF)
       0 file pointer to relocation table
       0 file pointer to line numbers
       0 number of relocations
       0 number of line numbers
40000040 flags
         Initialized Data
         Read Only

SECTION HEADER #6
  .reloc name
     D40 virtual size
  11C000 virtual address (000000014011C000 to 000000014011CD3F)
     E00 size of raw data
  117E00 file pointer to raw data (00117E00 to 00118BFF)
       0 file pointer to relocation table
       0 file pointer to line numbers
       0 number of relocations
       0 number of line numbers
42000040 flags
         Initialized Data
         Discardable
         Read Only

  Summary

        7000 .data
        7000 .pdata
       37000 .rdata
        1000 .reloc
        1000 .rsrc
       D5000 .text
