Microsoft (R) COFF/PE Dumper Version 14.44.35228.0
Copyright (C) Microsoft Corporation.  All rights reserved.


Dump of file D:\Projects\DiskEd\disked\.aide-local\goal-0.1.0\clean-7bb3eb4b\build\windows-bootstrap\Release\gui_model_probe.exe

PE signature found

File Type: EXECUTABLE IMAGE

FILE HEADER VALUES
            8664 machine (x64)
               6 number of sections
        6AC7DDFF time date stamp Fri Oct  9 05:16:31 2026
               0 file pointer to symbol table
               0 number of symbols
              F0 size of optional header
              22 characteristics
                   Executable
                   Application can handle large (>2GB) addresses

OPTIONAL HEADER VALUES
             20B magic # (PE32+)
           14.44 linker version
           4D400 size of code
           2A600 size of initialized data
               0 size of uninitialized data
           2D978 entry point (000000014002D978)
            1000 base of code
       140000000 image base (0000000140000000 to 000000014007BFFF)
            1000 section alignment
             200 file alignment
            6.00 operating system version
            0.00 image version
            6.00 subsystem version
               0 Win32 version
           7C000 size of image
             400 size of headers
               0 checksum
               3 subsystem (Windows CUI)
            8160 DLL characteristics
                   High Entropy Virtual Addresses
                   Dynamic base
                   NX compatible
                   Terminal Server Aware
          100000 size of stack reserve
            1000 size of stack commit
          100000 size of heap reserve
            1000 size of heap commit
               0 loader flags
              10 number of directories
               0 [       0] RVA [size] of Export Directory
           7146C [      28] RVA [size] of Import Directory
           7A000 [     1E0] RVA [size] of Resource Directory
           76000 [    3774] RVA [size] of Exception Directory
               0 [       0] RVA [size] of Certificates Directory
           7B000 [     A90] RVA [size] of Base Relocation Directory
           68B40 [      1C] RVA [size] of Debug Directory
               0 [       0] RVA [size] of Architecture Directory
               0 [       0] RVA [size] of Global Pointer Directory
           68D00 [      28] RVA [size] of Thread Storage Directory
           68A00 [     140] RVA [size] of Load Configuration Directory
               0 [       0] RVA [size] of Bound Import Directory
           4F000 [     2A8] RVA [size] of Import Address Table Directory
               0 [       0] RVA [size] of Delay Import Directory
               0 [       0] RVA [size] of COM Descriptor Directory
               0 [       0] RVA [size] of Reserved Directory


SECTION HEADER #1
   .text name
   4D2C4 virtual size
    1000 virtual address (0000000140001000 to 000000014004E2C3)
   4D400 size of raw data
     400 file pointer to raw data (00000400 to 0004D7FF)
       0 file pointer to relocation table
       0 file pointer to line numbers
       0 number of relocations
       0 number of line numbers
60000020 flags
         Code
         Execute Read

SECTION HEADER #2
  .rdata name
   22D90 virtual size
   4F000 virtual address (000000014004F000 to 0000000140071D8F)
   22E00 size of raw data
   4D800 file pointer to raw data (0004D800 to 000705FF)
       0 file pointer to relocation table
       0 file pointer to line numbers
       0 number of relocations
       0 number of line numbers
40000040 flags
         Initialized Data
         Read Only

  Debug Directories

        Time Type        Size      RVA  Pointer
    -------- ------- -------- -------- --------
    6AC7DDFF coffgrp      3F4 0006A33C    68B3C

SECTION HEADER #3
   .data name
    302C virtual size
   72000 virtual address (0000000140072000 to 000000014007502B)
    1800 size of raw data
   70600 file pointer to raw data (00070600 to 00071DFF)
       0 file pointer to relocation table
       0 file pointer to line numbers
       0 number of relocations
       0 number of line numbers
C0000040 flags
         Initialized Data
         Read Write

SECTION HEADER #4
  .pdata name
    3774 virtual size
   76000 virtual address (0000000140076000 to 0000000140079773)
    3800 size of raw data
   71E00 file pointer to raw data (00071E00 to 000755FF)
       0 file pointer to relocation table
       0 file pointer to line numbers
       0 number of relocations
       0 number of line numbers
40000040 flags
         Initialized Data
         Read Only

SECTION HEADER #5
   .rsrc name
     1E0 virtual size
   7A000 virtual address (000000014007A000 to 000000014007A1DF)
     200 size of raw data
   75600 file pointer to raw data (00075600 to 000757FF)
       0 file pointer to relocation table
       0 file pointer to line numbers
       0 number of relocations
       0 number of line numbers
40000040 flags
         Initialized Data
         Read Only

SECTION HEADER #6
  .reloc name
     A90 virtual size
   7B000 virtual address (000000014007B000 to 000000014007BA8F)
     C00 size of raw data
   75800 file pointer to raw data (00075800 to 000763FF)
       0 file pointer to relocation table
       0 file pointer to line numbers
       0 number of relocations
       0 number of line numbers
42000040 flags
         Initialized Data
         Discardable
         Read Only

  Summary

        4000 .data
        4000 .pdata
       23000 .rdata
        1000 .reloc
        1000 .rsrc
       4E000 .text
