Microsoft (R) COFF/PE Dumper Version 14.44.35228.0
Copyright (C) Microsoft Corporation.  All rights reserved.


Dump of file D:\Projects\DiskEd\disked\.aide-local\goal-0.1.0\clean-7bb3eb4b\build\windows-bootstrap\Release\tui_model_probe.exe

PE signature found

File Type: EXECUTABLE IMAGE

FILE HEADER VALUES
            8664 machine (x64)
               6 number of sections
        6AC7DE0E time date stamp Fri Oct  9 05:16:46 2026
               0 file pointer to symbol table
               0 number of symbols
              F0 size of optional header
              22 characteristics
                   Executable
                   Application can handle large (>2GB) addresses

OPTIONAL HEADER VALUES
             20B magic # (PE32+)
           14.44 linker version
           4F400 size of code
           2A800 size of initialized data
               0 size of uninitialized data
           2F7D0 entry point (000000014002F7D0)
            1000 base of code
       140000000 image base (0000000140000000 to 000000014007CFFF)
            1000 section alignment
             200 file alignment
            6.00 operating system version
            0.00 image version
            6.00 subsystem version
               0 Win32 version
           7D000 size of image
             400 size of headers
               0 checksum
               3 subsystem (Windows CUI)
            8160 DLL characteristics
                   High Entropy Virtual Addresses
                   Dynamic base
                   NX compatible
                   Terminal Server Aware
          100000 size of stack reserve
            1000 size of stack commit
          100000 size of heap reserve
            1000 size of heap commit
               0 loader flags
              10 number of directories
               0 [       0] RVA [size] of Export Directory
           7369C [      28] RVA [size] of Import Directory
           7B000 [     1E0] RVA [size] of Resource Directory
           77000 [    3804] RVA [size] of Exception Directory
               0 [       0] RVA [size] of Certificates Directory
           7C000 [     A88] RVA [size] of Base Relocation Directory
           6AD30 [      1C] RVA [size] of Debug Directory
               0 [       0] RVA [size] of Architecture Directory
               0 [       0] RVA [size] of Global Pointer Directory
           6AF00 [      28] RVA [size] of Thread Storage Directory
           6ABF0 [     140] RVA [size] of Load Configuration Directory
               0 [       0] RVA [size] of Bound Import Directory
           51000 [     2A8] RVA [size] of Import Address Table Directory
               0 [       0] RVA [size] of Delay Import Directory
               0 [       0] RVA [size] of COM Descriptor Directory
               0 [       0] RVA [size] of Reserved Directory


SECTION HEADER #1
   .text name
   4F3B4 virtual size
    1000 virtual address (0000000140001000 to 00000001400503B3)
   4F400 size of raw data
     400 file pointer to raw data (00000400 to 0004F7FF)
       0 file pointer to relocation table
       0 file pointer to line numbers
       0 number of relocations
       0 number of line numbers
60000020 flags
         Code
         Execute Read

SECTION HEADER #2
  .rdata name
   22FC0 virtual size
   51000 virtual address (0000000140051000 to 0000000140073FBF)
   23000 size of raw data
   4F800 file pointer to raw data (0004F800 to 000727FF)
       0 file pointer to relocation table
       0 file pointer to line numbers
       0 number of relocations
       0 number of line numbers
40000040 flags
         Initialized Data
         Read Only

  Debug Directories

        Time Type        Size      RVA  Pointer
    -------- ------- -------- -------- --------
    6AC7DE0E coffgrp      3F4 0006C474    6AC74

SECTION HEADER #3
   .data name
    2F3C virtual size
   74000 virtual address (0000000140074000 to 0000000140076F3B)
    1600 size of raw data
   72800 file pointer to raw data (00072800 to 00073DFF)
       0 file pointer to relocation table
       0 file pointer to line numbers
       0 number of relocations
       0 number of line numbers
C0000040 flags
         Initialized Data
         Read Write

SECTION HEADER #4
  .pdata name
    3804 virtual size
   77000 virtual address (0000000140077000 to 000000014007A803)
    3A00 size of raw data
   73E00 file pointer to raw data (00073E00 to 000777FF)
       0 file pointer to relocation table
       0 file pointer to line numbers
       0 number of relocations
       0 number of line numbers
40000040 flags
         Initialized Data
         Read Only

SECTION HEADER #5
   .rsrc name
     1E0 virtual size
   7B000 virtual address (000000014007B000 to 000000014007B1DF)
     200 size of raw data
   77800 file pointer to raw data (00077800 to 000779FF)
       0 file pointer to relocation table
       0 file pointer to line numbers
       0 number of relocations
       0 number of line numbers
40000040 flags
         Initialized Data
         Read Only

SECTION HEADER #6
  .reloc name
     A88 virtual size
   7C000 virtual address (000000014007C000 to 000000014007CA87)
     C00 size of raw data
   77A00 file pointer to raw data (00077A00 to 000785FF)
       0 file pointer to relocation table
       0 file pointer to line numbers
       0 number of relocations
       0 number of line numbers
42000040 flags
         Initialized Data
         Discardable
         Read Only

  Summary

        3000 .data
        4000 .pdata
       23000 .rdata
        1000 .reloc
        1000 .rsrc
       50000 .text
