MSBuild version 17.14.51+25f168cee for .NET Framework

  1>Checking Build System
  Building Custom Rule D:/Projects/DiskEd/disked/.aide-local/iq42-clean/checkout/tests/windows/native/CMakeLists.txt
  storage_queries.cpp
  storage_inventory.cpp
  volume_inventory.cpp
  volume_namespace.cpp
  json.cpp
  snapshot.cpp
  sha256.cpp
  storage_fixture.cpp
  identity_queries.cpp
  identity_query_probe.cpp
  Generating Code...
  nt_identity_query_probe.vcxproj -> D:\Projects\DiskEd\disked\.aide-local\iq42-clean\build-x64\Release\nt_identity_query_probe.exe
MSBuild version 17.14.51+25f168cee for .NET Framework

  Building Custom Rule D:/Projects/DiskEd/disked/.aide-local/iq42-clean/checkout/tests/windows/native/CMakeLists.txt
  storage_queries.cpp
  storage_inventory.cpp
  volume_inventory.cpp
  volume_namespace.cpp
  json.cpp
  snapshot.cpp
  sha256.cpp
  storage_fixture.cpp
  storage_query_probe.cpp
  Generating Code...
  nt_storage_query_probe.vcxproj -> D:\Projects\DiskEd\disked\.aide-local\iq42-clean\build-x64\Release\nt_storage_query_probe.exe
MSBuild version 17.14.51+25f168cee for .NET Framework

  Building Custom Rule D:/Projects/DiskEd/disked/.aide-local/iq42-clean/checkout/tests/windows/native/CMakeLists.txt
  observation_worker.cpp
  namespace_worker.cpp
  storage_worker.cpp
  storage_queries.cpp
  volume_namespace.cpp
  storage_inventory.cpp
  storage_frame_reader.cpp
  storage_graph.cpp
  volume_inventory.cpp
  namespace_graph.cpp
  local_file.cpp
  json.cpp
  snapshot.cpp
  capture.cpp
  sha256.cpp
  storage_fixture.cpp
  volume_fixture.cpp
  storage_worker_probe.cpp
  Generating Code...
  nt_storage_worker_probe.vcxproj -> D:\Projects\DiskEd\disked\.aide-local\iq42-clean\build-x64\Release\nt_storage_worker_probe.exe
MSBuild version 17.14.51+25f168cee for .NET Framework

  Building Custom Rule D:/Projects/DiskEd/disked/.aide-local/iq42-clean/checkout/tests/windows/native/CMakeLists.txt
  observation_frontend_probe.cpp
  memory_budget.cpp
  session.cpp
  requests.cpp
  command.cpp
  protocol.cpp
  shell_lexer.cpp
  tui_model.cpp
  gui_model.cpp
  shell_model.cpp
  observation_worker.cpp
  namespace_worker.cpp
  storage_worker.cpp
  storage_queries.cpp
  volume_namespace.cpp
  storage_inventory.cpp
  storage_frame_reader.cpp
  storage_graph.cpp
  volume_inventory.cpp
  namespace_graph.cpp
  Generating Code...
  Compiling...
  local_file.cpp
  json.cpp
  snapshot.cpp
  capture.cpp
  sha256.cpp
  storage_fixture.cpp
  volume_fixture.cpp
  Generating Code...
  nt_observation_frontend_probe.vcxproj -> D:\Projects\DiskEd\disked\.aide-local\iq42-clean\build-x64\Release\nt_observation_frontend_probe.exe
