Microsoft (R) COFF/PE Dumper Version 14.44.35228.0
Copyright (C) Microsoft Corporation.  All rights reserved.


Dump of file D:\Projects\DiskEd\disked\.aide-local\iq42-clean\build-x64\Release\nt_identity_query_probe.exe

PE signature found

File Type: EXECUTABLE IMAGE

FILE HEADER VALUES
            8664 machine (x64)
               6 number of sections
        6AC9BD03 time date stamp Sat Oct 10 15:20:19 2026
               0 file pointer to symbol table
               0 number of symbols
              F0 size of optional header
              22 characteristics
                   Executable
                   Application can handle large (>2GB) addresses

OPTIONAL HEADER VALUES
             20B magic # (PE32+)
           14.44 linker version
           27C00 size of code
           14E00 size of initialized data
               0 size of uninitialized data
           14340 entry point (0000000140014340)
            1000 base of code
       140000000 image base (0000000140000000 to 0000000140040FFF)
            1000 section alignment
             200 file alignment
            6.00 operating system version
            0.00 image version
            6.00 subsystem version
               0 Win32 version
           41000 size of image
             400 size of headers
               0 checksum
               3 subsystem (Windows CUI)
            C160 DLL characteristics
                   High Entropy Virtual Addresses
                   Dynamic base
                   NX compatible
                   Control Flow Guard
                   Terminal Server Aware
          100000 size of stack reserve
            1000 size of stack commit
          100000 size of heap reserve
            1000 size of heap commit
               0 loader flags
              10 number of directories
               0 [       0] RVA [size] of Export Directory
           38BB4 [      28] RVA [size] of Import Directory
           3F000 [     1E0] RVA [size] of Resource Directory
           3D000 [    1CF8] RVA [size] of Exception Directory
               0 [       0] RVA [size] of Certificates Directory
           40000 [     6D4] RVA [size] of Base Relocation Directory
           349F0 [      1C] RVA [size] of Debug Directory
               0 [       0] RVA [size] of Architecture Directory
               0 [       0] RVA [size] of Global Pointer Directory
               0 [       0] RVA [size] of Thread Storage Directory
           348B0 [     140] RVA [size] of Load Configuration Directory
               0 [       0] RVA [size] of Bound Import Directory
           29000 [     258] RVA [size] of Import Address Table Directory
               0 [       0] RVA [size] of Delay Import Directory
               0 [       0] RVA [size] of COM Descriptor Directory
               0 [       0] RVA [size] of Reserved Directory


SECTION HEADER #1
   .text name
   27B87 virtual size
    1000 virtual address (0000000140001000 to 0000000140028B86)
   27C00 size of raw data
     400 file pointer to raw data (00000400 to 00027FFF)
       0 file pointer to relocation table
       0 file pointer to line numbers
       0 number of relocations
       0 number of line numbers
60000020 flags
         Code
         Execute Read

SECTION HEADER #2
  .rdata name
   1039E virtual size
   29000 virtual address (0000000140029000 to 000000014003939D)
   10400 size of raw data
   28000 file pointer to raw data (00028000 to 000383FF)
       0 file pointer to relocation table
       0 file pointer to line numbers
       0 number of relocations
       0 number of line numbers
40000040 flags
         Initialized Data
         Read Only

  Debug Directories

        Time Type        Size      RVA  Pointer
    -------- ------- -------- -------- --------
    6AC9BD03 coffgrp      390 000352EC    342EC

SECTION HEADER #3
   .data name
    2064 virtual size
   3A000 virtual address (000000014003A000 to 000000014003C063)
     E00 size of raw data
   38400 file pointer to raw data (00038400 to 000391FF)
       0 file pointer to relocation table
       0 file pointer to line numbers
       0 number of relocations
       0 number of line numbers
C0000040 flags
         Initialized Data
         Read Write

SECTION HEADER #4
  .pdata name
    1CF8 virtual size
   3D000 virtual address (000000014003D000 to 000000014003ECF7)
    1E00 size of raw data
   39200 file pointer to raw data (00039200 to 0003AFFF)
       0 file pointer to relocation table
       0 file pointer to line numbers
       0 number of relocations
       0 number of line numbers
40000040 flags
         Initialized Data
         Read Only

SECTION HEADER #5
   .rsrc name
     1E0 virtual size
   3F000 virtual address (000000014003F000 to 000000014003F1DF)
     200 size of raw data
   3B000 file pointer to raw data (0003B000 to 0003B1FF)
       0 file pointer to relocation table
       0 file pointer to line numbers
       0 number of relocations
       0 number of line numbers
40000040 flags
         Initialized Data
         Read Only

SECTION HEADER #6
  .reloc name
     6D4 virtual size
   40000 virtual address (0000000140040000 to 00000001400406D3)
     800 size of raw data
   3B200 file pointer to raw data (0003B200 to 0003B9FF)
       0 file pointer to relocation table
       0 file pointer to line numbers
       0 number of relocations
       0 number of line numbers
42000040 flags
         Initialized Data
         Discardable
         Read Only

  Summary

        3000 .data
        2000 .pdata
       11000 .rdata
        1000 .reloc
        1000 .rsrc
       28000 .text
