Microsoft (R) COFF/PE Dumper Version 14.44.35228.0
Copyright (C) Microsoft Corporation.  All rights reserved.


Dump of file D:\Projects\DiskEd\disked\.aide-local\iq42-clean\build-Win32\Release\nt_observation_frontend_probe.exe

PE signature found

File Type: EXECUTABLE IMAGE

FILE HEADER VALUES
             14C machine (x86)
               5 number of sections
        6AC9BD67 time date stamp Sat Oct 10 15:21:59 2026
               0 file pointer to symbol table
               0 number of symbols
              E0 size of optional header
             102 characteristics
                   Executable
                   32 bit word machine

OPTIONAL HEADER VALUES
             10B magic # (PE32)
           14.44 linker version
           B0800 size of code
           2AA00 size of initialized data
               0 size of uninitialized data
           86AC0 entry point (00486AC0)
            1000 base of code
           B2000 base of data
          400000 image base (00400000 to 004DFFFF)
            1000 section alignment
             200 file alignment
            6.00 operating system version
            0.00 image version
            6.00 subsystem version
               0 Win32 version
           E0000 size of image
             400 size of headers
               0 checksum
               3 subsystem (Windows CUI)
            C140 DLL characteristics
                   Dynamic base
                   NX compatible
                   Control Flow Guard
                   Terminal Server Aware
          100000 size of stack reserve
            1000 size of stack commit
          100000 size of heap reserve
            1000 size of heap commit
               0 loader flags
              10 number of directories
               0 [       0] RVA [size] of Export Directory
           D05F4 [      28] RVA [size] of Import Directory
           D7000 [     1E0] RVA [size] of Resource Directory
               0 [       0] RVA [size] of Exception Directory
               0 [       0] RVA [size] of Certificates Directory
           D8000 [    71B0] RVA [size] of Base Relocation Directory
           C1800 [      1C] RVA [size] of Debug Directory
               0 [       0] RVA [size] of Architecture Directory
               0 [       0] RVA [size] of Global Pointer Directory
           C1840 [      18] RVA [size] of Thread Storage Directory
           C1740 [      40] RVA [size] of Load Configuration Directory
               0 [       0] RVA [size] of Bound Import Directory
           B2000 [     1D4] RVA [size] of Import Address Table Directory
               0 [       0] RVA [size] of Delay Import Directory
               0 [       0] RVA [size] of COM Descriptor Directory
               0 [       0] RVA [size] of Reserved Directory


SECTION HEADER #1
   .text name
   B07AA virtual size
    1000 virtual address (00401000 to 004B17A9)
   B0800 size of raw data
     400 file pointer to raw data (00000400 to 000B0BFF)
       0 file pointer to relocation table
       0 file pointer to line numbers
       0 number of relocations
       0 number of line numbers
60000020 flags
         Code
         Execute Read

SECTION HEADER #2
  .rdata name
   1F0F4 virtual size
   B2000 virtual address (004B2000 to 004D10F3)
   1F200 size of raw data
   B0C00 file pointer to raw data (000B0C00 to 000CFDFF)
       0 file pointer to relocation table
       0 file pointer to line numbers
       0 number of relocations
       0 number of line numbers
40000040 flags
         Initialized Data
         Read Only

  Debug Directories

        Time Type        Size      RVA  Pointer
    -------- ------- -------- -------- --------
    6AC9BD67 coffgrp      3E4 000C31D0    C1DD0

SECTION HEADER #3
   .data name
    426C virtual size
   D2000 virtual address (004D2000 to 004D626B)
    3200 size of raw data
   CFE00 file pointer to raw data (000CFE00 to 000D2FFF)
       0 file pointer to relocation table
       0 file pointer to line numbers
       0 number of relocations
       0 number of line numbers
C0000040 flags
         Initialized Data
         Read Write

SECTION HEADER #4
   .rsrc name
     1E0 virtual size
   D7000 virtual address (004D7000 to 004D71DF)
     200 size of raw data
   D3000 file pointer to raw data (000D3000 to 000D31FF)
       0 file pointer to relocation table
       0 file pointer to line numbers
       0 number of relocations
       0 number of line numbers
40000040 flags
         Initialized Data
         Read Only

SECTION HEADER #5
  .reloc name
    71B0 virtual size
   D8000 virtual address (004D8000 to 004DF1AF)
    7200 size of raw data
   D3200 file pointer to raw data (000D3200 to 000DA3FF)
       0 file pointer to relocation table
       0 file pointer to line numbers
       0 number of relocations
       0 number of line numbers
42000040 flags
         Initialized Data
         Discardable
         Read Only

  Summary

        5000 .data
       20000 .rdata
        8000 .reloc
        1000 .rsrc
       B1000 .text
