Microsoft (R) COFF/PE Dumper Version 14.44.35228.0
Copyright (C) Microsoft Corporation.  All rights reserved.


Dump of file D:\Projects\DiskEd\disked\.aide-local\iq42-clean\build-x64\Release\nt_storage_query_probe.exe

PE signature found

File Type: EXECUTABLE IMAGE

FILE HEADER VALUES
            8664 machine (x64)
               6 number of sections
        6AC9BD0B time date stamp Sat Oct 10 15:20:27 2026
               0 file pointer to symbol table
               0 number of symbols
              F0 size of optional header
              22 characteristics
                   Executable
                   Application can handle large (>2GB) addresses

OPTIONAL HEADER VALUES
             20B magic # (PE32+)
           14.44 linker version
           37600 size of code
           17E00 size of initialized data
               0 size of uninitialized data
           227A0 entry point (00000001400227A0)
            1000 base of code
       140000000 image base (0000000140000000 to 0000000140053FFF)
            1000 section alignment
             200 file alignment
            6.00 operating system version
            0.00 image version
            6.00 subsystem version
               0 Win32 version
           54000 size of image
             400 size of headers
               0 checksum
               3 subsystem (Windows CUI)
            C160 DLL characteristics
                   High Entropy Virtual Addresses
                   Dynamic base
                   NX compatible
                   Control Flow Guard
                   Terminal Server Aware
          100000 size of stack reserve
            1000 size of stack commit
          100000 size of heap reserve
            1000 size of heap commit
               0 loader flags
              10 number of directories
               0 [       0] RVA [size] of Export Directory
           4B2C4 [      28] RVA [size] of Import Directory
           52000 [     1E0] RVA [size] of Resource Directory
           4F000 [    240C] RVA [size] of Exception Directory
               0 [       0] RVA [size] of Certificates Directory
           53000 [     6F4] RVA [size] of Base Relocation Directory
           450A0 [      1C] RVA [size] of Debug Directory
               0 [       0] RVA [size] of Architecture Directory
               0 [       0] RVA [size] of Global Pointer Directory
               0 [       0] RVA [size] of Thread Storage Directory
           44F60 [     140] RVA [size] of Load Configuration Directory
               0 [       0] RVA [size] of Bound Import Directory
           39000 [     258] RVA [size] of Import Address Table Directory
               0 [       0] RVA [size] of Delay Import Directory
               0 [       0] RVA [size] of COM Descriptor Directory
               0 [       0] RVA [size] of Reserved Directory


SECTION HEADER #1
   .text name
   3742F virtual size
    1000 virtual address (0000000140001000 to 000000014003842E)
   37600 size of raw data
     400 file pointer to raw data (00000400 to 000379FF)
       0 file pointer to relocation table
       0 file pointer to line numbers
       0 number of relocations
       0 number of line numbers
60000020 flags
         Code
         Execute Read

SECTION HEADER #2
  .rdata name
   12AAE virtual size
   39000 virtual address (0000000140039000 to 000000014004BAAD)
   12C00 size of raw data
   37A00 file pointer to raw data (00037A00 to 0004A5FF)
       0 file pointer to relocation table
       0 file pointer to line numbers
       0 number of relocations
       0 number of line numbers
40000040 flags
         Initialized Data
         Read Only

  Debug Directories

        Time Type        Size      RVA  Pointer
    -------- ------- -------- -------- --------
    6AC9BD0B coffgrp      390 00045B64    44564

SECTION HEADER #3
   .data name
    219C virtual size
   4C000 virtual address (000000014004C000 to 000000014004E19B)
    1000 size of raw data
   4A600 file pointer to raw data (0004A600 to 0004B5FF)
       0 file pointer to relocation table
       0 file pointer to line numbers
       0 number of relocations
       0 number of line numbers
C0000040 flags
         Initialized Data
         Read Write

SECTION HEADER #4
  .pdata name
    240C virtual size
   4F000 virtual address (000000014004F000 to 000000014005140B)
    2600 size of raw data
   4B600 file pointer to raw data (0004B600 to 0004DBFF)
       0 file pointer to relocation table
       0 file pointer to line numbers
       0 number of relocations
       0 number of line numbers
40000040 flags
         Initialized Data
         Read Only

SECTION HEADER #5
   .rsrc name
     1E0 virtual size
   52000 virtual address (0000000140052000 to 00000001400521DF)
     200 size of raw data
   4DC00 file pointer to raw data (0004DC00 to 0004DDFF)
       0 file pointer to relocation table
       0 file pointer to line numbers
       0 number of relocations
       0 number of line numbers
40000040 flags
         Initialized Data
         Read Only

SECTION HEADER #6
  .reloc name
     6F4 virtual size
   53000 virtual address (0000000140053000 to 00000001400536F3)
     800 size of raw data
   4DE00 file pointer to raw data (0004DE00 to 0004E5FF)
       0 file pointer to relocation table
       0 file pointer to line numbers
       0 number of relocations
       0 number of line numbers
42000040 flags
         Initialized Data
         Discardable
         Read Only

  Summary

        3000 .data
        3000 .pdata
       13000 .rdata
        1000 .reloc
        1000 .rsrc
       38000 .text
