Test project D:/Projects/DiskEd/disked/.aide-local/goal-0.1.0/clean-gui-capture-bbf422ce/build/windows-bootstrap
      Start  1: frontend.product_export
 1/68 Test  #1: frontend.product_export ............   Passed   11.89 sec
      Start  2: frontend.gui_capture
 2/68 Test  #2: frontend.gui_capture ...............***Failed    0.43 sec
Traceback (most recent call last):
  File "D:\Projects\DiskEd\disked\.aide-local\goal-0.1.0\clean-gui-capture-bbf422ce\tests\frontend\test_gui_capture.py", line 71, in <module>
    if __name__=='__main__':main()
                            ~~~~^^
  File "D:\Projects\DiskEd\disked\.aide-local\goal-0.1.0\clean-gui-capture-bbf422ce\tests\frontend\test_gui_capture.py", line 57, in main
    check(name+'-actual-caption-pixels-'+str(index),capture_client_content(body,w,h,box))
    ~~~~~^^^^^^^^^^^^^^^^^^^^^^^^^^^^^^^^^^^^^^^^^^^^^^^^^^^^^^^^^^^^^^^^^^^^^^^^^^^^^^^^
  File "D:\Projects\DiskEd\disked\.aide-local\goal-0.1.0\clean-gui-capture-bbf422ce\tests\frontend\test_gui_capture.py", line 33, in check
    def check(name,passed):assert passed,name;checks.append(dict(name=name,passed=True))
                                  ^^^^^^
AssertionError: review-actual-caption-pixels-1

      Start  3: operation.directory_pins
 3/68 Test  #3: operation.directory_pins ...........   Passed    0.40 sec
      Start  4: evidence.acquisition_export
 4/68 Test  #4: evidence.acquisition_export ........   Passed    2.86 sec
      Start  5: evidence.report_worker
 5/68 Test  #5: evidence.report_worker .............   Passed   19.69 sec
      Start  6: evidence.export_commands
 6/68 Test  #6: evidence.export_commands ...........   Passed    8.69 sec
      Start  7: evidence.report_watch
 7/68 Test  #7: evidence.report_watch ..............   Passed   18.99 sec
      Start  8: evidence.acquisition_case
 8/68 Test  #8: evidence.acquisition_case ..........   Passed    7.54 sec
      Start  9: evidence.export_model
 9/68 Test  #9: evidence.export_model ..............   Passed    1.65 sec
      Start 10: evidence.file_export
10/68 Test #10: evidence.file_export ...............   Passed    9.89 sec
      Start 11: evidence.case_model
11/68 Test #11: evidence.case_model ................   Passed    3.46 sec
      Start 12: health.observation_model
12/68 Test #12: health.observation_model ...........   Passed    0.25 sec
      Start 13: health.command
13/68 Test #13: health.command .....................   Passed    2.83 sec
      Start 14: journal.semantic_reader
14/68 Test #14: journal.semantic_reader ............   Passed   12.75 sec
      Start 15: journal.guarded_model
15/68 Test #15: journal.guarded_model ..............   Passed    1.88 sec
      Start 16: journal.model_binary_producer
16/68 Test #16: journal.model_binary_producer ......   Passed    2.57 sec
      Start 17: journal.repeated_crash_audit
17/68 Test #17: journal.repeated_crash_audit .......   Passed    4.09 sec
      Start 18: journal.plan_definitions
18/68 Test #18: journal.plan_definitions ...........   Passed    0.35 sec
      Start 19: journal.binary_codec
19/68 Test #19: journal.binary_codec ...............   Passed    0.26 sec
      Start 20: frontend.acquisition_forms
20/68 Test #20: frontend.acquisition_forms .........   Passed    2.33 sec
      Start 21: frontend.acquisition_interactive
21/68 Test #21: frontend.acquisition_interactive ...   Passed   32.46 sec
      Start 22: image.acquisition_commands
22/68 Test #22: image.acquisition_commands .........   Passed   15.41 sec
      Start 23: image.acquisition_operations
23/68 Test #23: image.acquisition_operations .......   Passed   11.26 sec
      Start 24: image.acquisition_worker
24/68 Test #24: image.acquisition_worker ...........   Passed   24.72 sec
      Start 25: image.file_acquisition
25/68 Test #25: image.file_acquisition .............   Passed   20.85 sec
      Start 26: image.parent_pins
26/68 Test #26: image.parent_pins ..................   Passed    1.13 sec
      Start 27: image.acquisition_pipeline
27/68 Test #27: image.acquisition_pipeline .........   Passed    4.61 sec
      Start 28: image.shared_commands
28/68 Test #28: image.shared_commands ..............   Passed   18.23 sec
      Start 29: image.file_capture
29/68 Test #29: image.file_capture .................   Passed    3.37 sec
      Start 30: image.map_observation
30/68 Test #30: image.map_observation ..............   Passed    1.45 sec
      Start 31: portable.gpt
31/68 Test #31: portable.gpt .......................   Passed    3.26 sec
      Start 32: portable.gpt_guard
32/68 Test #32: portable.gpt_guard .................   Passed    0.02 sec
      Start 33: portable.mbr_ebr
33/68 Test #33: portable.mbr_ebr ...................   Passed    1.19 sec
      Start 34: portable.mbr_guard
34/68 Test #34: portable.mbr_guard .................   Passed    0.02 sec
      Start 35: portable.checked
35/68 Test #35: portable.checked ...................   Passed    0.32 sec
      Start 36: portable.c_cpp_linkage
36/68 Test #36: portable.c_cpp_linkage .............   Passed    0.04 sec
      Start 37: operation.watch_reader
37/68 Test #37: operation.watch_reader .............   Passed    0.39 sec
      Start 38: resilience.capture
38/68 Test #38: resilience.capture .................   Passed    0.50 sec
      Start 39: resilience.request_channel
39/68 Test #39: resilience.request_channel .........   Passed    0.38 sec
      Start 40: shell.model
40/68 Test #40: shell.model ........................   Passed    1.32 sec
      Start 41: operation.reducer
41/68 Test #41: operation.reducer ..................   Passed    0.69 sec
      Start 42: frontend.gui_model
42/68 Test #42: frontend.gui_model .................   Passed    0.51 sec
      Start 43: frontend.gui_windows
43/68 Test #43: frontend.gui_windows ...............   Passed    2.29 sec
      Start 44: frontend.tui_model
44/68 Test #44: frontend.tui_model .................   Passed    0.39 sec
      Start 45: frontend.tui_windows
45/68 Test #45: frontend.tui_windows ...............   Passed    3.55 sec
      Start 46: shell.windows
46/68 Test #46: shell.windows ......................   Passed    6.17 sec
      Start 47: frontend.service
47/68 Test #47: frontend.service ...................   Passed    0.37 sec
      Start 48: frontend.transport
48/68 Test #48: frontend.transport .................   Passed    1.17 sec
      Start 49: invocation.policy
49/68 Test #49: invocation.policy ..................   Passed    5.22 sec
      Start 50: protocol.compatible_reader
50/68 Test #50: protocol.compatible_reader .........   Passed    0.64 sec
      Start 51: command.syntax
51/68 Test #51: command.syntax .....................   Passed    9.69 sec
      Start 52: protocol.json_codec
52/68 Test #52: protocol.json_codec ................   Passed    2.66 sec
      Start 53: operation.watch
53/68 Test #53: operation.watch ....................   Passed   30.94 sec
      Start 54: resilience.capture_campaign
54/68 Test #54: resilience.capture_campaign ........   Passed    9.09 sec
      Start 55: resilience.frontend_memory
55/68 Test #55: resilience.frontend_memory .........   Passed    6.98 sec
      Start 56: resilience.store_failures
56/68 Test #56: resilience.store_failures ..........   Passed   16.49 sec
      Start 57: resilience.request_waiting
57/68 Test #57: resilience.request_waiting .........   Passed   19.49 sec
      Start 58: resilience.output_waiting
58/68 Test #58: resilience.output_waiting ..........   Passed   17.62 sec
      Start 59: operation.worker
59/68 Test #59: operation.worker ...................   Passed   20.50 sec
      Start 60: resilience.gui_waiting
60/68 Test #60: resilience.gui_waiting .............   Passed    6.26 sec
      Start 61: resilience.console_waiting
61/68 Test #61: resilience.console_waiting .........   Passed   12.60 sec
      Start 62: resilience.worker_budget
62/68 Test #62: resilience.worker_budget ...........   Passed    8.14 sec
      Start 63: disked.invocation
63/68 Test #63: disked.invocation ..................   Passed    1.38 sec
      Start 64: disked.acceptance
64/68 Test #64: disked.acceptance ..................   Passed    7.35 sec
      Start 65: disked_provider_guard.invocation
65/68 Test #65: disked_provider_guard.invocation ...   Passed    1.32 sec
      Start 66: disked_provider_guard.acceptance
66/68 Test #66: disked_provider_guard.acceptance ...   Passed    2.81 sec
      Start 67: provider_guard.positive_control
67/68 Test #67: provider_guard.positive_control ....   Passed    0.11 sec
      Start 68: artifacts.archive_completeness
68/68 Test #68: artifacts.archive_completeness .....   Passed    2.09 sec

99% tests passed, 1 tests failed out of 68

Total Test time (real) = 455.03 sec

The following tests FAILED:
	  2 - frontend.gui_capture (Failed)
Errors while running CTest
