Microsoft (R) COFF/PE Dumper Version 14.44.35228.0
Copyright (C) Microsoft Corporation.  All rights reserved.


Dump of file D:\Projects\DiskEd\disked\.aide-local\goal-0.1.0\clean-product-export-1f80711f\build\windows-bootstrap\Release\export_command_fault.exe

PE signature found

File Type: EXECUTABLE IMAGE

FILE HEADER VALUES
            8664 machine (x64)
               6 number of sections
        6AC8B6AB time date stamp Fri Oct  9 20:40:59 2026
               0 file pointer to symbol table
               0 number of symbols
              F0 size of optional header
              22 characteristics
                   Executable
                   Application can handle large (>2GB) addresses

OPTIONAL HEADER VALUES
             20B magic # (PE32+)
           14.44 linker version
           8DA00 size of code
           3AA00 size of initialized data
               0 size of uninitialized data
           69E00 entry point (0000000140069E00)
            1000 base of code
       140000000 image base (0000000140000000 to 00000001400CAFFF)
            1000 section alignment
             200 file alignment
            6.00 operating system version
            0.00 image version
            6.00 subsystem version
               0 Win32 version
           CB000 size of image
             400 size of headers
               0 checksum
               3 subsystem (Windows CUI)
            C160 DLL characteristics
                   High Entropy Virtual Addresses
                   Dynamic base
                   NX compatible
                   Control Flow Guard
                   Terminal Server Aware
          100000 size of stack reserve
            1000 size of stack commit
          100000 size of heap reserve
            1000 size of heap commit
               0 loader flags
              10 number of directories
               0 [       0] RVA [size] of Export Directory
           BEFAC [      28] RVA [size] of Import Directory
           C9000 [     1E0] RVA [size] of Resource Directory
           C4000 [    4C50] RVA [size] of Exception Directory
               0 [       0] RVA [size] of Certificates Directory
           CA000 [     AE4] RVA [size] of Base Relocation Directory
           B0320 [      1C] RVA [size] of Debug Directory
               0 [       0] RVA [size] of Architecture Directory
               0 [       0] RVA [size] of Global Pointer Directory
           B0500 [      28] RVA [size] of Thread Storage Directory
           B01E0 [     140] RVA [size] of Load Configuration Directory
               0 [       0] RVA [size] of Bound Import Directory
           8F000 [     3B8] RVA [size] of Import Address Table Directory
               0 [       0] RVA [size] of Delay Import Directory
               0 [       0] RVA [size] of COM Descriptor Directory
               0 [       0] RVA [size] of Reserved Directory


SECTION HEADER #1
   .text name
   8D88C virtual size
    1000 virtual address (0000000140001000 to 000000014008E88B)
   8DA00 size of raw data
     400 file pointer to raw data (00000400 to 0008DDFF)
       0 file pointer to relocation table
       0 file pointer to line numbers
       0 number of relocations
       0 number of line numbers
60000020 flags
         Code
         Execute Read

SECTION HEADER #2
  .rdata name
   30CE0 virtual size
   8F000 virtual address (000000014008F000 to 00000001400BFCDF)
   30E00 size of raw data
   8DE00 file pointer to raw data (0008DE00 to 000BEBFF)
       0 file pointer to relocation table
       0 file pointer to line numbers
       0 number of relocations
       0 number of line numbers
40000040 flags
         Initialized Data
         Read Only

  Debug Directories

        Time Type        Size      RVA  Pointer
    -------- ------- -------- -------- --------
    6AC8B6AB coffgrp      418 000B2588    B1388

SECTION HEADER #3
   .data name
    3E90 virtual size
   C0000 virtual address (00000001400C0000 to 00000001400C3E8F)
    2800 size of raw data
   BEC00 file pointer to raw data (000BEC00 to 000C13FF)
       0 file pointer to relocation table
       0 file pointer to line numbers
       0 number of relocations
       0 number of line numbers
C0000040 flags
         Initialized Data
         Read Write

SECTION HEADER #4
  .pdata name
    4C50 virtual size
   C4000 virtual address (00000001400C4000 to 00000001400C8C4F)
    4E00 size of raw data
   C1400 file pointer to raw data (000C1400 to 000C61FF)
       0 file pointer to relocation table
       0 file pointer to line numbers
       0 number of relocations
       0 number of line numbers
40000040 flags
         Initialized Data
         Read Only

SECTION HEADER #5
   .rsrc name
     1E0 virtual size
   C9000 virtual address (00000001400C9000 to 00000001400C91DF)
     200 size of raw data
   C6200 file pointer to raw data (000C6200 to 000C63FF)
       0 file pointer to relocation table
       0 file pointer to line numbers
       0 number of relocations
       0 number of line numbers
40000040 flags
         Initialized Data
         Read Only

SECTION HEADER #6
  .reloc name
     AE4 virtual size
   CA000 virtual address (00000001400CA000 to 00000001400CAAE3)
     C00 size of raw data
   C6400 file pointer to raw data (000C6400 to 000C6FFF)
       0 file pointer to relocation table
       0 file pointer to line numbers
       0 number of relocations
       0 number of line numbers
42000040 flags
         Initialized Data
         Discardable
         Read Only

  Summary

        4000 .data
        5000 .pdata
       31000 .rdata
        1000 .reloc
        1000 .rsrc
       8E000 .text
