MSBuild version 17.14.51+25f168cee for .NET Framework

  disked_hash.vcxproj -> D:\Projects\DiskEd\disked\build\windows-bootstrap\Release\disked_hash.lib
  disked_json.vcxproj -> D:\Projects\DiskEd\disked\build\windows-bootstrap\Release\disked_json.lib
  disked_acquisition.vcxproj -> D:\Projects\DiskEd\disked\build\windows-bootstrap\Release\disked_acquisition.lib
  disked_health_observation.vcxproj -> D:\Projects\DiskEd\disked\build\windows-bootstrap\Release\disked_health_observation.lib
  case_report.cpp
  acquisition_case.cpp
  Generating Code...
  disked_case_evidence.vcxproj -> D:\Projects\DiskEd\disked\build\windows-bootstrap\Release\disked_case_evidence.lib
  disked_local_file.vcxproj -> D:\Projects\DiskEd\disked\build\windows-bootstrap\Release\disked_local_file.lib
  Building Custom Rule D:/Projects/DiskEd/disked/CMakeLists.txt
  file_case.cpp
  disked_file_case_source.vcxproj -> D:\Projects\DiskEd\disked\build\windows-bootstrap\Release\disked_file_case_source.lib
  report_export.cpp
  disked_report_export.vcxproj -> D:\Projects\DiskEd\disked\build\windows-bootstrap\Release\disked_report_export.lib
  file_export.cpp
  disked_file_report_export.vcxproj -> D:\Projects\DiskEd\disked\build\windows-bootstrap\Release\disked_file_report_export.lib
  Building Custom Rule D:/Projects/DiskEd/disked/CMakeLists.txt
  acquisition_case_probe.cpp
  acquisition_case_probe.vcxproj -> D:\Projects\DiskEd\disked\build\windows-bootstrap\Release\acquisition_case_probe.exe
MSBuild version 17.14.51+25f168cee for .NET Framework

  1>Bind current Git revision and native input bytes
  disked_hash.vcxproj -> D:\Projects\DiskEd\disked\build\windows-bootstrap\Release\disked_hash.lib
  disked_json.vcxproj -> D:\Projects\DiskEd\disked\build\windows-bootstrap\Release\disked_json.lib
  disked_acquisition.vcxproj -> D:\Projects\DiskEd\disked\build\windows-bootstrap\Release\disked_acquisition.lib
  disked_acquisition_commands.vcxproj -> D:\Projects\DiskEd\disked\build\windows-bootstrap\Release\disked_acquisition_commands.lib
  disked_presentation.vcxproj -> D:\Projects\DiskEd\disked\build\windows-bootstrap\Release\disked_presentation.lib
  disked_acquisition_observation.vcxproj -> D:\Projects\DiskEd\disked\build\windows-bootstrap\Release\disked_acquisition_observation.lib
  disked_local_file.vcxproj -> D:\Projects\DiskEd\disked\build\windows-bootstrap\Release\disked_local_file.lib
  disked_file_acquisition.vcxproj -> D:\Projects\DiskEd\disked\build\windows-bootstrap\Release\disked_file_acquisition.lib
  disked_primitives.vcxproj -> D:\Projects\DiskEd\disked\build\windows-bootstrap\Release\disked_primitives.lib
  disked_gpt.vcxproj -> D:\Projects\DiskEd\disked\build\windows-bootstrap\Release\disked_gpt.lib
  disked_gui.vcxproj -> D:\Projects\DiskEd\disked\build\windows-bootstrap\Release\disked_gui.lib
  disked_health_observation.vcxproj -> D:\Projects\DiskEd\disked\build\windows-bootstrap\Release\disked_health_observation.lib
  disked_mbr.vcxproj -> D:\Projects\DiskEd\disked\build\windows-bootstrap\Release\disked_mbr.lib
  disked_map_observation.vcxproj -> D:\Projects\DiskEd\disked\build\windows-bootstrap\Release\disked_map_observation.lib
  disked_image_actions.vcxproj -> D:\Projects\DiskEd\disked\build\windows-bootstrap\Release\disked_image_actions.lib
  disked_image_capture.vcxproj -> D:\Projects\DiskEd\disked\build\windows-bootstrap\Release\disked_image_capture.lib
  disked_shell.vcxproj -> D:\Projects\DiskEd\disked\build\windows-bootstrap\Release\disked_shell.lib
  disked_tui.vcxproj -> D:\Projects\DiskEd\disked\build\windows-bootstrap\Release\disked_tui.lib
  cli.cpp
  command_registry.cpp
  acquisition_worker.cpp
  fake_worker.cpp
  invocation.cpp
  bootstrap.cpp
  Generating Code...
  disked.vcxproj -> D:\Projects\DiskEd\disked\build\windows-bootstrap\Release\disked.exe
MSBuild version 17.14.51+25f168cee for .NET Framework

  1>Bind current Git revision and native input bytes
  disked_hash.vcxproj -> D:\Projects\DiskEd\disked\build\windows-bootstrap\Release\disked_hash.lib
  disked_json.vcxproj -> D:\Projects\DiskEd\disked\build\windows-bootstrap\Release\disked_json.lib
  disked_acquisition.vcxproj -> D:\Projects\DiskEd\disked\build\windows-bootstrap\Release\disked_acquisition.lib
  disked_acquisition_commands.vcxproj -> D:\Projects\DiskEd\disked\build\windows-bootstrap\Release\disked_acquisition_commands.lib
  disked_presentation.vcxproj -> D:\Projects\DiskEd\disked\build\windows-bootstrap\Release\disked_presentation.lib
  disked_acquisition_observation.vcxproj -> D:\Projects\DiskEd\disked\build\windows-bootstrap\Release\disked_acquisition_observation.lib
  disked_local_file.vcxproj -> D:\Projects\DiskEd\disked\build\windows-bootstrap\Release\disked_local_file.lib
  disked_file_acquisition.vcxproj -> D:\Projects\DiskEd\disked\build\windows-bootstrap\Release\disked_file_acquisition.lib
  acquisition_worker.cpp
  acquisition_worker_fault.vcxproj -> D:\Projects\DiskEd\disked\build\windows-bootstrap\Release\acquisition_worker_fault.exe
MSBuild version 17.14.51+25f168cee for .NET Framework

  disked_hash.vcxproj -> D:\Projects\DiskEd\disked\build\windows-bootstrap\Release\disked_hash.lib
  disked_json.vcxproj -> D:\Projects\DiskEd\disked\build\windows-bootstrap\Release\disked_json.lib
  disked_acquisition.vcxproj -> D:\Projects\DiskEd\disked\build\windows-bootstrap\Release\disked_acquisition.lib
  disked_health_observation.vcxproj -> D:\Projects\DiskEd\disked\build\windows-bootstrap\Release\disked_health_observation.lib
  disked_case_evidence.vcxproj -> D:\Projects\DiskEd\disked\build\windows-bootstrap\Release\disked_case_evidence.lib
  disked_report_export.vcxproj -> D:\Projects\DiskEd\disked\build\windows-bootstrap\Release\disked_report_export.lib
  export_probe.cpp
  report_export_probe.vcxproj -> D:\Projects\DiskEd\disked\build\windows-bootstrap\Release\report_export_probe.exe
MSBuild version 17.14.51+25f168cee for .NET Framework

  disked_hash.vcxproj -> D:\Projects\DiskEd\disked\build\windows-bootstrap\Release\disked_hash.lib
  disked_json.vcxproj -> D:\Projects\DiskEd\disked\build\windows-bootstrap\Release\disked_json.lib
  disked_acquisition.vcxproj -> D:\Projects\DiskEd\disked\build\windows-bootstrap\Release\disked_acquisition.lib
  disked_health_observation.vcxproj -> D:\Projects\DiskEd\disked\build\windows-bootstrap\Release\disked_health_observation.lib
  disked_case_evidence.vcxproj -> D:\Projects\DiskEd\disked\build\windows-bootstrap\Release\disked_case_evidence.lib
  disked_local_file.vcxproj -> D:\Projects\DiskEd\disked\build\windows-bootstrap\Release\disked_local_file.lib
  disked_report_export.vcxproj -> D:\Projects\DiskEd\disked\build\windows-bootstrap\Release\disked_report_export.lib
  disked_file_report_export.vcxproj -> D:\Projects\DiskEd\disked\build\windows-bootstrap\Release\disked_file_report_export.lib
  file_export_probe.cpp
  file_report_export_probe.vcxproj -> D:\Projects\DiskEd\disked\build\windows-bootstrap\Release\file_report_export_probe.exe
MSBuild version 17.14.51+25f168cee for .NET Framework

  disked_hash.vcxproj -> D:\Projects\DiskEd\disked\build\windows-bootstrap\Release\disked_hash.lib
  disked_json.vcxproj -> D:\Projects\DiskEd\disked\build\windows-bootstrap\Release\disked_json.lib
  disked_acquisition.vcxproj -> D:\Projects\DiskEd\disked\build\windows-bootstrap\Release\disked_acquisition.lib
  disked_health_observation.vcxproj -> D:\Projects\DiskEd\disked\build\windows-bootstrap\Release\disked_health_observation.lib
  disked_case_evidence.vcxproj -> D:\Projects\DiskEd\disked\build\windows-bootstrap\Release\disked_case_evidence.lib
  disked_local_file.vcxproj -> D:\Projects\DiskEd\disked\build\windows-bootstrap\Release\disked_local_file.lib
  disked_report_export.vcxproj -> D:\Projects\DiskEd\disked\build\windows-bootstrap\Release\disked_report_export.lib
  file_export_probe.cpp
  file_export.cpp
  Generating Code...
  file_report_export_fault.vcxproj -> D:\Projects\DiskEd\disked\build\windows-bootstrap\Release\file_report_export_fault.exe
MSBuild version 17.14.51+25f168cee for .NET Framework

  disked_hash.vcxproj -> D:\Projects\DiskEd\disked\build\windows-bootstrap\Release\disked_hash.lib
  disked_json.vcxproj -> D:\Projects\DiskEd\disked\build\windows-bootstrap\Release\disked_json.lib
  disked_acquisition.vcxproj -> D:\Projects\DiskEd\disked\build\windows-bootstrap\Release\disked_acquisition.lib
  disked_health_observation.vcxproj -> D:\Projects\DiskEd\disked\build\windows-bootstrap\Release\disked_health_observation.lib
  disked_case_evidence.vcxproj -> D:\Projects\DiskEd\disked\build\windows-bootstrap\Release\disked_case_evidence.lib
  disked_presentation.vcxproj -> D:\Projects\DiskEd\disked\build\windows-bootstrap\Release\disked_presentation.lib
  case_probe.cpp
  case_evidence_probe.vcxproj -> D:\Projects\DiskEd\disked\build\windows-bootstrap\Release\case_evidence_probe.exe
