MSBuild version 17.14.51+25f168cee for .NET Framework

  1>Checking Build System
  Building Custom Rule D:/Projects/DiskEd/disked/.aide-local/of41-r1/checkout/tests/windows/native/CMakeLists.txt
  Building Custom Rule D:/Projects/DiskEd/disked/.aide-local/of41-r1/checkout/tests/windows/native/CMakeLists.txt
  Building Custom Rule D:/Projects/DiskEd/disked/.aide-local/of41-r1/checkout/tests/windows/native/CMakeLists.txt
  Building Custom Rule D:/Projects/DiskEd/disked/.aide-local/of41-r1/checkout/tests/windows/native/CMakeLists.txt
  namespace_worker.cpp
  namespace_worker.cpp
  observation_frontend_probe.cpp
  Building Custom Rule D:/Projects/DiskEd/disked/.aide-local/of41-r1/checkout/tests/windows/native/CMakeLists.txt
  Building Custom Rule D:/Projects/DiskEd/disked/.aide-local/of41-r1/checkout/tests/windows/native/CMakeLists.txt
  namespace_worker.cpp
  observation_worker.cpp
  storage_queries.cpp
  observation_worker.cpp
  observation_worker.cpp
  observation_worker.cpp
  namespace_worker.cpp
  memory_budget.cpp
  session.cpp
  storage_inventory.cpp
  volume_namespace.cpp
  volume_namespace.cpp
  volume_namespace.cpp
  requests.cpp
  storage_worker.cpp
  command.cpp
  volume_inventory.cpp
  volume_inventory.cpp
  volume_inventory.cpp
  volume_inventory.cpp
  storage_queries.cpp
  protocol.cpp
  volume_namespace.cpp
  namespace_graph.cpp
  local_file.cpp
  local_file.cpp
  shell_lexer.cpp
  volume_namespace.cpp
  sha256.cpp
  sha256.cpp
  json.cpp
  json.cpp
  json.cpp
  tui_model.cpp
  local_file.cpp
  volume_fixture.cpp
  snapshot.cpp
  snapshot.cpp
  storage_inventory.cpp
  gui_model.cpp
  capture.cpp
  sha256.cpp
  storage_fixture.cpp
  sha256.cpp
  json.cpp
  namespace_worker_probe.cpp
  shell_model.cpp
  snapshot.cpp
  volume_fixture.cpp
  storage_frame_reader.cpp
  storage_query_probe.cpp
  capture.cpp
  observation_worker.cpp
  Generating Code...
  capture_lifecycle_probe.cpp
  volume_fixture.cpp
  storage_graph.cpp
  Generating Code...
  namespace_worker.cpp
  Generating Code...
  namespace_graph_probe.cpp
  volume_inventory.cpp
  storage_worker.cpp
  Generating Code...
  namespace_graph.cpp
  storage_queries.cpp
  local_file.cpp
  json.cpp
  volume_namespace.cpp
  snapshot.cpp
  nt_namespace_worker_probe.vcxproj -> D:\Projects\DiskEd\disked\.aide-local\of41-r1\build-x64\Release\nt_namespace_worker_probe.exe
  storage_inventory.cpp
  Building Custom Rule D:/Projects/DiskEd/disked/.aide-local/of41-r1/checkout/tests/windows/native/CMakeLists.txt
  capture.cpp
  volume_namespace.cpp
  sha256.cpp
  storage_fixture.cpp
  volume_inventory.cpp
  storage_frame_reader.cpp
  nt_storage_query_probe.vcxproj -> D:\Projects\DiskEd\disked\.aide-local\of41-r1\build-x64\Release\nt_storage_query_probe.exe
  volume_fixture.cpp
  json.cpp
  storage_graph.cpp
  volume_fixture.cpp
  storage_worker_probe.cpp
  volume_namespace_probe.cpp
  volume_inventory.cpp
  nt_capture_lifecycle_probe.vcxproj -> D:\Projects\DiskEd\disked\.aide-local\of41-r1\build-x64\Release\nt_capture_lifecycle_probe.exe
  Generating Code...
  Generating Code...
  namespace_graph.cpp
  Generating Code...
  nt_namespace_graph_probe.vcxproj -> D:\Projects\DiskEd\disked\.aide-local\of41-r1\build-x64\Release\nt_namespace_graph_probe.exe
  nt_volume_namespace_probe.vcxproj -> D:\Projects\DiskEd\disked\.aide-local\of41-r1\build-x64\Release\nt_volume_namespace_probe.exe
  nt_storage_worker_probe.vcxproj -> D:\Projects\DiskEd\disked\.aide-local\of41-r1\build-x64\Release\nt_storage_worker_probe.exe
  Compiling...
  local_file.cpp
  json.cpp
  snapshot.cpp
  capture.cpp
  sha256.cpp
  storage_fixture.cpp
  volume_fixture.cpp
  Generating Code...
  nt_observation_frontend_probe.vcxproj -> D:\Projects\DiskEd\disked\.aide-local\of41-r1\build-x64\Release\nt_observation_frontend_probe.exe
  Building Custom Rule D:/Projects/DiskEd/disked/.aide-local/of41-r1/checkout/tests/windows/native/CMakeLists.txt
