Microsoft (R) COFF/PE Dumper Version 14.44.35228.0
Copyright (C) Microsoft Corporation.  All rights reserved.


Dump of file D:\Projects\DiskEd\disked\.aide-local\of41-r1\build-x64\Release\nt_namespace_graph_probe.exe

PE signature found

File Type: EXECUTABLE IMAGE

FILE HEADER VALUES
            8664 machine (x64)
               6 number of sections
        6AC9B604 time date stamp Sat Oct 10 14:50:28 2026
               0 file pointer to symbol table
               0 number of symbols
              F0 size of optional header
              22 characteristics
                   Executable
                   Application can handle large (>2GB) addresses

OPTIONAL HEADER VALUES
             20B magic # (PE32+)
           14.44 linker version
           52E00 size of code
           1EE00 size of initialized data
               0 size of uninitialized data
           3ACF0 entry point (000000014003ACF0)
            1000 base of code
       140000000 image base (0000000140000000 to 0000000140075FFF)
            1000 section alignment
             200 file alignment
            6.00 operating system version
            0.00 image version
            6.00 subsystem version
               0 Win32 version
           76000 size of image
             400 size of headers
               0 checksum
               3 subsystem (Windows CUI)
            C160 DLL characteristics
                   High Entropy Virtual Addresses
                   Dynamic base
                   NX compatible
                   Control Flow Guard
                   Terminal Server Aware
          100000 size of stack reserve
            1000 size of stack commit
          100000 size of heap reserve
            1000 size of heap commit
               0 loader flags
              10 number of directories
               0 [       0] RVA [size] of Export Directory
           6AC74 [      28] RVA [size] of Import Directory
           74000 [     1E0] RVA [size] of Resource Directory
           70000 [    36FC] RVA [size] of Exception Directory
               0 [       0] RVA [size] of Certificates Directory
           75000 [     7A4] RVA [size] of Base Relocation Directory
           612A0 [      1C] RVA [size] of Debug Directory
               0 [       0] RVA [size] of Architecture Directory
               0 [       0] RVA [size] of Global Pointer Directory
               0 [       0] RVA [size] of Thread Storage Directory
           61160 [     140] RVA [size] of Load Configuration Directory
               0 [       0] RVA [size] of Bound Import Directory
           54000 [     350] RVA [size] of Import Address Table Directory
               0 [       0] RVA [size] of Delay Import Directory
               0 [       0] RVA [size] of COM Descriptor Directory
               0 [       0] RVA [size] of Reserved Directory


SECTION HEADER #1
   .text name
   52D8F virtual size
    1000 virtual address (0000000140001000 to 0000000140053D8E)
   52E00 size of raw data
     400 file pointer to raw data (00000400 to 000531FF)
       0 file pointer to relocation table
       0 file pointer to line numbers
       0 number of relocations
       0 number of line numbers
60000020 flags
         Code
         Execute Read

SECTION HEADER #2
  .rdata name
   17806 virtual size
   54000 virtual address (0000000140054000 to 000000014006B805)
   17A00 size of raw data
   53200 file pointer to raw data (00053200 to 0006ABFF)
       0 file pointer to relocation table
       0 file pointer to line numbers
       0 number of relocations
       0 number of line numbers
40000040 flags
         Initialized Data
         Read Only

  Debug Directories

        Time Type        Size      RVA  Pointer
    -------- ------- -------- -------- --------
    6AC9B604 coffgrp      390 00062620    61820

SECTION HEADER #3
   .data name
    317C virtual size
   6C000 virtual address (000000014006C000 to 000000014006F17B)
    2000 size of raw data
   6AC00 file pointer to raw data (0006AC00 to 0006CBFF)
       0 file pointer to relocation table
       0 file pointer to line numbers
       0 number of relocations
       0 number of line numbers
C0000040 flags
         Initialized Data
         Read Write

SECTION HEADER #4
  .pdata name
    36FC virtual size
   70000 virtual address (0000000140070000 to 00000001400736FB)
    3800 size of raw data
   6CC00 file pointer to raw data (0006CC00 to 000703FF)
       0 file pointer to relocation table
       0 file pointer to line numbers
       0 number of relocations
       0 number of line numbers
40000040 flags
         Initialized Data
         Read Only

SECTION HEADER #5
   .rsrc name
     1E0 virtual size
   74000 virtual address (0000000140074000 to 00000001400741DF)
     200 size of raw data
   70400 file pointer to raw data (00070400 to 000705FF)
       0 file pointer to relocation table
       0 file pointer to line numbers
       0 number of relocations
       0 number of line numbers
40000040 flags
         Initialized Data
         Read Only

SECTION HEADER #6
  .reloc name
     7A4 virtual size
   75000 virtual address (0000000140075000 to 00000001400757A3)
     800 size of raw data
   70600 file pointer to raw data (00070600 to 00070DFF)
       0 file pointer to relocation table
       0 file pointer to line numbers
       0 number of relocations
       0 number of line numbers
42000040 flags
         Initialized Data
         Discardable
         Read Only

  Summary

        4000 .data
        4000 .pdata
       18000 .rdata
        1000 .reloc
        1000 .rsrc
       53000 .text
