Microsoft (R) COFF/PE Dumper Version 14.44.35228.0
Copyright (C) Microsoft Corporation.  All rights reserved.


Dump of file D:\Projects\DiskEd\disked\.aide-local\of41-r1\build-Win32\Release\nt_observation_frontend_probe.exe

File Type: EXECUTABLE IMAGE

  Section contains the following imports:

    KERNEL32.dll
                4B1000 Import Address Table
                4CF584 Import Name Table
                     0 time date stamp
                     0 Index of first forwarder reference

                  30B GetTickCount64
                   89 CloseHandle
                  264 GetLastError
                  535 SetLastError
                  4B3 ReleaseMutex
                  5DC WaitForSingleObject
                   DD CreateMutexW
                  21A GetCurrentProcess
                   D5 CreateJobObjectW
                   24 AssignProcessToJobObject
                  532 SetInformationJobObject
                  44C QueryInformationJobObject
                  1AE FreeLibrary
                  2B1 GetProcAddress
                  3C7 LoadLibraryExW
                  3D3 LocalFree
                   CE CreateFileW
                  232 GetDriveTypeW
                  24A GetFileInformationByHandle
                  24F GetFileSizeEx
                  251 GetFileType
                  476 ReadFile
                  526 SetFilePointerEx
                  12E DuplicateHandle
                  261 GetHandleInformation
                  519 SetEvent
                   C2 CreateEventW
                  582 Sleep
                  2C1 GetProcessTimes
                  21B GetCurrentProcessId
                  23F GetExitCodeProcess
                   E8 CreateProcessW
                  365 InitializeProcThreadAttributeList
                  119 DeleteProcThreadAttributeList
                  5BF UpdateProcThreadAttribute
                   CB CreateFileMappingW
                  3E2 MapViewOfFile
                  5B5 UnmapViewOfFile
                  388 IsProcessInJob
                  409 OpenJobObjectW
                  590 TerminateJobObject
                  277 GetModuleFileNameW
                  1E2 GetComputerNameW
                  3F3 MultiByteToWideChar
                  603 WideCharToMultiByte
                  120 DeviceIoControl
                  189 FindFirstVolumeW
                  194 FindNextVolumeW
                  19B FindVolumeClose
                  327 GetVolumePathNamesForVolumeNameW
                  253 GetFinalPathNameByHandleW
                  24B GetFileInformationByHandleEx
                   9D CompareStringOrdinal
                  161 ExitProcess
                  351 HeapSize
                  44F QueryPerformanceCounter
                  21F GetCurrentThreadId
                  4B5 ReleaseSRWLockExclusive
                    0 AcquireSRWLockExclusive
                  5E4 WakeAllConditionVariable
                  584 SleepConditionVariableSRW
                  363 InitializeCriticalSectionEx
                  2EC GetSystemTimeAsFileTime
                  27B GetModuleHandleW
                  134 EnterCriticalSection
                  3C1 LeaveCriticalSection
                  113 DeleteCriticalSection
                  130 EncodePointer
                  10C DecodePointer
                  3B4 LCMapStringEx
                  2DA GetStringTypeW
                  1C4 GetCPInfo
                  389 IsProcessorFeaturePresent
                  5B2 UnhandledExceptionFilter
                  572 SetUnhandledExceptionFilter
                  591 TerminateProcess
                  382 IsDebuggerPresent
                  2D3 GetStartupInfoW
                  366 InitializeSListHead
                  465 RaiseException
                  4D6 RtlUnwind
                  362 InitializeCriticalSectionAndSpinCount
                  5A3 TlsAlloc
                  5A5 TlsGetValue
                  5A6 TlsSetValue
                  5A4 TlsFree
                  27A GetModuleHandleExW
                  2D5 GetStdHandle
                  617 WriteFile
                  1D9 GetCommandLineA
                  1DA GetCommandLineW
                  34C HeapFree
                  348 HeapAlloc
                   9E CompareStringW
                  3B5 LCMapStringW
                  268 GetLocaleInfoW
                  391 IsValidLocale
                  315 GetUserDefaultLCID
                  157 EnumSystemLocalesW
                  1A2 FlushFileBuffers
                  203 GetConsoleOutputCP
                  1FF GetConsoleMode
                  473 ReadConsoleW
                  54F SetStdHandle
                  34F HeapReAlloc
                  178 FindClose
                  17E FindFirstFileExW
                  18F FindNextFileW
                  38F IsValidCodePage
                  1B5 GetACP
                  29A GetOEMCP
                  23A GetEnvironmentStringsW
                  1AD FreeEnvironmentStringsW
                  517 SetEnvironmentVariableW
                  2B7 GetProcessHeap
                  616 WriteConsoleW

  Summary

        5000 .data
       20000 .rdata
        8000 .reloc
        1000 .rsrc
       B0000 .text
