Microsoft (R) COFF/PE Dumper Version 14.44.35228.0
Copyright (C) Microsoft Corporation.  All rights reserved.


Dump of file D:\Projects\DiskEd\disked\.aide-local\of41-r1\build-x64\Release\nt_observation_frontend_probe.exe

File Type: EXECUTABLE IMAGE

  Section contains the following imports:

    KERNEL32.dll
             1400BD000 Import Address Table
             1400E5370 Import Name Table
                     0 time date stamp
                     0 Index of first forwarder reference

                         312 GetTickCount64
                          89 CloseHandle
                         26A GetLastError
                         542 SetLastError
                         4B7 ReleaseMutex
                         5EB WaitForSingleObject
                          DD CreateMutexW
                         220 GetCurrentProcess
                          D5 CreateJobObjectW
                          24 AssignProcessToJobObject
                         53F SetInformationJobObject
                         44F QueryInformationJobObject
                         1B4 FreeLibrary
                         2B8 GetProcAddress
                         3CA LoadLibraryExW
                         3D6 LocalFree
                          CE CreateFileW
                         239 GetDriveTypeW
                         251 GetFileInformationByHandle
                         256 GetFileSizeEx
                         258 GetFileType
                         47A ReadFile
                         534 SetFilePointerEx
                         132 DuplicateHandle
                         267 GetHandleInformation
                         527 SetEvent
                          C2 CreateEventW
                         590 Sleep
                         2C8 GetProcessTimes
                         221 GetCurrentProcessId
                         246 GetExitCodeProcess
                          E8 CreateProcessW
                         36E InitializeProcThreadAttributeList
                         11A DeleteProcThreadAttributeList
                         5CE UpdateProcThreadAttribute
                          CB CreateFileMappingW
                         3E5 MapViewOfFile
                         5C4 UnmapViewOfFile
                         38B IsProcessInJob
                         40C OpenJobObjectW
                         59E TerminateJobObject
                         27D GetModuleFileNameW
                         1E8 GetComputerNameW
                         3F6 MultiByteToWideChar
                         612 WideCharToMultiByte
                         124 DeviceIoControl
                         18F FindFirstVolumeW
                         19A FindNextVolumeW
                         1A1 FindVolumeClose
                         330 GetVolumePathNamesForVolumeNameW
                         25A GetFinalPathNameByHandleW
                         252 GetFileInformationByHandleEx
                          9D CompareStringOrdinal
                         167 ExitProcess
                         625 WriteConsoleW
                         452 QueryPerformanceCounter
                         225 GetCurrentThreadId
                         4B9 ReleaseSRWLockExclusive
                           0 AcquireSRWLockExclusive
                         5F3 WakeAllConditionVariable
                         592 SleepConditionVariableSRW
                         36C InitializeCriticalSectionEx
                         2F3 GetSystemTimeAsFileTime
                         281 GetModuleHandleW
                         138 EnterCriticalSection
                         3C4 LeaveCriticalSection
                         114 DeleteCriticalSection
                         134 EncodePointer
                         10D DecodePointer
                         3B7 LCMapStringEx
                         2E1 GetStringTypeW
                         1CA GetCPInfo
                         4D6 RtlCaptureContext
                         4DD RtlLookupFunctionEntry
                         4E4 RtlVirtualUnwind
                         5C1 UnhandledExceptionFilter
                         580 SetUnhandledExceptionFilter
                         59F TerminateProcess
                         38C IsProcessorFeaturePresent
                         385 IsDebuggerPresent
                         2DA GetStartupInfoW
                         36F InitializeSListHead
                         4DF RtlPcToFileHeader
                         469 RaiseException
                         4E3 RtlUnwindEx
                         36B InitializeCriticalSectionAndSpinCount
                         5B1 TlsAlloc
                         5B3 TlsGetValue
                         5B4 TlsSetValue
                         5B2 TlsFree
                         280 GetModuleHandleExW
                         2DC GetStdHandle
                         626 WriteFile
                         1DF GetCommandLineA
                         1E0 GetCommandLineW
                         355 HeapFree
                         351 HeapAlloc
                          9E CompareStringW
                         3B8 LCMapStringW
                         26E GetLocaleInfoW
                         394 IsValidLocale
                         31E GetUserDefaultLCID
                         15C EnumSystemLocalesW
                         1A8 FlushFileBuffers
                         209 GetConsoleOutputCP
                         205 GetConsoleMode
                         477 ReadConsoleW
                         55C SetStdHandle
                         358 HeapReAlloc
                         17E FindClose
                         184 FindFirstFileExW
                         195 FindNextFileW
                         392 IsValidCodePage
                         1BB GetACP
                         2A1 GetOEMCP
                         241 GetEnvironmentStringsW
                         1B3 FreeEnvironmentStringsW
                         525 SetEnvironmentVariableW
                         2BE GetProcessHeap
                         35A HeapSize

  Summary

        6000 .data
        7000 .pdata
       2A000 .rdata
        1000 .reloc
        1000 .rsrc
       BC000 .text
