Microsoft (R) COFF/PE Dumper Version 14.44.35228.0
Copyright (C) Microsoft Corporation.  All rights reserved.


Dump of file D:\Projects\DiskEd\disked\.aide-local\of41-r1\checkout\build\windows-bootstrap\Release\disked.exe

PE signature found

File Type: EXECUTABLE IMAGE

FILE HEADER VALUES
            8664 machine (x64)
               6 number of sections
        6AC9B30F time date stamp Sat Oct 10 14:37:51 2026
               0 file pointer to symbol table
               0 number of symbols
              F0 size of optional header
              22 characteristics
                   Executable
                   Application can handle large (>2GB) addresses

OPTIONAL HEADER VALUES
             20B magic # (PE32+)
           14.44 linker version
          198A00 size of code
           72400 size of initialized data
               0 size of uninitialized data
          15CBC0 entry point (000000014015CBC0)
            1000 base of code
       140000000 image base (0000000140000000 to 000000014020EFFF)
            1000 section alignment
             200 file alignment
           10.00 operating system version
            0.00 image version
           10.00 subsystem version
               0 Win32 version
          20F000 size of image
             400 size of headers
               0 checksum
               3 subsystem (Windows CUI)
            C160 DLL characteristics
                   High Entropy Virtual Addresses
                   Dynamic base
                   NX compatible
                   Control Flow Guard
                   Terminal Server Aware
          100000 size of stack reserve
            1000 size of stack commit
          100000 size of heap reserve
            1000 size of heap commit
               0 loader flags
              10 number of directories
               0 [       0] RVA [size] of Export Directory
          1F691C [      28] RVA [size] of Import Directory
          20C000 [     1C8] RVA [size] of Resource Directory
          201000 [    A950] RVA [size] of Exception Directory
               0 [       0] RVA [size] of Certificates Directory
          20D000 [    1008] RVA [size] of Base Relocation Directory
          1CB5F0 [      1C] RVA [size] of Debug Directory
               0 [       0] RVA [size] of Architecture Directory
               0 [       0] RVA [size] of Global Pointer Directory
          1CB780 [      28] RVA [size] of Thread Storage Directory
          1CB4B0 [     140] RVA [size] of Load Configuration Directory
               0 [       0] RVA [size] of Bound Import Directory
          19A000 [     490] RVA [size] of Import Address Table Directory
               0 [       0] RVA [size] of Delay Import Directory
               0 [       0] RVA [size] of COM Descriptor Directory
               0 [       0] RVA [size] of Reserved Directory


SECTION HEADER #1
   .text name
  1989FC virtual size
    1000 virtual address (0000000140001000 to 00000001401999FB)
  198A00 size of raw data
     400 file pointer to raw data (00000400 to 00198DFF)
       0 file pointer to relocation table
       0 file pointer to line numbers
       0 number of relocations
       0 number of line numbers
60000020 flags
         Code
         Execute Read

SECTION HEADER #2
  .rdata name
   5D97A virtual size
  19A000 virtual address (000000014019A000 to 00000001401F7979)
   5DA00 size of raw data
  198E00 file pointer to raw data (00198E00 to 001F67FF)
       0 file pointer to relocation table
       0 file pointer to line numbers
       0 number of relocations
       0 number of line numbers
40000040 flags
         Initialized Data
         Read Only

  Debug Directories

        Time Type        Size      RVA  Pointer
    -------- ------- -------- -------- --------
    6AC9B30F coffgrp      418 001CF970   1CE770

SECTION HEADER #3
   .data name
    8BD4 virtual size
  1F8000 virtual address (00000001401F8000 to 0000000140200BD3)
    7000 size of raw data
  1F6800 file pointer to raw data (001F6800 to 001FD7FF)
       0 file pointer to relocation table
       0 file pointer to line numbers
       0 number of relocations
       0 number of line numbers
C0000040 flags
         Initialized Data
         Read Write

SECTION HEADER #4
  .pdata name
    A950 virtual size
  201000 virtual address (0000000140201000 to 000000014020B94F)
    AA00 size of raw data
  1FD800 file pointer to raw data (001FD800 to 002081FF)
       0 file pointer to relocation table
       0 file pointer to line numbers
       0 number of relocations
       0 number of line numbers
40000040 flags
         Initialized Data
         Read Only

SECTION HEADER #5
   .rsrc name
     1C8 virtual size
  20C000 virtual address (000000014020C000 to 000000014020C1C7)
     200 size of raw data
  208200 file pointer to raw data (00208200 to 002083FF)
       0 file pointer to relocation table
       0 file pointer to line numbers
       0 number of relocations
       0 number of line numbers
40000040 flags
         Initialized Data
         Read Only

SECTION HEADER #6
  .reloc name
    1008 virtual size
  20D000 virtual address (000000014020D000 to 000000014020E007)
    1200 size of raw data
  208400 file pointer to raw data (00208400 to 002095FF)
       0 file pointer to relocation table
       0 file pointer to line numbers
       0 number of relocations
       0 number of line numbers
42000040 flags
         Initialized Data
         Discardable
         Read Only

  Summary

        9000 .data
        B000 .pdata
       5E000 .rdata
        2000 .reloc
        1000 .rsrc
      199000 .text
