Microsoft (R) COFF/PE Dumper Version 14.44.35228.0
Copyright (C) Microsoft Corporation.  All rights reserved.


Dump of file D:\Projects\DiskEd\disked\.aide-local\of41-r1\build-Win32\Release\nt_storage_worker_probe.exe

PE signature found

File Type: EXECUTABLE IMAGE

FILE HEADER VALUES
             14C machine (x86)
               5 number of sections
        6AC9B63C time date stamp Sat Oct 10 14:51:24 2026
               0 file pointer to symbol table
               0 number of symbols
              E0 size of optional header
             102 characteristics
                   Executable
                   32 bit word machine

OPTIONAL HEADER VALUES
             10B magic # (PE32)
           14.44 linker version
           65E00 size of code
           1C200 size of initialized data
               0 size of uninitialized data
           4CF30 entry point (0044CF30)
            1000 base of code
           67000 base of data
          400000 image base (00400000 to 00485FFF)
            1000 section alignment
             200 file alignment
            6.00 operating system version
            0.00 image version
            6.00 subsystem version
               0 Win32 version
           86000 size of image
             400 size of headers
               0 checksum
               3 subsystem (Windows CUI)
            C140 DLL characteristics
                   Dynamic base
                   NX compatible
                   Control Flow Guard
                   Terminal Server Aware
          100000 size of stack reserve
            1000 size of stack commit
          100000 size of heap reserve
            1000 size of heap commit
               0 loader flags
              10 number of directories
               0 [       0] RVA [size] of Export Directory
           7AA9C [      28] RVA [size] of Import Directory
           80000 [     1E0] RVA [size] of Resource Directory
               0 [       0] RVA [size] of Exception Directory
               0 [       0] RVA [size] of Certificates Directory
           81000 [    4640] RVA [size] of Base Relocation Directory
           71EB0 [      1C] RVA [size] of Debug Directory
               0 [       0] RVA [size] of Architecture Directory
               0 [       0] RVA [size] of Global Pointer Directory
           71F00 [      18] RVA [size] of Thread Storage Directory
           71DF0 [      40] RVA [size] of Load Configuration Directory
               0 [       0] RVA [size] of Bound Import Directory
           67000 [     1A0] RVA [size] of Import Address Table Directory
               0 [       0] RVA [size] of Delay Import Directory
               0 [       0] RVA [size] of COM Descriptor Directory
               0 [       0] RVA [size] of Reserved Directory


SECTION HEADER #1
   .text name
   65C4B virtual size
    1000 virtual address (00401000 to 00466C4A)
   65E00 size of raw data
     400 file pointer to raw data (00000400 to 000661FF)
       0 file pointer to relocation table
       0 file pointer to line numbers
       0 number of relocations
       0 number of line numbers
60000020 flags
         Code
         Execute Read

SECTION HEADER #2
  .rdata name
   14444 virtual size
   67000 virtual address (00467000 to 0047B443)
   14600 size of raw data
   66200 file pointer to raw data (00066200 to 0007A7FF)
       0 file pointer to relocation table
       0 file pointer to line numbers
       0 number of relocations
       0 number of line numbers
40000040 flags
         Initialized Data
         Read Only

  Debug Directories

        Time Type        Size      RVA  Pointer
    -------- ------- -------- -------- --------
    6AC9B63C coffgrp      3BC 00072DD0    71FD0

SECTION HEADER #3
   .data name
    301C virtual size
   7C000 virtual address (0047C000 to 0047F01B)
    2600 size of raw data
   7A800 file pointer to raw data (0007A800 to 0007CDFF)
       0 file pointer to relocation table
       0 file pointer to line numbers
       0 number of relocations
       0 number of line numbers
C0000040 flags
         Initialized Data
         Read Write

SECTION HEADER #4
   .rsrc name
     1E0 virtual size
   80000 virtual address (00480000 to 004801DF)
     200 size of raw data
   7CE00 file pointer to raw data (0007CE00 to 0007CFFF)
       0 file pointer to relocation table
       0 file pointer to line numbers
       0 number of relocations
       0 number of line numbers
40000040 flags
         Initialized Data
         Read Only

SECTION HEADER #5
  .reloc name
    4640 virtual size
   81000 virtual address (00481000 to 0048563F)
    4800 size of raw data
   7D000 file pointer to raw data (0007D000 to 000817FF)
       0 file pointer to relocation table
       0 file pointer to line numbers
       0 number of relocations
       0 number of line numbers
42000040 flags
         Initialized Data
         Discardable
         Read Only

  Summary

        4000 .data
       15000 .rdata
        5000 .reloc
        1000 .rsrc
       66000 .text
