Microsoft (R) COFF/PE Dumper Version 14.44.35228.0
Copyright (C) Microsoft Corporation.  All rights reserved.


Dump of file D:\Projects\DiskEd\disked\.aide-local\of41-r1\build-x64\Release\nt_storage_worker_probe.exe

PE signature found

File Type: EXECUTABLE IMAGE

FILE HEADER VALUES
            8664 machine (x64)
               6 number of sections
        6AC9B60B time date stamp Sat Oct 10 14:50:35 2026
               0 file pointer to symbol table
               0 number of symbols
              F0 size of optional header
              22 characteristics
                   Executable
                   Application can handle large (>2GB) addresses

OPTIONAL HEADER VALUES
             20B magic # (PE32+)
           14.44 linker version
           6E800 size of code
           24400 size of initialized data
               0 size of uninitialized data
           54620 entry point (0000000140054620)
            1000 base of code
       140000000 image base (0000000140000000 to 0000000140096FFF)
            1000 section alignment
             200 file alignment
            6.00 operating system version
            0.00 image version
            6.00 subsystem version
               0 Win32 version
           97000 size of image
             400 size of headers
               0 checksum
               3 subsystem (Windows CUI)
            C160 DLL characteristics
                   High Entropy Virtual Addresses
                   Dynamic base
                   NX compatible
                   Control Flow Guard
                   Terminal Server Aware
          100000 size of stack reserve
            1000 size of stack commit
          100000 size of heap reserve
            1000 size of heap commit
               0 loader flags
              10 number of directories
               0 [       0] RVA [size] of Export Directory
           8AB3C [      28] RVA [size] of Import Directory
           95000 [     1E0] RVA [size] of Resource Directory
           90000 [    41B8] RVA [size] of Exception Directory
               0 [       0] RVA [size] of Certificates Directory
           96000 [     838] RVA [size] of Base Relocation Directory
           7E180 [      1C] RVA [size] of Debug Directory
               0 [       0] RVA [size] of Architecture Directory
               0 [       0] RVA [size] of Global Pointer Directory
           7E300 [      28] RVA [size] of Thread Storage Directory
           7E040 [     140] RVA [size] of Load Configuration Directory
               0 [       0] RVA [size] of Bound Import Directory
           70000 [     358] RVA [size] of Import Address Table Directory
               0 [       0] RVA [size] of Delay Import Directory
               0 [       0] RVA [size] of COM Descriptor Directory
               0 [       0] RVA [size] of Reserved Directory


SECTION HEADER #1
   .text name
   6E63F virtual size
    1000 virtual address (0000000140001000 to 000000014006F63E)
   6E800 size of raw data
     400 file pointer to raw data (00000400 to 0006EBFF)
       0 file pointer to relocation table
       0 file pointer to line numbers
       0 number of relocations
       0 number of line numbers
60000020 flags
         Code
         Execute Read

SECTION HEADER #2
  .rdata name
   1B6E8 virtual size
   70000 virtual address (0000000140070000 to 000000014008B6E7)
   1B800 size of raw data
   6EC00 file pointer to raw data (0006EC00 to 0008A3FF)
       0 file pointer to relocation table
       0 file pointer to line numbers
       0 number of relocations
       0 number of line numbers
40000040 flags
         Initialized Data
         Read Only

  Debug Directories

        Time Type        Size      RVA  Pointer
    -------- ------- -------- -------- --------
    6AC9B60B coffgrp      400 0007F8B0    7E4B0

SECTION HEADER #3
   .data name
    3C7C virtual size
   8C000 virtual address (000000014008C000 to 000000014008FC7B)
    2A00 size of raw data
   8A400 file pointer to raw data (0008A400 to 0008CDFF)
       0 file pointer to relocation table
       0 file pointer to line numbers
       0 number of relocations
       0 number of line numbers
C0000040 flags
         Initialized Data
         Read Write

SECTION HEADER #4
  .pdata name
    41B8 virtual size
   90000 virtual address (0000000140090000 to 00000001400941B7)
    4200 size of raw data
   8CE00 file pointer to raw data (0008CE00 to 00090FFF)
       0 file pointer to relocation table
       0 file pointer to line numbers
       0 number of relocations
       0 number of line numbers
40000040 flags
         Initialized Data
         Read Only

SECTION HEADER #5
   .rsrc name
     1E0 virtual size
   95000 virtual address (0000000140095000 to 00000001400951DF)
     200 size of raw data
   91000 file pointer to raw data (00091000 to 000911FF)
       0 file pointer to relocation table
       0 file pointer to line numbers
       0 number of relocations
       0 number of line numbers
40000040 flags
         Initialized Data
         Read Only

SECTION HEADER #6
  .reloc name
     838 virtual size
   96000 virtual address (0000000140096000 to 0000000140096837)
     A00 size of raw data
   91200 file pointer to raw data (00091200 to 00091BFF)
       0 file pointer to relocation table
       0 file pointer to line numbers
       0 number of relocations
       0 number of line numbers
42000040 flags
         Initialized Data
         Discardable
         Read Only

  Summary

        4000 .data
        5000 .pdata
       1C000 .rdata
        1000 .reloc
        1000 .rsrc
       6F000 .text
