Test project D:/Projects/DiskEd/disked/build/windows-bootstrap
    Start  1: frontend.product_verification
1/3 Test  #1: frontend.product_verification ......   Passed   32.65 sec
    Start 71: disked.acceptance
2/3 Test #71: disked.acceptance ..................***Failed    2.92 sec
test_broken_output_is_failure (__main__.NativeProtocol.test_broken_output_is_failure) ... ok
test_build_identity_and_machine_aliases (__main__.NativeProtocol.test_build_identity_and_machine_aliases) ... ok
test_discovery_has_exact_registry_and_real_handler_subset (__main__.NativeProtocol.test_discovery_has_exact_registry_and_real_handler_subset) ... ok
test_errors_are_framed_after_complete_parse (__main__.NativeProtocol.test_errors_are_framed_after_complete_parse) ... ok
test_help_every_spelling_and_operand_independence (__main__.NativeProtocol.test_help_every_spelling_and_operand_independence) ... ok
test_malformed_json_and_encoding (__main__.NativeProtocol.test_malformed_json_and_encoding) ... ok
test_mode_inspection_uses_actual_host_in_cli_and_transport (__main__.NativeProtocol.test_mode_inspection_uses_actual_host_in_cli_and_transport) ... ok
test_ndjson_continues_refusals_and_preserves_order (__main__.NativeProtocol.test_ndjson_continues_refusals_and_preserves_order) ... ok
test_ordinary_machine_command_does_not_read_pipeline_as_requests (__main__.NativeProtocol.test_ordinary_machine_command_does_not_read_pipeline_as_requests) ... ok
test_resource_limits_end_stream (__main__.NativeProtocol.test_resource_limits_end_stream) ... ok
test_source_input_closure_and_pe_imports (__main__.NativeProtocol.test_source_input_closure_and_pe_imports) ... FAIL
test_stream_flushes_before_eof (__main__.NativeProtocol.test_stream_flushes_before_eof) ... ok
test_strict_request_and_correlation (__main__.NativeProtocol.test_strict_request_and_correlation) ... ok
test_unavailable_frontends_and_prompt_channels (__main__.NativeProtocol.test_unavailable_frontends_and_prompt_channels) ... ok
test_wire_byte_and_request_count_limits (__main__.NativeProtocol.test_wire_byte_and_request_count_limits) ... ok

======================================================================
FAIL: test_source_input_closure_and_pe_imports (__main__.NativeProtocol.test_source_input_closure_and_pe_imports)
----------------------------------------------------------------------
Traceback (most recent call last):
  File "D:\Projects\DiskEd\disked\tests\native\test_protocol.py", line 202, in test_source_input_closure_and_pe_imports
    self.assertEqual(expected,self.identity['inputs'])
    ~~~~~~~~~~~~~~~~^^^^^^^^^^^^^^^^^^^^^^^^^^^^^^^^^^
AssertionError: {'CMa[17864 chars]a256:31f28d24ac923e7a81f5d6198db6db4fd9e2e3d37[26457 chars]082'} != {'CMa[17864 chars]a256:27c99b4b7cf448787748ae818d690a03467fd5863[26457 chars]082'}
Diff is 45859 characters long. Set self.maxDiff to None to see it.

----------------------------------------------------------------------
Ran 15 tests in 2.758s

FAILED (failures=1)

    Start 73: disked_provider_guard.acceptance
3/3 Test #73: disked_provider_guard.acceptance ...***Failed    2.98 sec
test_broken_output_is_failure (__main__.NativeProtocol.test_broken_output_is_failure) ... ok
test_build_identity_and_machine_aliases (__main__.NativeProtocol.test_build_identity_and_machine_aliases) ... ok
test_discovery_has_exact_registry_and_real_handler_subset (__main__.NativeProtocol.test_discovery_has_exact_registry_and_real_handler_subset) ... ok
test_errors_are_framed_after_complete_parse (__main__.NativeProtocol.test_errors_are_framed_after_complete_parse) ... ok
test_help_every_spelling_and_operand_independence (__main__.NativeProtocol.test_help_every_spelling_and_operand_independence) ... ok
test_malformed_json_and_encoding (__main__.NativeProtocol.test_malformed_json_and_encoding) ... ok
test_mode_inspection_uses_actual_host_in_cli_and_transport (__main__.NativeProtocol.test_mode_inspection_uses_actual_host_in_cli_and_transport) ... ok
test_ndjson_continues_refusals_and_preserves_order (__main__.NativeProtocol.test_ndjson_continues_refusals_and_preserves_order) ... ok
test_ordinary_machine_command_does_not_read_pipeline_as_requests (__main__.NativeProtocol.test_ordinary_machine_command_does_not_read_pipeline_as_requests) ... ok
test_resource_limits_end_stream (__main__.NativeProtocol.test_resource_limits_end_stream) ... ok
test_source_input_closure_and_pe_imports (__main__.NativeProtocol.test_source_input_closure_and_pe_imports) ... FAIL
test_stream_flushes_before_eof (__main__.NativeProtocol.test_stream_flushes_before_eof) ... ok
test_strict_request_and_correlation (__main__.NativeProtocol.test_strict_request_and_correlation) ... ok
test_unavailable_frontends_and_prompt_channels (__main__.NativeProtocol.test_unavailable_frontends_and_prompt_channels) ... ok
test_wire_byte_and_request_count_limits (__main__.NativeProtocol.test_wire_byte_and_request_count_limits) ... ok

======================================================================
FAIL: test_source_input_closure_and_pe_imports (__main__.NativeProtocol.test_source_input_closure_and_pe_imports)
----------------------------------------------------------------------
Traceback (most recent call last):
  File "D:\Projects\DiskEd\disked\tests\native\test_protocol.py", line 202, in test_source_input_closure_and_pe_imports
    self.assertEqual(expected,self.identity['inputs'])
    ~~~~~~~~~~~~~~~~^^^^^^^^^^^^^^^^^^^^^^^^^^^^^^^^^^
AssertionError: {'CMa[17864 chars]a256:31f28d24ac923e7a81f5d6198db6db4fd9e2e3d37[26457 chars]082'} != {'CMa[17864 chars]a256:27c99b4b7cf448787748ae818d690a03467fd5863[26457 chars]082'}
Diff is 45859 characters long. Set self.maxDiff to None to see it.

----------------------------------------------------------------------
Ran 15 tests in 2.810s

FAILED (failures=1)


33% tests passed, 2 tests failed out of 3

Total Test time (real) =  38.55 sec

The following tests FAILED:
	 71 - disked.acceptance (Failed)
	 73 - disked_provider_guard.acceptance (Failed)
Errors while running CTest
