host exit 0
python-environment exit 0
clone exit 0
configure exit 0
build exit 0
test-catalog exit 0
native exit 0
verification-commands exit 0
product-verification exit 0
check exit 0
manifest exit 0
freshness exit 0
context exit 0
verify-context exit 0
disked-headers exit 0
disked-imports exit 0
disked-dependents exit 0
disked_verification_test-headers exit 0
disked_verification_test-imports exit 0
disked_verification_test-dependents exit 0
verification_command_probe-headers exit 0
verification_command_probe-imports exit 0
verification_command_probe-dependents exit 0
request_channel_probe-headers exit 0
request_channel_probe-imports exit 0
request_channel_probe-dependents exit 0
launch exit 0
discovery exit 0
spec-tests exit 0
Clean DE-W034 native product verification PASS at ac34bb1b4221fba084e739aee79b42d6b7ed344a
