host retained actual pass
python-environment retained actual pass
clone retained actual pass
configure retained actual pass
build retained actual pass
test-catalog retained actual pass
native retained actual pass
joined-frontends retained actual pass
joined-worker exit 0
check exit 0
manifest exit 0
freshness exit 0
context exit 0
verify-context exit 0
disked-headers exit 0
disked-imports exit 0
disked-dependents exit 0
disked_report_test-headers exit 0
disked_report_test-imports exit 0
disked_report_test-dependents exit 0
export_command_probe-headers exit 0
export_command_probe-imports exit 0
export_command_probe-dependents exit 0
launch exit 0
discovery exit 0
spec-tests exit 0
Clean DE-W034 public joined report PASS at ec30be78ba9e9f61dc578ff67b9d0af186166145
