MSBuild version 17.14.51+25f168cee for .NET Framework

  disked_hash.vcxproj -> D:\Projects\DiskEd\disked\build\windows-bootstrap\Release\disked_hash.lib
  disked_json.vcxproj -> D:\Projects\DiskEd\disked\build\windows-bootstrap\Release\disked_json.lib
  disked_acquisition.vcxproj -> D:\Projects\DiskEd\disked\build\windows-bootstrap\Release\disked_acquisition.lib
  disked_local_file.vcxproj -> D:\Projects\DiskEd\disked\build\windows-bootstrap\Release\disked_local_file.lib
  disked_health_observation.vcxproj -> D:\Projects\DiskEd\disked\build\windows-bootstrap\Release\disked_health_observation.lib
  disked_case_evidence.vcxproj -> D:\Projects\DiskEd\disked\build\windows-bootstrap\Release\disked_case_evidence.lib
  report_export.cpp
  acquisition_export.cpp
  report_operation.cpp
  image_observation.cpp
  image_collection.cpp
  Generating Code...
  disked_report_export.vcxproj -> D:\Projects\DiskEd\disked\build\windows-bootstrap\Release\disked_report_export.lib
  file_image_collection.cpp
  file_export.cpp
  disked_file_case_source.vcxproj -> D:\Projects\DiskEd\disked\build\windows-bootstrap\Release\disked_file_case_source.lib
  disked_file_report_export.vcxproj -> D:\Projects\DiskEd\disked\build\windows-bootstrap\Release\disked_file_report_export.lib
  Building Custom Rule D:/Projects/DiskEd/disked/CMakeLists.txt
  image_collection_probe.cpp
D:\Projects\DiskEd\disked\tests\evidence\image_collection_probe.cpp(28,122): error C3861: 'GetCurrentProcessId': identifier not found [D:\Projects\DiskEd\disked\build\windows-bootstrap\image_verification_collection_probe.vcxproj]
D:\Projects\DiskEd\disked\tests\evidence\image_collection_probe.cpp(28,112): error C2668: 'std::to_string': ambiguous call to overloaded function [D:\Projects\DiskEd\disked\build\windows-bootstrap\image_verification_collection_probe.vcxproj]
      C:\Program Files\Microsoft Visual Studio\2022\Enterprise\VC\Tools\MSVC\14.44.35207\include\string(498,38):
      could be 'std::string std::to_string(long double)'
      C:\Program Files\Microsoft Visual Studio\2022\Enterprise\VC\Tools\MSVC\14.44.35207\include\string(494,38):
      or       'std::string std::to_string(float)'
      C:\Program Files\Microsoft Visual Studio\2022\Enterprise\VC\Tools\MSVC\14.44.35207\include\string(487,38):
      or       'std::string std::to_string(double)'
      C:\Program Files\Microsoft Visual Studio\2022\Enterprise\VC\Tools\MSVC\14.44.35207\include\string(483,38):
      or       'std::string std::to_string(unsigned __int64)'
      C:\Program Files\Microsoft Visual Studio\2022\Enterprise\VC\Tools\MSVC\14.44.35207\include\string(479,38):
      or       'std::string std::to_string(__int64)'
      C:\Program Files\Microsoft Visual Studio\2022\Enterprise\VC\Tools\MSVC\14.44.35207\include\string(475,38):
      or       'std::string std::to_string(unsigned long)'
      C:\Program Files\Microsoft Visual Studio\2022\Enterprise\VC\Tools\MSVC\14.44.35207\include\string(471,38):
      or       'std::string std::to_string(long)'
      C:\Program Files\Microsoft Visual Studio\2022\Enterprise\VC\Tools\MSVC\14.44.35207\include\string(467,38):
      or       'std::string std::to_string(unsigned int)'
      C:\Program Files\Microsoft Visual Studio\2022\Enterprise\VC\Tools\MSVC\14.44.35207\include\string(463,38):
      or       'std::string std::to_string(int)'
      D:\Projects\DiskEd\disked\tests\evidence\image_collection_probe.cpp(28,112):
      while trying to match the argument list '(<error type>)'
  
D:\Projects\DiskEd\disked\tests\evidence\image_collection_probe.cpp(28,87): error C2660: 'disked::json::Value::put': function does not take 1 arguments [D:\Projects\DiskEd\disked\build\windows-bootstrap\image_verification_collection_probe.vcxproj]
      D:\Projects\DiskEd\disked\source\runtime\command\json.h(34,12):
      see declaration of 'disked::json::Value::put'
      D:\Projects\DiskEd\disked\tests\evidence\image_collection_probe.cpp(28,87):
      while trying to match the argument list '(const char [4])'
  
