MSBuild version 17.14.51+25f168cee for .NET Framework

  1>Bind current Git revision and native input bytes
  disked_hash.vcxproj -> D:\Projects\DiskEd\disked\build\windows-bootstrap\Release\disked_hash.lib
  disked_json.vcxproj -> D:\Projects\DiskEd\disked\build\windows-bootstrap\Release\disked_json.lib
  disked_local_file.vcxproj -> D:\Projects\DiskEd\disked\build\windows-bootstrap\Release\disked_local_file.lib
  disked_health_observation.vcxproj -> D:\Projects\DiskEd\disked\build\windows-bootstrap\Release\disked_health_observation.lib
  disked_acquisition.vcxproj -> D:\Projects\DiskEd\disked\build\windows-bootstrap\Release\disked_acquisition.lib
  disked_case_evidence.vcxproj -> D:\Projects\DiskEd\disked\build\windows-bootstrap\Release\disked_case_evidence.lib
  report_export.cpp
  disked_file_image_verification.vcxproj -> D:\Projects\DiskEd\disked\build\windows-bootstrap\Release\disked_file_image_verification.lib
  file_case.cpp
  acquisition_export.cpp
  report_operation.cpp
  image_observation.cpp
  disked_file_case_source.vcxproj -> D:\Projects\DiskEd\disked\build\windows-bootstrap\Release\disked_file_case_source.lib
  Generating Code...
  disked_report_export.vcxproj -> D:\Projects\DiskEd\disked\build\windows-bootstrap\Release\disked_report_export.lib
  file_export.cpp
  disked_file_report_export.vcxproj -> D:\Projects\DiskEd\disked\build\windows-bootstrap\Release\disked_file_report_export.lib
  Building Custom Rule D:/Projects/DiskEd/disked/CMakeLists.txt
  image_observation_probe.cpp
D:\Projects\DiskEd\disked\tests\evidence\image_observation_probe.cpp(49,105): error C3083: 'bootstrap': the symbol to the left of a '::' must be a type [D:\Projects\DiskEd\disked\build\windows-bootstrap\image_verification_observation_probe.vcxproj]
D:\Projects\DiskEd\disked\tests\evidence\image_observation_probe.cpp(49,116): error C2039: 'source_revision': is not a member of 'disked' [D:\Projects\DiskEd\disked\build\windows-bootstrap\image_verification_observation_probe.vcxproj]
      D:\Projects\DiskEd\disked\source\platform\windows\worker_files.h(22,11):
      see declaration of 'disked'
  
D:\Projects\DiskEd\disked\tests\evidence\image_observation_probe.cpp(49,116): error C2065: 'source_revision': undeclared identifier [D:\Projects\DiskEd\disked\build\windows-bootstrap\image_verification_observation_probe.vcxproj]
D:\Projects\DiskEd\disked\tests\evidence\image_observation_probe.cpp(49,65): error C2660: 'disked::json::Value::put': function does not take 1 arguments [D:\Projects\DiskEd\disked\build\windows-bootstrap\image_verification_observation_probe.vcxproj]
      D:\Projects\DiskEd\disked\source\runtime\command\json.h(34,12):
      see declaration of 'disked::json::Value::put'
      D:\Projects\DiskEd\disked\tests\evidence\image_observation_probe.cpp(49,65):
      while trying to match the argument list '(const char [16])'
  
D:\Projects\DiskEd\disked\tests\evidence\image_observation_probe.cpp(49,171): error C3083: 'bootstrap': the symbol to the left of a '::' must be a type [D:\Projects\DiskEd\disked\build\windows-bootstrap\image_verification_observation_probe.vcxproj]
D:\Projects\DiskEd\disked\tests\evidence\image_observation_probe.cpp(49,182): error C2039: 'input_digest': is not a member of 'disked' [D:\Projects\DiskEd\disked\build\windows-bootstrap\image_verification_observation_probe.vcxproj]
      D:\Projects\DiskEd\disked\source\platform\windows\worker_files.h(22,11):
      see declaration of 'disked'
  
D:\Projects\DiskEd\disked\tests\evidence\image_observation_probe.cpp(49,182): error C2065: 'input_digest': undeclared identifier [D:\Projects\DiskEd\disked\build\windows-bootstrap\image_verification_observation_probe.vcxproj]
D:\Projects\DiskEd\disked\tests\evidence\image_observation_probe.cpp(50,59): error C3083: 'bootstrap': the symbol to the left of a '::' must be a type [D:\Projects\DiskEd\disked\build\windows-bootstrap\image_verification_observation_probe.vcxproj]
D:\Projects\DiskEd\disked\tests\evidence\image_observation_probe.cpp(50,70): error C2039: 'configuration_digest': is not a member of 'disked' [D:\Projects\DiskEd\disked\build\windows-bootstrap\image_verification_observation_probe.vcxproj]
      D:\Projects\DiskEd\disked\source\platform\windows\worker_files.h(22,11):
      see declaration of 'disked'
  
D:\Projects\DiskEd\disked\tests\evidence\image_observation_probe.cpp(50,70): error C2065: 'configuration_digest': undeclared identifier [D:\Projects\DiskEd\disked\build\windows-bootstrap\image_verification_observation_probe.vcxproj]
D:\Projects\DiskEd\disked\tests\evidence\image_observation_probe.cpp(51,53): error C3083: 'bootstrap': the symbol to the left of a '::' must be a type [D:\Projects\DiskEd\disked\build\windows-bootstrap\image_verification_observation_probe.vcxproj]
D:\Projects\DiskEd\disked\tests\evidence\image_observation_probe.cpp(51,64): error C2039: 'target': is not a member of 'disked' [D:\Projects\DiskEd\disked\build\windows-bootstrap\image_verification_observation_probe.vcxproj]
      D:\Projects\DiskEd\disked\source\platform\windows\worker_files.h(22,11):
      see declaration of 'disked'
  
D:\Projects\DiskEd\disked\tests\evidence\image_observation_probe.cpp(51,64): error C2065: 'target': undeclared identifier [D:\Projects\DiskEd\disked\build\windows-bootstrap\image_verification_observation_probe.vcxproj]
D:\Projects\DiskEd\disked\tests\evidence\image_observation_probe.cpp(51,110): error C3083: 'bootstrap': the symbol to the left of a '::' must be a type [D:\Projects\DiskEd\disked\build\windows-bootstrap\image_verification_observation_probe.vcxproj]
D:\Projects\DiskEd\disked\tests\evidence\image_observation_probe.cpp(51,121): error C2039: 'source_state': is not a member of 'disked' [D:\Projects\DiskEd\disked\build\windows-bootstrap\image_verification_observation_probe.vcxproj]
      D:\Projects\DiskEd\disked\source\platform\windows\worker_files.h(22,11):
      see declaration of 'disked'
  
D:\Projects\DiskEd\disked\tests\evidence\image_observation_probe.cpp(51,121): error C2065: 'source_state': undeclared identifier [D:\Projects\DiskEd\disked\build\windows-bootstrap\image_verification_observation_probe.vcxproj]
D:\Projects\DiskEd\disked\tests\evidence\image_observation_probe.cpp(53,191): error C3536: 'code': cannot be used before it is initialized [D:\Projects\DiskEd\disked\build\windows-bootstrap\image_verification_observation_probe.vcxproj]
D:\Projects\DiskEd\disked\tests\evidence\image_observation_probe.cpp(54,29): error C3536: 'context': cannot be used before it is initialized [D:\Projects\DiskEd\disked\build\windows-bootstrap\image_verification_observation_probe.vcxproj]
D:\Projects\DiskEd\disked\tests\evidence\image_observation_probe.cpp(62,44): error C3536: 'model': cannot be used before it is initialized [D:\Projects\DiskEd\disked\build\windows-bootstrap\image_verification_observation_probe.vcxproj]
D:\Projects\DiskEd\disked\tests\evidence\image_observation_probe.cpp(77,13): error C3536: 'out': cannot be used before it is initialized [D:\Projects\DiskEd\disked\build\windows-bootstrap\image_verification_observation_probe.vcxproj]
