MSBuild version 17.14.51+25f168cee for .NET Framework

  1>Checking Build System
  Building Custom Rule D:/Projects/DiskEd/disked/tests/setup/native/CMakeLists.txt
  adler32.c
  crc32.c
  inffast.c
  inflate.c
  inftrees.c
  zutil.c
  Generating Code...
  disked_setup_inflate.vcxproj -> D:\Projects\DiskEd\disked\.aide-local\goal-0.1.0\carrier-H-working-c07044b\disked_setup_inflate.dir\Release\disked_setup_inflate.lib
  Building Custom Rule D:/Projects/DiskEd/disked/tests/setup/native/CMakeLists.txt
  usk_json.cpp
  usk_record_io.cpp
  usk_sha256.cpp
  usk_stable_file.cpp
  usk_utf8_path.cpp
  usk_audit_repository.cpp
  usk_live_evidence.cpp
  usk_lifecycle.cpp
  usk_install_restart.cpp
  usk_public_lifecycle.cpp
  usk_archive_inspect.cpp
  usk_target_inspect.cpp
  usk_target_policy.cpp
  usk_state_repository.cpp
  usk_streaming_source_target.cpp
  usk_transaction_session.cpp
  usk_install_lease.cpp
  usk_replacement_session.cpp
  usk_commit_authority.cpp
  usk_stream_entry_journal.cpp
  Generating Code...
  Compiling...
  usk_package_verify.cpp
  Generating Code...
  usk_api.c
  disked_setup_source_candidate.vcxproj -> D:\Projects\DiskEd\disked\.aide-local\goal-0.1.0\carrier-H-working-c07044b\Release\disked_setup_source_candidate.lib
  Building Custom Rule D:/Projects/DiskEd/disked/tests/setup/native/CMakeLists.txt
  source_probe.c
  disked_setup_host_fixture.vcxproj -> D:\Projects\DiskEd\disked\.aide-local\goal-0.1.0\carrier-H-working-c07044b\Release\disked_setup_host_fixture.exe
