test_changed_host_refuses_before_output_creation (test_carriers.CarrierTests.test_changed_host_refuses_before_output_creation) ... ERROR
test_changed_payload_or_manifest_refuses (test_carriers.CarrierTests.test_changed_payload_or_manifest_refuses) ... ERROR
test_consistent_replacement_cannot_replace_separate_expected_host (test_carriers.CarrierTests.test_consistent_replacement_cannot_replace_separate_expected_host) ... ERROR
test_cycles_embedding_and_recursive_ancestor_containment_refuse (test_carriers.CarrierTests.test_cycles_embedding_and_recursive_ancestor_containment_refuse) ... ERROR
test_deterministic_archive_and_no_source_mutation (test_carriers.CarrierTests.test_deterministic_archive_and_no_source_mutation) ... ERROR
test_exact_finite_manifest_and_archive_bytes (test_carriers.CarrierTests.test_exact_finite_manifest_and_archive_bytes) ... ERROR
test_existing_roots_preserve_foreign_and_recovery_data (test_carriers.CarrierTests.test_existing_roots_preserve_foreign_and_recovery_data) ... ERROR
test_host_claim_cannot_promote_lifecycle_or_embed_payload_hash (test_carriers.CarrierTests.test_host_claim_cannot_promote_lifecycle_or_embed_payload_hash) ... ERROR
test_partial_assembly_is_retained_without_replay (test_carriers.CarrierTests.test_partial_assembly_is_retained_without_replay) ... ERROR
test_cli_eligible_deferred_and_malformed_outcomes (test_carriers.ServicingTests.test_cli_eligible_deferred_and_malformed_outcomes) ... ok
test_competing_msi_msix_or_os_owner_refuses (test_carriers.ServicingTests.test_competing_msi_msix_or_os_owner_refuses) ... ok
test_complete_empty_capture_preserves_selections_without_authority (test_carriers.ServicingTests.test_complete_empty_capture_preserves_selections_without_authority) ... ok
test_each_unsafe_dimension_retains_generation (test_carriers.ServicingTests.test_each_unsafe_dimension_retains_generation) ... ok
test_incomplete_capture_deferred (test_carriers.ServicingTests.test_incomplete_capture_deferred) ... ok
test_operation_must_bind_execution_closure (test_carriers.ServicingTests.test_operation_must_bind_execution_closure) ... ok
test_other_generation_can_be_retained_without_replacing_identity (test_carriers.ServicingTests.test_other_generation_can_be_retained_without_replacing_identity) ... ok
test_overlapping_roots_and_unknown_dependency_refuse (test_carriers.ServicingTests.test_overlapping_roots_and_unknown_dependency_refuse) ... ok
test_requested_or_acknowledged_cancel_is_not_release (test_carriers.ServicingTests.test_requested_or_acknowledged_cancel_is_not_release) ... ok
test_stale_or_duplicate_generation_digest_references_refuse (test_carriers.ServicingTests.test_stale_or_duplicate_generation_digest_references_refuse) ... ok
test_stale_view_and_requested_policy_selection_changes_refuse (test_carriers.ServicingTests.test_stale_view_and_requested_policy_selection_changes_refuse) ... ok
test_terminal_exit_requires_certain_effect_and_recovery_discharge (test_carriers.ServicingTests.test_terminal_exit_requires_certain_effect_and_recovery_discharge) ... ok
test_u64_and_array_limits_are_enforced (test_carriers.ServicingTests.test_u64_and_array_limits_are_enforced) ... ok
test_unmanaged_external_and_data_never_acquire_payload_ownership (test_carriers.ServicingTests.test_unmanaged_external_and_data_never_acquire_payload_ownership) ... ok
test_view_and_request_remain_byte_identical (test_carriers.ServicingTests.test_view_and_request_remain_byte_identical) ... ok
test_withdraw_proposes_denial_with_retained_required_provider (test_carriers.ServicingTests.test_withdraw_proposes_denial_with_retained_required_provider) ... ok

======================================================================
ERROR: test_changed_host_refuses_before_output_creation (test_carriers.CarrierTests.test_changed_host_refuses_before_output_creation)
----------------------------------------------------------------------
Traceback (most recent call last):
  File "D:\Projects\DiskEd\disked\tests\composition\test_carriers.py", line 168, in setUp
    self.info=old.build_info()
              ^^^^^^^^^^^^^^
AttributeError: module 'old_package_tests' has no attribute 'build_info'

======================================================================
ERROR: test_changed_payload_or_manifest_refuses (test_carriers.CarrierTests.test_changed_payload_or_manifest_refuses)
----------------------------------------------------------------------
Traceback (most recent call last):
  File "D:\Projects\DiskEd\disked\tests\composition\test_carriers.py", line 168, in setUp
    self.info=old.build_info()
              ^^^^^^^^^^^^^^
AttributeError: module 'old_package_tests' has no attribute 'build_info'

======================================================================
ERROR: test_consistent_replacement_cannot_replace_separate_expected_host (test_carriers.CarrierTests.test_consistent_replacement_cannot_replace_separate_expected_host)
----------------------------------------------------------------------
Traceback (most recent call last):
  File "D:\Projects\DiskEd\disked\tests\composition\test_carriers.py", line 168, in setUp
    self.info=old.build_info()
              ^^^^^^^^^^^^^^
AttributeError: module 'old_package_tests' has no attribute 'build_info'

======================================================================
ERROR: test_cycles_embedding_and_recursive_ancestor_containment_refuse (test_carriers.CarrierTests.test_cycles_embedding_and_recursive_ancestor_containment_refuse)
----------------------------------------------------------------------
Traceback (most recent call last):
  File "D:\Projects\DiskEd\disked\tests\composition\test_carriers.py", line 168, in setUp
    self.info=old.build_info()
              ^^^^^^^^^^^^^^
AttributeError: module 'old_package_tests' has no attribute 'build_info'

======================================================================
ERROR: test_deterministic_archive_and_no_source_mutation (test_carriers.CarrierTests.test_deterministic_archive_and_no_source_mutation)
----------------------------------------------------------------------
Traceback (most recent call last):
  File "D:\Projects\DiskEd\disked\tests\composition\test_carriers.py", line 168, in setUp
    self.info=old.build_info()
              ^^^^^^^^^^^^^^
AttributeError: module 'old_package_tests' has no attribute 'build_info'

======================================================================
ERROR: test_exact_finite_manifest_and_archive_bytes (test_carriers.CarrierTests.test_exact_finite_manifest_and_archive_bytes)
----------------------------------------------------------------------
Traceback (most recent call last):
  File "D:\Projects\DiskEd\disked\tests\composition\test_carriers.py", line 168, in setUp
    self.info=old.build_info()
              ^^^^^^^^^^^^^^
AttributeError: module 'old_package_tests' has no attribute 'build_info'

======================================================================
ERROR: test_existing_roots_preserve_foreign_and_recovery_data (test_carriers.CarrierTests.test_existing_roots_preserve_foreign_and_recovery_data)
----------------------------------------------------------------------
Traceback (most recent call last):
  File "D:\Projects\DiskEd\disked\tests\composition\test_carriers.py", line 168, in setUp
    self.info=old.build_info()
              ^^^^^^^^^^^^^^
AttributeError: module 'old_package_tests' has no attribute 'build_info'

======================================================================
ERROR: test_host_claim_cannot_promote_lifecycle_or_embed_payload_hash (test_carriers.CarrierTests.test_host_claim_cannot_promote_lifecycle_or_embed_payload_hash)
----------------------------------------------------------------------
Traceback (most recent call last):
  File "D:\Projects\DiskEd\disked\tests\composition\test_carriers.py", line 168, in setUp
    self.info=old.build_info()
              ^^^^^^^^^^^^^^
AttributeError: module 'old_package_tests' has no attribute 'build_info'

======================================================================
ERROR: test_partial_assembly_is_retained_without_replay (test_carriers.CarrierTests.test_partial_assembly_is_retained_without_replay)
----------------------------------------------------------------------
Traceback (most recent call last):
  File "D:\Projects\DiskEd\disked\tests\composition\test_carriers.py", line 168, in setUp
    self.info=old.build_info()
              ^^^^^^^^^^^^^^
AttributeError: module 'old_package_tests' has no attribute 'build_info'

----------------------------------------------------------------------
Ran 25 tests in 0.580s

FAILED (errors=9)
