Microsoft (R) COFF/PE Dumper Version 14.44.35228.0
Copyright (C) Microsoft Corporation.  All rights reserved.


Dump of file D:\Projects\DiskEd\disked\.aide-local\goal-0.1.0\clean-case-327b8ae8\build\windows-bootstrap\Release\acquisition_case_probe.exe

PE signature found

File Type: EXECUTABLE IMAGE

FILE HEADER VALUES
            8664 machine (x64)
               6 number of sections
        6AC874D2 time date stamp Fri Oct  9 16:00:02 2026
               0 file pointer to symbol table
               0 number of symbols
              F0 size of optional header
              22 characteristics
                   Executable
                   Application can handle large (>2GB) addresses

OPTIONAL HEADER VALUES
             20B magic # (PE32+)
           14.44 linker version
           3BC00 size of code
           19200 size of initialized data
               0 size of uninitialized data
           256B0 entry point (00000001400256B0)
            1000 base of code
       140000000 image base (0000000140000000 to 0000000140057FFF)
            1000 section alignment
             200 file alignment
            6.00 operating system version
            0.00 image version
            6.00 subsystem version
               0 Win32 version
           58000 size of image
             400 size of headers
               0 checksum
               3 subsystem (Windows CUI)
            C160 DLL characteristics
                   High Entropy Virtual Addresses
                   Dynamic base
                   NX compatible
                   Control Flow Guard
                   Terminal Server Aware
          100000 size of stack reserve
            1000 size of stack commit
          100000 size of heap reserve
            1000 size of heap commit
               0 loader flags
              10 number of directories
               0 [       0] RVA [size] of Export Directory
           50534 [      28] RVA [size] of Import Directory
           56000 [     1E0] RVA [size] of Resource Directory
           53000 [    2724] RVA [size] of Exception Directory
               0 [       0] RVA [size] of Certificates Directory
           57000 [     718] RVA [size] of Base Relocation Directory
           49DD0 [      1C] RVA [size] of Debug Directory
               0 [       0] RVA [size] of Architecture Directory
               0 [       0] RVA [size] of Global Pointer Directory
               0 [       0] RVA [size] of Thread Storage Directory
           49C90 [     140] RVA [size] of Load Configuration Directory
               0 [       0] RVA [size] of Bound Import Directory
           3D000 [     2A8] RVA [size] of Import Address Table Directory
               0 [       0] RVA [size] of Delay Import Directory
               0 [       0] RVA [size] of COM Descriptor Directory
               0 [       0] RVA [size] of Reserved Directory


SECTION HEADER #1
   .text name
   3BB46 virtual size
    1000 virtual address (0000000140001000 to 000000014003CB45)
   3BC00 size of raw data
     400 file pointer to raw data (00000400 to 0003BFFF)
       0 file pointer to relocation table
       0 file pointer to line numbers
       0 number of relocations
       0 number of line numbers
60000020 flags
         Code
         Execute Read

SECTION HEADER #2
  .rdata name
   13E52 virtual size
   3D000 virtual address (000000014003D000 to 0000000140050E51)
   14000 size of raw data
   3C000 file pointer to raw data (0003C000 to 0004FFFF)
       0 file pointer to relocation table
       0 file pointer to line numbers
       0 number of relocations
       0 number of line numbers
40000040 flags
         Initialized Data
         Read Only

  Debug Directories

        Time Type        Size      RVA  Pointer
    -------- ------- -------- -------- --------
    6AC874D2 coffgrp      380 0004AA64    49A64

SECTION HEADER #3
   .data name
    1FC8 virtual size
   51000 virtual address (0000000140051000 to 0000000140052FC7)
    1000 size of raw data
   50000 file pointer to raw data (00050000 to 00050FFF)
       0 file pointer to relocation table
       0 file pointer to line numbers
       0 number of relocations
       0 number of line numbers
C0000040 flags
         Initialized Data
         Read Write

SECTION HEADER #4
  .pdata name
    2724 virtual size
   53000 virtual address (0000000140053000 to 0000000140055723)
    2800 size of raw data
   51000 file pointer to raw data (00051000 to 000537FF)
       0 file pointer to relocation table
       0 file pointer to line numbers
       0 number of relocations
       0 number of line numbers
40000040 flags
         Initialized Data
         Read Only

SECTION HEADER #5
   .rsrc name
     1E0 virtual size
   56000 virtual address (0000000140056000 to 00000001400561DF)
     200 size of raw data
   53800 file pointer to raw data (00053800 to 000539FF)
       0 file pointer to relocation table
       0 file pointer to line numbers
       0 number of relocations
       0 number of line numbers
40000040 flags
         Initialized Data
         Read Only

SECTION HEADER #6
  .reloc name
     718 virtual size
   57000 virtual address (0000000140057000 to 0000000140057717)
     800 size of raw data
   53A00 file pointer to raw data (00053A00 to 000541FF)
       0 file pointer to relocation table
       0 file pointer to line numbers
       0 number of relocations
       0 number of line numbers
42000040 flags
         Initialized Data
         Discardable
         Read Only

  Summary

        2000 .data
        3000 .pdata
       14000 .rdata
        1000 .reloc
        1000 .rsrc
       3C000 .text
