Test project D:/Projects/DiskEd/disked/.aide-local/goal-0.1.0/clean-case-327b8ae8/build/windows-bootstrap
      Start  1: operation.directory_pins
 1/62 Test  #1: operation.directory_pins ...........   Passed    0.39 sec
      Start  2: evidence.acquisition_case
 2/62 Test  #2: evidence.acquisition_case ..........   Passed    7.96 sec
      Start  3: evidence.export_model
 3/62 Test  #3: evidence.export_model ..............   Passed    2.30 sec
      Start  4: evidence.file_export
 4/62 Test  #4: evidence.file_export ...............   Passed    9.86 sec
      Start  5: evidence.case_model
 5/62 Test  #5: evidence.case_model ................   Passed    3.78 sec
      Start  6: health.observation_model
 6/62 Test  #6: health.observation_model ...........   Passed    0.91 sec
      Start  7: health.command
 7/62 Test  #7: health.command .....................   Passed    2.95 sec
      Start  8: journal.semantic_reader
 8/62 Test  #8: journal.semantic_reader ............   Passed   13.24 sec
      Start  9: journal.guarded_model
 9/62 Test  #9: journal.guarded_model ..............   Passed    1.96 sec
      Start 10: journal.model_binary_producer
10/62 Test #10: journal.model_binary_producer ......   Passed    2.57 sec
      Start 11: journal.repeated_crash_audit
11/62 Test #11: journal.repeated_crash_audit .......   Passed    4.28 sec
      Start 12: journal.plan_definitions
12/62 Test #12: journal.plan_definitions ...........   Passed    0.36 sec
      Start 13: journal.binary_codec
13/62 Test #13: journal.binary_codec ...............   Passed    0.27 sec
      Start 14: frontend.acquisition_forms
14/62 Test #14: frontend.acquisition_forms .........   Passed    2.49 sec
      Start 15: frontend.acquisition_interactive
15/62 Test #15: frontend.acquisition_interactive ...   Passed   35.07 sec
      Start 16: image.acquisition_commands
16/62 Test #16: image.acquisition_commands .........   Passed   34.87 sec
      Start 17: image.acquisition_operations
17/62 Test #17: image.acquisition_operations .......   Passed   13.66 sec
      Start 18: image.acquisition_worker
18/62 Test #18: image.acquisition_worker ...........   Passed   40.96 sec
      Start 19: image.file_acquisition
19/62 Test #19: image.file_acquisition .............   Passed   22.46 sec
      Start 20: image.parent_pins
20/62 Test #20: image.parent_pins ..................   Passed    0.92 sec
      Start 21: image.acquisition_pipeline
21/62 Test #21: image.acquisition_pipeline .........   Passed    5.40 sec
      Start 22: image.shared_commands
22/62 Test #22: image.shared_commands ..............   Passed   18.57 sec
      Start 23: image.file_capture
23/62 Test #23: image.file_capture .................   Passed    3.60 sec
      Start 24: image.map_observation
24/62 Test #24: image.map_observation ..............   Passed    1.56 sec
      Start 25: portable.gpt
25/62 Test #25: portable.gpt .......................   Passed    3.53 sec
      Start 26: portable.gpt_guard
26/62 Test #26: portable.gpt_guard .................   Passed    0.02 sec
      Start 27: portable.mbr_ebr
27/62 Test #27: portable.mbr_ebr ...................   Passed    1.26 sec
      Start 28: portable.mbr_guard
28/62 Test #28: portable.mbr_guard .................   Passed    0.02 sec
      Start 29: portable.checked
29/62 Test #29: portable.checked ...................   Passed    0.82 sec
      Start 30: portable.c_cpp_linkage
30/62 Test #30: portable.c_cpp_linkage .............   Passed    0.04 sec
      Start 31: operation.watch_reader
31/62 Test #31: operation.watch_reader .............   Passed    0.43 sec
      Start 32: resilience.capture
32/62 Test #32: resilience.capture .................   Passed    0.53 sec
      Start 33: resilience.request_channel
33/62 Test #33: resilience.request_channel .........   Passed    1.55 sec
      Start 34: shell.model
34/62 Test #34: shell.model ........................   Passed    1.23 sec
      Start 35: operation.reducer
35/62 Test #35: operation.reducer ..................   Passed    0.71 sec
      Start 36: frontend.gui_model
36/62 Test #36: frontend.gui_model .................   Passed    0.63 sec
      Start 37: frontend.gui_windows
37/62 Test #37: frontend.gui_windows ...............   Passed    2.31 sec
      Start 38: frontend.tui_model
38/62 Test #38: frontend.tui_model .................   Passed    0.39 sec
      Start 39: frontend.tui_windows
39/62 Test #39: frontend.tui_windows ...............   Passed    4.23 sec
      Start 40: shell.windows
40/62 Test #40: shell.windows ......................   Passed    6.63 sec
      Start 41: frontend.service
41/62 Test #41: frontend.service ...................   Passed    0.36 sec
      Start 42: frontend.transport
42/62 Test #42: frontend.transport .................   Passed    1.15 sec
      Start 43: invocation.policy
43/62 Test #43: invocation.policy ..................   Passed    5.34 sec
      Start 44: protocol.compatible_reader
44/62 Test #44: protocol.compatible_reader .........   Passed    0.67 sec
      Start 45: command.syntax
45/62 Test #45: command.syntax .....................   Passed    9.61 sec
      Start 46: protocol.json_codec
46/62 Test #46: protocol.json_codec ................   Passed    2.79 sec
      Start 47: operation.watch
47/62 Test #47: operation.watch ....................   Passed   30.92 sec
      Start 48: resilience.capture_campaign
48/62 Test #48: resilience.capture_campaign ........   Passed    9.16 sec
      Start 49: resilience.frontend_memory
49/62 Test #49: resilience.frontend_memory .........   Passed    7.18 sec
      Start 50: resilience.store_failures
50/62 Test #50: resilience.store_failures ..........   Passed   17.22 sec
      Start 51: resilience.request_waiting
51/62 Test #51: resilience.request_waiting .........   Passed   19.52 sec
      Start 52: resilience.output_waiting
52/62 Test #52: resilience.output_waiting ..........   Passed   17.60 sec
      Start 53: operation.worker
53/62 Test #53: operation.worker ...................   Passed   20.88 sec
      Start 54: resilience.gui_waiting
54/62 Test #54: resilience.gui_waiting .............   Passed    6.26 sec
      Start 55: resilience.console_waiting
55/62 Test #55: resilience.console_waiting .........   Passed   12.67 sec
      Start 56: resilience.worker_budget
56/62 Test #56: resilience.worker_budget ...........   Passed    8.33 sec
      Start 57: disked.invocation
57/62 Test #57: disked.invocation ..................   Passed    1.37 sec
      Start 58: disked.acceptance
58/62 Test #58: disked.acceptance ..................   Passed    2.72 sec
      Start 59: disked_provider_guard.invocation
59/62 Test #59: disked_provider_guard.invocation ...   Passed    1.39 sec
      Start 60: disked_provider_guard.acceptance
60/62 Test #60: disked_provider_guard.acceptance ...   Passed    2.92 sec
      Start 61: provider_guard.positive_control
61/62 Test #61: provider_guard.positive_control ....   Passed    0.12 sec
      Start 62: artifacts.archive_completeness
62/62 Test #62: artifacts.archive_completeness .....   Passed    1.49 sec

100% tests passed, 0 tests failed out of 62

Total Test time (real) = 434.40 sec
