Microsoft (R) COFF/PE Dumper Version 14.44.35228.0
Copyright (C) Microsoft Corporation.  All rights reserved.


Dump of file D:\Projects\DiskEd\disked\.aide-local\goal-0.1.0\w022-clean-ad880989\msvc2022-x64\gpt-probe.exe

PE signature found

File Type: EXECUTABLE IMAGE

FILE HEADER VALUES
            8664 machine (x64)
               5 number of sections
        6AC55B1B time date stamp Wed Oct  7 07:33:31 2026
               0 file pointer to symbol table
               0 number of symbols
              F0 size of optional header
              22 characteristics
                   Executable
                   Application can handle large (>2GB) addresses

OPTIONAL HEADER VALUES
             20B magic # (PE32+)
           14.44 linker version
           2F000 size of code
           19000 size of initialized data
               0 size of uninitialized data
            F978 entry point (000000014000F978)
            1000 base of code
       140000000 image base (0000000140000000 to 0000000140049FFF)
            1000 section alignment
             200 file alignment
            6.00 operating system version
            0.00 image version
            6.00 subsystem version
               0 Win32 version
           4A000 size of image
             400 size of headers
               0 checksum
               3 subsystem (Windows CUI)
            8160 DLL characteristics
                   High Entropy Virtual Addresses
                   Dynamic base
                   NX compatible
                   Terminal Server Aware
          100000 size of stack reserve
            1000 size of stack commit
          100000 size of heap reserve
            1000 size of heap commit
               0 loader flags
              10 number of directories
               0 [       0] RVA [size] of Export Directory
           4257C [      28] RVA [size] of Import Directory
               0 [       0] RVA [size] of Resource Directory
           46000 [    2778] RVA [size] of Exception Directory
               0 [       0] RVA [size] of Certificates Directory
           49000 [     948] RVA [size] of Base Relocation Directory
           3D940 [      1C] RVA [size] of Debug Directory
               0 [       0] RVA [size] of Architecture Directory
               0 [       0] RVA [size] of Global Pointer Directory
               0 [       0] RVA [size] of Thread Storage Directory
           3D800 [     140] RVA [size] of Load Configuration Directory
               0 [       0] RVA [size] of Bound Import Directory
           30000 [     2A8] RVA [size] of Import Address Table Directory
               0 [       0] RVA [size] of Delay Import Directory
               0 [       0] RVA [size] of COM Descriptor Directory
               0 [       0] RVA [size] of Reserved Directory


SECTION HEADER #1
   .text name
   2EE94 virtual size
    1000 virtual address (0000000140001000 to 000000014002FE93)
   2F000 size of raw data
     400 file pointer to raw data (00000400 to 0002F3FF)
       0 file pointer to relocation table
       0 file pointer to line numbers
       0 number of relocations
       0 number of line numbers
60000020 flags
         Code
         Execute Read

SECTION HEADER #2
  .rdata name
   12E74 virtual size
   30000 virtual address (0000000140030000 to 0000000140042E73)
   13000 size of raw data
   2F400 file pointer to raw data (0002F400 to 000423FF)
       0 file pointer to relocation table
       0 file pointer to line numbers
       0 number of relocations
       0 number of line numbers
40000040 flags
         Initialized Data
         Read Only

  Debug Directories

        Time Type        Size      RVA  Pointer
    -------- ------- -------- -------- --------
    6AC55B1B coffgrp      35C 0003EC58    3E058

SECTION HEADER #3
   .data name
    2C70 virtual size
   43000 virtual address (0000000140043000 to 0000000140045C6F)
    1400 size of raw data
   42400 file pointer to raw data (00042400 to 000437FF)
       0 file pointer to relocation table
       0 file pointer to line numbers
       0 number of relocations
       0 number of line numbers
C0000040 flags
         Initialized Data
         Read Write

SECTION HEADER #4
  .pdata name
    2778 virtual size
   46000 virtual address (0000000140046000 to 0000000140048777)
    2800 size of raw data
   43800 file pointer to raw data (00043800 to 00045FFF)
       0 file pointer to relocation table
       0 file pointer to line numbers
       0 number of relocations
       0 number of line numbers
40000040 flags
         Initialized Data
         Read Only

SECTION HEADER #5
  .reloc name
     948 virtual size
   49000 virtual address (0000000140049000 to 0000000140049947)
     A00 size of raw data
   46000 file pointer to raw data (00046000 to 000469FF)
       0 file pointer to relocation table
       0 file pointer to line numbers
       0 number of relocations
       0 number of line numbers
42000040 flags
         Initialized Data
         Discardable
         Read Only

  Summary

        3000 .data
        3000 .pdata
       13000 .rdata
        1000 .reloc
       2F000 .text
