Microsoft (R) COFF/PE Dumper Version 14.44.35228.0
Copyright (C) Microsoft Corporation.  All rights reserved.


Dump of file D:\Projects\DiskEd\disked\.aide-local\goal-0.1.0\clean-0f6552a9\build\windows-bootstrap\Release\disked.exe

PE signature found

File Type: EXECUTABLE IMAGE

FILE HEADER VALUES
            8664 machine (x64)
               6 number of sections
        6AC7A6CE time date stamp Fri Oct  9 01:21:02 2026
               0 file pointer to symbol table
               0 number of symbols
              F0 size of optional header
              22 characteristics
                   Executable
                   Application can handle large (>2GB) addresses

OPTIONAL HEADER VALUES
             20B magic # (PE32+)
           14.44 linker version
           BAA00 size of code
           3DE00 size of initialized data
               0 size of uninitialized data
           8F710 entry point (000000014008F710)
            1000 base of code
       140000000 image base (0000000140000000 to 00000001400FCFFF)
            1000 section alignment
             200 file alignment
           10.00 operating system version
            0.00 image version
           10.00 subsystem version
               0 Win32 version
           FD000 size of image
             400 size of headers
               0 checksum
               3 subsystem (Windows CUI)
            C160 DLL characteristics
                   High Entropy Virtual Addresses
                   Dynamic base
                   NX compatible
                   Control Flow Guard
                   Terminal Server Aware
          100000 size of stack reserve
            1000 size of stack commit
          100000 size of heap reserve
            1000 size of heap commit
               0 loader flags
              10 number of directories
               0 [       0] RVA [size] of Export Directory
           EB3CC [      28] RVA [size] of Import Directory
           FB000 [     1C8] RVA [size] of Resource Directory
           F4000 [    65A0] RVA [size] of Exception Directory
               0 [       0] RVA [size] of Certificates Directory
           FC000 [     CC4] RVA [size] of Base Relocation Directory
           D79E0 [      1C] RVA [size] of Debug Directory
               0 [       0] RVA [size] of Architecture Directory
               0 [       0] RVA [size] of Global Pointer Directory
           D7B80 [      28] RVA [size] of Thread Storage Directory
           D78A0 [     140] RVA [size] of Load Configuration Directory
               0 [       0] RVA [size] of Bound Import Directory
           BC000 [     470] RVA [size] of Import Address Table Directory
               0 [       0] RVA [size] of Delay Import Directory
               0 [       0] RVA [size] of COM Descriptor Directory
               0 [       0] RVA [size] of Reserved Directory


SECTION HEADER #1
   .text name
   BA9AC virtual size
    1000 virtual address (0000000140001000 to 00000001400BB9AB)
   BAA00 size of raw data
     400 file pointer to raw data (00000400 to 000BADFF)
       0 file pointer to relocation table
       0 file pointer to line numbers
       0 number of relocations
       0 number of line numbers
60000020 flags
         Code
         Execute Read

SECTION HEADER #2
  .rdata name
   303B0 virtual size
   BC000 virtual address (00000001400BC000 to 00000001400EC3AF)
   30400 size of raw data
   BAE00 file pointer to raw data (000BAE00 to 000EB1FF)
       0 file pointer to relocation table
       0 file pointer to line numbers
       0 number of relocations
       0 number of line numbers
40000040 flags
         Initialized Data
         Read Only

  Debug Directories

        Time Type        Size      RVA  Pointer
    -------- ------- -------- -------- --------
    6AC7A6CE coffgrp      404 000DA248    D9048

SECTION HEADER #3
   .data name
    6254 virtual size
   ED000 virtual address (00000001400ED000 to 00000001400F3253)
    4800 size of raw data
   EB200 file pointer to raw data (000EB200 to 000EF9FF)
       0 file pointer to relocation table
       0 file pointer to line numbers
       0 number of relocations
       0 number of line numbers
C0000040 flags
         Initialized Data
         Read Write

SECTION HEADER #4
  .pdata name
    65A0 virtual size
   F4000 virtual address (00000001400F4000 to 00000001400FA59F)
    6600 size of raw data
   EFA00 file pointer to raw data (000EFA00 to 000F5FFF)
       0 file pointer to relocation table
       0 file pointer to line numbers
       0 number of relocations
       0 number of line numbers
40000040 flags
         Initialized Data
         Read Only

SECTION HEADER #5
   .rsrc name
     1C8 virtual size
   FB000 virtual address (00000001400FB000 to 00000001400FB1C7)
     200 size of raw data
   F6000 file pointer to raw data (000F6000 to 000F61FF)
       0 file pointer to relocation table
       0 file pointer to line numbers
       0 number of relocations
       0 number of line numbers
40000040 flags
         Initialized Data
         Read Only

SECTION HEADER #6
  .reloc name
     CC4 virtual size
   FC000 virtual address (00000001400FC000 to 00000001400FCCC3)
     E00 size of raw data
   F6200 file pointer to raw data (000F6200 to 000F6FFF)
       0 file pointer to relocation table
       0 file pointer to line numbers
       0 number of relocations
       0 number of line numbers
42000040 flags
         Initialized Data
         Discardable
         Read Only

  Summary

        7000 .data
        7000 .pdata
       31000 .rdata
        1000 .reloc
        1000 .rsrc
       BB000 .text
