Microsoft (R) COFF/PE Dumper Version 14.44.35228.0
Copyright (C) Microsoft Corporation.  All rights reserved.


Dump of file D:\Projects\DiskEd\disked\.aide-local\goal-0.1.0\clean-0f6552a9\build\windows-bootstrap\Release\file_acquisition_probe.exe

PE signature found

File Type: EXECUTABLE IMAGE

FILE HEADER VALUES
            8664 machine (x64)
               6 number of sections
        6AC7A717 time date stamp Fri Oct  9 01:22:15 2026
               0 file pointer to symbol table
               0 number of symbols
              F0 size of optional header
              22 characteristics
                   Executable
                   Application can handle large (>2GB) addresses

OPTIONAL HEADER VALUES
             20B magic # (PE32+)
           14.44 linker version
           32A00 size of code
           17200 size of initialized data
               0 size of uninitialized data
           1D020 entry point (000000014001D020)
            1000 base of code
       140000000 image base (0000000140000000 to 000000014004DFFF)
            1000 section alignment
             200 file alignment
            6.00 operating system version
            0.00 image version
            6.00 subsystem version
               0 Win32 version
           4E000 size of image
             400 size of headers
               0 checksum
               3 subsystem (Windows CUI)
            C160 DLL characteristics
                   High Entropy Virtual Addresses
                   Dynamic base
                   NX compatible
                   Control Flow Guard
                   Terminal Server Aware
          100000 size of stack reserve
            1000 size of stack commit
          100000 size of heap reserve
            1000 size of heap commit
               0 loader flags
              10 number of directories
               0 [       0] RVA [size] of Export Directory
           45A9C [      28] RVA [size] of Import Directory
           4C000 [     1E0] RVA [size] of Resource Directory
           49000 [    2280] RVA [size] of Exception Directory
               0 [       0] RVA [size] of Certificates Directory
           4D000 [     700] RVA [size] of Base Relocation Directory
           40340 [      1C] RVA [size] of Debug Directory
               0 [       0] RVA [size] of Architecture Directory
               0 [       0] RVA [size] of Global Pointer Directory
               0 [       0] RVA [size] of Thread Storage Directory
           40200 [     140] RVA [size] of Load Configuration Directory
               0 [       0] RVA [size] of Bound Import Directory
           34000 [     2A0] RVA [size] of Import Address Table Directory
               0 [       0] RVA [size] of Delay Import Directory
               0 [       0] RVA [size] of COM Descriptor Directory
               0 [       0] RVA [size] of Reserved Directory


SECTION HEADER #1
   .text name
   328C6 virtual size
    1000 virtual address (0000000140001000 to 00000001400338C5)
   32A00 size of raw data
     400 file pointer to raw data (00000400 to 00032DFF)
       0 file pointer to relocation table
       0 file pointer to line numbers
       0 number of relocations
       0 number of line numbers
60000020 flags
         Code
         Execute Read

SECTION HEADER #2
  .rdata name
   123AA virtual size
   34000 virtual address (0000000140034000 to 00000001400463A9)
   12400 size of raw data
   32E00 file pointer to raw data (00032E00 to 000451FF)
       0 file pointer to relocation table
       0 file pointer to line numbers
       0 number of relocations
       0 number of line numbers
40000040 flags
         Initialized Data
         Read Only

  Debug Directories

        Time Type        Size      RVA  Pointer
    -------- ------- -------- -------- --------
    6AC7A717 coffgrp      380 00040EE0    3FCE0

SECTION HEADER #3
   .data name
    1F80 virtual size
   47000 virtual address (0000000140047000 to 0000000140048F7F)
     E00 size of raw data
   45200 file pointer to raw data (00045200 to 00045FFF)
       0 file pointer to relocation table
       0 file pointer to line numbers
       0 number of relocations
       0 number of line numbers
C0000040 flags
         Initialized Data
         Read Write

SECTION HEADER #4
  .pdata name
    2280 virtual size
   49000 virtual address (0000000140049000 to 000000014004B27F)
    2400 size of raw data
   46000 file pointer to raw data (00046000 to 000483FF)
       0 file pointer to relocation table
       0 file pointer to line numbers
       0 number of relocations
       0 number of line numbers
40000040 flags
         Initialized Data
         Read Only

SECTION HEADER #5
   .rsrc name
     1E0 virtual size
   4C000 virtual address (000000014004C000 to 000000014004C1DF)
     200 size of raw data
   48400 file pointer to raw data (00048400 to 000485FF)
       0 file pointer to relocation table
       0 file pointer to line numbers
       0 number of relocations
       0 number of line numbers
40000040 flags
         Initialized Data
         Read Only

SECTION HEADER #6
  .reloc name
     700 virtual size
   4D000 virtual address (000000014004D000 to 000000014004D6FF)
     800 size of raw data
   48600 file pointer to raw data (00048600 to 00048DFF)
       0 file pointer to relocation table
       0 file pointer to line numbers
       0 number of relocations
       0 number of line numbers
42000040 flags
         Initialized Data
         Discardable
         Read Only

  Summary

        2000 .data
        3000 .pdata
       13000 .rdata
        1000 .reloc
        1000 .rsrc
       33000 .text
