Running x86_64-linux-gnu-gcc-13-version
Running x86_64-linux-gnu-g++-13-version
Running x86_64-linux-gnu-gcov-13-version
Running compile-0
Running compile-1
Running compile-2
Running compile-3
Running compile-4
Running compile-5
Running compile-6
Running compile-7
Running link
Running control-build-address
Running control-build-undefined
Running partition-faults-libraries
Running control-address-libraries
Running control-undefined-libraries
Running tool-cc1
Running tool-cc1plus
Running tool-ld
Running tool-libgcov.a
Running positive-asan
Running positive-ubsan
Running positive-invariant
Running positive-replay
Running positive-replay-reproduce-input
Running campaign
Running coverage-0
Running coverage-1
Running coverage-2
Running coverage-3
Running coverage-4
Running coverage-5
Running coverage-6
Sanitizer campaign PASS {'cases': 10035, 'mbr_signatures': 9467, 'ebr_feeds': 2544, 'consistent_headers': 9444, 'complete_arrays': 9349, 'agree': 44, 'disagree': 89}
