MSBuild version 17.14.51+25f168cee for .NET Framework

  1>Bind current Git revision and native input bytes
  disked_hash.vcxproj -> D:\Projects\DiskEd\disked\build\windows-bootstrap\Release\disked_hash.lib
  command.cpp
  disked_primitives.vcxproj -> D:\Projects\DiskEd\disked\build\windows-bootstrap\Release\disked_primitives.lib
  disked_gpt.vcxproj -> D:\Projects\DiskEd\disked\build\windows-bootstrap\Release\disked_gpt.lib
  disked_mbr.vcxproj -> D:\Projects\DiskEd\disked\build\windows-bootstrap\Release\disked_mbr.lib
  disked_journal_prototype.vcxproj -> D:\Projects\DiskEd\disked\build\windows-bootstrap\Release\disked_journal_prototype.lib
  portable_cpp.vcxproj -> D:\Projects\DiskEd\disked\build\windows-bootstrap\Release\portable_cpp.exe
  portable_probe.vcxproj -> D:\Projects\DiskEd\disked\build\windows-bootstrap\Release\portable_probe.exe
  bootstrap.cpp
  provider_guard_probe.vcxproj -> D:\Projects\DiskEd\disked\build\windows-bootstrap\Release\provider_guard_probe.exe
  disked_json.vcxproj -> D:\Projects\DiskEd\disked\build\windows-bootstrap\Release\disked_json.lib
  disked_health_observation.vcxproj -> D:\Projects\DiskEd\disked\build\windows-bootstrap\Release\disked_health_observation.lib
  json_codec_probe.vcxproj -> D:\Projects\DiskEd\disked\build\windows-bootstrap\Release\json_codec_probe.exe
  mbr_probe.vcxproj -> D:\Projects\DiskEd\disked\build\windows-bootstrap\Release\mbr_probe.exe
  disked_local_file.vcxproj -> D:\Projects\DiskEd\disked\build\windows-bootstrap\Release\disked_local_file.lib
  disked_acquisition.vcxproj -> D:\Projects\DiskEd\disked\build\windows-bootstrap\Release\disked_acquisition.lib
  protocol_reader_probe.vcxproj -> D:\Projects\DiskEd\disked\build\windows-bootstrap\Release\protocol_reader_probe.exe
  journal_codec_probe.vcxproj -> D:\Projects\DiskEd\disked\build\windows-bootstrap\Release\journal_codec_probe.exe
  disked_plan_prototype.vcxproj -> D:\Projects\DiskEd\disked\build\windows-bootstrap\Release\disked_plan_prototype.lib
  command_registry.cpp
  requests.cpp
  invocation_policy_probe.vcxproj -> D:\Projects\DiskEd\disked\build\windows-bootstrap\Release\invocation_policy_probe.exe
  disked_guarded_model.vcxproj -> D:\Projects\DiskEd\disked\build\windows-bootstrap\Release\disked_guarded_model.lib
  health_observation_probe.vcxproj -> D:\Projects\DiskEd\disked\build\windows-bootstrap\Release\health_observation_probe.exe
  disked_journal_semantics.vcxproj -> D:\Projects\DiskEd\disked\build\windows-bootstrap\Release\disked_journal_semantics.lib
  session.cpp
  guarded_journal_probe.vcxproj -> D:\Projects\DiskEd\disked\build\windows-bootstrap\Release\guarded_journal_probe.exe
  plan_definition_probe.vcxproj -> D:\Projects\DiskEd\disked\build\windows-bootstrap\Release\plan_definition_probe.exe
  Generating Code...
  command_parser_probe.vcxproj -> D:\Projects\DiskEd\disked\build\windows-bootstrap\Release\command_parser_probe.exe
  gpt_probe.vcxproj -> D:\Projects\DiskEd\disked\build\windows-bootstrap\Release\gpt_probe.exe
  disked_case_evidence.vcxproj -> D:\Projects\DiskEd\disked\build\windows-bootstrap\Release\disked_case_evidence.lib
  disked_model_journal_producer.vcxproj -> D:\Projects\DiskEd\disked\build\windows-bootstrap\Release\disked_model_journal_producer.lib
  acquisition_probe.vcxproj -> D:\Projects\DiskEd\disked\build\windows-bootstrap\Release\acquisition_probe.exe
  worker_directory_probe.vcxproj -> D:\Projects\DiskEd\disked\build\windows-bootstrap\Release\worker_directory_probe.exe
  journal_semantic_probe.vcxproj -> D:\Projects\DiskEd\disked\build\windows-bootstrap\Release\journal_semantic_probe.exe
  disked_presentation.vcxproj -> D:\Projects\DiskEd\disked\build\windows-bootstrap\Release\disked_presentation.lib
  disked_acquisition_commands.vcxproj -> D:\Projects\DiskEd\disked\build\windows-bootstrap\Release\disked_acquisition_commands.lib
  disked_file_acquisition.vcxproj -> D:\Projects\DiskEd\disked\build\windows-bootstrap\Release\disked_file_acquisition.lib
  disked_map_observation.vcxproj -> D:\Projects\DiskEd\disked\build\windows-bootstrap\Release\disked_map_observation.lib
  disked_image_actions.vcxproj -> D:\Projects\DiskEd\disked\build\windows-bootstrap\Release\disked_image_actions.lib
  disked_tui.vcxproj -> D:\Projects\DiskEd\disked\build\windows-bootstrap\Release\disked_tui.lib
  command_registry.cpp
  gui_model.cpp
  operation_reducer_probe.vcxproj -> D:\Projects\DiskEd\disked\build\windows-bootstrap\Release\operation_reducer_probe.exe
  request_channel_probe.vcxproj -> D:\Projects\DiskEd\disked\build\windows-bootstrap\Release\request_channel_probe.exe
  image_observation_probe.vcxproj -> D:\Projects\DiskEd\disked\build\windows-bootstrap\Release\image_observation_probe.exe
  bootstrap.cpp
  disked_image_capture.vcxproj -> D:\Projects\DiskEd\disked\build\windows-bootstrap\Release\disked_image_capture.lib
  Generating Code...
  shell_model.cpp
  image_file_capture_fault.vcxproj -> D:\Projects\DiskEd\disked\build\windows-bootstrap\Release\image_file_capture_fault.exe
  capture_probe.vcxproj -> D:\Projects\DiskEd\disked\build\windows-bootstrap\Release\capture_probe.exe
  frontend_service_probe.vcxproj -> D:\Projects\DiskEd\disked\build\windows-bootstrap\Release\frontend_service_probe.exe
  file_acquisition_fault.vcxproj -> D:\Projects\DiskEd\disked\build\windows-bootstrap\Release\file_acquisition_fault.exe
  disked_file_case_source.vcxproj -> D:\Projects\DiskEd\disked\build\windows-bootstrap\Release\disked_file_case_source.lib
  disked_gui.vcxproj -> D:\Projects\DiskEd\disked\build\windows-bootstrap\Release\disked_gui.lib
  file_acquisition_probe.vcxproj -> D:\Projects\DiskEd\disked\build\windows-bootstrap\Release\file_acquisition_probe.exe
  disked_acquisition_observation.vcxproj -> D:\Projects\DiskEd\disked\build\windows-bootstrap\Release\disked_acquisition_observation.lib
  image_file_capture_probe.vcxproj -> D:\Projects\DiskEd\disked\build\windows-bootstrap\Release\image_file_capture_probe.exe
  report_operation.cpp
  acquisition_worker.cpp
  acquisition_worker.cpp
  case_evidence_probe.vcxproj -> D:\Projects\DiskEd\disked\build\windows-bootstrap\Release\case_evidence_probe.exe
  watch_probe.vcxproj -> D:\Projects\DiskEd\disked\build\windows-bootstrap\Release\watch_probe.exe
  command_registry.cpp
  disked_shell.vcxproj -> D:\Projects\DiskEd\disked\build\windows-bootstrap\Release\disked_shell.lib
  acquisition_worker.cpp
  command_registry.cpp
  bootstrap.cpp
  gui_probe.cpp
  acquisition_command_probe.cpp
  bootstrap.cpp
  shell_probe.cpp
  disked_report_export.vcxproj -> D:\Projects\DiskEd\disked\build\windows-bootstrap\Release\disked_report_export.lib
  command_registry.cpp
  Generating Code...
  Generating Code...
  Generating Code...
  bootstrap.cpp
  tui_probe.cpp
  Generating Code...
  acquisition_worker_fault.vcxproj -> D:\Projects\DiskEd\disked\build\windows-bootstrap\Release\acquisition_worker_fault.exe
  gui_model_probe.vcxproj -> D:\Projects\DiskEd\disked\build\windows-bootstrap\Release\gui_model_probe.exe
  shell_model_probe.vcxproj -> D:\Projects\DiskEd\disked\build\windows-bootstrap\Release\shell_model_probe.exe
  model_journal_producer_probe.vcxproj -> D:\Projects\DiskEd\disked\build\windows-bootstrap\Release\model_journal_producer_probe.exe
  tui_model_probe.vcxproj -> D:\Projects\DiskEd\disked\build\windows-bootstrap\Release\tui_model_probe.exe
  acquisition_worker_probe.vcxproj -> D:\Projects\DiskEd\disked\build\windows-bootstrap\Release\acquisition_worker_probe.exe
  acquisition_command_probe.vcxproj -> D:\Projects\DiskEd\disked\build\windows-bootstrap\Release\acquisition_command_probe.exe
  export_commands.cpp
  file_report_export_fault.vcxproj -> D:\Projects\DiskEd\disked\build\windows-bootstrap\Release\file_report_export_fault.exe
  report_export_probe.vcxproj -> D:\Projects\DiskEd\disked\build\windows-bootstrap\Release\report_export_probe.exe
  disked_file_report_export.vcxproj -> D:\Projects\DiskEd\disked\build\windows-bootstrap\Release\disked_file_report_export.lib
  disked_file_acquisition_export.vcxproj -> D:\Projects\DiskEd\disked\build\windows-bootstrap\Release\disked_file_acquisition_export.lib
  acquisition_export_fault.vcxproj -> D:\Projects\DiskEd\disked\build\windows-bootstrap\Release\acquisition_export_fault.exe
  file_report_export_probe.vcxproj -> D:\Projects\DiskEd\disked\build\windows-bootstrap\Release\file_report_export_probe.exe
  acquisition_case_probe.vcxproj -> D:\Projects\DiskEd\disked\build\windows-bootstrap\Release\acquisition_case_probe.exe
  acquisition_export_probe.vcxproj -> D:\Projects\DiskEd\disked\build\windows-bootstrap\Release\acquisition_export_probe.exe
  disked_export_commands.vcxproj -> D:\Projects\DiskEd\disked\build\windows-bootstrap\Release\disked_export_commands.lib
  report_observation.cpp
  disked_report_observation.vcxproj -> D:\Projects\DiskEd\disked\build\windows-bootstrap\Release\disked_report_observation.lib
  Building Custom Rule D:/Projects/DiskEd/disked/CMakeLists.txt
  report_worker.cpp
  report_worker.cpp
  main.cpp
  report_worker.cpp
  main.cpp
  main.cpp
  cli.cpp
  cli.cpp
  cli.cpp
  report_worker_probe.cpp
  report_worker_probe.cpp
  export_command_probe.cpp
  command_registry.cpp
  command_registry.cpp
  command_registry.cpp
  Generating Code...
  Generating Code...
  Generating Code...
  bootstrap.cpp
  graph.cpp
  bootstrap.cpp
  graph.cpp
  bootstrap.cpp
  graph.cpp
  health_observer.cpp
  health_observer.cpp
  health_observer.cpp
  entry.cpp
  entry.cpp
  entry.cpp
  invocation.cpp
  invocation.cpp
  invocation.cpp
  main.cpp
  fake_worker.cpp
  fake_worker.cpp
  fake_worker.cpp
  cli.cpp
  report_worker_fault.vcxproj -> D:\Projects\DiskEd\disked\build\windows-bootstrap\Release\report_worker_fault.exe
  main.cpp
  cli.cpp
  output.cpp
  output.cpp
  output.cpp
  main.cpp
  command_registry.cpp
  cli.cpp
  memory_budget.cpp
  memory_budget.cpp
  bootstrap.cpp
  memory_budget.cpp
  graph.cpp
  command_registry.cpp
  terminal.cpp
  terminal.cpp
  terminal.cpp
  bootstrap.cpp
  graph.cpp
  health_observer.cpp
  command_registry.cpp
  gui.cpp
  health_observer.cpp
  entry.cpp
  gui.cpp
  gui.cpp
  bootstrap.cpp
  graph.cpp
  entry.cpp
  acquisition_worker.cpp
  health_observer.cpp
  invocation.cpp
  acquisition_worker.cpp
  acquisition_worker.cpp
  entry.cpp
  invocation.cpp
  fake_worker.cpp
  report_worker.cpp
  report_worker.cpp
  report_worker.cpp
  fake_worker.cpp
  invocation.cpp
  output.cpp
  capture_campaign.cpp
  fake_worker.cpp
  output.cpp
  Generating Code...
  Generating Code...
  memory_budget.cpp
  terminal.cpp
  memory_budget.cpp
  terminal.cpp
  Generating Code...
  output.cpp
  gui.cpp
  memory_budget.cpp
  gui.cpp
  terminal.cpp
  acquisition_worker.cpp
  gui.cpp
  acquisition_worker.cpp
  report_worker.cpp
  acquisition_worker.cpp
  report_worker.cpp
  Generating Code...
  report_worker.cpp
  Generating Code...
  Generating Code...
  disked_report_test.vcxproj -> D:\Projects\DiskEd\disked\build\windows-bootstrap\Release\disked_report_test.exe
  disked_worker_memory_limit.vcxproj -> D:\Projects\DiskEd\disked\build\windows-bootstrap\Release\disked_worker_memory_limit.exe
  main.cpp
  main.cpp
  cli.cpp
  cli.cpp
  command_registry.cpp
  main.cpp
  command_registry.cpp
  disked_capture_campaign.vcxproj -> D:\Projects\DiskEd\disked\build\windows-bootstrap\Release\disked_capture_campaign.exe
  cli.cpp
  bootstrap.cpp
  graph.cpp
  bootstrap.cpp
  graph.cpp
  main.cpp
  health_observer.cpp
  cli.cpp
  health_observer.cpp
  command_registry.cpp
  entry.cpp
  entry.cpp
  bootstrap.cpp
  graph.cpp
  command_registry.cpp
  invocation.cpp
  bootstrap.cpp
  health_observer.cpp
  graph.cpp
  invocation.cpp
  entry.cpp
  fake_worker.cpp
  health_observer.cpp
  fake_worker.cpp
  disked.vcxproj -> D:\Projects\DiskEd\disked\build\windows-bootstrap\Release\disked.exe
  entry.cpp
  invocation.cpp
  output.cpp
  disked_store_fault.vcxproj -> D:\Projects\DiskEd\disked\build\windows-bootstrap\Release\disked_store_fault.exe
  output.cpp
  invocation.cpp
  fake_worker.cpp
  memory_budget.cpp
  memory_budget.cpp
  report_worker.cpp
  terminal.cpp
  terminal.cpp
  fake_worker.cpp
  output.cpp
  gui.cpp
  disked_provider_guard.vcxproj -> D:\Projects\DiskEd\disked\build\windows-bootstrap\Release\disked_provider_guard.exe
  export_command_probe.cpp
  gui.cpp
  memory_budget.cpp
  output.cpp
  main.cpp
  terminal.cpp
  Generating Code...
  cli.cpp
  acquisition_worker.cpp
  memory_budget.cpp
  acquisition_worker.cpp
  terminal.cpp
  gui.cpp
  command_registry.cpp
  report_worker.cpp
  gui.cpp
  report_worker.cpp
  bootstrap.cpp
  graph.cpp
  acquisition_worker.cpp
  health_observer.cpp
  acquisition_worker.cpp
  Generating Code...
  file_capture.cpp
  entry.cpp
  report_worker.cpp
  report_worker.cpp
  Generating Code...
  invocation.cpp
  Generating Code...
  fake_worker.cpp
  Generating Code...
  output.cpp
  memory_budget.cpp
  terminal.cpp
  gui.cpp
  acquisition_worker.cpp
  report_worker.cpp
  Generating Code...
  export_command_fault.vcxproj -> D:\Projects\DiskEd\disked\build\windows-bootstrap\Release\export_command_fault.exe
  main.cpp
  cli.cpp
  command_registry.cpp
  bootstrap.cpp
  graph.cpp
  health_observer.cpp
  entry.cpp
  invocation.cpp
  fake_worker.cpp
  output.cpp
  memory_budget.cpp
  terminal.cpp
  gui.cpp
  disked_tui_fault.vcxproj -> D:\Projects\DiskEd\disked\build\windows-bootstrap\Release\disked_tui_fault.exe
  acquisition_worker.cpp
  report_worker_probe.vcxproj -> D:\Projects\DiskEd\disked\build\windows-bootstrap\Release\report_worker_probe.exe
  report_worker.cpp
  disked_image_test.vcxproj -> D:\Projects\DiskEd\disked\build\windows-bootstrap\Release\disked_image_test.exe
  Generating Code...
  export_command_probe.vcxproj -> D:\Projects\DiskEd\disked\build\windows-bootstrap\Release\export_command_probe.exe
  disked_file_wait.vcxproj -> D:\Projects\DiskEd\disked\build\windows-bootstrap\Release\disked_file_wait.exe
  disked_worker_delayed.vcxproj -> D:\Projects\DiskEd\disked\build\windows-bootstrap\Release\disked_worker_delayed.exe
  disked_gui_unavailable.vcxproj -> D:\Projects\DiskEd\disked\build\windows-bootstrap\Release\disked_gui_unavailable.exe
  disked_memory_test.vcxproj -> D:\Projects\DiskEd\disked\build\windows-bootstrap\Release\disked_memory_test.exe
