{
  "schema": "org.disked.spec-check/1",
  "status": "FAIL",
  "checks": 977,
  "concepts": 72,
  "requirements": 150,
  "work_units": 36,
  "schemas": 60,
  "errors": [
    "required input closure: $.inputs[393].kind: 'test' is not one of ['catalog', 'schema', 'fixture', 'generator', 'build', 'instructions', 'evidence', 'metadata']; $.inputs[394].kind: 'test' is not one of ['catalog', 'schema', 'fixture', 'generator', 'build', 'instructions', 'evidence', 'metadata']",
    "composition windows.native.image.prototype: $.loader_inventory_status: 'unverified' is not one of ['pending', 'inspected']; $.loader_inventory_status: 'inspected' was expected"
  ],
  "scope": "Specification structure, local contracts, fixtures and tool projections only.",
  "not_validated": [
    "DiskEd runtime",
    "Windows binaries/GUI",
    "physical storage",
    "power-loss recovery",
    "live AIDE CLI",
    "Universal Setup integration",
    "owner acceptance"
  ]
}
