Microsoft (R) COFF/PE Dumper Version 14.44.35228.0
Copyright (C) Microsoft Corporation.  All rights reserved.


Dump of file D:\Projects\DiskEd\disked\.aide-local\if43-clean\build-x64\Release\nt_identity_frame_probe.exe

PE signature found

File Type: EXECUTABLE IMAGE

FILE HEADER VALUES
            8664 machine (x64)
               6 number of sections
        6AC9C4DE time date stamp Sat Oct 10 15:53:50 2026
               0 file pointer to symbol table
               0 number of symbols
              F0 size of optional header
              22 characteristics
                   Executable
                   Application can handle large (>2GB) addresses

OPTIONAL HEADER VALUES
             20B magic # (PE32+)
           14.44 linker version
           79E00 size of code
           26600 size of initialized data
               0 size of uninitialized data
           5EE20 entry point (000000014005EE20)
            1000 base of code
       140000000 image base (0000000140000000 to 00000001400A3FFF)
            1000 section alignment
             200 file alignment
            6.00 operating system version
            0.00 image version
            6.00 subsystem version
               0 Win32 version
           A4000 size of image
             400 size of headers
               0 checksum
               3 subsystem (Windows CUI)
            C160 DLL characteristics
                   High Entropy Virtual Addresses
                   Dynamic base
                   NX compatible
                   Control Flow Guard
                   Terminal Server Aware
          100000 size of stack reserve
            1000 size of stack commit
          100000 size of heap reserve
            1000 size of heap commit
               0 loader flags
              10 number of directories
               0 [       0] RVA [size] of Export Directory
           97804 [      28] RVA [size] of Import Directory
           A2000 [     1E0] RVA [size] of Resource Directory
           9D000 [    4500] RVA [size] of Exception Directory
               0 [       0] RVA [size] of Certificates Directory
           A3000 [     850] RVA [size] of Base Relocation Directory
           89990 [      1C] RVA [size] of Debug Directory
               0 [       0] RVA [size] of Architecture Directory
               0 [       0] RVA [size] of Global Pointer Directory
           89B80 [      28] RVA [size] of Thread Storage Directory
           89850 [     140] RVA [size] of Load Configuration Directory
               0 [       0] RVA [size] of Bound Import Directory
           7B000 [     358] RVA [size] of Import Address Table Directory
               0 [       0] RVA [size] of Delay Import Directory
               0 [       0] RVA [size] of COM Descriptor Directory
               0 [       0] RVA [size] of Reserved Directory


SECTION HEADER #1
   .text name
   79D1F virtual size
    1000 virtual address (0000000140001000 to 000000014007AD1E)
   79E00 size of raw data
     400 file pointer to raw data (00000400 to 0007A1FF)
       0 file pointer to relocation table
       0 file pointer to line numbers
       0 number of relocations
       0 number of line numbers
60000020 flags
         Code
         Execute Read

SECTION HEADER #2
  .rdata name
   1D3B0 virtual size
   7B000 virtual address (000000014007B000 to 00000001400983AF)
   1D400 size of raw data
   7A200 file pointer to raw data (0007A200 to 000975FF)
       0 file pointer to relocation table
       0 file pointer to line numbers
       0 number of relocations
       0 number of line numbers
40000040 flags
         Initialized Data
         Read Only

  Debug Directories

        Time Type        Size      RVA  Pointer
    -------- ------- -------- -------- --------
    6AC9C4DE coffgrp      400 0008B1D4    8A3D4

SECTION HEADER #3
   .data name
    3E7C virtual size
   99000 virtual address (0000000140099000 to 000000014009CE7B)
    2C00 size of raw data
   97600 file pointer to raw data (00097600 to 0009A1FF)
       0 file pointer to relocation table
       0 file pointer to line numbers
       0 number of relocations
       0 number of line numbers
C0000040 flags
         Initialized Data
         Read Write

SECTION HEADER #4
  .pdata name
    4500 virtual size
   9D000 virtual address (000000014009D000 to 00000001400A14FF)
    4600 size of raw data
   9A200 file pointer to raw data (0009A200 to 0009E7FF)
       0 file pointer to relocation table
       0 file pointer to line numbers
       0 number of relocations
       0 number of line numbers
40000040 flags
         Initialized Data
         Read Only

SECTION HEADER #5
   .rsrc name
     1E0 virtual size
   A2000 virtual address (00000001400A2000 to 00000001400A21DF)
     200 size of raw data
   9E800 file pointer to raw data (0009E800 to 0009E9FF)
       0 file pointer to relocation table
       0 file pointer to line numbers
       0 number of relocations
       0 number of line numbers
40000040 flags
         Initialized Data
         Read Only

SECTION HEADER #6
  .reloc name
     850 virtual size
   A3000 virtual address (00000001400A3000 to 00000001400A384F)
     A00 size of raw data
   9EA00 file pointer to raw data (0009EA00 to 0009F3FF)
       0 file pointer to relocation table
       0 file pointer to line numbers
       0 number of relocations
       0 number of line numbers
42000040 flags
         Initialized Data
         Discardable
         Read Only

  Summary

        4000 .data
        5000 .pdata
       1E000 .rdata
        1000 .reloc
        1000 .rsrc
       7A000 .text
