Microsoft (R) COFF/PE Dumper Version 14.44.35228.0
Copyright (C) Microsoft Corporation.  All rights reserved.


Dump of file D:\Projects\DiskEd\disked\.aide-local\if43-clean\build-Win32\Release\nt_namespace_worker_probe.exe

PE signature found

File Type: EXECUTABLE IMAGE

FILE HEADER VALUES
             14C machine (x86)
               5 number of sections
        6AC9C598 time date stamp Sat Oct 10 15:56:56 2026
               0 file pointer to symbol table
               0 number of symbols
              E0 size of optional header
             102 characteristics
                   Executable
                   32 bit word machine

OPTIONAL HEADER VALUES
             10B magic # (PE32)
           14.44 linker version
           35000 size of code
           13A00 size of initialized data
               0 size of uninitialized data
           20D60 entry point (00420D60)
            1000 base of code
           36000 base of data
          400000 image base (00400000 to 0044BFFF)
            1000 section alignment
             200 file alignment
            6.00 operating system version
            0.00 image version
            6.00 subsystem version
               0 Win32 version
           4C000 size of image
             400 size of headers
               0 checksum
               3 subsystem (Windows CUI)
            C140 DLL characteristics
                   Dynamic base
                   NX compatible
                   Control Flow Guard
                   Terminal Server Aware
          100000 size of stack reserve
            1000 size of stack commit
          100000 size of heap reserve
            1000 size of heap commit
               0 loader flags
              10 number of directories
               0 [       0] RVA [size] of Export Directory
           43E44 [      28] RVA [size] of Import Directory
           48000 [     1E0] RVA [size] of Resource Directory
               0 [       0] RVA [size] of Exception Directory
               0 [       0] RVA [size] of Certificates Directory
           49000 [    290C] RVA [size] of Base Relocation Directory
           3F9D0 [      1C] RVA [size] of Debug Directory
               0 [       0] RVA [size] of Architecture Directory
               0 [       0] RVA [size] of Global Pointer Directory
               0 [       0] RVA [size] of Thread Storage Directory
           3F910 [      40] RVA [size] of Load Configuration Directory
               0 [       0] RVA [size] of Bound Import Directory
           36000 [     19C] RVA [size] of Import Address Table Directory
               0 [       0] RVA [size] of Delay Import Directory
               0 [       0] RVA [size] of COM Descriptor Directory
               0 [       0] RVA [size] of Reserved Directory


SECTION HEADER #1
   .text name
   34E7B virtual size
    1000 virtual address (00401000 to 00435E7A)
   35000 size of raw data
     400 file pointer to raw data (00000400 to 000353FF)
       0 file pointer to relocation table
       0 file pointer to line numbers
       0 number of relocations
       0 number of line numbers
60000020 flags
         Code
         Execute Read

SECTION HEADER #2
  .rdata name
    E7D6 virtual size
   36000 virtual address (00436000 to 004447D5)
    E800 size of raw data
   35400 file pointer to raw data (00035400 to 00043BFF)
       0 file pointer to relocation table
       0 file pointer to line numbers
       0 number of relocations
       0 number of line numbers
40000040 flags
         Initialized Data
         Read Only

  Debug Directories

        Time Type        Size      RVA  Pointer
    -------- ------- -------- -------- --------
    6AC9C598 coffgrp      34C 0004046C    3F86C

SECTION HEADER #3
   .data name
    2524 virtual size
   45000 virtual address (00445000 to 00447523)
    1A00 size of raw data
   43C00 file pointer to raw data (00043C00 to 000455FF)
       0 file pointer to relocation table
       0 file pointer to line numbers
       0 number of relocations
       0 number of line numbers
C0000040 flags
         Initialized Data
         Read Write

SECTION HEADER #4
   .rsrc name
     1E0 virtual size
   48000 virtual address (00448000 to 004481DF)
     200 size of raw data
   45600 file pointer to raw data (00045600 to 000457FF)
       0 file pointer to relocation table
       0 file pointer to line numbers
       0 number of relocations
       0 number of line numbers
40000040 flags
         Initialized Data
         Read Only

SECTION HEADER #5
  .reloc name
    290C virtual size
   49000 virtual address (00449000 to 0044B90B)
    2A00 size of raw data
   45800 file pointer to raw data (00045800 to 000481FF)
       0 file pointer to relocation table
       0 file pointer to line numbers
       0 number of relocations
       0 number of line numbers
42000040 flags
         Initialized Data
         Discardable
         Read Only

  Summary

        3000 .data
        F000 .rdata
        3000 .reloc
        1000 .rsrc
       35000 .text
