Microsoft (R) COFF/PE Dumper Version 14.44.35228.0
Copyright (C) Microsoft Corporation.  All rights reserved.


Dump of file D:\Projects\DiskEd\disked\.aide-local\if43-clean\build-x64\Release\nt_namespace_worker_probe.exe

PE signature found

File Type: EXECUTABLE IMAGE

FILE HEADER VALUES
            8664 machine (x64)
               6 number of sections
        6AC9C525 time date stamp Sat Oct 10 15:55:01 2026
               0 file pointer to symbol table
               0 number of symbols
              F0 size of optional header
              22 characteristics
                   Executable
                   Application can handle large (>2GB) addresses

OPTIONAL HEADER VALUES
             20B magic # (PE32+)
           14.44 linker version
           3C400 size of code
           1A800 size of initialized data
               0 size of uninitialized data
           26090 entry point (0000000140026090)
            1000 base of code
       140000000 image base (0000000140000000 to 000000014005AFFF)
            1000 section alignment
             200 file alignment
            6.00 operating system version
            0.00 image version
            6.00 subsystem version
               0 Win32 version
           5B000 size of image
             400 size of headers
               0 checksum
               3 subsystem (Windows CUI)
            C160 DLL characteristics
                   High Entropy Virtual Addresses
                   Dynamic base
                   NX compatible
                   Control Flow Guard
                   Terminal Server Aware
          100000 size of stack reserve
            1000 size of stack commit
          100000 size of heap reserve
            1000 size of heap commit
               0 loader flags
              10 number of directories
               0 [       0] RVA [size] of Export Directory
           51434 [      28] RVA [size] of Import Directory
           59000 [     1E0] RVA [size] of Resource Directory
           56000 [    2AC0] RVA [size] of Exception Directory
               0 [       0] RVA [size] of Certificates Directory
           5A000 [     780] RVA [size] of Base Relocation Directory
           4A970 [      1C] RVA [size] of Debug Directory
               0 [       0] RVA [size] of Architecture Directory
               0 [       0] RVA [size] of Global Pointer Directory
               0 [       0] RVA [size] of Thread Storage Directory
           4A830 [     140] RVA [size] of Load Configuration Directory
               0 [       0] RVA [size] of Bound Import Directory
           3E000 [     350] RVA [size] of Import Address Table Directory
               0 [       0] RVA [size] of Delay Import Directory
               0 [       0] RVA [size] of COM Descriptor Directory
               0 [       0] RVA [size] of Reserved Directory


SECTION HEADER #1
   .text name
   3C35F virtual size
    1000 virtual address (0000000140001000 to 000000014003D35E)
   3C400 size of raw data
     400 file pointer to raw data (00000400 to 0003C7FF)
       0 file pointer to relocation table
       0 file pointer to line numbers
       0 number of relocations
       0 number of line numbers
60000020 flags
         Code
         Execute Read

SECTION HEADER #2
  .rdata name
   13FC6 virtual size
   3E000 virtual address (000000014003E000 to 0000000140051FC5)
   14000 size of raw data
   3C800 file pointer to raw data (0003C800 to 000507FF)
       0 file pointer to relocation table
       0 file pointer to line numbers
       0 number of relocations
       0 number of line numbers
40000040 flags
         Initialized Data
         Read Only

  Debug Directories

        Time Type        Size      RVA  Pointer
    -------- ------- -------- -------- --------
    6AC9C525 coffgrp      390 0004BA34    4A234

SECTION HEADER #3
   .data name
    304C virtual size
   52000 virtual address (0000000140052000 to 000000014005504B)
    1E00 size of raw data
   50800 file pointer to raw data (00050800 to 000525FF)
       0 file pointer to relocation table
       0 file pointer to line numbers
       0 number of relocations
       0 number of line numbers
C0000040 flags
         Initialized Data
         Read Write

SECTION HEADER #4
  .pdata name
    2AC0 virtual size
   56000 virtual address (0000000140056000 to 0000000140058ABF)
    2C00 size of raw data
   52600 file pointer to raw data (00052600 to 000551FF)
       0 file pointer to relocation table
       0 file pointer to line numbers
       0 number of relocations
       0 number of line numbers
40000040 flags
         Initialized Data
         Read Only

SECTION HEADER #5
   .rsrc name
     1E0 virtual size
   59000 virtual address (0000000140059000 to 00000001400591DF)
     200 size of raw data
   55200 file pointer to raw data (00055200 to 000553FF)
       0 file pointer to relocation table
       0 file pointer to line numbers
       0 number of relocations
       0 number of line numbers
40000040 flags
         Initialized Data
         Read Only

SECTION HEADER #6
  .reloc name
     780 virtual size
   5A000 virtual address (000000014005A000 to 000000014005A77F)
     800 size of raw data
   55400 file pointer to raw data (00055400 to 00055BFF)
       0 file pointer to relocation table
       0 file pointer to line numbers
       0 number of relocations
       0 number of line numbers
42000040 flags
         Initialized Data
         Discardable
         Read Only

  Summary

        4000 .data
        3000 .pdata
       14000 .rdata
        1000 .reloc
        1000 .rsrc
       3D000 .text
