Microsoft (R) COFF/PE Dumper Version 14.44.35228.0
Copyright (C) Microsoft Corporation.  All rights reserved.


Dump of file D:\Projects\DiskEd\disked\.aide-local\if43-clean\build-x64\Release\nt_storage_worker_probe.exe

PE signature found

File Type: EXECUTABLE IMAGE

FILE HEADER VALUES
            8664 machine (x64)
               6 number of sections
        6AC9C4FE time date stamp Sat Oct 10 15:54:22 2026
               0 file pointer to symbol table
               0 number of symbols
              F0 size of optional header
              22 characteristics
                   Executable
                   Application can handle large (>2GB) addresses

OPTIONAL HEADER VALUES
             20B magic # (PE32+)
           14.44 linker version
           79A00 size of code
           26400 size of initialized data
               0 size of uninitialized data
           5E990 entry point (000000014005E990)
            1000 base of code
       140000000 image base (0000000140000000 to 00000001400A3FFF)
            1000 section alignment
             200 file alignment
            6.00 operating system version
            0.00 image version
            6.00 subsystem version
               0 Win32 version
           A4000 size of image
             400 size of headers
               0 checksum
               3 subsystem (Windows CUI)
            C160 DLL characteristics
                   High Entropy Virtual Addresses
                   Dynamic base
                   NX compatible
                   Control Flow Guard
                   Terminal Server Aware
          100000 size of stack reserve
            1000 size of stack commit
          100000 size of heap reserve
            1000 size of heap commit
               0 loader flags
              10 number of directories
               0 [       0] RVA [size] of Export Directory
           976BC [      28] RVA [size] of Import Directory
           A2000 [     1E0] RVA [size] of Resource Directory
           9D000 [    4500] RVA [size] of Exception Directory
               0 [       0] RVA [size] of Certificates Directory
           A3000 [     840] RVA [size] of Base Relocation Directory
           89940 [      1C] RVA [size] of Debug Directory
               0 [       0] RVA [size] of Architecture Directory
               0 [       0] RVA [size] of Global Pointer Directory
           89B00 [      28] RVA [size] of Thread Storage Directory
           89800 [     140] RVA [size] of Load Configuration Directory
               0 [       0] RVA [size] of Bound Import Directory
           7B000 [     358] RVA [size] of Import Address Table Directory
               0 [       0] RVA [size] of Delay Import Directory
               0 [       0] RVA [size] of COM Descriptor Directory
               0 [       0] RVA [size] of Reserved Directory


SECTION HEADER #1
   .text name
   798BF virtual size
    1000 virtual address (0000000140001000 to 000000014007A8BE)
   79A00 size of raw data
     400 file pointer to raw data (00000400 to 00079DFF)
       0 file pointer to relocation table
       0 file pointer to line numbers
       0 number of relocations
       0 number of line numbers
60000020 flags
         Code
         Execute Read

SECTION HEADER #2
  .rdata name
   1D268 virtual size
   7B000 virtual address (000000014007B000 to 0000000140098267)
   1D400 size of raw data
   79E00 file pointer to raw data (00079E00 to 000971FF)
       0 file pointer to relocation table
       0 file pointer to line numbers
       0 number of relocations
       0 number of line numbers
40000040 flags
         Initialized Data
         Read Only

  Debug Directories

        Time Type        Size      RVA  Pointer
    -------- ------- -------- -------- --------
    6AC9C4FE coffgrp      400 0008B0D4    89ED4

SECTION HEADER #3
   .data name
    3D8C virtual size
   99000 virtual address (0000000140099000 to 000000014009CD8B)
    2A00 size of raw data
   97200 file pointer to raw data (00097200 to 00099BFF)
       0 file pointer to relocation table
       0 file pointer to line numbers
       0 number of relocations
       0 number of line numbers
C0000040 flags
         Initialized Data
         Read Write

SECTION HEADER #4
  .pdata name
    4500 virtual size
   9D000 virtual address (000000014009D000 to 00000001400A14FF)
    4600 size of raw data
   99C00 file pointer to raw data (00099C00 to 0009E1FF)
       0 file pointer to relocation table
       0 file pointer to line numbers
       0 number of relocations
       0 number of line numbers
40000040 flags
         Initialized Data
         Read Only

SECTION HEADER #5
   .rsrc name
     1E0 virtual size
   A2000 virtual address (00000001400A2000 to 00000001400A21DF)
     200 size of raw data
   9E200 file pointer to raw data (0009E200 to 0009E3FF)
       0 file pointer to relocation table
       0 file pointer to line numbers
       0 number of relocations
       0 number of line numbers
40000040 flags
         Initialized Data
         Read Only

SECTION HEADER #6
  .reloc name
     840 virtual size
   A3000 virtual address (00000001400A3000 to 00000001400A383F)
     A00 size of raw data
   9E400 file pointer to raw data (0009E400 to 0009EDFF)
       0 file pointer to relocation table
       0 file pointer to line numbers
       0 number of relocations
       0 number of line numbers
42000040 flags
         Initialized Data
         Discardable
         Read Only

  Summary

        4000 .data
        5000 .pdata
       1E000 .rdata
        1000 .reloc
        1000 .rsrc
       7A000 .text
