Microsoft (R) COFF/PE Dumper Version 14.44.35228.0
Copyright (C) Microsoft Corporation.  All rights reserved.


Dump of file D:\Projects\DiskEd\disked\.aide-local\if43-clean\build-Win32\Release\nt_storage_worker_probe.exe

PE signature found

File Type: EXECUTABLE IMAGE

FILE HEADER VALUES
             14C machine (x86)
               5 number of sections
        6AC9C577 time date stamp Sat Oct 10 15:56:23 2026
               0 file pointer to symbol table
               0 number of symbols
              E0 size of optional header
             102 characteristics
                   Executable
                   32 bit word machine

OPTIONAL HEADER VALUES
             10B magic # (PE32)
           14.44 linker version
           71200 size of code
           1DE00 size of initialized data
               0 size of uninitialized data
           572F0 entry point (004572F0)
            1000 base of code
           73000 base of data
          400000 image base (00400000 to 00492FFF)
            1000 section alignment
             200 file alignment
            6.00 operating system version
            0.00 image version
            6.00 subsystem version
               0 Win32 version
           93000 size of image
             400 size of headers
               0 checksum
               3 subsystem (Windows CUI)
            C140 DLL characteristics
                   Dynamic base
                   NX compatible
                   Control Flow Guard
                   Terminal Server Aware
          100000 size of stack reserve
            1000 size of stack commit
          100000 size of heap reserve
            1000 size of heap commit
               0 loader flags
              10 number of directories
               0 [       0] RVA [size] of Export Directory
           880F4 [      28] RVA [size] of Import Directory
           8D000 [     1E0] RVA [size] of Resource Directory
               0 [       0] RVA [size] of Exception Directory
               0 [       0] RVA [size] of Certificates Directory
           8E000 [    4D40] RVA [size] of Base Relocation Directory
           7E5C0 [      1C] RVA [size] of Debug Directory
               0 [       0] RVA [size] of Architecture Directory
               0 [       0] RVA [size] of Global Pointer Directory
           7E600 [      18] RVA [size] of Thread Storage Directory
           7E500 [      40] RVA [size] of Load Configuration Directory
               0 [       0] RVA [size] of Bound Import Directory
           73000 [     1A0] RVA [size] of Import Address Table Directory
               0 [       0] RVA [size] of Delay Import Directory
               0 [       0] RVA [size] of COM Descriptor Directory
               0 [       0] RVA [size] of Reserved Directory


SECTION HEADER #1
   .text name
   711DB virtual size
    1000 virtual address (00401000 to 004721DA)
   71200 size of raw data
     400 file pointer to raw data (00000400 to 000715FF)
       0 file pointer to relocation table
       0 file pointer to line numbers
       0 number of relocations
       0 number of line numbers
60000020 flags
         Code
         Execute Read

SECTION HEADER #2
  .rdata name
   15A9C virtual size
   73000 virtual address (00473000 to 00488A9B)
   15C00 size of raw data
   71600 file pointer to raw data (00071600 to 000871FF)
       0 file pointer to relocation table
       0 file pointer to line numbers
       0 number of relocations
       0 number of line numbers
40000040 flags
         Initialized Data
         Read Only

  Debug Directories

        Time Type        Size      RVA  Pointer
    -------- ------- -------- -------- --------
    6AC9C577 coffgrp      3BC 0007F4F8    7DAF8

SECTION HEADER #3
   .data name
    312C virtual size
   89000 virtual address (00489000 to 0048C12B)
    2600 size of raw data
   87200 file pointer to raw data (00087200 to 000897FF)
       0 file pointer to relocation table
       0 file pointer to line numbers
       0 number of relocations
       0 number of line numbers
C0000040 flags
         Initialized Data
         Read Write

SECTION HEADER #4
   .rsrc name
     1E0 virtual size
   8D000 virtual address (0048D000 to 0048D1DF)
     200 size of raw data
   89800 file pointer to raw data (00089800 to 000899FF)
       0 file pointer to relocation table
       0 file pointer to line numbers
       0 number of relocations
       0 number of line numbers
40000040 flags
         Initialized Data
         Read Only

SECTION HEADER #5
  .reloc name
    4D40 virtual size
   8E000 virtual address (0048E000 to 00492D3F)
    4E00 size of raw data
   89A00 file pointer to raw data (00089A00 to 0008E7FF)
       0 file pointer to relocation table
       0 file pointer to line numbers
       0 number of relocations
       0 number of line numbers
42000040 flags
         Initialized Data
         Discardable
         Read Only

  Summary

        4000 .data
       16000 .rdata
        5000 .reloc
        1000 .rsrc
       72000 .text
