Microsoft (R) COFF/PE Dumper Version 14.44.35228.0
Copyright (C) Microsoft Corporation.  All rights reserved.


Dump of file D:\Projects\DiskEd\disked\.aide-local\goal-0.1.0\clean-verification-worker-736028ba\build\windows-bootstrap\Release\verification_worker_probe.exe

PE signature found

File Type: EXECUTABLE IMAGE

FILE HEADER VALUES
            8664 machine (x64)
               6 number of sections
        6AC9076E time date stamp Sat Oct 10 02:25:34 2026
               0 file pointer to symbol table
               0 number of symbols
              F0 size of optional header
              22 characteristics
                   Executable
                   Application can handle large (>2GB) addresses

OPTIONAL HEADER VALUES
             20B magic # (PE32+)
           14.44 linker version
           68800 size of code
           21000 size of initialized data
               0 size of uninitialized data
           4F460 entry point (000000014004F460)
            1000 base of code
       140000000 image base (0000000140000000 to 000000014008DFFF)
            1000 section alignment
             200 file alignment
            6.00 operating system version
            0.00 image version
            6.00 subsystem version
               0 Win32 version
           8E000 size of image
             400 size of headers
               0 checksum
               3 subsystem (Windows CUI)
            C160 DLL characteristics
                   High Entropy Virtual Addresses
                   Dynamic base
                   NX compatible
                   Control Flow Guard
                   Terminal Server Aware
          100000 size of stack reserve
            1000 size of stack commit
          100000 size of heap reserve
            1000 size of heap commit
               0 loader flags
              10 number of directories
               0 [       0] RVA [size] of Export Directory
           83EBC [      28] RVA [size] of Import Directory
           8C000 [     1E0] RVA [size] of Resource Directory
           88000 [    357C] RVA [size] of Exception Directory
               0 [       0] RVA [size] of Certificates Directory
           8D000 [     774] RVA [size] of Base Relocation Directory
           78F20 [      1C] RVA [size] of Debug Directory
               0 [       0] RVA [size] of Architecture Directory
               0 [       0] RVA [size] of Global Pointer Directory
               0 [       0] RVA [size] of Thread Storage Directory
           78DE0 [     140] RVA [size] of Load Configuration Directory
               0 [       0] RVA [size] of Bound Import Directory
           6A000 [     340] RVA [size] of Import Address Table Directory
               0 [       0] RVA [size] of Delay Import Directory
               0 [       0] RVA [size] of COM Descriptor Directory
               0 [       0] RVA [size] of Reserved Directory


SECTION HEADER #1
   .text name
   686D6 virtual size
    1000 virtual address (0000000140001000 to 00000001400696D5)
   68800 size of raw data
     400 file pointer to raw data (00000400 to 00068BFF)
       0 file pointer to relocation table
       0 file pointer to line numbers
       0 number of relocations
       0 number of line numbers
60000020 flags
         Code
         Execute Read

SECTION HEADER #2
  .rdata name
   1AA26 virtual size
   6A000 virtual address (000000014006A000 to 0000000140084A25)
   1AC00 size of raw data
   68C00 file pointer to raw data (00068C00 to 000837FF)
       0 file pointer to relocation table
       0 file pointer to line numbers
       0 number of relocations
       0 number of line numbers
40000040 flags
         Initialized Data
         Read Only

  Debug Directories

        Time Type        Size      RVA  Pointer
    -------- ------- -------- -------- --------
    6AC9076E coffgrp      380 00079D70    78970

SECTION HEADER #3
   .data name
    23B0 virtual size
   85000 virtual address (0000000140085000 to 00000001400873AF)
    1200 size of raw data
   83800 file pointer to raw data (00083800 to 000849FF)
       0 file pointer to relocation table
       0 file pointer to line numbers
       0 number of relocations
       0 number of line numbers
C0000040 flags
         Initialized Data
         Read Write

SECTION HEADER #4
  .pdata name
    357C virtual size
   88000 virtual address (0000000140088000 to 000000014008B57B)
    3600 size of raw data
   84A00 file pointer to raw data (00084A00 to 00087FFF)
       0 file pointer to relocation table
       0 file pointer to line numbers
       0 number of relocations
       0 number of line numbers
40000040 flags
         Initialized Data
         Read Only

SECTION HEADER #5
   .rsrc name
     1E0 virtual size
   8C000 virtual address (000000014008C000 to 000000014008C1DF)
     200 size of raw data
   88000 file pointer to raw data (00088000 to 000881FF)
       0 file pointer to relocation table
       0 file pointer to line numbers
       0 number of relocations
       0 number of line numbers
40000040 flags
         Initialized Data
         Read Only

SECTION HEADER #6
  .reloc name
     774 virtual size
   8D000 virtual address (000000014008D000 to 000000014008D773)
     800 size of raw data
   88200 file pointer to raw data (00088200 to 000889FF)
       0 file pointer to relocation table
       0 file pointer to line numbers
       0 number of relocations
       0 number of line numbers
42000040 flags
         Initialized Data
         Discardable
         Read Only

  Summary

        3000 .data
        4000 .pdata
       1B000 .rdata
        1000 .reloc
        1000 .rsrc
       69000 .text
