Test project D:/Projects/DiskEd/disked/.aide-local/goal-0.1.0/clean-report-de597e3a/build/windows-bootstrap
      Start  1: operation.directory_pins
 1/64 Test  #1: operation.directory_pins ...........   Passed    0.42 sec
      Start  2: evidence.acquisition_export
 2/64 Test  #2: evidence.acquisition_export ........   Passed    3.92 sec
      Start  3: evidence.report_worker
 3/64 Test  #3: evidence.report_worker .............   Passed   20.14 sec
      Start  4: evidence.acquisition_case
 4/64 Test  #4: evidence.acquisition_case ..........   Passed   11.11 sec
      Start  5: evidence.export_model
 5/64 Test  #5: evidence.export_model ..............   Passed    1.75 sec
      Start  6: evidence.file_export
 6/64 Test  #6: evidence.file_export ...............   Passed   10.50 sec
      Start  7: evidence.case_model
 7/64 Test  #7: evidence.case_model ................   Passed    3.74 sec
      Start  8: health.observation_model
 8/64 Test  #8: health.observation_model ...........   Passed    0.27 sec
      Start  9: health.command
 9/64 Test  #9: health.command .....................   Passed    3.47 sec
      Start 10: journal.semantic_reader
10/64 Test #10: journal.semantic_reader ............   Passed   13.67 sec
      Start 11: journal.guarded_model
11/64 Test #11: journal.guarded_model ..............   Passed    1.91 sec
      Start 12: journal.model_binary_producer
12/64 Test #12: journal.model_binary_producer ......   Passed    2.59 sec
      Start 13: journal.repeated_crash_audit
13/64 Test #13: journal.repeated_crash_audit .......   Passed    4.13 sec
      Start 14: journal.plan_definitions
14/64 Test #14: journal.plan_definitions ...........   Passed    0.35 sec
      Start 15: journal.binary_codec
15/64 Test #15: journal.binary_codec ...............   Passed    0.26 sec
      Start 16: frontend.acquisition_forms
16/64 Test #16: frontend.acquisition_forms .........   Passed    2.47 sec
      Start 17: frontend.acquisition_interactive
17/64 Test #17: frontend.acquisition_interactive ...   Passed   32.12 sec
      Start 18: image.acquisition_commands
18/64 Test #18: image.acquisition_commands .........   Passed   15.78 sec
      Start 19: image.acquisition_operations
19/64 Test #19: image.acquisition_operations .......   Passed   10.97 sec
      Start 20: image.acquisition_worker
20/64 Test #20: image.acquisition_worker ...........   Passed   25.13 sec
      Start 21: image.file_acquisition
21/64 Test #21: image.file_acquisition .............   Passed   20.25 sec
      Start 22: image.parent_pins
22/64 Test #22: image.parent_pins ..................   Passed    0.80 sec
      Start 23: image.acquisition_pipeline
23/64 Test #23: image.acquisition_pipeline .........   Passed    5.23 sec
      Start 24: image.shared_commands
24/64 Test #24: image.shared_commands ..............   Passed   18.35 sec
      Start 25: image.file_capture
25/64 Test #25: image.file_capture .................   Passed    3.41 sec
      Start 26: image.map_observation
26/64 Test #26: image.map_observation ..............   Passed    1.53 sec
      Start 27: portable.gpt
27/64 Test #27: portable.gpt .......................   Passed    3.48 sec
      Start 28: portable.gpt_guard
28/64 Test #28: portable.gpt_guard .................   Passed    0.02 sec
      Start 29: portable.mbr_ebr
29/64 Test #29: portable.mbr_ebr ...................   Passed    1.18 sec
      Start 30: portable.mbr_guard
30/64 Test #30: portable.mbr_guard .................   Passed    0.02 sec
      Start 31: portable.checked
31/64 Test #31: portable.checked ...................   Passed    0.31 sec
      Start 32: portable.c_cpp_linkage
32/64 Test #32: portable.c_cpp_linkage .............   Passed    0.04 sec
      Start 33: operation.watch_reader
33/64 Test #33: operation.watch_reader .............   Passed    0.40 sec
      Start 34: resilience.capture
34/64 Test #34: resilience.capture .................   Passed    0.50 sec
      Start 35: resilience.request_channel
35/64 Test #35: resilience.request_channel .........   Passed    1.06 sec
      Start 36: shell.model
36/64 Test #36: shell.model ........................   Passed    1.27 sec
      Start 37: operation.reducer
37/64 Test #37: operation.reducer ..................   Passed    0.71 sec
      Start 38: frontend.gui_model
38/64 Test #38: frontend.gui_model .................   Passed    0.51 sec
      Start 39: frontend.gui_windows
39/64 Test #39: frontend.gui_windows ...............   Passed    2.31 sec
      Start 40: frontend.tui_model
40/64 Test #40: frontend.tui_model .................   Passed    0.41 sec
      Start 41: frontend.tui_windows
41/64 Test #41: frontend.tui_windows ...............   Passed    4.28 sec
      Start 42: shell.windows
42/64 Test #42: shell.windows ......................   Passed    6.78 sec
      Start 43: frontend.service
43/64 Test #43: frontend.service ...................   Passed    0.36 sec
      Start 44: frontend.transport
44/64 Test #44: frontend.transport .................   Passed    1.20 sec
      Start 45: invocation.policy
45/64 Test #45: invocation.policy ..................   Passed    5.77 sec
      Start 46: protocol.compatible_reader
46/64 Test #46: protocol.compatible_reader .........   Passed    0.71 sec
      Start 47: command.syntax
47/64 Test #47: command.syntax .....................   Passed   10.75 sec
      Start 48: protocol.json_codec
48/64 Test #48: protocol.json_codec ................   Passed    3.14 sec
      Start 49: operation.watch
49/64 Test #49: operation.watch ....................   Passed   31.00 sec
      Start 50: resilience.capture_campaign
50/64 Test #50: resilience.capture_campaign ........   Passed    9.11 sec
      Start 51: resilience.frontend_memory
51/64 Test #51: resilience.frontend_memory .........   Passed    6.99 sec
      Start 52: resilience.store_failures
52/64 Test #52: resilience.store_failures ..........   Passed   16.56 sec
      Start 53: resilience.request_waiting
53/64 Test #53: resilience.request_waiting .........   Passed   19.50 sec
      Start 54: resilience.output_waiting
54/64 Test #54: resilience.output_waiting ..........   Passed   17.59 sec
      Start 55: operation.worker
55/64 Test #55: operation.worker ...................   Passed   20.60 sec
      Start 56: resilience.gui_waiting
56/64 Test #56: resilience.gui_waiting .............   Passed    6.34 sec
      Start 57: resilience.console_waiting
57/64 Test #57: resilience.console_waiting .........   Passed   13.01 sec
      Start 58: resilience.worker_budget
58/64 Test #58: resilience.worker_budget ...........   Passed    8.22 sec
      Start 59: disked.invocation
59/64 Test #59: disked.invocation ..................   Passed    1.36 sec
      Start 60: disked.acceptance
60/64 Test #60: disked.acceptance ..................   Passed    2.67 sec
      Start 61: disked_provider_guard.invocation
61/64 Test #61: disked_provider_guard.invocation ...   Passed    1.36 sec
      Start 62: disked_provider_guard.acceptance
62/64 Test #62: disked_provider_guard.acceptance ...   Passed    2.78 sec
      Start 63: provider_guard.positive_control
63/64 Test #63: provider_guard.positive_control ....   Passed    0.11 sec
      Start 64: artifacts.archive_completeness
64/64 Test #64: artifacts.archive_completeness .....   Passed    1.39 sec

100% tests passed, 0 tests failed out of 64

Total Test time (real) = 418.08 sec
