MSBuild version 17.14.51+25f168cee for .NET Framework

  1>Checking Build System
  Building Custom Rule D:/Projects/DiskEd/disked/tests/windows/native/CMakeLists.txt
  storage_queries.cpp
  storage_inventory.cpp
  volume_inventory.cpp
  volume_namespace.cpp
  json.cpp
  snapshot.cpp
  sha256.cpp
  storage_fixture.cpp
  identity_queries.cpp
  identity_query_probe.cpp
  Generating Code...
  nt_identity_query_probe.vcxproj -> D:\Projects\DiskEd\disked\.aide-local\iq42-x64\Release\nt_identity_query_probe.exe
MSBuild version 17.14.51+25f168cee for .NET Framework

  Building Custom Rule D:/Projects/DiskEd/disked/tests/windows/native/CMakeLists.txt
  storage_queries.cpp
  storage_inventory.cpp
  volume_inventory.cpp
  volume_namespace.cpp
  json.cpp
  snapshot.cpp
  sha256.cpp
  storage_fixture.cpp
  storage_query_probe.cpp
  Generating Code...
  nt_storage_query_probe.vcxproj -> D:\Projects\DiskEd\disked\.aide-local\iq42-x64\Release\nt_storage_query_probe.exe
