Start testing: Oct 09 11:28 AUS Eastern Daylight Time
----------------------------------------------------------
49/54 Testing: disked.invocation
49/54 Test: disked.invocation
Command: "D:/Projects/DiskEd/disked/.aide-local/venv/Scripts/python.exe" "D:/Projects/DiskEd/disked/.aide-local/goal-0.1.0/clean-artifact-67cbcb7c/tests/invocation/test_windows.py" "--exe" "D:/Projects/DiskEd/disked/.aide-local/goal-0.1.0/clean-artifact-67cbcb7c/build/windows-bootstrap/Release/disked.exe" "--root" "D:/Projects/DiskEd/disked/.aide-local/goal-0.1.0/clean-artifact-67cbcb7c"
Directory: D:/Projects/DiskEd/disked/.aide-local/goal-0.1.0/clean-artifact-67cbcb7c/build/windows-bootstrap
"disked.invocation" start time: Oct 09 11:28 AUS Eastern Daylight Time
Output:
----------------------------------------------------------
test_cmd_and_powershell_actual_launches (__main__.WindowsInvocation.test_cmd_and_powershell_actual_launches) ... ok
test_inherited_console_preserves_caller_state (__main__.WindowsInvocation.test_inherited_console_preserves_caller_state) ... ok
test_missing_stderr_and_transport_input (__main__.WindowsInvocation.test_missing_stderr_and_transport_input) ... ok
test_pipe_observations_and_utf16_errors (__main__.WindowsInvocation.test_pipe_observations_and_utf16_errors) ... ok
test_standard_handle_absence_and_invalidity (__main__.WindowsInvocation.test_standard_handle_absence_and_invalidity) ... ok

----------------------------------------------------------------------
Ran 5 tests in 1.340s

OK
<end of output>
Test time =   1.49 sec
----------------------------------------------------------
Test Passed.
"disked.invocation" end time: Oct 09 11:28 AUS Eastern Daylight Time
"disked.invocation" time elapsed: 00:00:01
----------------------------------------------------------

50/54 Testing: disked.acceptance
50/54 Test: disked.acceptance
Command: "D:/Projects/DiskEd/disked/.aide-local/venv/Scripts/python.exe" "D:/Projects/DiskEd/disked/.aide-local/goal-0.1.0/clean-artifact-67cbcb7c/tests/native/test_protocol.py" "--exe" "D:/Projects/DiskEd/disked/.aide-local/goal-0.1.0/clean-artifact-67cbcb7c/build/windows-bootstrap/Release/disked.exe" "--root" "D:/Projects/DiskEd/disked/.aide-local/goal-0.1.0/clean-artifact-67cbcb7c" "--identity" "D:/Projects/DiskEd/disked/.aide-local/goal-0.1.0/clean-artifact-67cbcb7c/build/windows-bootstrap/generated/build-identity.json"
Directory: D:/Projects/DiskEd/disked/.aide-local/goal-0.1.0/clean-artifact-67cbcb7c/build/windows-bootstrap
"disked.acceptance" start time: Oct 09 11:28 AUS Eastern Daylight Time
Output:
----------------------------------------------------------
test_broken_output_is_failure (__main__.NativeProtocol.test_broken_output_is_failure) ... ok
test_build_identity_and_machine_aliases (__main__.NativeProtocol.test_build_identity_and_machine_aliases) ... ok
test_discovery_has_exact_registry_and_real_handler_subset (__main__.NativeProtocol.test_discovery_has_exact_registry_and_real_handler_subset) ... ok
test_errors_are_framed_after_complete_parse (__main__.NativeProtocol.test_errors_are_framed_after_complete_parse) ... ok
test_help_every_spelling_and_operand_independence (__main__.NativeProtocol.test_help_every_spelling_and_operand_independence) ... ok
test_malformed_json_and_encoding (__main__.NativeProtocol.test_malformed_json_and_encoding) ... ok
test_mode_inspection_uses_actual_host_in_cli_and_transport (__main__.NativeProtocol.test_mode_inspection_uses_actual_host_in_cli_and_transport) ... ok
test_ndjson_continues_refusals_and_preserves_order (__main__.NativeProtocol.test_ndjson_continues_refusals_and_preserves_order) ... ok
test_ordinary_machine_command_does_not_read_pipeline_as_requests (__main__.NativeProtocol.test_ordinary_machine_command_does_not_read_pipeline_as_requests) ... ok
test_resource_limits_end_stream (__main__.NativeProtocol.test_resource_limits_end_stream) ... ok
test_source_input_closure_and_pe_imports (__main__.NativeProtocol.test_source_input_closure_and_pe_imports) ... ok
test_stream_flushes_before_eof (__main__.NativeProtocol.test_stream_flushes_before_eof) ... ok
test_strict_request_and_correlation (__main__.NativeProtocol.test_strict_request_and_correlation) ... ok
test_unavailable_frontends_and_prompt_channels (__main__.NativeProtocol.test_unavailable_frontends_and_prompt_channels) ... ok
test_wire_byte_and_request_count_limits (__main__.NativeProtocol.test_wire_byte_and_request_count_limits) ... ok

----------------------------------------------------------------------
Ran 15 tests in 2.592s

OK
<end of output>
Test time =   2.73 sec
----------------------------------------------------------
Test Passed.
"disked.acceptance" end time: Oct 09 11:29 AUS Eastern Daylight Time
"disked.acceptance" time elapsed: 00:00:02
----------------------------------------------------------

53/54 Testing: provider_guard.positive_control
53/54 Test: provider_guard.positive_control
Command: "D:/Projects/DiskEd/disked/.aide-local/venv/Scripts/python.exe" "D:/Projects/DiskEd/disked/.aide-local/goal-0.1.0/clean-artifact-67cbcb7c/tests/native/test_provider_guard.py" "D:/Projects/DiskEd/disked/.aide-local/goal-0.1.0/clean-artifact-67cbcb7c/build/windows-bootstrap/Release/provider_guard_probe.exe"
Directory: D:/Projects/DiskEd/disked/.aide-local/goal-0.1.0/clean-artifact-67cbcb7c/build/windows-bootstrap
"provider_guard.positive_control" start time: Oct 09 11:29 AUS Eastern Daylight Time
Output:
----------------------------------------------------------
PASS: provider initialization boundary exits 97
<end of output>
Test time =   0.13 sec
----------------------------------------------------------
Test Passed.
"provider_guard.positive_control" end time: Oct 09 11:29 AUS Eastern Daylight Time
"provider_guard.positive_control" time elapsed: 00:00:00
----------------------------------------------------------

54/54 Testing: artifacts.archive_completeness
54/54 Test: artifacts.archive_completeness
Command: "D:/Projects/DiskEd/disked/.aide-local/venv/Scripts/python.exe" "D:/Projects/DiskEd/disked/.aide-local/goal-0.1.0/clean-artifact-67cbcb7c/tests/artifacts/test_artifact_check.py"
Directory: D:/Projects/DiskEd/disked/.aide-local/goal-0.1.0/clean-artifact-67cbcb7c/build/windows-bootstrap
"artifacts.archive_completeness" start time: Oct 09 11:29 AUS Eastern Daylight Time
Output:
----------------------------------------------------------
test_archive_byte_budget_before_reads (__main__.Artifacts.test_archive_byte_budget_before_reads) ... ok
test_archive_link_and_special_types (__main__.Artifacts.test_archive_link_and_special_types) ... ok
test_case_collision (__main__.Artifacts.test_case_collision) ... ok
test_changed_same_size (__main__.Artifacts.test_changed_same_size) ... ok
test_changed_size (__main__.Artifacts.test_changed_size) ... ok
test_cli_complete_flow (__main__.Artifacts.test_cli_complete_flow) ... ok
test_cli_no_clobber_or_inside_staging (__main__.Artifacts.test_cli_no_clobber_or_inside_staging) ... ok
test_compressed_suffix (__main__.Artifacts.test_compressed_suffix) ... ok
test_crc_failure (__main__.Artifacts.test_crc_failure) ... ok
test_data_descriptors (__main__.Artifacts.test_data_descriptors) ... ok
test_deflate_failure (__main__.Artifacts.test_deflate_failure) ... ok
test_descriptor_conflict (__main__.Artifacts.test_descriptor_conflict) ... ok
test_directory_with_data (__main__.Artifacts.test_directory_with_data) ... ok
test_dos_reparse_flag (__main__.Artifacts.test_dos_reparse_flag) ... ok
test_duplicate (__main__.Artifacts.test_duplicate) ... ok
test_empty_optional_file (__main__.Artifacts.test_empty_optional_file) ... ok
test_empty_staging_directory (__main__.Artifacts.test_empty_staging_directory) ... ok
test_encryption_refused (__main__.Artifacts.test_encryption_refused) ... ok
test_extra (__main__.Artifacts.test_extra) ... ok
test_extra_directory (__main__.Artifacts.test_extra_directory) ... ok
test_file_directory_collision (__main__.Artifacts.test_file_directory_collision) ... ok
test_hidden_uncompressed_tail (__main__.Artifacts.test_hidden_uncompressed_tail) ... ok
test_inventory_byte_budget (__main__.Artifacts.test_inventory_byte_budget) ... ok
test_inventory_contract (__main__.Artifacts.test_inventory_contract) ... ok
test_inventory_json_duplicate_key (__main__.Artifacts.test_inventory_json_duplicate_key) ... ok
test_inventory_parent_case_collision (__main__.Artifacts.test_inventory_parent_case_collision) ... ok
test_local_name_conflict (__main__.Artifacts.test_local_name_conflict) ... ok
test_local_zip64_conflict (__main__.Artifacts.test_local_zip64_conflict) ... ok
test_many_output_chunks (__main__.Artifacts.test_many_output_chunks) ... ok
test_matching_deflated (__main__.Artifacts.test_matching_deflated) ... ok
test_matching_stored (__main__.Artifacts.test_matching_stored) ... ok
test_metadata_budget_before_zip_reader (__main__.Artifacts.test_metadata_budget_before_zip_reader) ... ok
test_missing_required (__main__.Artifacts.test_missing_required) ... ok
test_multidisk_refused (__main__.Artifacts.test_multidisk_refused) ... ok
test_optional_expected_directory (__main__.Artifacts.test_optional_expected_directory) ... ok
test_parent_directory_budget (__main__.Artifacts.test_parent_directory_budget) ... ok
test_source_changes_during_read (__main__.Artifacts.test_source_changes_during_read) ... ok
test_source_namespace_refusal (__main__.Artifacts.test_source_namespace_refusal) ... ok
test_staging_budgets (__main__.Artifacts.test_staging_budgets) ... ok
test_staging_hardlink (__main__.Artifacts.test_staging_hardlink) ... ok
test_trailing_archive_bytes (__main__.Artifacts.test_trailing_archive_bytes) ... ok
test_truncated_archive (__main__.Artifacts.test_truncated_archive) ... ok
test_unclaimed_bytes_before_central_directory (__main__.Artifacts.test_unclaimed_bytes_before_central_directory) ... ok
test_unknown_extra_field (__main__.Artifacts.test_unknown_extra_field) ... ok
test_unsafe_names (__main__.Artifacts.test_unsafe_names) ... ok
test_unsigned_data_descriptors (__main__.Artifacts.test_unsigned_data_descriptors) ... ok
test_unsupported_compression (__main__.Artifacts.test_unsupported_compression) ... ok
test_valid_but_empty (__main__.Artifacts.test_valid_but_empty) ... ok
test_zip64_data_descriptors (__main__.Artifacts.test_zip64_data_descriptors) ... ok
test_zip64_end_record (__main__.Artifacts.test_zip64_end_record) ... ok
test_zip64_local_headers (__main__.Artifacts.test_zip64_local_headers) ... ok

----------------------------------------------------------------------
Ran 51 tests in 1.066s

OK
<end of output>
Test time =   1.34 sec
----------------------------------------------------------
Test Passed.
"artifacts.archive_completeness" end time: Oct 09 11:29 AUS Eastern Daylight Time
"artifacts.archive_completeness" time elapsed: 00:00:01
----------------------------------------------------------

End testing: Oct 09 11:29 AUS Eastern Daylight Time
