Microsoft (R) COFF/PE Dumper Version 14.44.35228.0
Copyright (C) Microsoft Corporation.  All rights reserved.


Dump of file D:\Projects\DiskEd\disked\.aide-local\goal-0.1.0\clean-export-command-dd4cf580\build\windows-bootstrap\Release\disked.exe

PE signature found

File Type: EXECUTABLE IMAGE

FILE HEADER VALUES
            8664 machine (x64)
               6 number of sections
        6AC89ADE time date stamp Fri Oct  9 18:42:22 2026
               0 file pointer to symbol table
               0 number of symbols
              F0 size of optional header
              22 characteristics
                   Executable
                   Application can handle large (>2GB) addresses

OPTIONAL HEADER VALUES
             20B magic # (PE32+)
           14.44 linker version
          103000 size of code
           53A00 size of initialized data
               0 size of uninitialized data
           D1BA0 entry point (00000001400D1BA0)
            1000 base of code
       140000000 image base (0000000140000000 to 0000000140158FFF)
            1000 section alignment
             200 file alignment
           10.00 operating system version
            0.00 image version
           10.00 subsystem version
               0 Win32 version
          159000 size of image
             400 size of headers
               0 checksum
               3 subsystem (Windows CUI)
            C160 DLL characteristics
                   High Entropy Virtual Addresses
                   Dynamic base
                   NX compatible
                   Control Flow Guard
                   Terminal Server Aware
          100000 size of stack reserve
            1000 size of stack commit
          100000 size of heap reserve
            1000 size of heap commit
               0 loader flags
              10 number of directories
               0 [       0] RVA [size] of Export Directory
          146934 [      28] RVA [size] of Import Directory
          157000 [     1C8] RVA [size] of Resource Directory
          14F000 [    7D40] RVA [size] of Exception Directory
               0 [       0] RVA [size] of Certificates Directory
          158000 [     E40] RVA [size] of Base Relocation Directory
          12B050 [      1C] RVA [size] of Debug Directory
               0 [       0] RVA [size] of Architecture Directory
               0 [       0] RVA [size] of Global Pointer Directory
          12B200 [      28] RVA [size] of Thread Storage Directory
          12AF10 [     140] RVA [size] of Load Configuration Directory
               0 [       0] RVA [size] of Bound Import Directory
          104000 [     488] RVA [size] of Import Address Table Directory
               0 [       0] RVA [size] of Delay Import Directory
               0 [       0] RVA [size] of COM Descriptor Directory
               0 [       0] RVA [size] of Reserved Directory


SECTION HEADER #1
   .text name
  102F4C virtual size
    1000 virtual address (0000000140001000 to 0000000140103F4B)
  103000 size of raw data
     400 file pointer to raw data (00000400 to 001033FF)
       0 file pointer to relocation table
       0 file pointer to line numbers
       0 number of relocations
       0 number of line numbers
60000020 flags
         Code
         Execute Read

SECTION HEADER #2
  .rdata name
   4396C virtual size
  104000 virtual address (0000000140104000 to 000000014014796B)
   43A00 size of raw data
  103400 file pointer to raw data (00103400 to 00146DFF)
       0 file pointer to relocation table
       0 file pointer to line numbers
       0 number of relocations
       0 number of line numbers
40000040 flags
         Initialized Data
         Read Only

  Debug Directories

        Time Type        Size      RVA  Pointer
    -------- ------- -------- -------- --------
    6AC89ADE coffgrp      418 0012E40C   12D80C

SECTION HEADER #3
   .data name
    6EF4 virtual size
  148000 virtual address (0000000140148000 to 000000014014EEF3)
    5400 size of raw data
  146E00 file pointer to raw data (00146E00 to 0014C1FF)
       0 file pointer to relocation table
       0 file pointer to line numbers
       0 number of relocations
       0 number of line numbers
C0000040 flags
         Initialized Data
         Read Write

SECTION HEADER #4
  .pdata name
    7D40 virtual size
  14F000 virtual address (000000014014F000 to 0000000140156D3F)
    7E00 size of raw data
  14C200 file pointer to raw data (0014C200 to 00153FFF)
       0 file pointer to relocation table
       0 file pointer to line numbers
       0 number of relocations
       0 number of line numbers
40000040 flags
         Initialized Data
         Read Only

SECTION HEADER #5
   .rsrc name
     1C8 virtual size
  157000 virtual address (0000000140157000 to 00000001401571C7)
     200 size of raw data
  154000 file pointer to raw data (00154000 to 001541FF)
       0 file pointer to relocation table
       0 file pointer to line numbers
       0 number of relocations
       0 number of line numbers
40000040 flags
         Initialized Data
         Read Only

SECTION HEADER #6
  .reloc name
     E40 virtual size
  158000 virtual address (0000000140158000 to 0000000140158E3F)
    1000 size of raw data
  154200 file pointer to raw data (00154200 to 001551FF)
       0 file pointer to relocation table
       0 file pointer to line numbers
       0 number of relocations
       0 number of line numbers
42000040 flags
         Initialized Data
         Discardable
         Read Only

  Summary

        7000 .data
        8000 .pdata
       44000 .rdata
        1000 .reloc
        1000 .rsrc
      103000 .text
