Microsoft (R) COFF/PE Dumper Version 14.44.35228.0
Copyright (C) Microsoft Corporation.  All rights reserved.


Dump of file D:\Projects\DiskEd\disked\.aide-local\goal-0.1.0\clean-e835a032\build\windows-bootstrap\Release\file_acquisition_fault.exe

PE signature found

File Type: EXECUTABLE IMAGE

FILE HEADER VALUES
            8664 machine (x64)
               6 number of sections
        6AC7B6CB time date stamp Fri Oct  9 02:29:15 2026
               0 file pointer to symbol table
               0 number of symbols
              F0 size of optional header
              22 characteristics
                   Executable
                   Application can handle large (>2GB) addresses

OPTIONAL HEADER VALUES
             20B magic # (PE32+)
           14.44 linker version
           35400 size of code
           17C00 size of initialized data
               0 size of uninitialized data
           1F430 entry point (000000014001F430)
            1000 base of code
       140000000 image base (0000000140000000 to 0000000140050FFF)
            1000 section alignment
             200 file alignment
            6.00 operating system version
            0.00 image version
            6.00 subsystem version
               0 Win32 version
           51000 size of image
             400 size of headers
               0 checksum
               3 subsystem (Windows CUI)
            C160 DLL characteristics
                   High Entropy Virtual Addresses
                   Dynamic base
                   NX compatible
                   Control Flow Guard
                   Terminal Server Aware
          100000 size of stack reserve
            1000 size of stack commit
          100000 size of heap reserve
            1000 size of heap commit
               0 loader flags
              10 number of directories
               0 [       0] RVA [size] of Export Directory
           49414 [      28] RVA [size] of Import Directory
           4F000 [     1E0] RVA [size] of Resource Directory
           4C000 [    23DC] RVA [size] of Exception Directory
               0 [       0] RVA [size] of Certificates Directory
           50000 [     718] RVA [size] of Base Relocation Directory
           438F0 [      1C] RVA [size] of Debug Directory
               0 [       0] RVA [size] of Architecture Directory
               0 [       0] RVA [size] of Global Pointer Directory
               0 [       0] RVA [size] of Thread Storage Directory
           437B0 [     140] RVA [size] of Load Configuration Directory
               0 [       0] RVA [size] of Bound Import Directory
           37000 [     2C0] RVA [size] of Import Address Table Directory
               0 [       0] RVA [size] of Delay Import Directory
               0 [       0] RVA [size] of COM Descriptor Directory
               0 [       0] RVA [size] of Reserved Directory


SECTION HEADER #1
   .text name
   35326 virtual size
    1000 virtual address (0000000140001000 to 0000000140036325)
   35400 size of raw data
     400 file pointer to raw data (00000400 to 000357FF)
       0 file pointer to relocation table
       0 file pointer to line numbers
       0 number of relocations
       0 number of line numbers
60000020 flags
         Code
         Execute Read

SECTION HEADER #2
  .rdata name
   12D82 virtual size
   37000 virtual address (0000000140037000 to 0000000140049D81)
   12E00 size of raw data
   35800 file pointer to raw data (00035800 to 000485FF)
       0 file pointer to relocation table
       0 file pointer to line numbers
       0 number of relocations
       0 number of line numbers
40000040 flags
         Initialized Data
         Read Only

  Debug Directories

        Time Type        Size      RVA  Pointer
    -------- ------- -------- -------- --------
    6AC7B6CB coffgrp      380 00044460    42C60

SECTION HEADER #3
   .data name
    1F70 virtual size
   4A000 virtual address (000000014004A000 to 000000014004BF6F)
     E00 size of raw data
   48600 file pointer to raw data (00048600 to 000493FF)
       0 file pointer to relocation table
       0 file pointer to line numbers
       0 number of relocations
       0 number of line numbers
C0000040 flags
         Initialized Data
         Read Write

SECTION HEADER #4
  .pdata name
    23DC virtual size
   4C000 virtual address (000000014004C000 to 000000014004E3DB)
    2400 size of raw data
   49400 file pointer to raw data (00049400 to 0004B7FF)
       0 file pointer to relocation table
       0 file pointer to line numbers
       0 number of relocations
       0 number of line numbers
40000040 flags
         Initialized Data
         Read Only

SECTION HEADER #5
   .rsrc name
     1E0 virtual size
   4F000 virtual address (000000014004F000 to 000000014004F1DF)
     200 size of raw data
   4B800 file pointer to raw data (0004B800 to 0004B9FF)
       0 file pointer to relocation table
       0 file pointer to line numbers
       0 number of relocations
       0 number of line numbers
40000040 flags
         Initialized Data
         Read Only

SECTION HEADER #6
  .reloc name
     718 virtual size
   50000 virtual address (0000000140050000 to 0000000140050717)
     800 size of raw data
   4BA00 file pointer to raw data (0004BA00 to 0004C1FF)
       0 file pointer to relocation table
       0 file pointer to line numbers
       0 number of relocations
       0 number of line numbers
42000040 flags
         Initialized Data
         Discardable
         Read Only

  Summary

        2000 .data
        3000 .pdata
       13000 .rdata
        1000 .reloc
        1000 .rsrc
       36000 .text
