case prepare-0
case start-0
case no-relaunch-0
case prepare-1
case start-1
case no-relaunch-1
case prepare-65535
case start-65535
case no-relaunch-65535
case prepare-65536
case start-65536
case no-relaunch-65536
case prepare-65537
case start-65537
case no-relaunch-65537
case prepare-1048577
case start-1048577
case no-relaunch-1048577
case prepare-2097153
case start-2097153
case no-relaunch-2097153
case review-grants
case deny-source_read
case deny-destination_write
case deny-map_write
case deny-host_effects
case deny-unbound-grant
case deny-different-executable-generation
case refuse-source-generation-change
case review-directory-generation
case refuse-directory-generation-change
case refuse-operation-metadata-alias
case refuse-occupied-store
case review-cancel
case start-cancel
case repeat-active-does-not-relaunch
case exclude-second-writer
case review-resume-new-attempt
case start-resume-new-attempt
case review-checkpoint-observer-error
case start-checkpoint-observer-error
case review-store-fault-full
case store-fault-retained-full
case store-fault-no-restart-full
case review-store-fault-short
case store-fault-retained-short
case store-fault-no-restart-short
case review-store-fault-flush
case store-fault-retained-flush
case store-fault-no-restart-flush
case review-late-admission
case admission-timeout-is-unresolved
case late-admission-no-restart
case review-normal-no-fault
case normal-ignores-fault-controls
case review-aggregate-0
case start-aggregate-0
case review-aggregate-1
case start-aggregate-1
case review-aggregate-2
case start-aggregate-2
case review-aggregate-3
case start-aggregate-3
case review-excess-worker
case excess-worker-is-not-admitted
case review-termination
case start-owned-termination-fixture
case unfinished-worker-never-restarted
case review-history
case start-history-fixture
PASS: 387 private acquisition worker checks; 10 completed byte/map verifications
