Microsoft (R) COFF/PE Dumper Version 14.44.35228.0
Copyright (C) Microsoft Corporation.  All rights reserved.


Dump of file D:\Projects\DiskEd\disked\build\windows-bootstrap\Release\disked.exe

PE signature found

File Type: EXECUTABLE IMAGE

FILE HEADER VALUES
            8664 machine (x64)
               6 number of sections
        6AC78256 time date stamp Thu Oct  8 22:45:26 2026
               0 file pointer to symbol table
               0 number of symbols
              F0 size of optional header
              22 characteristics
                   Executable
                   Application can handle large (>2GB) addresses

OPTIONAL HEADER VALUES
             20B magic # (PE32+)
           14.44 linker version
           BAE00 size of code
           3D800 size of initialized data
               0 size of uninitialized data
           8FAB0 entry point (000000014008FAB0)
            1000 base of code
       140000000 image base (0000000140000000 to 00000001400FBFFF)
            1000 section alignment
             200 file alignment
           10.00 operating system version
            0.00 image version
           10.00 subsystem version
               0 Win32 version
           FC000 size of image
             400 size of headers
               0 checksum
               3 subsystem (Windows CUI)
            C160 DLL characteristics
                   High Entropy Virtual Addresses
                   Dynamic base
                   NX compatible
                   Control Flow Guard
                   Terminal Server Aware
          100000 size of stack reserve
            1000 size of stack commit
          100000 size of heap reserve
            1000 size of heap commit
               0 loader flags
              10 number of directories
               0 [       0] RVA [size] of Export Directory
           EB134 [      28] RVA [size] of Import Directory
           FA000 [     1C8] RVA [size] of Resource Directory
           F3000 [    6564] RVA [size] of Exception Directory
               0 [       0] RVA [size] of Certificates Directory
           FB000 [     CA0] RVA [size] of Base Relocation Directory
           D7980 [      1C] RVA [size] of Debug Directory
               0 [       0] RVA [size] of Architecture Directory
               0 [       0] RVA [size] of Global Pointer Directory
           D7B00 [      28] RVA [size] of Thread Storage Directory
           D7840 [     140] RVA [size] of Load Configuration Directory
               0 [       0] RVA [size] of Bound Import Directory
           BC000 [     470] RVA [size] of Import Address Table Directory
               0 [       0] RVA [size] of Delay Import Directory
               0 [       0] RVA [size] of COM Descriptor Directory
               0 [       0] RVA [size] of Reserved Directory


SECTION HEADER #1
   .text name
   BAD2C virtual size
    1000 virtual address (0000000140001000 to 00000001400BBD2B)
   BAE00 size of raw data
     400 file pointer to raw data (00000400 to 000BB1FF)
       0 file pointer to relocation table
       0 file pointer to line numbers
       0 number of relocations
       0 number of line numbers
60000020 flags
         Code
         Execute Read

SECTION HEADER #2
  .rdata name
   30118 virtual size
   BC000 virtual address (00000001400BC000 to 00000001400EC117)
   30200 size of raw data
   BB200 file pointer to raw data (000BB200 to 000EB3FF)
       0 file pointer to relocation table
       0 file pointer to line numbers
       0 number of relocations
       0 number of line numbers
40000040 flags
         Initialized Data
         Read Only

  Debug Directories

        Time Type        Size      RVA  Pointer
    -------- ------- -------- -------- --------
    6AC78256 coffgrp      404 000DA068    D9268

SECTION HEADER #3
   .data name
    5FF4 virtual size
   ED000 virtual address (00000001400ED000 to 00000001400F2FF3)
    4600 size of raw data
   EB400 file pointer to raw data (000EB400 to 000EF9FF)
       0 file pointer to relocation table
       0 file pointer to line numbers
       0 number of relocations
       0 number of line numbers
C0000040 flags
         Initialized Data
         Read Write

SECTION HEADER #4
  .pdata name
    6564 virtual size
   F3000 virtual address (00000001400F3000 to 00000001400F9563)
    6600 size of raw data
   EFA00 file pointer to raw data (000EFA00 to 000F5FFF)
       0 file pointer to relocation table
       0 file pointer to line numbers
       0 number of relocations
       0 number of line numbers
40000040 flags
         Initialized Data
         Read Only

SECTION HEADER #5
   .rsrc name
     1C8 virtual size
   FA000 virtual address (00000001400FA000 to 00000001400FA1C7)
     200 size of raw data
   F6000 file pointer to raw data (000F6000 to 000F61FF)
       0 file pointer to relocation table
       0 file pointer to line numbers
       0 number of relocations
       0 number of line numbers
40000040 flags
         Initialized Data
         Read Only

SECTION HEADER #6
  .reloc name
     CA0 virtual size
   FB000 virtual address (00000001400FB000 to 00000001400FBC9F)
     E00 size of raw data
   F6200 file pointer to raw data (000F6200 to 000F6FFF)
       0 file pointer to relocation table
       0 file pointer to line numbers
       0 number of relocations
       0 number of line numbers
42000040 flags
         Initialized Data
         Discardable
         Read Only

  Summary

        6000 .data
        7000 .pdata
       31000 .rdata
        1000 .reloc
        1000 .rsrc
       BB000 .text
