case 0 seed 0 bytes 131072 crc32 678118583
case 1 seed 1 bytes 131072 crc32 1323336327
case 2 seed 2 bytes 131072 crc32 3402149113
case 3 seed 3 bytes 131072 crc32 1394679210
case 4 seed 4 bytes 131072 crc32 2487714544
case 5 seed 5 bytes 131072 crc32 1026005947
case 6 seed 6 bytes 131072 crc32 4214651169
case 7 seed 7 bytes 511 crc32 1436860330
case 8 seed 8 bytes 131072 crc32 2790765693
case 9 seed 9 bytes 131072 crc32 2452807186
case 10 seed 10 bytes 131072 crc32 3779368970
case 11 seed 11 bytes 131072 crc32 3252040475
case 12 seed 12 bytes 20480 crc32 1658326369
case 13 seed 13 bytes 131072 crc32 1904819141
case 14 seed 14 bytes 131072 crc32 3948222233
case 15 seed 15 bytes 131072 crc32 587130051
case 16 seed 16 bytes 131072 crc32 2498852796
case 17 seed 17 bytes 131072 crc32 2706497934
case 18 seed 18 bytes 131072 crc32 16525714
case 19 seed 19 bytes 131072 crc32 1092943247
case 20 seed 20 bytes 131072 crc32 1379955120
case 21 seed 21 bytes 131072 crc32 692942651
case 22 seed 22 bytes 131072 crc32 1208423479
case 23 seed 23 bytes 131072 crc32 2686145099
case 24 seed 24 bytes 131072 crc32 3208662994
case 25 seed 25 bytes 131072 crc32 3907072425
case 26 seed 26 bytes 131072 crc32 3957672678
case 27 seed 27 bytes 131072 crc32 1725080386
case 28 seed 28 bytes 131072 crc32 2299846836
case 29 seed 29 bytes 131072 crc32 1692824307
case 30 seed 30 bytes 131072 crc32 832010077
case 31 seed 31 bytes 131072 crc32 783268817
case 32 seed 32 bytes 131072 crc32 3537582315
case 33 seed 33 bytes 131072 crc32 759047394
case 34 seed 34 bytes 131071 crc32 936655970
case 35 seed 19 bytes 105934 crc32 1769308275
