MSBuild version 17.14.51+25f168cee for .NET Framework

  1>Bind current Git revision and native input bytes
  disked_json.vcxproj -> D:\Projects\DiskEd\disked\build\windows-bootstrap\Release\disked_json.lib
  command_parser_probe.vcxproj -> D:\Projects\DiskEd\disked\build\windows-bootstrap\Release\command_parser_probe.exe
  disked_presentation.vcxproj -> D:\Projects\DiskEd\disked\build\windows-bootstrap\Release\disked_presentation.lib
  disked_gui.vcxproj -> D:\Projects\DiskEd\disked\build\windows-bootstrap\Release\disked_gui.lib
  disked_tui.vcxproj -> D:\Projects\DiskEd\disked\build\windows-bootstrap\Release\disked_tui.lib
  disked.vcxproj -> D:\Projects\DiskEd\disked\build\windows-bootstrap\Release\disked.exe
  disked_gui_unavailable.vcxproj -> D:\Projects\DiskEd\disked\build\windows-bootstrap\Release\disked_gui_unavailable.exe
  disked_provider_guard.vcxproj -> D:\Projects\DiskEd\disked\build\windows-bootstrap\Release\disked_provider_guard.exe
  disked_tui_fault.vcxproj -> D:\Projects\DiskEd\disked\build\windows-bootstrap\Release\disked_tui_fault.exe
  disked_worker_delayed.vcxproj -> D:\Projects\DiskEd\disked\build\windows-bootstrap\Release\disked_worker_delayed.exe
  frontend_service_probe.vcxproj -> D:\Projects\DiskEd\disked\build\windows-bootstrap\Release\frontend_service_probe.exe
  gui_model_probe.vcxproj -> D:\Projects\DiskEd\disked\build\windows-bootstrap\Release\gui_model_probe.exe
  invocation_policy_probe.vcxproj -> D:\Projects\DiskEd\disked\build\windows-bootstrap\Release\invocation_policy_probe.exe
  json_codec_probe.vcxproj -> D:\Projects\DiskEd\disked\build\windows-bootstrap\Release\json_codec_probe.exe
  operation_reducer_probe.vcxproj -> D:\Projects\DiskEd\disked\build\windows-bootstrap\Release\operation_reducer_probe.exe
  protocol_reader_probe.vcxproj -> D:\Projects\DiskEd\disked\build\windows-bootstrap\Release\protocol_reader_probe.exe
  provider_guard_probe.vcxproj -> D:\Projects\DiskEd\disked\build\windows-bootstrap\Release\provider_guard_probe.exe
  tui_model_probe.vcxproj -> D:\Projects\DiskEd\disked\build\windows-bootstrap\Release\tui_model_probe.exe
