Microsoft (R) COFF/PE Dumper Version 14.44.35228.0
Copyright (C) Microsoft Corporation.  All rights reserved.


Dump of file D:\Projects\DiskEd\disked\.aide-local\goal-0.1.0\clean-3e790d51\build\windows-bootstrap\Release\disked.exe

PE signature found

File Type: EXECUTABLE IMAGE

FILE HEADER VALUES
            8664 machine (x64)
               6 number of sections
        6AC4EEBE time date stamp Tue Oct  6 23:51:10 2026
               0 file pointer to symbol table
               0 number of symbols
              F0 size of optional header
              22 characteristics
                   Executable
                   Application can handle large (>2GB) addresses

OPTIONAL HEADER VALUES
             20B magic # (PE32+)
           14.44 linker version
           7B200 size of code
           2EA00 size of initialized data
               0 size of uninitialized data
           55920 entry point (0000000140055920)
            1000 base of code
       140000000 image base (0000000140000000 to 00000001400ADFFF)
            1000 section alignment
             200 file alignment
           10.00 operating system version
            0.00 image version
           10.00 subsystem version
               0 Win32 version
           AE000 size of image
             400 size of headers
               0 checksum
               3 subsystem (Windows CUI)
            C160 DLL characteristics
                   High Entropy Virtual Addresses
                   Dynamic base
                   NX compatible
                   Control Flow Guard
                   Terminal Server Aware
          100000 size of stack reserve
            1000 size of stack commit
          100000 size of heap reserve
            1000 size of heap commit
               0 loader flags
              10 number of directories
               0 [       0] RVA [size] of Export Directory
           A1AB4 [      28] RVA [size] of Import Directory
           AC000 [     1C8] RVA [size] of Resource Directory
           A7000 [    45E4] RVA [size] of Exception Directory
               0 [       0] RVA [size] of Certificates Directory
           AD000 [     B34] RVA [size] of Base Relocation Directory
           95550 [      1C] RVA [size] of Debug Directory
               0 [       0] RVA [size] of Architecture Directory
               0 [       0] RVA [size] of Global Pointer Directory
           95700 [      28] RVA [size] of Thread Storage Directory
           95410 [     140] RVA [size] of Load Configuration Directory
               0 [       0] RVA [size] of Bound Import Directory
           7D000 [     3F0] RVA [size] of Import Address Table Directory
               0 [       0] RVA [size] of Delay Import Directory
               0 [       0] RVA [size] of COM Descriptor Directory
               0 [       0] RVA [size] of Reserved Directory


SECTION HEADER #1
   .text name
   7B09C virtual size
    1000 virtual address (0000000140001000 to 000000014007C09B)
   7B200 size of raw data
     400 file pointer to raw data (00000400 to 0007B5FF)
       0 file pointer to relocation table
       0 file pointer to line numbers
       0 number of relocations
       0 number of line numbers
60000020 flags
         Code
         Execute Read

SECTION HEADER #2
  .rdata name
   2589C virtual size
   7D000 virtual address (000000014007D000 to 00000001400A289B)
   25A00 size of raw data
   7B600 file pointer to raw data (0007B600 to 000A0FFF)
       0 file pointer to relocation table
       0 file pointer to line numbers
       0 number of relocations
       0 number of line numbers
40000040 flags
         Initialized Data
         Read Only

  Debug Directories

        Time Type        Size      RVA  Pointer
    -------- ------- -------- -------- --------
    6AC4EEBE coffgrp      404 00096EE0    954E0

SECTION HEADER #3
   .data name
    3AE4 virtual size
   A3000 virtual address (00000001400A3000 to 00000001400A6AE3)
    2400 size of raw data
   A1000 file pointer to raw data (000A1000 to 000A33FF)
       0 file pointer to relocation table
       0 file pointer to line numbers
       0 number of relocations
       0 number of line numbers
C0000040 flags
         Initialized Data
         Read Write

SECTION HEADER #4
  .pdata name
    45E4 virtual size
   A7000 virtual address (00000001400A7000 to 00000001400AB5E3)
    4600 size of raw data
   A3400 file pointer to raw data (000A3400 to 000A79FF)
       0 file pointer to relocation table
       0 file pointer to line numbers
       0 number of relocations
       0 number of line numbers
40000040 flags
         Initialized Data
         Read Only

SECTION HEADER #5
   .rsrc name
     1C8 virtual size
   AC000 virtual address (00000001400AC000 to 00000001400AC1C7)
     200 size of raw data
   A7A00 file pointer to raw data (000A7A00 to 000A7BFF)
       0 file pointer to relocation table
       0 file pointer to line numbers
       0 number of relocations
       0 number of line numbers
40000040 flags
         Initialized Data
         Read Only

SECTION HEADER #6
  .reloc name
     B34 virtual size
   AD000 virtual address (00000001400AD000 to 00000001400ADB33)
     C00 size of raw data
   A7C00 file pointer to raw data (000A7C00 to 000A87FF)
       0 file pointer to relocation table
       0 file pointer to line numbers
       0 number of relocations
       0 number of line numbers
42000040 flags
         Initialized Data
         Discardable
         Read Only

  Summary

        4000 .data
        5000 .pdata
       26000 .rdata
        1000 .reloc
        1000 .rsrc
       7C000 .text
