{
  "work": [
    {
      "id": "DE-W000",
      "title": "Review and ratify the specification baseline",
      "readiness": "ready_for_bounded_review_or_grant",
      "blockers": [],
      "execution_authorized": false
    },
    {
      "id": "DE-W010",
      "title": "Build a minimal native single-entrypoint composition",
      "readiness": "blocked",
      "blockers": [
        "DE-W000"
      ],
      "execution_authorized": false
    },
    {
      "id": "DE-W011",
      "title": "Measure Windows launch and console ownership behavior",
      "readiness": "blocked",
      "blockers": [
        "DE-W010"
      ],
      "execution_authorized": false
    },
    {
      "id": "DE-W012",
      "title": "Implement descriptor-owned CLI and machine envelopes",
      "readiness": "blocked",
      "blockers": [
        "DE-W010"
      ],
      "execution_authorized": false
    },
    {
      "id": "DE-W013",
      "title": "Implement fake graph and frontend service",
      "readiness": "blocked",
      "blockers": [
        "DE-W012"
      ],
      "execution_authorized": false
    },
    {
      "id": "DE-W014",
      "title": "Implement linear and full-screen TUI over fake state",
      "readiness": "blocked",
      "blockers": [
        "DE-W013"
      ],
      "execution_authorized": false
    },
    {
      "id": "DE-W015",
      "title": "Implement minimal native Win32 GUI over fake state",
      "readiness": "blocked",
      "blockers": [
        "DE-W013",
        "DE-W011"
      ],
      "execution_authorized": false
    },
    {
      "id": "DE-W016",
      "title": "Prove same-file process roles without privilege",
      "readiness": "blocked",
      "blockers": [
        "DE-W012",
        "DE-W013"
      ],
      "execution_authorized": false
    },
    {
      "id": "DE-W020",
      "title": "Implement portable checked arithmetic and extents",
      "readiness": "blocked",
      "blockers": [
        "DE-W010"
      ],
      "execution_authorized": false
    },
    {
      "id": "DE-W021",
      "title": "Implement bounded MBR and EBR readers",
      "readiness": "blocked",
      "blockers": [
        "DE-W020"
      ],
      "execution_authorized": false
    },
    {
      "id": "DE-W022",
      "title": "Implement independent GPT readers and diagnostics",
      "readiness": "blocked",
      "blockers": [
        "DE-W020"
      ],
      "execution_authorized": false
    },
    {
      "id": "DE-W023",
      "title": "Build differential corpus and parser fault campaign",
      "readiness": "blocked",
      "blockers": [
        "DE-W021",
        "DE-W022"
      ],
      "execution_authorized": false
    },
    {
      "id": "DE-W024",
      "title": "Expose read-only image inspection in all frontends",
      "readiness": "blocked",
      "blockers": [
        "DE-W014",
        "DE-W015",
        "DE-W021",
        "DE-W022"
      ],
      "execution_authorized": false
    },
    {
      "id": "DE-W030",
      "title": "Implement native NT read-only inventory",
      "readiness": "blocked",
      "blockers": [
        "DE-W023",
        "DE-W024",
        "DE-W017"
      ],
      "execution_authorized": false
    },
    {
      "id": "DE-W031",
      "title": "Qualify initial Windows target launch and frontend matrix",
      "readiness": "blocked",
      "blockers": [
        "DE-W030",
        "DE-W011",
        "DE-W015"
      ],
      "execution_authorized": false
    },
    {
      "id": "DE-W032",
      "title": "Add bounded health observations and redaction",
      "readiness": "blocked",
      "blockers": [
        "DE-W030"
      ],
      "execution_authorized": false
    },
    {
      "id": "DE-W033",
      "title": "Implement resumable image acquisition against fixtures",
      "readiness": "blocked",
      "blockers": [
        "DE-W024",
        "DE-W020",
        "DE-W017"
      ],
      "execution_authorized": false
    },
    {
      "id": "DE-W034",
      "title": "Implement case evidence and reports",
      "readiness": "blocked",
      "blockers": [
        "DE-W032",
        "DE-W033"
      ],
      "execution_authorized": false
    },
    {
      "id": "DE-W040",
      "title": "Design and model runtime journal encoding",
      "readiness": "blocked",
      "blockers": [
        "DE-W023",
        "DE-W016"
      ],
      "execution_authorized": false
    },
    {
      "id": "DE-W041",
      "title": "Implement table mutation only in disposable images",
      "readiness": "blocked",
      "blockers": [
        "DE-W040",
        "DE-W024",
        "DE-W017",
        "DE-DEC-004"
      ],
      "execution_authorized": false
    },
    {
      "id": "DE-W042",
      "title": "Exercise interrupted image recovery and cancellation",
      "readiness": "blocked",
      "blockers": [
        "DE-W041"
      ],
      "execution_authorized": false
    },
    {
      "id": "DE-W050",
      "title": "Design and qualify the elevated NT broker boundary",
      "readiness": "blocked",
      "blockers": [
        "DE-W016",
        "DE-W042"
      ],
      "execution_authorized": false
    },
    {
      "id": "DE-W051",
      "title": "Prepare separately authorized physical qualification procedures",
      "readiness": "blocked",
      "blockers": [
        "DE-W050",
        "DE-DEC-005"
      ],
      "execution_authorized": false
    },
    {
      "id": "DE-W060",
      "title": "Pin and map Universal Setup package integration",
      "readiness": "blocked",
      "blockers": [
        "DE-W010"
      ],
      "execution_authorized": false
    },
    {
      "id": "DE-W061",
      "title": "Verify AIDE WorkUnit export against pinned upstream",
      "readiness": "blocked",
      "blockers": [
        "DE-W000"
      ],
      "execution_authorized": false
    },
    {
      "id": "DE-W070",
      "title": "Inspect and design current JC-DOS/Carbon integration",
      "readiness": "blocked",
      "blockers": [
        "DE-W020"
      ],
      "execution_authorized": false
    },
    {
      "id": "DE-W071",
      "title": "Prototype DOS and OS/2 read-only image profiles",
      "readiness": "blocked",
      "blockers": [
        "DE-W021",
        "DE-W022"
      ],
      "execution_authorized": false
    },
    {
      "id": "DE-W080",
      "title": "Design advanced operation/provider admission slices",
      "readiness": "blocked",
      "blockers": [
        "DE-W042"
      ],
      "execution_authorized": false
    },
    {
      "id": "DE-W090",
      "title": "Ratify licensing and prepare read-only release criteria",
      "readiness": "blocked",
      "blockers": [
        "DE-W031",
        "DE-W034",
        "DE-W063",
        "DE-DEC-001"
      ],
      "execution_authorized": false
    },
    {
      "id": "DE-W017",
      "title": "Measure fake-provider resilience and resource bounds",
      "readiness": "blocked",
      "blockers": [
        "DE-W014",
        "DE-W015",
        "DE-W016"
      ],
      "execution_authorized": false
    },
    {
      "id": "DE-W018",
      "title": "Run early constrained primitive and terminal probes",
      "readiness": "blocked",
      "blockers": [
        "DE-W010"
      ],
      "execution_authorized": false
    },
    {
      "id": "DE-W035",
      "title": "Prototype optional read-only native integration",
      "readiness": "blocked",
      "blockers": [
        "DE-W030",
        "DE-W015",
        "DE-W060"
      ],
      "execution_authorized": false
    },
    {
      "id": "DE-W043",
      "title": "Implement separately admitted image-only formatting",
      "readiness": "blocked",
      "blockers": [
        "DE-W042",
        "DE-DEC-004"
      ],
      "execution_authorized": false
    },
    {
      "id": "DE-W062",
      "title": "Qualify finite carriers and servicing-owner contracts",
      "readiness": "blocked",
      "blockers": [
        "DE-W060"
      ],
      "execution_authorized": false
    },
    {
      "id": "DE-W063",
      "title": "Implement and qualify publication completeness tooling",
      "readiness": "blocked",
      "blockers": [
        "DE-W010"
      ],
      "execution_authorized": false
    }
  ],
  "execution_authorized": false
}
