Microsoft (R) COFF/PE Dumper Version 14.44.35228.0
Copyright (C) Microsoft Corporation.  All rights reserved.


Dump of file D:\Projects\DiskEd\disked\.aide-local\goal-0.1.0\clean-9ba3311f\build\windows-bootstrap\Release\disked.exe

PE signature found

File Type: EXECUTABLE IMAGE

FILE HEADER VALUES
            8664 machine (x64)
               6 number of sections
        6AC4F9AC time date stamp Wed Oct  7 00:37:48 2026
               0 file pointer to symbol table
               0 number of symbols
              F0 size of optional header
              22 characteristics
                   Executable
                   Application can handle large (>2GB) addresses

OPTIONAL HEADER VALUES
             20B magic # (PE32+)
           14.44 linker version
           8DA00 size of code
           32200 size of initialized data
               0 size of uninitialized data
           672F0 entry point (00000001400672F0)
            1000 base of code
       140000000 image base (0000000140000000 to 00000001400C3FFF)
            1000 section alignment
             200 file alignment
           10.00 operating system version
            0.00 image version
           10.00 subsystem version
               0 Win32 version
           C4000 size of image
             400 size of headers
               0 checksum
               3 subsystem (Windows CUI)
            C160 DLL characteristics
                   High Entropy Virtual Addresses
                   Dynamic base
                   NX compatible
                   Control Flow Guard
                   Terminal Server Aware
          100000 size of stack reserve
            1000 size of stack commit
          100000 size of heap reserve
            1000 size of heap commit
               0 loader flags
              10 number of directories
               0 [       0] RVA [size] of Export Directory
           B6564 [      28] RVA [size] of Import Directory
           C2000 [     1C8] RVA [size] of Resource Directory
           BD000 [    4C50] RVA [size] of Exception Directory
               0 [       0] RVA [size] of Certificates Directory
           C3000 [     B68] RVA [size] of Base Relocation Directory
           A82B0 [      1C] RVA [size] of Debug Directory
               0 [       0] RVA [size] of Architecture Directory
               0 [       0] RVA [size] of Global Pointer Directory
           A8480 [      28] RVA [size] of Thread Storage Directory
           A8170 [     140] RVA [size] of Load Configuration Directory
               0 [       0] RVA [size] of Bound Import Directory
           8F000 [     408] RVA [size] of Import Address Table Directory
               0 [       0] RVA [size] of Delay Import Directory
               0 [       0] RVA [size] of COM Descriptor Directory
               0 [       0] RVA [size] of Reserved Directory


SECTION HEADER #1
   .text name
   8D9CC virtual size
    1000 virtual address (0000000140001000 to 000000014008E9CB)
   8DA00 size of raw data
     400 file pointer to raw data (00000400 to 0008DDFF)
       0 file pointer to relocation table
       0 file pointer to line numbers
       0 number of relocations
       0 number of line numbers
60000020 flags
         Code
         Execute Read

SECTION HEADER #2
  .rdata name
   283BE virtual size
   8F000 virtual address (000000014008F000 to 00000001400B73BD)
   28400 size of raw data
   8DE00 file pointer to raw data (0008DE00 to 000B61FF)
       0 file pointer to relocation table
       0 file pointer to line numbers
       0 number of relocations
       0 number of line numbers
40000040 flags
         Initialized Data
         Read Only

  Debug Directories

        Time Type        Size      RVA  Pointer
    -------- ------- -------- -------- --------
    6AC4F9AC coffgrp      404 000A9DDC    A8BDC

SECTION HEADER #3
   .data name
    4074 virtual size
   B8000 virtual address (00000001400B8000 to 00000001400BC073)
    2800 size of raw data
   B6200 file pointer to raw data (000B6200 to 000B89FF)
       0 file pointer to relocation table
       0 file pointer to line numbers
       0 number of relocations
       0 number of line numbers
C0000040 flags
         Initialized Data
         Read Write

SECTION HEADER #4
  .pdata name
    4C50 virtual size
   BD000 virtual address (00000001400BD000 to 00000001400C1C4F)
    4E00 size of raw data
   B8A00 file pointer to raw data (000B8A00 to 000BD7FF)
       0 file pointer to relocation table
       0 file pointer to line numbers
       0 number of relocations
       0 number of line numbers
40000040 flags
         Initialized Data
         Read Only

SECTION HEADER #5
   .rsrc name
     1C8 virtual size
   C2000 virtual address (00000001400C2000 to 00000001400C21C7)
     200 size of raw data
   BD800 file pointer to raw data (000BD800 to 000BD9FF)
       0 file pointer to relocation table
       0 file pointer to line numbers
       0 number of relocations
       0 number of line numbers
40000040 flags
         Initialized Data
         Read Only

SECTION HEADER #6
  .reloc name
     B68 virtual size
   C3000 virtual address (00000001400C3000 to 00000001400C3B67)
     C00 size of raw data
   BDA00 file pointer to raw data (000BDA00 to 000BE5FF)
       0 file pointer to relocation table
       0 file pointer to line numbers
       0 number of relocations
       0 number of line numbers
42000040 flags
         Initialized Data
         Discardable
         Read Only

  Summary

        5000 .data
        5000 .pdata
       29000 .rdata
        1000 .reloc
        1000 .rsrc
       8E000 .text
