Microsoft (R) COFF/PE Dumper Version 14.44.35228.0
Copyright (C) Microsoft Corporation.  All rights reserved.


Dump of file D:\Projects\DiskEd\disked\.aide-local\goal-0.1.0\clean-9a9de03a\build\windows-bootstrap\Release\acquisition_worker_probe.exe

PE signature found

File Type: EXECUTABLE IMAGE

FILE HEADER VALUES
            8664 machine (x64)
               6 number of sections
        6AC7C375 time date stamp Fri Oct  9 03:23:17 2026
               0 file pointer to symbol table
               0 number of symbols
              F0 size of optional header
              22 characteristics
                   Executable
                   Application can handle large (>2GB) addresses

OPTIONAL HEADER VALUES
             20B magic # (PE32+)
           14.44 linker version
           4A800 size of code
           1BC00 size of initialized data
               0 size of uninitialized data
           339B0 entry point (00000001400339B0)
            1000 base of code
       140000000 image base (0000000140000000 to 000000014006AFFF)
            1000 section alignment
             200 file alignment
            6.00 operating system version
            0.00 image version
            6.00 subsystem version
               0 Win32 version
           6B000 size of image
             400 size of headers
               0 checksum
               3 subsystem (Windows CUI)
            C160 DLL characteristics
                   High Entropy Virtual Addresses
                   Dynamic base
                   NX compatible
                   Control Flow Guard
                   Terminal Server Aware
          100000 size of stack reserve
            1000 size of stack commit
          100000 size of heap reserve
            1000 size of heap commit
               0 loader flags
              10 number of directories
               0 [       0] RVA [size] of Export Directory
           61674 [      28] RVA [size] of Import Directory
           69000 [     1E0] RVA [size] of Resource Directory
           66000 [    2B5C] RVA [size] of Exception Directory
               0 [       0] RVA [size] of Certificates Directory
           6A000 [     764] RVA [size] of Base Relocation Directory
           59750 [      1C] RVA [size] of Debug Directory
               0 [       0] RVA [size] of Architecture Directory
               0 [       0] RVA [size] of Global Pointer Directory
               0 [       0] RVA [size] of Thread Storage Directory
           59610 [     140] RVA [size] of Load Configuration Directory
               0 [       0] RVA [size] of Bound Import Directory
           4C000 [     348] RVA [size] of Import Address Table Directory
               0 [       0] RVA [size] of Delay Import Directory
               0 [       0] RVA [size] of COM Descriptor Directory
               0 [       0] RVA [size] of Reserved Directory


SECTION HEADER #1
   .text name
   4A7C6 virtual size
    1000 virtual address (0000000140001000 to 000000014004B7C5)
   4A800 size of raw data
     400 file pointer to raw data (00000400 to 0004ABFF)
       0 file pointer to relocation table
       0 file pointer to line numbers
       0 number of relocations
       0 number of line numbers
60000020 flags
         Code
         Execute Read

SECTION HEADER #2
  .rdata name
   161E8 virtual size
   4C000 virtual address (000000014004C000 to 00000001400621E7)
   16200 size of raw data
   4AC00 file pointer to raw data (0004AC00 to 00060DFF)
       0 file pointer to relocation table
       0 file pointer to line numbers
       0 number of relocations
       0 number of line numbers
40000040 flags
         Initialized Data
         Read Only

  Debug Directories

        Time Type        Size      RVA  Pointer
    -------- ------- -------- -------- --------
    6AC7C375 coffgrp      380 0005A544    59144

SECTION HEADER #3
   .data name
    2310 virtual size
   63000 virtual address (0000000140063000 to 000000014006530F)
    1200 size of raw data
   60E00 file pointer to raw data (00060E00 to 00061FFF)
       0 file pointer to relocation table
       0 file pointer to line numbers
       0 number of relocations
       0 number of line numbers
C0000040 flags
         Initialized Data
         Read Write

SECTION HEADER #4
  .pdata name
    2B5C virtual size
   66000 virtual address (0000000140066000 to 0000000140068B5B)
    2C00 size of raw data
   62000 file pointer to raw data (00062000 to 00064BFF)
       0 file pointer to relocation table
       0 file pointer to line numbers
       0 number of relocations
       0 number of line numbers
40000040 flags
         Initialized Data
         Read Only

SECTION HEADER #5
   .rsrc name
     1E0 virtual size
   69000 virtual address (0000000140069000 to 00000001400691DF)
     200 size of raw data
   64C00 file pointer to raw data (00064C00 to 00064DFF)
       0 file pointer to relocation table
       0 file pointer to line numbers
       0 number of relocations
       0 number of line numbers
40000040 flags
         Initialized Data
         Read Only

SECTION HEADER #6
  .reloc name
     764 virtual size
   6A000 virtual address (000000014006A000 to 000000014006A763)
     800 size of raw data
   64E00 file pointer to raw data (00064E00 to 000655FF)
       0 file pointer to relocation table
       0 file pointer to line numbers
       0 number of relocations
       0 number of line numbers
42000040 flags
         Initialized Data
         Discardable
         Read Only

  Summary

        3000 .data
        3000 .pdata
       17000 .rdata
        1000 .reloc
        1000 .rsrc
       4B000 .text
