Microsoft (R) COFF/PE Dumper Version 14.44.35228.0
Copyright (C) Microsoft Corporation.  All rights reserved.


Dump of file D:\Projects\DiskEd\disked\.aide-local\goal-0.1.0\clean-9a9de03a\build\windows-bootstrap\Release\acquisition_command_probe.exe

PE signature found

File Type: EXECUTABLE IMAGE

FILE HEADER VALUES
            8664 machine (x64)
               6 number of sections
        6AC7C36F time date stamp Fri Oct  9 03:23:11 2026
               0 file pointer to symbol table
               0 number of symbols
              F0 size of optional header
              22 characteristics
                   Executable
                   Application can handle large (>2GB) addresses

OPTIONAL HEADER VALUES
             20B magic # (PE32+)
           14.44 linker version
           6F200 size of code
           2FE00 size of initialized data
               0 size of uninitialized data
           4D330 entry point (000000014004D330)
            1000 base of code
       140000000 image base (0000000140000000 to 00000001400A3FFF)
            1000 section alignment
             200 file alignment
            6.00 operating system version
            0.00 image version
            6.00 subsystem version
               0 Win32 version
           A4000 size of image
             400 size of headers
               0 checksum
               3 subsystem (Windows CUI)
            C160 DLL characteristics
                   High Entropy Virtual Addresses
                   Dynamic base
                   NX compatible
                   Control Flow Guard
                   Terminal Server Aware
          100000 size of stack reserve
            1000 size of stack commit
          100000 size of heap reserve
            1000 size of heap commit
               0 loader flags
              10 number of directories
               0 [       0] RVA [size] of Export Directory
           97994 [      28] RVA [size] of Import Directory
           A2000 [     1E0] RVA [size] of Resource Directory
           9D000 [    4098] RVA [size] of Exception Directory
               0 [       0] RVA [size] of Certificates Directory
           A3000 [     A5C] RVA [size] of Base Relocation Directory
           8BB80 [      1C] RVA [size] of Debug Directory
               0 [       0] RVA [size] of Architecture Directory
               0 [       0] RVA [size] of Global Pointer Directory
           8BD00 [      28] RVA [size] of Thread Storage Directory
           8BA40 [     140] RVA [size] of Load Configuration Directory
               0 [       0] RVA [size] of Bound Import Directory
           71000 [     3A8] RVA [size] of Import Address Table Directory
               0 [       0] RVA [size] of Delay Import Directory
               0 [       0] RVA [size] of COM Descriptor Directory
               0 [       0] RVA [size] of Reserved Directory


SECTION HEADER #1
   .text name
   6F14C virtual size
    1000 virtual address (0000000140001000 to 000000014007014B)
   6F200 size of raw data
     400 file pointer to raw data (00000400 to 0006F5FF)
       0 file pointer to relocation table
       0 file pointer to line numbers
       0 number of relocations
       0 number of line numbers
60000020 flags
         Code
         Execute Read

SECTION HEADER #2
  .rdata name
   27672 virtual size
   71000 virtual address (0000000140071000 to 0000000140098671)
   27800 size of raw data
   6F600 file pointer to raw data (0006F600 to 00096DFF)
       0 file pointer to relocation table
       0 file pointer to line numbers
       0 number of relocations
       0 number of line numbers
40000040 flags
         Initialized Data
         Read Only

  Debug Directories

        Time Type        Size      RVA  Pointer
    -------- ------- -------- -------- --------
    6AC7C36F coffgrp      418 0008D920    8BF20

SECTION HEADER #3
   .data name
    3450 virtual size
   99000 virtual address (0000000140099000 to 000000014009C44F)
    1E00 size of raw data
   96E00 file pointer to raw data (00096E00 to 00098BFF)
       0 file pointer to relocation table
       0 file pointer to line numbers
       0 number of relocations
       0 number of line numbers
C0000040 flags
         Initialized Data
         Read Write

SECTION HEADER #4
  .pdata name
    4098 virtual size
   9D000 virtual address (000000014009D000 to 00000001400A1097)
    4200 size of raw data
   98C00 file pointer to raw data (00098C00 to 0009CDFF)
       0 file pointer to relocation table
       0 file pointer to line numbers
       0 number of relocations
       0 number of line numbers
40000040 flags
         Initialized Data
         Read Only

SECTION HEADER #5
   .rsrc name
     1E0 virtual size
   A2000 virtual address (00000001400A2000 to 00000001400A21DF)
     200 size of raw data
   9CE00 file pointer to raw data (0009CE00 to 0009CFFF)
       0 file pointer to relocation table
       0 file pointer to line numbers
       0 number of relocations
       0 number of line numbers
40000040 flags
         Initialized Data
         Read Only

SECTION HEADER #6
  .reloc name
     A5C virtual size
   A3000 virtual address (00000001400A3000 to 00000001400A3A5B)
     C00 size of raw data
   9D000 file pointer to raw data (0009D000 to 0009DBFF)
       0 file pointer to relocation table
       0 file pointer to line numbers
       0 number of relocations
       0 number of line numbers
42000040 flags
         Initialized Data
         Discardable
         Read Only

  Summary

        4000 .data
        5000 .pdata
       28000 .rdata
        1000 .reloc
        1000 .rsrc
       70000 .text
