Microsoft (R) COFF/PE Dumper Version 14.44.35228.0
Copyright (C) Microsoft Corporation.  All rights reserved.


Dump of file D:\Projects\DiskEd\disked\.aide-local\goal-0.1.0\clean-9a9de03a\build\windows-bootstrap\Release\disked.exe

PE signature found

File Type: EXECUTABLE IMAGE

FILE HEADER VALUES
            8664 machine (x64)
               6 number of sections
        6AC7C389 time date stamp Fri Oct  9 03:23:37 2026
               0 file pointer to symbol table
               0 number of symbols
              F0 size of optional header
              22 characteristics
                   Executable
                   Application can handle large (>2GB) addresses

OPTIONAL HEADER VALUES
             20B magic # (PE32+)
           14.44 linker version
           BD400 size of code
           41A00 size of initialized data
               0 size of uninitialized data
           91BF0 entry point (0000000140091BF0)
            1000 base of code
       140000000 image base (0000000140000000 to 0000000140102FFF)
            1000 section alignment
             200 file alignment
           10.00 operating system version
            0.00 image version
           10.00 subsystem version
               0 Win32 version
          103000 size of image
             400 size of headers
               0 checksum
               3 subsystem (Windows CUI)
            C160 DLL characteristics
                   High Entropy Virtual Addresses
                   Dynamic base
                   NX compatible
                   Control Flow Guard
                   Terminal Server Aware
          100000 size of stack reserve
            1000 size of stack commit
          100000 size of heap reserve
            1000 size of heap commit
               0 loader flags
              10 number of directories
               0 [       0] RVA [size] of Export Directory
           F1D14 [      28] RVA [size] of Import Directory
          101000 [     1C8] RVA [size] of Resource Directory
           FA000 [    66CC] RVA [size] of Exception Directory
               0 [       0] RVA [size] of Certificates Directory
          102000 [     CC4] RVA [size] of Base Relocation Directory
           DE080 [      1C] RVA [size] of Debug Directory
               0 [       0] RVA [size] of Architecture Directory
               0 [       0] RVA [size] of Global Pointer Directory
           DE200 [      28] RVA [size] of Thread Storage Directory
           DDF40 [     140] RVA [size] of Load Configuration Directory
               0 [       0] RVA [size] of Bound Import Directory
           BF000 [     470] RVA [size] of Import Address Table Directory
               0 [       0] RVA [size] of Delay Import Directory
               0 [       0] RVA [size] of COM Descriptor Directory
               0 [       0] RVA [size] of Reserved Directory


SECTION HEADER #1
   .text name
   BD2AC virtual size
    1000 virtual address (0000000140001000 to 00000001400BE2AB)
   BD400 size of raw data
     400 file pointer to raw data (00000400 to 000BD7FF)
       0 file pointer to relocation table
       0 file pointer to line numbers
       0 number of relocations
       0 number of line numbers
60000020 flags
         Code
         Execute Read

SECTION HEADER #2
  .rdata name
   33CF8 virtual size
   BF000 virtual address (00000001400BF000 to 00000001400F2CF7)
   33E00 size of raw data
   BD800 file pointer to raw data (000BD800 to 000F15FF)
       0 file pointer to relocation table
       0 file pointer to line numbers
       0 number of relocations
       0 number of line numbers
40000040 flags
         Initialized Data
         Read Only

  Debug Directories

        Time Type        Size      RVA  Pointer
    -------- ------- -------- -------- --------
    6AC7C389 coffgrp      404 000E08D0    DF0D0

SECTION HEADER #3
   .data name
    6254 virtual size
   F3000 virtual address (00000001400F3000 to 00000001400F9253)
    4800 size of raw data
   F1600 file pointer to raw data (000F1600 to 000F5DFF)
       0 file pointer to relocation table
       0 file pointer to line numbers
       0 number of relocations
       0 number of line numbers
C0000040 flags
         Initialized Data
         Read Write

SECTION HEADER #4
  .pdata name
    66CC virtual size
   FA000 virtual address (00000001400FA000 to 00000001401006CB)
    6800 size of raw data
   F5E00 file pointer to raw data (000F5E00 to 000FC5FF)
       0 file pointer to relocation table
       0 file pointer to line numbers
       0 number of relocations
       0 number of line numbers
40000040 flags
         Initialized Data
         Read Only

SECTION HEADER #5
   .rsrc name
     1C8 virtual size
  101000 virtual address (0000000140101000 to 00000001401011C7)
     200 size of raw data
   FC600 file pointer to raw data (000FC600 to 000FC7FF)
       0 file pointer to relocation table
       0 file pointer to line numbers
       0 number of relocations
       0 number of line numbers
40000040 flags
         Initialized Data
         Read Only

SECTION HEADER #6
  .reloc name
     CC4 virtual size
  102000 virtual address (0000000140102000 to 0000000140102CC3)
     E00 size of raw data
   FC800 file pointer to raw data (000FC800 to 000FD5FF)
       0 file pointer to relocation table
       0 file pointer to line numbers
       0 number of relocations
       0 number of line numbers
42000040 flags
         Initialized Data
         Discardable
         Read Only

  Summary

        7000 .data
        7000 .pdata
       34000 .rdata
        1000 .reloc
        1000 .rsrc
       BE000 .text
