check exit 0
manifest exit 0
freshness exit 0
context exit 0
verify-context exit 0
disked-headers exit 0
disked-imports exit 0
disked-dependents exit 0
verification_command_probe-headers exit 0
verification_command_probe-imports exit 0
verification_command_probe-dependents exit 0
verification_command_fault-headers exit 0
verification_command_fault-imports exit 0
verification_command_fault-dependents exit 0
verification_worker_probe-headers exit 0
verification_worker_probe-imports exit 0
verification_worker_probe-dependents exit 0
launch exit 0
discovery exit 0
spec-tests exit 0
Clean private DE-W034 shared verification commands/events PASS at 178da19408530799d3add84f10f8c9d1447aac64
