MSBuild version 17.14.51+25f168cee for .NET Framework

  1>Bind current Git revision and native input bytes
  disked_json.vcxproj -> D:\Projects\DiskEd\disked\build\windows-bootstrap\Release\disked_json.lib
  disked_hash.vcxproj -> D:\Projects\DiskEd\disked\build\windows-bootstrap\Release\disked_hash.lib
  disked_acquisition.vcxproj -> D:\Projects\DiskEd\disked\build\windows-bootstrap\Release\disked_acquisition.lib
  disked_health_observation.vcxproj -> D:\Projects\DiskEd\disked\build\windows-bootstrap\Release\disked_health_observation.lib
  disked_presentation.vcxproj -> D:\Projects\DiskEd\disked\build\windows-bootstrap\Release\disked_presentation.lib
  disked_local_file.vcxproj -> D:\Projects\DiskEd\disked\build\windows-bootstrap\Release\disked_local_file.lib
  disked_case_evidence.vcxproj -> D:\Projects\DiskEd\disked\build\windows-bootstrap\Release\disked_case_evidence.lib
  disked_report_export.vcxproj -> D:\Projects\DiskEd\disked\build\windows-bootstrap\Release\disked_report_export.lib
  disked_file_image_verification.vcxproj -> D:\Projects\DiskEd\disked\build\windows-bootstrap\Release\disked_file_image_verification.lib
  disked_file_case_source.vcxproj -> D:\Projects\DiskEd\disked\build\windows-bootstrap\Release\disked_file_case_source.lib
  verification_commands.cpp
  disked_verification_commands.vcxproj -> D:\Projects\DiskEd\disked\build\windows-bootstrap\Release\disked_verification_commands.lib
  disked_verification_observation.vcxproj -> D:\Projects\DiskEd\disked\build\windows-bootstrap\Release\disked_verification_observation.lib
  verification_worker.cpp
  verification_command_probe.cpp
  Generating Code...
  verification_command_probe.vcxproj -> D:\Projects\DiskEd\disked\build\windows-bootstrap\Release\verification_command_probe.exe
MSBuild version 17.14.51+25f168cee for .NET Framework

  1>Bind current Git revision and native input bytes
  disked_json.vcxproj -> D:\Projects\DiskEd\disked\build\windows-bootstrap\Release\disked_json.lib
  disked_hash.vcxproj -> D:\Projects\DiskEd\disked\build\windows-bootstrap\Release\disked_hash.lib
  disked_acquisition.vcxproj -> D:\Projects\DiskEd\disked\build\windows-bootstrap\Release\disked_acquisition.lib
  disked_health_observation.vcxproj -> D:\Projects\DiskEd\disked\build\windows-bootstrap\Release\disked_health_observation.lib
  disked_local_file.vcxproj -> D:\Projects\DiskEd\disked\build\windows-bootstrap\Release\disked_local_file.lib
  disked_presentation.vcxproj -> D:\Projects\DiskEd\disked\build\windows-bootstrap\Release\disked_presentation.lib
  disked_case_evidence.vcxproj -> D:\Projects\DiskEd\disked\build\windows-bootstrap\Release\disked_case_evidence.lib
  disked_report_export.vcxproj -> D:\Projects\DiskEd\disked\build\windows-bootstrap\Release\disked_report_export.lib
  disked_file_image_verification.vcxproj -> D:\Projects\DiskEd\disked\build\windows-bootstrap\Release\disked_file_image_verification.lib
  disked_verification_commands.vcxproj -> D:\Projects\DiskEd\disked\build\windows-bootstrap\Release\disked_verification_commands.lib
  disked_file_case_source.vcxproj -> D:\Projects\DiskEd\disked\build\windows-bootstrap\Release\disked_file_case_source.lib
  disked_verification_observation.vcxproj -> D:\Projects\DiskEd\disked\build\windows-bootstrap\Release\disked_verification_observation.lib
  verification_worker.cpp
  verification_command_probe.cpp
  Generating Code...
  verification_command_fault.vcxproj -> D:\Projects\DiskEd\disked\build\windows-bootstrap\Release\verification_command_fault.exe
