{
  "output": ".aide-local\\context\\DE-W018-primitive-final",
  "bytes": 237147,
  "concepts": [
    "DE-001",
    "DE-002",
    "DE-005",
    "DE-010",
    "DE-030",
    "DE-020",
    "DE-021",
    "DE-022",
    "DE-033",
    "DE-040",
    "DE-003",
    "DE-004",
    "DE-070",
    "DE-041",
    "DE-042",
    "DE-043",
    "DE-044",
    "DE-074",
    "DE-075",
    "DE-011",
    "DE-012",
    "DE-031",
    "DE-051",
    "DE-023",
    "DE-024",
    "DE-015",
    "DE-045",
    "DE-026"
  ],
  "execution_authorized": false
}
