Failed fixture retained: D:\Projects\DiskEd\disked\.aide-local\disked-acq-worker-7nxp43ne
Traceback (most recent call last):
  File "D:\Projects\DiskEd\disked\tests\evidence\test_export_commands.py", line 163, in <module>
    if __name__=='__main__':raise SystemExit(main())
                                             ~~~~^^
  File "D:\Projects\DiskEd\disked\tests\evidence\test_export_commands.py", line 143, in main
    fp,fq=fault_fixture('cancel-before-create')
          ~~~~~~~~~~~~~^^^^^^^^^^^^^^^^^^^^^^^^
  File "D:\Projects\DiskEd\disked\tests\evidence\test_export_commands.py", line 127, in fault_fixture
    p=fixture(name);r=call(name+'-prepare',dict(mode='request',request=frame(p)),exe=fault)['result']
                      ~~~~^^^^^^^^^^^^^^^^^^^^^^^^^^^^^^^^^^^^^^^^^^^^^^^^^^^^^^^^^^^^^^^^^
  File "D:\Projects\DiskEd\disked\tests\evidence\test_export_commands.py", line 23, in call
    p=subprocess.run([str(exe)],input=canonical(value),capture_output=True,cwd=root,env=dict(env,**(extra or {})),timeout=15)
  File "C:\Program Files\Python314\Lib\subprocess.py", line 555, in run
    with Popen(*popenargs, **kwargs) as process:
         ~~~~~^^^^^^^^^^^^^^^^^^^^^^
  File "C:\Program Files\Python314\Lib\subprocess.py", line 1039, in __init__
    self._execute_child(args, executable, preexec_fn, close_fds,
    ~~~~~~~~~~~~~~~~~~~^^^^^^^^^^^^^^^^^^^^^^^^^^^^^^^^^^^^^^^^^
                        pass_fds, cwd, env,
                        ^^^^^^^^^^^^^^^^^^^
    ...<5 lines>...
                        gid, gids, uid, umask,
                        ^^^^^^^^^^^^^^^^^^^^^^
                        start_new_session, process_group)
                        ^^^^^^^^^^^^^^^^^^^^^^^^^^^^^^^^^
  File "C:\Program Files\Python314\Lib\subprocess.py", line 1553, in _execute_child
    hp, ht, pid, tid = _winapi.CreateProcess(executable, args,
                       ~~~~~~~~~~~~~~~~~~~~~^^^^^^^^^^^^^^^^^^
                             # no special security
                             ^^^^^^^^^^^^^^^^^^^^^
    ...<4 lines>...
                             cwd,
                             ^^^^
                             startupinfo)
                             ^^^^^^^^^^^^
FileNotFoundError: [WinError 2] The system cannot find the file specified
