Microsoft (R) COFF/PE Dumper Version 14.16.27054.0
Copyright (C) Microsoft Corporation.  All rights reserved.


Dump of file D:\Projects\DiskEd\disked\.aide-local\goal-0.1.0\primitive-clean-cca910c1\msvc2017-x86\primitive-probe.exe

PE signature found

File Type: EXECUTABLE IMAGE

FILE HEADER VALUES
             14C machine (x86)
               4 number of sections
        6AC53F4F time date stamp Wed Oct  7 05:34:55 2026
               0 file pointer to symbol table
               0 number of symbols
              E0 size of optional header
             102 characteristics
                   Executable
                   32 bit word machine

OPTIONAL HEADER VALUES
             10B magic # (PE32)
           14.16 linker version
           12200 size of code
            8C00 size of initialized data
               0 size of uninitialized data
            24AA entry point (004024AA)
            1000 base of code
           14000 base of data
          400000 image base (00400000 to 0041DFFF)
            1000 section alignment
             200 file alignment
            6.00 operating system version
            0.00 image version
            6.00 subsystem version
               0 Win32 version
           1E000 size of image
             400 size of headers
               0 checksum
               3 subsystem (Windows CUI)
            8140 DLL characteristics
                   Dynamic base
                   NX compatible
                   Terminal Server Aware
          100000 size of stack reserve
            1000 size of stack commit
          100000 size of heap reserve
            1000 size of heap commit
               0 loader flags
              10 number of directories
               0 [       0] RVA [size] of Export Directory
           1A134 [      28] RVA [size] of Import Directory
               0 [       0] RVA [size] of Resource Directory
               0 [       0] RVA [size] of Exception Directory
               0 [       0] RVA [size] of Certificates Directory
           1D000 [     F54] RVA [size] of Base Relocation Directory
           199B0 [      1C] RVA [size] of Debug Directory
               0 [       0] RVA [size] of Architecture Directory
               0 [       0] RVA [size] of Global Pointer Directory
               0 [       0] RVA [size] of Thread Storage Directory
           199D0 [      40] RVA [size] of Load Configuration Directory
               0 [       0] RVA [size] of Bound Import Directory
           14000 [     10C] RVA [size] of Import Address Table Directory
               0 [       0] RVA [size] of Delay Import Directory
               0 [       0] RVA [size] of COM Descriptor Directory
               0 [       0] RVA [size] of Reserved Directory


SECTION HEADER #1
   .text name
   1212B virtual size
    1000 virtual address (00401000 to 0041312A)
   12200 size of raw data
     400 file pointer to raw data (00000400 to 000125FF)
       0 file pointer to relocation table
       0 file pointer to line numbers
       0 number of relocations
       0 number of line numbers
60000020 flags
         Code
         Execute Read

SECTION HEADER #2
  .rdata name
    6740 virtual size
   14000 virtual address (00414000 to 0041A73F)
    6800 size of raw data
   12600 file pointer to raw data (00012600 to 00018DFF)
       0 file pointer to relocation table
       0 file pointer to line numbers
       0 number of relocations
       0 number of line numbers
40000040 flags
         Initialized Data
         Read Only

  Debug Directories

        Time Type        Size      RVA  Pointer
    -------- ------- -------- -------- --------
    6AC53F4F coffgrp      268 00019A7C    1807C

SECTION HEADER #3
   .data name
    12FC virtual size
   1B000 virtual address (0041B000 to 0041C2FB)
     A00 size of raw data
   18E00 file pointer to raw data (00018E00 to 000197FF)
       0 file pointer to relocation table
       0 file pointer to line numbers
       0 number of relocations
       0 number of line numbers
C0000040 flags
         Initialized Data
         Read Write

SECTION HEADER #4
  .reloc name
     F54 virtual size
   1D000 virtual address (0041D000 to 0041DF53)
    1000 size of raw data
   19800 file pointer to raw data (00019800 to 0001A7FF)
       0 file pointer to relocation table
       0 file pointer to line numbers
       0 number of relocations
       0 number of line numbers
42000040 flags
         Initialized Data
         Discardable
         Read Only

  Summary

        2000 .data
        7000 .rdata
        1000 .reloc
       13000 .text
