Test project D:/Projects/DiskEd/disked/.aide-local/goal-0.1.0/clean-image-observation-992b2d0a/build/windows-bootstrap
      Start  1: frontend.product_export
 1/71 Test  #1: frontend.product_export ...................   Passed   12.48 sec
      Start  2: frontend.gui_capture
 2/71 Test  #2: frontend.gui_capture ......................   Passed    0.83 sec
      Start  3: evidence.report_process_identity
 3/71 Test  #3: evidence.report_process_identity ..........   Passed    3.29 sec
      Start  4: operation.directory_pins
 4/71 Test  #4: operation.directory_pins ..................   Passed    0.35 sec
      Start  5: evidence.acquisition_export
 5/71 Test  #5: evidence.acquisition_export ...............   Passed    2.87 sec
      Start  6: evidence.report_worker
 6/71 Test  #6: evidence.report_worker ....................   Passed   19.77 sec
      Start  7: evidence.export_commands
 7/71 Test  #7: evidence.export_commands ..................   Passed    8.65 sec
      Start  8: evidence.report_watch
 8/71 Test  #8: evidence.report_watch .....................   Passed   19.42 sec
      Start  9: evidence.acquisition_case
 9/71 Test  #9: evidence.acquisition_case .................   Passed    7.81 sec
      Start 10: evidence.export_model
10/71 Test #10: evidence.export_model .....................   Passed    1.73 sec
      Start 11: evidence.file_export
11/71 Test #11: evidence.file_export ......................   Passed   10.20 sec
      Start 12: evidence.acquired_image_verification
12/71 Test #12: evidence.acquired_image_verification ......   Passed    3.27 sec
      Start 13: evidence.image_verification_observation
13/71 Test #13: evidence.image_verification_observation ...   Passed    3.75 sec
      Start 14: evidence.case_model
14/71 Test #14: evidence.case_model .......................   Passed    3.46 sec
      Start 15: health.observation_model
15/71 Test #15: health.observation_model ..................   Passed    0.26 sec
      Start 16: health.command
16/71 Test #16: health.command ............................   Passed    2.87 sec
      Start 17: journal.semantic_reader
17/71 Test #17: journal.semantic_reader ...................   Passed   12.89 sec
      Start 18: journal.guarded_model
18/71 Test #18: journal.guarded_model .....................   Passed    1.86 sec
      Start 19: journal.model_binary_producer
19/71 Test #19: journal.model_binary_producer .............   Passed    2.58 sec
      Start 20: journal.repeated_crash_audit
20/71 Test #20: journal.repeated_crash_audit ..............   Passed    4.19 sec
      Start 21: journal.plan_definitions
21/71 Test #21: journal.plan_definitions ..................   Passed    0.40 sec
      Start 22: journal.binary_codec
22/71 Test #22: journal.binary_codec ......................   Passed    0.26 sec
      Start 23: frontend.acquisition_forms
23/71 Test #23: frontend.acquisition_forms ................   Passed    2.32 sec
      Start 24: frontend.acquisition_interactive
24/71 Test #24: frontend.acquisition_interactive ..........   Passed   36.07 sec
      Start 25: image.acquisition_commands
25/71 Test #25: image.acquisition_commands ................   Passed   16.27 sec
      Start 26: image.acquisition_operations
26/71 Test #26: image.acquisition_operations ..............   Passed   11.08 sec
      Start 27: image.acquisition_worker
27/71 Test #27: image.acquisition_worker ..................   Passed   27.85 sec
      Start 28: image.file_acquisition
28/71 Test #28: image.file_acquisition ....................   Passed   21.01 sec
      Start 29: image.parent_pins
29/71 Test #29: image.parent_pins .........................   Passed    0.90 sec
      Start 30: image.acquisition_pipeline
30/71 Test #30: image.acquisition_pipeline ................   Passed    4.65 sec
      Start 31: image.shared_commands
31/71 Test #31: image.shared_commands .....................   Passed   18.21 sec
      Start 32: image.file_capture
32/71 Test #32: image.file_capture ........................   Passed    3.62 sec
      Start 33: image.map_observation
33/71 Test #33: image.map_observation .....................   Passed    1.59 sec
      Start 34: portable.gpt
34/71 Test #34: portable.gpt ..............................   Passed    3.45 sec
      Start 35: portable.gpt_guard
35/71 Test #35: portable.gpt_guard ........................   Passed    0.02 sec
      Start 36: portable.mbr_ebr
36/71 Test #36: portable.mbr_ebr ..........................   Passed    1.21 sec
      Start 37: portable.mbr_guard
37/71 Test #37: portable.mbr_guard ........................   Passed    0.02 sec
      Start 38: portable.checked
38/71 Test #38: portable.checked ..........................   Passed    0.31 sec
      Start 39: portable.c_cpp_linkage
39/71 Test #39: portable.c_cpp_linkage ....................   Passed    0.04 sec
      Start 40: operation.watch_reader
40/71 Test #40: operation.watch_reader ....................   Passed    0.42 sec
      Start 41: resilience.capture
41/71 Test #41: resilience.capture ........................   Passed    0.50 sec
      Start 42: resilience.request_channel
42/71 Test #42: resilience.request_channel ................   Passed    0.38 sec
      Start 43: shell.model
43/71 Test #43: shell.model ...............................   Passed    1.34 sec
      Start 44: operation.reducer
44/71 Test #44: operation.reducer .........................   Passed    0.72 sec
      Start 45: frontend.gui_model
45/71 Test #45: frontend.gui_model ........................   Passed    0.58 sec
      Start 46: frontend.gui_windows
46/71 Test #46: frontend.gui_windows ......................   Passed    2.31 sec
      Start 47: frontend.tui_model
47/71 Test #47: frontend.tui_model ........................   Passed    0.41 sec
      Start 48: frontend.tui_windows
48/71 Test #48: frontend.tui_windows ......................   Passed    3.78 sec
      Start 49: shell.windows
49/71 Test #49: shell.windows .............................   Passed    6.55 sec
      Start 50: frontend.service
50/71 Test #50: frontend.service ..........................   Passed    0.37 sec
      Start 51: frontend.transport
51/71 Test #51: frontend.transport ........................   Passed    1.23 sec
      Start 52: invocation.policy
52/71 Test #52: invocation.policy .........................   Passed    5.54 sec
      Start 53: protocol.compatible_reader
53/71 Test #53: protocol.compatible_reader ................   Passed    0.75 sec
      Start 54: command.syntax
54/71 Test #54: command.syntax ............................   Passed   10.08 sec
      Start 55: protocol.json_codec
55/71 Test #55: protocol.json_codec .......................   Passed    2.84 sec
      Start 56: operation.watch
56/71 Test #56: operation.watch ...........................   Passed   30.99 sec
      Start 57: resilience.capture_campaign
57/71 Test #57: resilience.capture_campaign ...............   Passed   11.47 sec
      Start 58: resilience.frontend_memory
58/71 Test #58: resilience.frontend_memory ................   Passed    7.02 sec
      Start 59: resilience.store_failures
59/71 Test #59: resilience.store_failures .................   Passed   16.75 sec
      Start 60: resilience.request_waiting
60/71 Test #60: resilience.request_waiting ................   Passed   19.55 sec
      Start 61: resilience.output_waiting
61/71 Test #61: resilience.output_waiting .................   Passed   17.62 sec
      Start 62: operation.worker
62/71 Test #62: operation.worker ..........................   Passed   20.51 sec
      Start 63: resilience.gui_waiting
63/71 Test #63: resilience.gui_waiting ....................   Passed    6.32 sec
      Start 64: resilience.console_waiting
64/71 Test #64: resilience.console_waiting ................   Passed   12.70 sec
      Start 65: resilience.worker_budget
65/71 Test #65: resilience.worker_budget ..................   Passed    8.15 sec
      Start 66: disked.invocation
66/71 Test #66: disked.invocation .........................   Passed    1.37 sec
      Start 67: disked.acceptance
67/71 Test #67: disked.acceptance .........................   Passed    2.91 sec
      Start 68: disked_provider_guard.invocation
68/71 Test #68: disked_provider_guard.invocation ..........   Passed    1.45 sec
      Start 69: disked_provider_guard.acceptance
69/71 Test #69: disked_provider_guard.acceptance ..........   Passed    3.03 sec
      Start 70: provider_guard.positive_control
70/71 Test #70: provider_guard.positive_control ...........   Passed    0.16 sec
      Start 71: artifacts.archive_completeness
71/71 Test #71: artifacts.archive_completeness ............   Passed    1.41 sec

100% tests passed, 0 tests failed out of 71

Total Test time (real) = 471.08 sec
