Microsoft (R) COFF/PE Dumper Version 14.44.35228.0
Copyright (C) Microsoft Corporation.  All rights reserved.


Dump of file D:\Projects\DiskEd\disked\.aide-local\goal-0.1.0\clean-image-observation-992b2d0a\build\windows-bootstrap\Release\image_verification_observation_probe.exe

PE signature found

File Type: EXECUTABLE IMAGE

FILE HEADER VALUES
            8664 machine (x64)
               6 number of sections
        6AC8E9F6 time date stamp Sat Oct 10 00:19:50 2026
               0 file pointer to symbol table
               0 number of symbols
              F0 size of optional header
              22 characteristics
                   Executable
                   Application can handle large (>2GB) addresses

OPTIONAL HEADER VALUES
             20B magic # (PE32+)
           14.44 linker version
           51C00 size of code
           1D800 size of initialized data
               0 size of uninitialized data
           3A760 entry point (000000014003A760)
            1000 base of code
       140000000 image base (0000000140000000 to 0000000140072FFF)
            1000 section alignment
             200 file alignment
            6.00 operating system version
            0.00 image version
            6.00 subsystem version
               0 Win32 version
           73000 size of image
             400 size of headers
               0 checksum
               3 subsystem (Windows CUI)
            C160 DLL characteristics
                   High Entropy Virtual Addresses
                   Dynamic base
                   NX compatible
                   Control Flow Guard
                   Terminal Server Aware
          100000 size of stack reserve
            1000 size of stack commit
          100000 size of heap reserve
            1000 size of heap commit
               0 loader flags
              10 number of directories
               0 [       0] RVA [size] of Export Directory
           6A42C [      28] RVA [size] of Import Directory
           71000 [     1E0] RVA [size] of Resource Directory
           6E000 [    2D00] RVA [size] of Exception Directory
               0 [       0] RVA [size] of Certificates Directory
           72000 [     75C] RVA [size] of Base Relocation Directory
           61110 [      1C] RVA [size] of Debug Directory
               0 [       0] RVA [size] of Architecture Directory
               0 [       0] RVA [size] of Global Pointer Directory
               0 [       0] RVA [size] of Thread Storage Directory
           60FD0 [     140] RVA [size] of Load Configuration Directory
               0 [       0] RVA [size] of Bound Import Directory
           53000 [     2B0] RVA [size] of Import Address Table Directory
               0 [       0] RVA [size] of Delay Import Directory
               0 [       0] RVA [size] of COM Descriptor Directory
               0 [       0] RVA [size] of Reserved Directory


SECTION HEADER #1
   .text name
   51A66 virtual size
    1000 virtual address (0000000140001000 to 0000000140052A65)
   51C00 size of raw data
     400 file pointer to raw data (00000400 to 00051FFF)
       0 file pointer to relocation table
       0 file pointer to line numbers
       0 number of relocations
       0 number of line numbers
60000020 flags
         Code
         Execute Read

SECTION HEADER #2
  .rdata name
   17D64 virtual size
   53000 virtual address (0000000140053000 to 000000014006AD63)
   17E00 size of raw data
   52000 file pointer to raw data (00052000 to 00069DFF)
       0 file pointer to relocation table
       0 file pointer to line numbers
       0 number of relocations
       0 number of line numbers
40000040 flags
         Initialized Data
         Read Only

  Debug Directories

        Time Type        Size      RVA  Pointer
    -------- ------- -------- -------- --------
    6AC8E9F6 coffgrp      380 000620B4    610B4

SECTION HEADER #3
   .data name
    21D0 virtual size
   6B000 virtual address (000000014006B000 to 000000014006D1CF)
    1200 size of raw data
   69E00 file pointer to raw data (00069E00 to 0006AFFF)
       0 file pointer to relocation table
       0 file pointer to line numbers
       0 number of relocations
       0 number of line numbers
C0000040 flags
         Initialized Data
         Read Write

SECTION HEADER #4
  .pdata name
    2D00 virtual size
   6E000 virtual address (000000014006E000 to 0000000140070CFF)
    2E00 size of raw data
   6B000 file pointer to raw data (0006B000 to 0006DDFF)
       0 file pointer to relocation table
       0 file pointer to line numbers
       0 number of relocations
       0 number of line numbers
40000040 flags
         Initialized Data
         Read Only

SECTION HEADER #5
   .rsrc name
     1E0 virtual size
   71000 virtual address (0000000140071000 to 00000001400711DF)
     200 size of raw data
   6DE00 file pointer to raw data (0006DE00 to 0006DFFF)
       0 file pointer to relocation table
       0 file pointer to line numbers
       0 number of relocations
       0 number of line numbers
40000040 flags
         Initialized Data
         Read Only

SECTION HEADER #6
  .reloc name
     75C virtual size
   72000 virtual address (0000000140072000 to 000000014007275B)
     800 size of raw data
   6E000 file pointer to raw data (0006E000 to 0006E7FF)
       0 file pointer to relocation table
       0 file pointer to line numbers
       0 number of relocations
       0 number of line numbers
42000040 flags
         Initialized Data
         Discardable
         Read Only

  Summary

        3000 .data
        3000 .pdata
       18000 .rdata
        1000 .reloc
        1000 .rsrc
       52000 .text
