Microsoft (R) COFF/PE Dumper Version 14.44.35228.0
Copyright (C) Microsoft Corporation.  All rights reserved.


Dump of file D:\Projects\DiskEd\disked\.aide-local\goal-0.1.0\primitive-msvc-first\primitive-probe.exe

PE signature found

File Type: EXECUTABLE IMAGE

FILE HEADER VALUES
            8664 machine (x64)
               5 number of sections
        6AC53CDF time date stamp Wed Oct  7 05:24:31 2026
               0 file pointer to symbol table
               0 number of symbols
              F0 size of optional header
              22 characteristics
                   Executable
                   Application can handle large (>2GB) addresses

OPTIONAL HEADER VALUES
             20B magic # (PE32+)
           14.44 linker version
           12E00 size of code
            DC00 size of initialized data
               0 size of uninitialized data
            2220 entry point (0000000140002220)
            1000 base of code
       140000000 image base (0000000140000000 to 0000000140023FFF)
            1000 section alignment
             200 file alignment
            6.00 operating system version
            0.00 image version
            6.00 subsystem version
               0 Win32 version
           24000 size of image
             400 size of headers
               0 checksum
               3 subsystem (Windows CUI)
            8160 DLL characteristics
                   High Entropy Virtual Addresses
                   Dynamic base
                   NX compatible
                   Terminal Server Aware
          100000 size of stack reserve
            1000 size of stack commit
          100000 size of heap reserve
            1000 size of heap commit
               0 loader flags
              10 number of directories
               0 [       0] RVA [size] of Export Directory
           1DC50 [      28] RVA [size] of Import Directory
               0 [       0] RVA [size] of Resource Directory
           21000 [    111C] RVA [size] of Exception Directory
               0 [       0] RVA [size] of Certificates Directory
           23000 [     670] RVA [size] of Base Relocation Directory
           1C7C0 [      1C] RVA [size] of Debug Directory
               0 [       0] RVA [size] of Architecture Directory
               0 [       0] RVA [size] of Global Pointer Directory
               0 [       0] RVA [size] of Thread Storage Directory
           1C680 [     140] RVA [size] of Load Configuration Directory
               0 [       0] RVA [size] of Bound Import Directory
           14000 [     230] RVA [size] of Import Address Table Directory
               0 [       0] RVA [size] of Delay Import Directory
               0 [       0] RVA [size] of COM Descriptor Directory
               0 [       0] RVA [size] of Reserved Directory


SECTION HEADER #1
   .text name
   12C10 virtual size
    1000 virtual address (0000000140001000 to 0000000140013C0F)
   12E00 size of raw data
     400 file pointer to raw data (00000400 to 000131FF)
       0 file pointer to relocation table
       0 file pointer to line numbers
       0 number of relocations
       0 number of line numbers
60000020 flags
         Code
         Execute Read

SECTION HEADER #2
  .rdata name
    A3C0 virtual size
   14000 virtual address (0000000140014000 to 000000014001E3BF)
    A400 size of raw data
   13200 file pointer to raw data (00013200 to 0001D5FF)
       0 file pointer to relocation table
       0 file pointer to line numbers
       0 number of relocations
       0 number of line numbers
40000040 flags
         Initialized Data
         Read Only

  Debug Directories

        Time Type        Size      RVA  Pointer
    -------- ------- -------- -------- --------
    6AC53CDF coffgrp      2C0 0001CA58    1BC58

SECTION HEADER #3
   .data name
    1C30 virtual size
   1F000 virtual address (000000014001F000 to 0000000140020C2F)
     C00 size of raw data
   1D600 file pointer to raw data (0001D600 to 0001E1FF)
       0 file pointer to relocation table
       0 file pointer to line numbers
       0 number of relocations
       0 number of line numbers
C0000040 flags
         Initialized Data
         Read Write

SECTION HEADER #4
  .pdata name
    111C virtual size
   21000 virtual address (0000000140021000 to 000000014002211B)
    1200 size of raw data
   1E200 file pointer to raw data (0001E200 to 0001F3FF)
       0 file pointer to relocation table
       0 file pointer to line numbers
       0 number of relocations
       0 number of line numbers
40000040 flags
         Initialized Data
         Read Only

SECTION HEADER #5
  .reloc name
     670 virtual size
   23000 virtual address (0000000140023000 to 000000014002366F)
     800 size of raw data
   1F400 file pointer to raw data (0001F400 to 0001FBFF)
       0 file pointer to relocation table
       0 file pointer to line numbers
       0 number of relocations
       0 number of line numbers
42000040 flags
         Initialized Data
         Discardable
         Read Only

  Summary

        2000 .data
        2000 .pdata
        B000 .rdata
        1000 .reloc
       13000 .text
