Microsoft (R) COFF/PE Dumper Version 14.44.35228.0
Copyright (C) Microsoft Corporation.  All rights reserved.


Dump of file D:\Projects\DiskEd\disked\.aide-local\goal-0.1.0\clean-99d9befb\build\windows-bootstrap\Release\acquisition_probe.exe

PE signature found

File Type: EXECUTABLE IMAGE

FILE HEADER VALUES
            8664 machine (x64)
               6 number of sections
        6AC79900 time date stamp Fri Oct  9 00:22:08 2026
               0 file pointer to symbol table
               0 number of symbols
              F0 size of optional header
              22 characteristics
                   Executable
                   Application can handle large (>2GB) addresses

OPTIONAL HEADER VALUES
             20B magic # (PE32+)
           14.44 linker version
           29800 size of code
           12C00 size of initialized data
               0 size of uninitialized data
           14EB0 entry point (0000000140014EB0)
            1000 base of code
       140000000 image base (0000000140000000 to 000000014003FFFF)
            1000 section alignment
             200 file alignment
            6.00 operating system version
            0.00 image version
            6.00 subsystem version
               0 Win32 version
           40000 size of image
             400 size of headers
               0 checksum
               3 subsystem (Windows CUI)
            C160 DLL characteristics
                   High Entropy Virtual Addresses
                   Dynamic base
                   NX compatible
                   Control Flow Guard
                   Terminal Server Aware
          100000 size of stack reserve
            1000 size of stack commit
          100000 size of heap reserve
            1000 size of heap commit
               0 loader flags
              10 number of directories
               0 [       0] RVA [size] of Export Directory
           38A2C [      28] RVA [size] of Import Directory
           3E000 [     1E0] RVA [size] of Resource Directory
           3C000 [    1E48] RVA [size] of Exception Directory
               0 [       0] RVA [size] of Certificates Directory
           3F000 [     6F0] RVA [size] of Base Relocation Directory
           347E0 [      1C] RVA [size] of Debug Directory
               0 [       0] RVA [size] of Architecture Directory
               0 [       0] RVA [size] of Global Pointer Directory
               0 [       0] RVA [size] of Thread Storage Directory
           346A0 [     140] RVA [size] of Load Configuration Directory
               0 [       0] RVA [size] of Bound Import Directory
           2B000 [     248] RVA [size] of Import Address Table Directory
               0 [       0] RVA [size] of Delay Import Directory
               0 [       0] RVA [size] of COM Descriptor Directory
               0 [       0] RVA [size] of Reserved Directory


SECTION HEADER #1
   .text name
   29656 virtual size
    1000 virtual address (0000000140001000 to 000000014002A655)
   29800 size of raw data
     400 file pointer to raw data (00000400 to 00029BFF)
       0 file pointer to relocation table
       0 file pointer to line numbers
       0 number of relocations
       0 number of line numbers
60000020 flags
         Code
         Execute Read

SECTION HEADER #2
  .rdata name
    E1EC virtual size
   2B000 virtual address (000000014002B000 to 00000001400391EB)
    E200 size of raw data
   29C00 file pointer to raw data (00029C00 to 00037DFF)
       0 file pointer to relocation table
       0 file pointer to line numbers
       0 number of relocations
       0 number of line numbers
40000040 flags
         Initialized Data
         Read Only

  Debug Directories

        Time Type        Size      RVA  Pointer
    -------- ------- -------- -------- --------
    6AC79900 coffgrp      380 000351FC    33DFC

SECTION HEADER #3
   .data name
    1F00 virtual size
   3A000 virtual address (000000014003A000 to 000000014003BEFF)
     E00 size of raw data
   37E00 file pointer to raw data (00037E00 to 00038BFF)
       0 file pointer to relocation table
       0 file pointer to line numbers
       0 number of relocations
       0 number of line numbers
C0000040 flags
         Initialized Data
         Read Write

SECTION HEADER #4
  .pdata name
    1E48 virtual size
   3C000 virtual address (000000014003C000 to 000000014003DE47)
    2000 size of raw data
   38C00 file pointer to raw data (00038C00 to 0003ABFF)
       0 file pointer to relocation table
       0 file pointer to line numbers
       0 number of relocations
       0 number of line numbers
40000040 flags
         Initialized Data
         Read Only

SECTION HEADER #5
   .rsrc name
     1E0 virtual size
   3E000 virtual address (000000014003E000 to 000000014003E1DF)
     200 size of raw data
   3AC00 file pointer to raw data (0003AC00 to 0003ADFF)
       0 file pointer to relocation table
       0 file pointer to line numbers
       0 number of relocations
       0 number of line numbers
40000040 flags
         Initialized Data
         Read Only

SECTION HEADER #6
  .reloc name
     6F0 virtual size
   3F000 virtual address (000000014003F000 to 000000014003F6EF)
     800 size of raw data
   3AE00 file pointer to raw data (0003AE00 to 0003B5FF)
       0 file pointer to relocation table
       0 file pointer to line numbers
       0 number of relocations
       0 number of line numbers
42000040 flags
         Initialized Data
         Discardable
         Read Only

  Summary

        2000 .data
        2000 .pdata
        F000 .rdata
        1000 .reloc
        1000 .rsrc
       2A000 .text
