Microsoft (R) COFF/PE Dumper Version 14.44.35228.0
Copyright (C) Microsoft Corporation.  All rights reserved.


Dump of file D:\Projects\DiskEd\disked\.aide-local\goal-0.1.0\clean-de67d1f7\build\windows-bootstrap\Release\disked.exe

PE signature found

File Type: EXECUTABLE IMAGE

FILE HEADER VALUES
            8664 machine (x64)
               6 number of sections
        6AC539B7 time date stamp Wed Oct  7 05:11:03 2026
               0 file pointer to symbol table
               0 number of symbols
              F0 size of optional header
              22 characteristics
                   Executable
                   Application can handle large (>2GB) addresses

OPTIONAL HEADER VALUES
             20B magic # (PE32+)
           14.44 linker version
           A7800 size of code
           39E00 size of initialized data
               0 size of uninitialized data
           7DF00 entry point (000000014007DF00)
            1000 base of code
       140000000 image base (0000000140000000 to 00000001400E4FFF)
            1000 section alignment
             200 file alignment
           10.00 operating system version
            0.00 image version
           10.00 subsystem version
               0 Win32 version
           E5000 size of image
             400 size of headers
               0 checksum
               3 subsystem (Windows CUI)
            C160 DLL characteristics
                   High Entropy Virtual Addresses
                   Dynamic base
                   NX compatible
                   Control Flow Guard
                   Terminal Server Aware
          100000 size of stack reserve
            1000 size of stack commit
          100000 size of heap reserve
            1000 size of heap commit
               0 loader flags
              10 number of directories
               0 [       0] RVA [size] of Export Directory
           D52A4 [      28] RVA [size] of Import Directory
           E3000 [     1C8] RVA [size] of Resource Directory
           DD000 [    5AC0] RVA [size] of Exception Directory
               0 [       0] RVA [size] of Certificates Directory
           E4000 [     C7C] RVA [size] of Base Relocation Directory
           C3D60 [      1C] RVA [size] of Debug Directory
               0 [       0] RVA [size] of Architecture Directory
               0 [       0] RVA [size] of Global Pointer Directory
           C3F00 [      28] RVA [size] of Thread Storage Directory
           C3C20 [     140] RVA [size] of Load Configuration Directory
               0 [       0] RVA [size] of Bound Import Directory
           A9000 [     458] RVA [size] of Import Address Table Directory
               0 [       0] RVA [size] of Delay Import Directory
               0 [       0] RVA [size] of COM Descriptor Directory
               0 [       0] RVA [size] of Reserved Directory


SECTION HEADER #1
   .text name
   A772C virtual size
    1000 virtual address (0000000140001000 to 00000001400A872B)
   A7800 size of raw data
     400 file pointer to raw data (00000400 to 000A7BFF)
       0 file pointer to relocation table
       0 file pointer to line numbers
       0 number of relocations
       0 number of line numbers
60000020 flags
         Code
         Execute Read

SECTION HEADER #2
  .rdata name
   2D224 virtual size
   A9000 virtual address (00000001400A9000 to 00000001400D6223)
   2D400 size of raw data
   A7C00 file pointer to raw data (000A7C00 to 000D4FFF)
       0 file pointer to relocation table
       0 file pointer to line numbers
       0 number of relocations
       0 number of line numbers
40000040 flags
         Initialized Data
         Read Only

  Debug Directories

        Time Type        Size      RVA  Pointer
    -------- ------- -------- -------- --------
    6AC539B7 coffgrp      404 000C6268    C4E68

SECTION HEADER #3
   .data name
    5DD4 virtual size
   D7000 virtual address (00000001400D7000 to 00000001400DCDD3)
    4200 size of raw data
   D5000 file pointer to raw data (000D5000 to 000D91FF)
       0 file pointer to relocation table
       0 file pointer to line numbers
       0 number of relocations
       0 number of line numbers
C0000040 flags
         Initialized Data
         Read Write

SECTION HEADER #4
  .pdata name
    5AC0 virtual size
   DD000 virtual address (00000001400DD000 to 00000001400E2ABF)
    5C00 size of raw data
   D9200 file pointer to raw data (000D9200 to 000DEDFF)
       0 file pointer to relocation table
       0 file pointer to line numbers
       0 number of relocations
       0 number of line numbers
40000040 flags
         Initialized Data
         Read Only

SECTION HEADER #5
   .rsrc name
     1C8 virtual size
   E3000 virtual address (00000001400E3000 to 00000001400E31C7)
     200 size of raw data
   DEE00 file pointer to raw data (000DEE00 to 000DEFFF)
       0 file pointer to relocation table
       0 file pointer to line numbers
       0 number of relocations
       0 number of line numbers
40000040 flags
         Initialized Data
         Read Only

SECTION HEADER #6
  .reloc name
     C7C virtual size
   E4000 virtual address (00000001400E4000 to 00000001400E4C7B)
     E00 size of raw data
   DF000 file pointer to raw data (000DF000 to 000DFDFF)
       0 file pointer to relocation table
       0 file pointer to line numbers
       0 number of relocations
       0 number of line numbers
42000040 flags
         Initialized Data
         Discardable
         Read Only

  Summary

        6000 .data
        6000 .pdata
       2E000 .rdata
        1000 .reloc
        1000 .rsrc
       A8000 .text
