Microsoft (R) COFF/PE Dumper Version 14.16.27054.0
Copyright (C) Microsoft Corporation.  All rights reserved.


Dump of file D:\Projects\DiskEd\disked\.aide-local\goal-0.1.0\w020-msvc2017-final\primitive-probe.exe

File Type: EXECUTABLE IMAGE

  Section contains the following imports:

    KERNEL32.dll
                416000 Import Address Table
                41C25C Import Name Table
                     0 time date stamp
                     0 Index of first forwarder reference

                  5B2 UnhandledExceptionFilter
                  572 SetUnhandledExceptionFilter
                  21A GetCurrentProcess
                  591 TerminateProcess
                  389 IsProcessorFeaturePresent
                  44F QueryPerformanceCounter
                  21B GetCurrentProcessId
                  21F GetCurrentThreadId
                  2EC GetSystemTimeAsFileTime
                  366 InitializeSListHead
                  382 IsDebuggerPresent
                  2D3 GetStartupInfoW
                  27B GetModuleHandleW
                  616 WriteConsoleW
                  4D6 RtlUnwind
                  264 GetLastError
                  535 SetLastError
                  134 EnterCriticalSection
                  3C1 LeaveCriticalSection
                  113 DeleteCriticalSection
                  362 InitializeCriticalSectionAndSpinCount
                  5A3 TlsAlloc
                  5A5 TlsGetValue
                  5A6 TlsSetValue
                  5A4 TlsFree
                  1AE FreeLibrary
                  2B1 GetProcAddress
                  3C7 LoadLibraryExW
                  465 RaiseException
                  2D5 GetStdHandle
                  617 WriteFile
                  277 GetModuleFileNameW
                  161 ExitProcess
                  27A GetModuleHandleExW
                  1D9 GetCommandLineA
                  1DA GetCommandLineW
                  348 HeapAlloc
                  34C HeapFree
                   9E CompareStringW
                  3B5 LCMapStringW
                  251 GetFileType
                  24F GetFileSizeEx
                  526 SetFilePointerEx
                  178 FindClose
                  17E FindFirstFileExW
                  18F FindNextFileW
                  38F IsValidCodePage
                  1B5 GetACP
                  29A GetOEMCP
                  1C4 GetCPInfo
                  3F3 MultiByteToWideChar
                  603 WideCharToMultiByte
                  23A GetEnvironmentStringsW
                  1AD FreeEnvironmentStringsW
                  517 SetEnvironmentVariableW
                  54F SetStdHandle
                  2DA GetStringTypeW
                  2B7 GetProcessHeap
                  1A2 FlushFileBuffers
                  203 GetConsoleOutputCP
                  1FF GetConsoleMode
                  351 HeapSize
                  34F HeapReAlloc
                   89 CloseHandle
                  476 ReadFile
                  473 ReadConsoleW
                   CE CreateFileW
                  10C DecodePointer

  Summary

        2000 .data
        7000 .rdata
        2000 .reloc
       15000 .text
