Microsoft (R) COFF/PE Dumper Version 14.44.35228.0
Copyright (C) Microsoft Corporation.  All rights reserved.


Dump of file D:\Projects\DiskEd\disked\.aide-local\goal-0.1.0\nt-contained-clean-d3798a7\build-x64\Release\nt_volume_namespace_probe.exe

File Type: EXECUTABLE IMAGE

  Section contains the following imports:

    KERNEL32.dll
             14002A000 Import Address Table
             140039DD0 Import Name Table
                     0 time date stamp
                     0 Index of first forwarder reference

                         18F FindFirstVolumeW
                         19A FindNextVolumeW
                         1A1 FindVolumeClose
                         330 GetVolumePathNamesForVolumeNameW
                         26A GetLastError
                         590 Sleep
                         167 ExitProcess
                         625 WriteConsoleW
                         4D6 RtlCaptureContext
                         4DD RtlLookupFunctionEntry
                         4E4 RtlVirtualUnwind
                         5C1 UnhandledExceptionFilter
                         580 SetUnhandledExceptionFilter
                         220 GetCurrentProcess
                         59F TerminateProcess
                         38C IsProcessorFeaturePresent
                         385 IsDebuggerPresent
                         2DA GetStartupInfoW
                         281 GetModuleHandleW
                         452 QueryPerformanceCounter
                         221 GetCurrentProcessId
                         225 GetCurrentThreadId
                         2F3 GetSystemTimeAsFileTime
                         36F InitializeSListHead
                         4DF RtlPcToFileHeader
                         469 RaiseException
                         4E3 RtlUnwindEx
                         542 SetLastError
                         134 EncodePointer
                         138 EnterCriticalSection
                         3C4 LeaveCriticalSection
                         114 DeleteCriticalSection
                         36B InitializeCriticalSectionAndSpinCount
                         5B1 TlsAlloc
                         5B3 TlsGetValue
                         5B4 TlsSetValue
                         5B2 TlsFree
                         1B4 FreeLibrary
                         2B8 GetProcAddress
                         3CA LoadLibraryExW
                         280 GetModuleHandleExW
                         27D GetModuleFileNameW
                         2DC GetStdHandle
                         626 WriteFile
                         1DF GetCommandLineA
                         1E0 GetCommandLineW
                         351 HeapAlloc
                         355 HeapFree
                          9E CompareStringW
                         3B8 LCMapStringW
                         258 GetFileType
                         47A ReadFile
                         205 GetConsoleMode
                         477 ReadConsoleW
                         55C SetStdHandle
                         17E FindClose
                         184 FindFirstFileExW
                         195 FindNextFileW
                         392 IsValidCodePage
                         1BB GetACP
                         2A1 GetOEMCP
                         1CA GetCPInfo
                         3F6 MultiByteToWideChar
                         612 WideCharToMultiByte
                         241 GetEnvironmentStringsW
                         1B3 FreeEnvironmentStringsW
                         525 SetEnvironmentVariableW
                         2BE GetProcessHeap
                         2E1 GetStringTypeW
                         1A8 FlushFileBuffers
                         209 GetConsoleOutputCP
                         534 SetFilePointerEx
                         256 GetFileSizeEx
                         35A HeapSize
                         358 HeapReAlloc
                          89 CloseHandle
                          CE CreateFileW

  Summary

        2000 .data
        2000 .pdata
       11000 .rdata
        1000 .reloc
        1000 .rsrc
       29000 .text
