MSBuild version 17.14.51+25f168cee for .NET Framework

  1>Bind current Git revision and native input bytes
  command.cpp
  json.cpp
  protocol.cpp
  shell_lexer.cpp
  policy.cpp
  Generating Code...
  disked_json.vcxproj -> D:\Projects\DiskEd\disked\build\windows-bootstrap\Release\disked_json.lib
  sha256.cpp
  capture.cpp
  snapshot.cpp
  fake_operation.cpp
  watch.cpp
  requests.cpp
  session.cpp
  Generating Code...
  disked_presentation.vcxproj -> D:\Projects\DiskEd\disked\build\windows-bootstrap\Release\disked_presentation.lib
  capture_probe.cpp
  capture_probe.vcxproj -> D:\Projects\DiskEd\disked\build\windows-bootstrap\Release\capture_probe.exe
  command_registry.cpp
  parser_probe.cpp
  Generating Code...
  command_parser_probe.vcxproj -> D:\Projects\DiskEd\disked\build\windows-bootstrap\Release\command_parser_probe.exe
  gui_model.cpp
  disked_gui.vcxproj -> D:\Projects\DiskEd\disked\build\windows-bootstrap\Release\disked_gui.lib
  shell_model.cpp
  disked_shell.vcxproj -> D:\Projects\DiskEd\disked\build\windows-bootstrap\Release\disked_shell.lib
  model.cpp
  disked_tui.vcxproj -> D:\Projects\DiskEd\disked\build\windows-bootstrap\Release\disked_tui.lib
  cli.cpp
  command_registry.cpp
  main.cpp
  terminal.cpp
  entry.cpp
  fake_worker.cpp
  invocation.cpp
  memory_budget.cpp
  output.cpp
  gui.cpp
  bootstrap.cpp
  graph.cpp
  Generating Code...
  disked.vcxproj -> D:\Projects\DiskEd\disked\build\windows-bootstrap\Release\disked.exe
  cli.cpp
  command_registry.cpp
  main.cpp
  terminal.cpp
  entry.cpp
  fake_worker.cpp
  invocation.cpp
  memory_budget.cpp
  output.cpp
  gui.cpp
  bootstrap.cpp
  graph.cpp
  capture_campaign.cpp
  Generating Code...
  disked_capture_campaign.vcxproj -> D:\Projects\DiskEd\disked\build\windows-bootstrap\Release\disked_capture_campaign.exe
  cli.cpp
  command_registry.cpp
  main.cpp
  terminal.cpp
  entry.cpp
  fake_worker.cpp
  invocation.cpp
  memory_budget.cpp
  output.cpp
  gui.cpp
  bootstrap.cpp
  graph.cpp
  Generating Code...
  disked_file_wait.vcxproj -> D:\Projects\DiskEd\disked\build\windows-bootstrap\Release\disked_file_wait.exe
  cli.cpp
  command_registry.cpp
  main.cpp
  terminal.cpp
  entry.cpp
  fake_worker.cpp
  invocation.cpp
  memory_budget.cpp
  output.cpp
  gui.cpp
  bootstrap.cpp
  graph.cpp
  Generating Code...
  disked_gui_unavailable.vcxproj -> D:\Projects\DiskEd\disked\build\windows-bootstrap\Release\disked_gui_unavailable.exe
  checked.c
  extent.c
  view.c
  Generating Code...
  disked_primitives.vcxproj -> D:\Projects\DiskEd\disked\build\windows-bootstrap\Release\disked_primitives.lib
  ebr.c
  mbr.c
  Generating Code...
  disked_mbr.vcxproj -> D:\Projects\DiskEd\disked\build\windows-bootstrap\Release\disked_mbr.lib
  cli.cpp
  command_registry.cpp
  main.cpp
  terminal.cpp
  entry.cpp
  fake_worker.cpp
  invocation.cpp
  memory_budget.cpp
  output.cpp
  gui.cpp
  bootstrap.cpp
  graph.cpp
  Generating Code...
  disked_memory_test.vcxproj -> D:\Projects\DiskEd\disked\build\windows-bootstrap\Release\disked_memory_test.exe
  cli.cpp
  command_registry.cpp
  main.cpp
  terminal.cpp
  entry.cpp
  fake_worker.cpp
  invocation.cpp
  memory_budget.cpp
  output.cpp
  gui.cpp
  bootstrap.cpp
  graph.cpp
  Generating Code...
  disked_provider_guard.vcxproj -> D:\Projects\DiskEd\disked\build\windows-bootstrap\Release\disked_provider_guard.exe
  cli.cpp
  command_registry.cpp
  main.cpp
  terminal.cpp
  entry.cpp
  fake_worker.cpp
  invocation.cpp
  memory_budget.cpp
  output.cpp
  gui.cpp
  bootstrap.cpp
  graph.cpp
  Generating Code...
  disked_store_fault.vcxproj -> D:\Projects\DiskEd\disked\build\windows-bootstrap\Release\disked_store_fault.exe
  cli.cpp
  command_registry.cpp
  main.cpp
  terminal.cpp
  entry.cpp
  fake_worker.cpp
  invocation.cpp
  memory_budget.cpp
  output.cpp
  gui.cpp
  bootstrap.cpp
  graph.cpp
  Generating Code...
  disked_tui_fault.vcxproj -> D:\Projects\DiskEd\disked\build\windows-bootstrap\Release\disked_tui_fault.exe
  cli.cpp
  command_registry.cpp
  main.cpp
  terminal.cpp
  entry.cpp
  fake_worker.cpp
  invocation.cpp
  memory_budget.cpp
  output.cpp
  gui.cpp
  bootstrap.cpp
  graph.cpp
  Generating Code...
  disked_worker_delayed.vcxproj -> D:\Projects\DiskEd\disked\build\windows-bootstrap\Release\disked_worker_delayed.exe
  cli.cpp
  command_registry.cpp
  main.cpp
  terminal.cpp
  entry.cpp
  fake_worker.cpp
  invocation.cpp
  memory_budget.cpp
  output.cpp
  gui.cpp
  bootstrap.cpp
  graph.cpp
  Generating Code...
  disked_worker_memory_limit.vcxproj -> D:\Projects\DiskEd\disked\build\windows-bootstrap\Release\disked_worker_memory_limit.exe
  command_registry.cpp
  bootstrap.cpp
  graph.cpp
  service_probe.cpp
  Generating Code...
  frontend_service_probe.vcxproj -> D:\Projects\DiskEd\disked\build\windows-bootstrap\Release\frontend_service_probe.exe
  command_registry.cpp
  bootstrap.cpp
  graph.cpp
  gui_probe.cpp
  Generating Code...
  gui_model_probe.vcxproj -> D:\Projects\DiskEd\disked\build\windows-bootstrap\Release\gui_model_probe.exe
  policy_probe.cpp
  invocation_policy_probe.vcxproj -> D:\Projects\DiskEd\disked\build\windows-bootstrap\Release\invocation_policy_probe.exe
  codec_probe.cpp
  json_codec_probe.vcxproj -> D:\Projects\DiskEd\disked\build\windows-bootstrap\Release\json_codec_probe.exe
  mbr_probe.cpp
  mbr_probe.vcxproj -> D:\Projects\DiskEd\disked\build\windows-bootstrap\Release\mbr_probe.exe
  reducer_probe.cpp
  operation_reducer_probe.vcxproj -> D:\Projects\DiskEd\disked\build\windows-bootstrap\Release\operation_reducer_probe.exe
  portable_cpp.cpp
  portable_cpp.vcxproj -> D:\Projects\DiskEd\disked\build\windows-bootstrap\Release\portable_cpp.exe
  portable_probe.c
  portable_probe.vcxproj -> D:\Projects\DiskEd\disked\build\windows-bootstrap\Release\portable_probe.exe
  reader_probe.cpp
  protocol_reader_probe.vcxproj -> D:\Projects\DiskEd\disked\build\windows-bootstrap\Release\protocol_reader_probe.exe
  bootstrap.cpp
  provider_guard_probe.cpp
  Generating Code...
  provider_guard_probe.vcxproj -> D:\Projects\DiskEd\disked\build\windows-bootstrap\Release\provider_guard_probe.exe
  request_channel_probe.cpp
  request_channel_probe.vcxproj -> D:\Projects\DiskEd\disked\build\windows-bootstrap\Release\request_channel_probe.exe
  command_registry.cpp
  bootstrap.cpp
  graph.cpp
  shell_probe.cpp
  Generating Code...
  shell_model_probe.vcxproj -> D:\Projects\DiskEd\disked\build\windows-bootstrap\Release\shell_model_probe.exe
  command_registry.cpp
  bootstrap.cpp
  graph.cpp
  tui_probe.cpp
  Generating Code...
  tui_model_probe.vcxproj -> D:\Projects\DiskEd\disked\build\windows-bootstrap\Release\tui_model_probe.exe
  watch_probe.cpp
  watch_probe.vcxproj -> D:\Projects\DiskEd\disked\build\windows-bootstrap\Release\watch_probe.exe
