Microsoft (R) COFF/PE Dumper Version 14.44.35228.0
Copyright (C) Microsoft Corporation.  All rights reserved.


Dump of file D:\Projects\DiskEd\disked\.aide-local\goal-0.1.0\nt-volume-clean-17129e6\build-x64\Release\nt_volume_namespace_probe.exe

PE signature found

File Type: EXECUTABLE IMAGE

FILE HEADER VALUES
            8664 machine (x64)
               6 number of sections
        6AC971C4 time date stamp Sat Oct 10 09:59:16 2026
               0 file pointer to symbol table
               0 number of symbols
              F0 size of optional header
              22 characteristics
                   Executable
                   Application can handle large (>2GB) addresses

OPTIONAL HEADER VALUES
             20B magic # (PE32+)
           14.44 linker version
           28200 size of code
           14E00 size of initialized data
               0 size of uninitialized data
            F620 entry point (000000014000F620)
            1000 base of code
       140000000 image base (0000000140000000 to 0000000140040FFF)
            1000 section alignment
             200 file alignment
            6.00 operating system version
            0.00 image version
            6.00 subsystem version
               0 Win32 version
           41000 size of image
             400 size of headers
               0 checksum
               3 subsystem (Windows CUI)
            C160 DLL characteristics
                   High Entropy Virtual Addresses
                   Dynamic base
                   NX compatible
                   Control Flow Guard
                   Terminal Server Aware
          100000 size of stack reserve
            1000 size of stack commit
          100000 size of heap reserve
            1000 size of heap commit
               0 loader flags
              10 number of directories
               0 [       0] RVA [size] of Export Directory
           39C84 [      28] RVA [size] of Import Directory
           3F000 [     1E0] RVA [size] of Resource Directory
           3D000 [    1D1C] RVA [size] of Exception Directory
               0 [       0] RVA [size] of Certificates Directory
           40000 [     6F8] RVA [size] of Base Relocation Directory
           35CB0 [      1C] RVA [size] of Debug Directory
               0 [       0] RVA [size] of Architecture Directory
               0 [       0] RVA [size] of Global Pointer Directory
               0 [       0] RVA [size] of Thread Storage Directory
           35B70 [     140] RVA [size] of Load Configuration Directory
               0 [       0] RVA [size] of Bound Import Directory
           2A000 [     268] RVA [size] of Import Address Table Directory
               0 [       0] RVA [size] of Delay Import Directory
               0 [       0] RVA [size] of COM Descriptor Directory
               0 [       0] RVA [size] of Reserved Directory


SECTION HEADER #1
   .text name
   2809F virtual size
    1000 virtual address (0000000140001000 to 000000014002909E)
   28200 size of raw data
     400 file pointer to raw data (00000400 to 000285FF)
       0 file pointer to relocation table
       0 file pointer to line numbers
       0 number of relocations
       0 number of line numbers
60000020 flags
         Code
         Execute Read

SECTION HEADER #2
  .rdata name
   104C0 virtual size
   2A000 virtual address (000000014002A000 to 000000014003A4BF)
   10600 size of raw data
   28600 file pointer to raw data (00028600 to 00038BFF)
       0 file pointer to relocation table
       0 file pointer to line numbers
       0 number of relocations
       0 number of line numbers
40000040 flags
         Initialized Data
         Read Only

  Debug Directories

        Time Type        Size      RVA  Pointer
    -------- ------- -------- -------- --------
    6AC971C4 coffgrp      390 00036674    34C74

SECTION HEADER #3
   .data name
    1F2C virtual size
   3B000 virtual address (000000014003B000 to 000000014003CF2B)
     E00 size of raw data
   38C00 file pointer to raw data (00038C00 to 000399FF)
       0 file pointer to relocation table
       0 file pointer to line numbers
       0 number of relocations
       0 number of line numbers
C0000040 flags
         Initialized Data
         Read Write

SECTION HEADER #4
  .pdata name
    1D1C virtual size
   3D000 virtual address (000000014003D000 to 000000014003ED1B)
    1E00 size of raw data
   39A00 file pointer to raw data (00039A00 to 0003B7FF)
       0 file pointer to relocation table
       0 file pointer to line numbers
       0 number of relocations
       0 number of line numbers
40000040 flags
         Initialized Data
         Read Only

SECTION HEADER #5
   .rsrc name
     1E0 virtual size
   3F000 virtual address (000000014003F000 to 000000014003F1DF)
     200 size of raw data
   3B800 file pointer to raw data (0003B800 to 0003B9FF)
       0 file pointer to relocation table
       0 file pointer to line numbers
       0 number of relocations
       0 number of line numbers
40000040 flags
         Initialized Data
         Read Only

SECTION HEADER #6
  .reloc name
     6F8 virtual size
   40000 virtual address (0000000140040000 to 00000001400406F7)
     800 size of raw data
   3BA00 file pointer to raw data (0003BA00 to 0003C1FF)
       0 file pointer to relocation table
       0 file pointer to line numbers
       0 number of relocations
       0 number of line numbers
42000040 flags
         Initialized Data
         Discardable
         Read Only

  Summary

        2000 .data
        2000 .pdata
       11000 .rdata
        1000 .reloc
        1000 .rsrc
       29000 .text
