Microsoft (R) COFF/PE Dumper Version 14.44.35228.0
Copyright (C) Microsoft Corporation.  All rights reserved.


Dump of file D:\Projects\DiskEd\disked\.aide-local\goal-0.1.0\nt-volume-clean-17129e6\build-Win32\Release\nt_volume_namespace_probe.exe

PE signature found

File Type: EXECUTABLE IMAGE

FILE HEADER VALUES
             14C machine (x86)
               5 number of sections
        6AC971CB time date stamp Sat Oct 10 09:59:23 2026
               0 file pointer to symbol table
               0 number of symbols
              E0 size of optional header
             102 characteristics
                   Executable
                   32 bit word machine

OPTIONAL HEADER VALUES
             10B magic # (PE32)
           14.44 linker version
           23600 size of code
            F000 size of initialized data
               0 size of uninitialized data
            D950 entry point (0040D950)
            1000 base of code
           25000 base of data
          400000 image base (00400000 to 00435FFF)
            1000 section alignment
             200 file alignment
            6.00 operating system version
            0.00 image version
            6.00 subsystem version
               0 Win32 version
           36000 size of image
             400 size of headers
               0 checksum
               3 subsystem (Windows CUI)
            C140 DLL characteristics
                   Dynamic base
                   NX compatible
                   Control Flow Guard
                   Terminal Server Aware
          100000 size of stack reserve
            1000 size of stack commit
          100000 size of heap reserve
            1000 size of heap commit
               0 loader flags
              10 number of directories
               0 [       0] RVA [size] of Export Directory
           303FC [      28] RVA [size] of Import Directory
           33000 [     1E0] RVA [size] of Resource Directory
               0 [       0] RVA [size] of Exception Directory
               0 [       0] RVA [size] of Certificates Directory
           34000 [    1ABC] RVA [size] of Base Relocation Directory
           2DEC0 [      1C] RVA [size] of Debug Directory
               0 [       0] RVA [size] of Architecture Directory
               0 [       0] RVA [size] of Global Pointer Directory
               0 [       0] RVA [size] of Thread Storage Directory
           2DE00 [      40] RVA [size] of Load Configuration Directory
               0 [       0] RVA [size] of Bound Import Directory
           25000 [     128] RVA [size] of Import Address Table Directory
               0 [       0] RVA [size] of Delay Import Directory
               0 [       0] RVA [size] of COM Descriptor Directory
               0 [       0] RVA [size] of Reserved Directory


SECTION HEADER #1
   .text name
   2352B virtual size
    1000 virtual address (00401000 to 0042452A)
   23600 size of raw data
     400 file pointer to raw data (00000400 to 000239FF)
       0 file pointer to relocation table
       0 file pointer to line numbers
       0 number of relocations
       0 number of line numbers
60000020 flags
         Code
         Execute Read

SECTION HEADER #2
  .rdata name
    BAAC virtual size
   25000 virtual address (00425000 to 00430AAB)
    BC00 size of raw data
   23A00 file pointer to raw data (00023A00 to 0002F5FF)
       0 file pointer to relocation table
       0 file pointer to line numbers
       0 number of relocations
       0 number of line numbers
40000040 flags
         Initialized Data
         Read Only

  Debug Directories

        Time Type        Size      RVA  Pointer
    -------- ------- -------- -------- --------
    6AC971CB coffgrp      34C 0002E468    2CE68

SECTION HEADER #3
   .data name
    1570 virtual size
   31000 virtual address (00431000 to 0043256F)
     C00 size of raw data
   2F600 file pointer to raw data (0002F600 to 000301FF)
       0 file pointer to relocation table
       0 file pointer to line numbers
       0 number of relocations
       0 number of line numbers
C0000040 flags
         Initialized Data
         Read Write

SECTION HEADER #4
   .rsrc name
     1E0 virtual size
   33000 virtual address (00433000 to 004331DF)
     200 size of raw data
   30200 file pointer to raw data (00030200 to 000303FF)
       0 file pointer to relocation table
       0 file pointer to line numbers
       0 number of relocations
       0 number of line numbers
40000040 flags
         Initialized Data
         Read Only

SECTION HEADER #5
  .reloc name
    1ABC virtual size
   34000 virtual address (00434000 to 00435ABB)
    1C00 size of raw data
   30400 file pointer to raw data (00030400 to 00031FFF)
       0 file pointer to relocation table
       0 file pointer to line numbers
       0 number of relocations
       0 number of line numbers
42000040 flags
         Initialized Data
         Discardable
         Read Only

  Summary

        2000 .data
        C000 .rdata
        2000 .reloc
        1000 .rsrc
       24000 .text
