MSBuild version 17.14.51+25f168cee for .NET Framework

  1>Bind current Git revision and native input bytes
  disked_hash.vcxproj -> D:\Projects\DiskEd\disked\build\windows-bootstrap\Release\disked_hash.lib
  protocol.cpp
  disked_primitives.vcxproj -> D:\Projects\DiskEd\disked\build\windows-bootstrap\Release\disked_primitives.lib
  disked_gpt.vcxproj -> D:\Projects\DiskEd\disked\build\windows-bootstrap\Release\disked_gpt.lib
  disked_mbr.vcxproj -> D:\Projects\DiskEd\disked\build\windows-bootstrap\Release\disked_mbr.lib
  disked_journal_prototype.vcxproj -> D:\Projects\DiskEd\disked\build\windows-bootstrap\Release\disked_journal_prototype.lib
  portable_cpp.vcxproj -> D:\Projects\DiskEd\disked\build\windows-bootstrap\Release\portable_cpp.exe
  portable_probe.vcxproj -> D:\Projects\DiskEd\disked\build\windows-bootstrap\Release\portable_probe.exe
  bootstrap.cpp
  provider_guard_probe.vcxproj -> D:\Projects\DiskEd\disked\build\windows-bootstrap\Release\provider_guard_probe.exe
  disked_json.vcxproj -> D:\Projects\DiskEd\disked\build\windows-bootstrap\Release\disked_json.lib
  disked_health_observation.vcxproj -> D:\Projects\DiskEd\disked\build\windows-bootstrap\Release\disked_health_observation.lib
  disked_local_file.vcxproj -> D:\Projects\DiskEd\disked\build\windows-bootstrap\Release\disked_local_file.lib
  disked_acquisition.vcxproj -> D:\Projects\DiskEd\disked\build\windows-bootstrap\Release\disked_acquisition.lib
  requests.cpp
  reader_probe.cpp
  command_registry.cpp
  json_codec_probe.vcxproj -> D:\Projects\DiskEd\disked\build\windows-bootstrap\Release\json_codec_probe.exe
  invocation_policy_probe.vcxproj -> D:\Projects\DiskEd\disked\build\windows-bootstrap\Release\invocation_policy_probe.exe
  session.cpp
  Generating Code...
  mbr_probe.vcxproj -> D:\Projects\DiskEd\disked\build\windows-bootstrap\Release\mbr_probe.exe
  command_parser_probe.vcxproj -> D:\Projects\DiskEd\disked\build\windows-bootstrap\Release\command_parser_probe.exe
  worker_directory_probe.vcxproj -> D:\Projects\DiskEd\disked\build\windows-bootstrap\Release\worker_directory_probe.exe
  commands.cpp
  health_observation_probe.vcxproj -> D:\Projects\DiskEd\disked\build\windows-bootstrap\Release\health_observation_probe.exe
  acquisition_probe.vcxproj -> D:\Projects\DiskEd\disked\build\windows-bootstrap\Release\acquisition_probe.exe
  file_acquisition_fault.vcxproj -> D:\Projects\DiskEd\disked\build\windows-bootstrap\Release\file_acquisition_fault.exe
  disked_file_acquisition.vcxproj -> D:\Projects\DiskEd\disked\build\windows-bootstrap\Release\disked_file_acquisition.lib
  disked_case_evidence.vcxproj -> D:\Projects\DiskEd\disked\build\windows-bootstrap\Release\disked_case_evidence.lib
  disked_presentation.vcxproj -> D:\Projects\DiskEd\disked\build\windows-bootstrap\Release\disked_presentation.lib
  disked_file_image_verification.vcxproj -> D:\Projects\DiskEd\disked\build\windows-bootstrap\Release\disked_file_image_verification.lib
  protocol_reader_probe.vcxproj -> D:\Projects\DiskEd\disked\build\windows-bootstrap\Release\protocol_reader_probe.exe
  report_operation.cpp
  journal_codec_probe.vcxproj -> D:\Projects\DiskEd\disked\build\windows-bootstrap\Release\journal_codec_probe.exe
  gpt_probe.vcxproj -> D:\Projects\DiskEd\disked\build\windows-bootstrap\Release\gpt_probe.exe
  disked_plan_prototype.vcxproj -> D:\Projects\DiskEd\disked\build\windows-bootstrap\Release\disked_plan_prototype.lib
  disked_journal_semantics.vcxproj -> D:\Projects\DiskEd\disked\build\windows-bootstrap\Release\disked_journal_semantics.lib
  disked_guarded_model.vcxproj -> D:\Projects\DiskEd\disked\build\windows-bootstrap\Release\disked_guarded_model.lib
  disked_model_journal_producer.vcxproj -> D:\Projects\DiskEd\disked\build\windows-bootstrap\Release\disked_model_journal_producer.lib
  disked_acquisition_commands.vcxproj -> D:\Projects\DiskEd\disked\build\windows-bootstrap\Release\disked_acquisition_commands.lib
  plan_definition_probe.vcxproj -> D:\Projects\DiskEd\disked\build\windows-bootstrap\Release\plan_definition_probe.exe
  journal_semantic_probe.vcxproj -> D:\Projects\DiskEd\disked\build\windows-bootstrap\Release\journal_semantic_probe.exe
  request_channel_probe.cpp
  case_probe.cpp
  disked_report_export.vcxproj -> D:\Projects\DiskEd\disked\build\windows-bootstrap\Release\disked_report_export.lib
  capture_probe.cpp
  gui_model.cpp
  shell_model.cpp
  operation_reducer_probe.vcxproj -> D:\Projects\DiskEd\disked\build\windows-bootstrap\Release\operation_reducer_probe.exe
  command_registry.cpp
  bootstrap.cpp
  graph.cpp
  model.cpp
  case_evidence_probe.vcxproj -> D:\Projects\DiskEd\disked\build\windows-bootstrap\Release\case_evidence_probe.exe
  disked_gui.vcxproj -> D:\Projects\DiskEd\disked\build\windows-bootstrap\Release\disked_gui.lib
  disked_map_observation.vcxproj -> D:\Projects\DiskEd\disked\build\windows-bootstrap\Release\disked_map_observation.lib
  health_observer.cpp
  disked_file_case_source.vcxproj -> D:\Projects\DiskEd\disked\build\windows-bootstrap\Release\disked_file_case_source.lib
  request_channel_probe.vcxproj -> D:\Projects\DiskEd\disked\build\windows-bootstrap\Release\request_channel_probe.exe
  verification_commands.cpp
  service_probe.cpp
  file_report_export_fault.vcxproj -> D:\Projects\DiskEd\disked\build\windows-bootstrap\Release\file_report_export_fault.exe
  disked_shell.vcxproj -> D:\Projects\DiskEd\disked\build\windows-bootstrap\Release\disked_shell.lib
  export_commands.cpp
  Generating Code...
  report_export_probe.vcxproj -> D:\Projects\DiskEd\disked\build\windows-bootstrap\Release\report_export_probe.exe
D:\Projects\DiskEd\disked\source\runtime\evidence\export_commands.cpp(98,25): error C2668: 'disked::`anonymous-namespace'::export_claims': ambiguous call to overloaded function [D:\Projects\DiskEd\disked\build\windows-bootstrap\disked_export_commands.vcxproj]
      D:\Projects\DiskEd\disked\source\runtime\evidence\export_commands.cpp(65,3):
      could be 'disked::`anonymous-namespace'::V disked::`anonymous-namespace'::export_claims(disked::`anonymous-namespace'::V,const disked::`anonymous-namespace'::V &)'
      D:\Projects\DiskEd\disked\source\runtime\evidence\export_commands.h(16,13):
      or       'disked::json::Value disked::export_claims(disked::json::Value,const disked::json::Value &)'
      D:\Projects\DiskEd\disked\source\runtime\evidence\export_commands.cpp(98,25):
      while trying to match the argument list '(const _Ret, const disked::`anonymous-namespace'::V)'
          with
          [
              _Ret=disked::json::Value
          ]
  
  capture_probe.vcxproj -> D:\Projects\DiskEd\disked\build\windows-bootstrap\Release\capture_probe.exe
  disked_file_report_export.vcxproj -> D:\Projects\DiskEd\disked\build\windows-bootstrap\Release\disked_file_report_export.lib
  disked_tui.vcxproj -> D:\Projects\DiskEd\disked\build\windows-bootstrap\Release\disked_tui.lib
  command_registry.cpp
  disked_acquisition_observation.vcxproj -> D:\Projects\DiskEd\disked\build\windows-bootstrap\Release\disked_acquisition_observation.lib
  disked_image_capture.vcxproj -> D:\Projects\DiskEd\disked\build\windows-bootstrap\Release\disked_image_capture.lib
  bootstrap.cpp
  graph.cpp
  file_acquisition_probe.vcxproj -> D:\Projects\DiskEd\disked\build\windows-bootstrap\Release\file_acquisition_probe.exe
  guarded_journal_probe.vcxproj -> D:\Projects\DiskEd\disked\build\windows-bootstrap\Release\guarded_journal_probe.exe
  image_observation_probe.vcxproj -> D:\Projects\DiskEd\disked\build\windows-bootstrap\Release\image_observation_probe.exe
  health_observer.cpp
  disked_verification_commands.vcxproj -> D:\Projects\DiskEd\disked\build\windows-bootstrap\Release\disked_verification_commands.lib
  image_file_capture_fault.vcxproj -> D:\Projects\DiskEd\disked\build\windows-bootstrap\Release\image_file_capture_fault.exe
  acquisition_export_fault.vcxproj -> D:\Projects\DiskEd\disked\build\windows-bootstrap\Release\acquisition_export_fault.exe
  gui_probe.cpp
  acquired_image_verification_probe.vcxproj -> D:\Projects\DiskEd\disked\build\windows-bootstrap\Release\acquired_image_verification_probe.exe
  command_registry.cpp
  image_observation_probe.cpp
  model_journal_producer_probe.vcxproj -> D:\Projects\DiskEd\disked\build\windows-bootstrap\Release\model_journal_producer_probe.exe
  Generating Code...
  bootstrap.cpp
  graph.cpp
  file_report_export_probe.vcxproj -> D:\Projects\DiskEd\disked\build\windows-bootstrap\Release\file_report_export_probe.exe
  acquisition_case_probe.vcxproj -> D:\Projects\DiskEd\disked\build\windows-bootstrap\Release\acquisition_case_probe.exe
  disked_file_acquisition_export.vcxproj -> D:\Projects\DiskEd\disked\build\windows-bootstrap\Release\disked_file_acquisition_export.lib
  disked_file_verification_case_export.vcxproj -> D:\Projects\DiskEd\disked\build\windows-bootstrap\Release\disked_file_verification_case_export.lib
  frontend_service_probe.vcxproj -> D:\Projects\DiskEd\disked\build\windows-bootstrap\Release\frontend_service_probe.exe
  disked_verification_observation.vcxproj -> D:\Projects\DiskEd\disked\build\windows-bootstrap\Release\disked_verification_observation.lib
  health_observer.cpp
  image_verification_collection_probe.vcxproj -> D:\Projects\DiskEd\disked\build\windows-bootstrap\Release\image_verification_collection_probe.exe
  tui_probe.cpp
  image_file_capture_probe.vcxproj -> D:\Projects\DiskEd\disked\build\windows-bootstrap\Release\image_file_capture_probe.exe
  verification_case_probe.vcxproj -> D:\Projects\DiskEd\disked\build\windows-bootstrap\Release\verification_case_probe.exe
  verification_case_fault.vcxproj -> D:\Projects\DiskEd\disked\build\windows-bootstrap\Release\verification_case_fault.exe
  image_commands.cpp
  verification_worker.cpp
  Generating Code...
  verification_worker.cpp
  image_verification_observation_probe.vcxproj -> D:\Projects\DiskEd\disked\build\windows-bootstrap\Release\image_verification_observation_probe.exe
  verification_worker_probe.cpp
  verification_command_probe.cpp
  Generating Code...
  Generating Code...
  verification_worker.cpp
  gui_model_probe.vcxproj -> D:\Projects\DiskEd\disked\build\windows-bootstrap\Release\gui_model_probe.exe
  acquisition_export_probe.vcxproj -> D:\Projects\DiskEd\disked\build\windows-bootstrap\Release\acquisition_export_probe.exe
  verification_worker_probe.cpp
  disked_image_actions.vcxproj -> D:\Projects\DiskEd\disked\build\windows-bootstrap\Release\disked_image_actions.lib
  verification_worker.cpp
  acquisition_worker.cpp
  Generating Code...
  tui_model_probe.vcxproj -> D:\Projects\DiskEd\disked\build\windows-bootstrap\Release\tui_model_probe.exe
  verification_command_probe.cpp
  acquisition_worker.cpp
  acquisition_command_probe.cpp
  Generating Code...
  verification_worker_probe.vcxproj -> D:\Projects\DiskEd\disked\build\windows-bootstrap\Release\verification_worker_probe.exe
  Generating Code...
  acquisition_worker_probe.cpp
  watch_probe.vcxproj -> D:\Projects\DiskEd\disked\build\windows-bootstrap\Release\watch_probe.exe
  verification_command_probe.vcxproj -> D:\Projects\DiskEd\disked\build\windows-bootstrap\Release\verification_command_probe.exe
  acquisition_worker.cpp
  Generating Code...
  command_registry.cpp
  bootstrap.cpp
  graph.cpp
  acquisition_worker_probe.cpp
  health_observer.cpp
  verification_worker_fault.vcxproj -> D:\Projects\DiskEd\disked\build\windows-bootstrap\Release\verification_worker_fault.exe
  Generating Code...
  shell_probe.cpp
  acquisition_command_probe.vcxproj -> D:\Projects\DiskEd\disked\build\windows-bootstrap\Release\acquisition_command_probe.exe
  Generating Code...
  acquisition_worker_probe.vcxproj -> D:\Projects\DiskEd\disked\build\windows-bootstrap\Release\acquisition_worker_probe.exe
  verification_command_fault.vcxproj -> D:\Projects\DiskEd\disked\build\windows-bootstrap\Release\verification_command_fault.exe
  acquisition_worker_fault.vcxproj -> D:\Projects\DiskEd\disked\build\windows-bootstrap\Release\acquisition_worker_fault.exe
  shell_model_probe.vcxproj -> D:\Projects\DiskEd\disked\build\windows-bootstrap\Release\shell_model_probe.exe
