MSBuild version 17.14.51+25f168cee for .NET Framework

  1>Bind current Git revision and native input bytes
  disked_json.vcxproj -> D:\Projects\DiskEd\disked\build\windows-bootstrap\Release\disked_json.lib
  disked_hash.vcxproj -> D:\Projects\DiskEd\disked\build\windows-bootstrap\Release\disked_hash.lib
  disked_presentation.vcxproj -> D:\Projects\DiskEd\disked\build\windows-bootstrap\Release\disked_presentation.lib
  disked_acquisition.vcxproj -> D:\Projects\DiskEd\disked\build\windows-bootstrap\Release\disked_acquisition.lib
  disked_local_file.vcxproj -> D:\Projects\DiskEd\disked\build\windows-bootstrap\Release\disked_local_file.lib
  disked_health_observation.vcxproj -> D:\Projects\DiskEd\disked\build\windows-bootstrap\Release\disked_health_observation.lib
  disked_gui.vcxproj -> D:\Projects\DiskEd\disked\build\windows-bootstrap\Release\disked_gui.lib
  capture_probe.vcxproj -> D:\Projects\DiskEd\disked\build\windows-bootstrap\Release\capture_probe.exe
  disked_primitives.vcxproj -> D:\Projects\DiskEd\disked\build\windows-bootstrap\Release\disked_primitives.lib
  disked_shell.vcxproj -> D:\Projects\DiskEd\disked\build\windows-bootstrap\Release\disked_shell.lib
  disked_tui.vcxproj -> D:\Projects\DiskEd\disked\build\windows-bootstrap\Release\disked_tui.lib
  disked_acquisition_commands.vcxproj -> D:\Projects\DiskEd\disked\build\windows-bootstrap\Release\disked_acquisition_commands.lib
  acquisition_probe.vcxproj -> D:\Projects\DiskEd\disked\build\windows-bootstrap\Release\acquisition_probe.exe
  disked_case_evidence.vcxproj -> D:\Projects\DiskEd\disked\build\windows-bootstrap\Release\disked_case_evidence.lib
  disked_journal_prototype.vcxproj -> D:\Projects\DiskEd\disked\build\windows-bootstrap\Release\disked_journal_prototype.lib
  disked_acquisition_observation.vcxproj -> D:\Projects\DiskEd\disked\build\windows-bootstrap\Release\disked_acquisition_observation.lib
  disked_mbr.vcxproj -> D:\Projects\DiskEd\disked\build\windows-bootstrap\Release\disked_mbr.lib
  disked_file_image_verification.vcxproj -> D:\Projects\DiskEd\disked\build\windows-bootstrap\Release\disked_file_image_verification.lib
  disked_report_export.vcxproj -> D:\Projects\DiskEd\disked\build\windows-bootstrap\Release\disked_report_export.lib
  disked_plan_prototype.vcxproj -> D:\Projects\DiskEd\disked\build\windows-bootstrap\Release\disked_plan_prototype.lib
  command_registry.cpp
  disked_gpt.vcxproj -> D:\Projects\DiskEd\disked\build\windows-bootstrap\Release\disked_gpt.lib
  file_acquisition_fault.vcxproj -> D:\Projects\DiskEd\disked\build\windows-bootstrap\Release\file_acquisition_fault.exe
  case_evidence_probe.vcxproj -> D:\Projects\DiskEd\disked\build\windows-bootstrap\Release\case_evidence_probe.exe
  disked_file_acquisition.vcxproj -> D:\Projects\DiskEd\disked\build\windows-bootstrap\Release\disked_file_acquisition.lib
  health_observation_probe.vcxproj -> D:\Projects\DiskEd\disked\build\windows-bootstrap\Release\health_observation_probe.exe
  disked_verification_commands.vcxproj -> D:\Projects\DiskEd\disked\build\windows-bootstrap\Release\disked_verification_commands.lib
  file_report_export_fault.vcxproj -> D:\Projects\DiskEd\disked\build\windows-bootstrap\Release\file_report_export_fault.exe
  disked_file_case_source.vcxproj -> D:\Projects\DiskEd\disked\build\windows-bootstrap\Release\disked_file_case_source.lib
  command_registry.cpp
  disked_file_report_export.vcxproj -> D:\Projects\DiskEd\disked\build\windows-bootstrap\Release\disked_file_report_export.lib
  invocation_policy_probe.vcxproj -> D:\Projects\DiskEd\disked\build\windows-bootstrap\Release\invocation_policy_probe.exe
  export_commands.cpp
  file_report_export_probe.vcxproj -> D:\Projects\DiskEd\disked\build\windows-bootstrap\Release\file_report_export_probe.exe
  journal_codec_probe.vcxproj -> D:\Projects\DiskEd\disked\build\windows-bootstrap\Release\journal_codec_probe.exe
  acquisition_case_probe.vcxproj -> D:\Projects\DiskEd\disked\build\windows-bootstrap\Release\acquisition_case_probe.exe
  disked_file_acquisition_export.vcxproj -> D:\Projects\DiskEd\disked\build\windows-bootstrap\Release\disked_file_acquisition_export.lib
  command_registry.cpp
  disked_file_verification_case_export.vcxproj -> D:\Projects\DiskEd\disked\build\windows-bootstrap\Release\disked_file_verification_case_export.lib
  image_verification_collection_probe.vcxproj -> D:\Projects\DiskEd\disked\build\windows-bootstrap\Release\image_verification_collection_probe.exe
  acquisition_export_fault.vcxproj -> D:\Projects\DiskEd\disked\build\windows-bootstrap\Release\acquisition_export_fault.exe
  file_acquisition_probe.vcxproj -> D:\Projects\DiskEd\disked\build\windows-bootstrap\Release\file_acquisition_probe.exe
  disked_guarded_model.vcxproj -> D:\Projects\DiskEd\disked\build\windows-bootstrap\Release\disked_guarded_model.lib
  disked_verification_observation.vcxproj -> D:\Projects\DiskEd\disked\build\windows-bootstrap\Release\disked_verification_observation.lib
  disked_journal_semantics.vcxproj -> D:\Projects\DiskEd\disked\build\windows-bootstrap\Release\disked_journal_semantics.lib
  bootstrap.cpp
  Generating Code...
  acquisition_worker.cpp
  acquisition_worker.cpp
  bootstrap.cpp
  command_parser_probe.vcxproj -> D:\Projects\DiskEd\disked\build\windows-bootstrap\Release\command_parser_probe.exe
  journal_semantic_probe.vcxproj -> D:\Projects\DiskEd\disked\build\windows-bootstrap\Release\journal_semantic_probe.exe
  disked_model_journal_producer.vcxproj -> D:\Projects\DiskEd\disked\build\windows-bootstrap\Release\disked_model_journal_producer.lib
  gui_probe.cpp
  gpt_probe.vcxproj -> D:\Projects\DiskEd\disked\build\windows-bootstrap\Release\gpt_probe.exe
  json_codec_probe.vcxproj -> D:\Projects\DiskEd\disked\build\windows-bootstrap\Release\json_codec_probe.exe
  acquisition_worker.cpp
  frontend_service_probe.vcxproj -> D:\Projects\DiskEd\disked\build\windows-bootstrap\Release\frontend_service_probe.exe
  disked_map_observation.vcxproj -> D:\Projects\DiskEd\disked\build\windows-bootstrap\Release\disked_map_observation.lib
  mbr_probe.vcxproj -> D:\Projects\DiskEd\disked\build\windows-bootstrap\Release\mbr_probe.exe
  Generating Code...
  acquisition_command_probe.cpp
  operation_reducer_probe.vcxproj -> D:\Projects\DiskEd\disked\build\windows-bootstrap\Release\operation_reducer_probe.exe
  plan_definition_probe.vcxproj -> D:\Projects\DiskEd\disked\build\windows-bootstrap\Release\plan_definition_probe.exe
  disked_image_actions.vcxproj -> D:\Projects\DiskEd\disked\build\windows-bootstrap\Release\disked_image_actions.lib
  image_file_capture_fault.vcxproj -> D:\Projects\DiskEd\disked\build\windows-bootstrap\Release\image_file_capture_fault.exe
  image_observation_probe.vcxproj -> D:\Projects\DiskEd\disked\build\windows-bootstrap\Release\image_observation_probe.exe
  disked_image_capture.vcxproj -> D:\Projects\DiskEd\disked\build\windows-bootstrap\Release\disked_image_capture.lib
  Generating Code...
  image_file_capture_probe.vcxproj -> D:\Projects\DiskEd\disked\build\windows-bootstrap\Release\image_file_capture_probe.exe
  disked_export_commands.vcxproj -> D:\Projects\DiskEd\disked\build\windows-bootstrap\Release\disked_export_commands.lib
  portable_cpp.vcxproj -> D:\Projects\DiskEd\disked\build\windows-bootstrap\Release\portable_cpp.exe
  disked_report_observation.vcxproj -> D:\Projects\DiskEd\disked\build\windows-bootstrap\Release\disked_report_observation.lib
  portable_probe.vcxproj -> D:\Projects\DiskEd\disked\build\windows-bootstrap\Release\portable_probe.exe
  guarded_journal_probe.vcxproj -> D:\Projects\DiskEd\disked\build\windows-bootstrap\Release\guarded_journal_probe.exe
  protocol_reader_probe.vcxproj -> D:\Projects\DiskEd\disked\build\windows-bootstrap\Release\protocol_reader_probe.exe
  model_journal_producer_probe.vcxproj -> D:\Projects\DiskEd\disked\build\windows-bootstrap\Release\model_journal_producer_probe.exe
  report_export_probe.vcxproj -> D:\Projects\DiskEd\disked\build\windows-bootstrap\Release\report_export_probe.exe
  bootstrap.cpp
  gui_model_probe.vcxproj -> D:\Projects\DiskEd\disked\build\windows-bootstrap\Release\gui_model_probe.exe
  acquisition_export_probe.vcxproj -> D:\Projects\DiskEd\disked\build\windows-bootstrap\Release\acquisition_export_probe.exe
  request_channel_probe.cpp
  image_observation_probe.cpp
  provider_guard_probe.vcxproj -> D:\Projects\DiskEd\disked\build\windows-bootstrap\Release\provider_guard_probe.exe
  acquired_image_verification_probe.vcxproj -> D:\Projects\DiskEd\disked\build\windows-bootstrap\Release\acquired_image_verification_probe.exe
  acquisition_worker_fault.vcxproj -> D:\Projects\DiskEd\disked\build\windows-bootstrap\Release\acquisition_worker_fault.exe
D:\Projects\DiskEd\disked\tests\resilience\request_channel_probe.cpp(112,26): error C2664: 'std::string disked::response_frame(const disked::json::Value &)': cannot convert argument 1 from 'disked::Outcome' to 'const disked::json::Value &' [D:\Projects\DiskEd\disked\build\windows-bootstrap\request_channel_probe.vcxproj]
      D:\Projects\DiskEd\disked\tests\resilience\request_channel_probe.cpp(112,41):
      Reason: cannot convert from 'disked::Outcome' to 'const disked::json::Value'
      D:\Projects\DiskEd\disked\tests\resilience\request_channel_probe.cpp(112,41):
      No user-defined-conversion operator available that can perform this conversion, or the operator cannot be called
      D:\Projects\DiskEd\disked\source\runtime\command\protocol.h(17,13):
      see declaration of 'disked::response_frame'
      D:\Projects\DiskEd\disked\tests\resilience\request_channel_probe.cpp(112,26):
      while trying to match the argument list '(disked::Outcome)'
  
  verification_case_fault.vcxproj -> D:\Projects\DiskEd\disked\build\windows-bootstrap\Release\verification_case_fault.exe
  verification_case_probe.vcxproj -> D:\Projects\DiskEd\disked\build\windows-bootstrap\Release\verification_case_probe.exe
  command_registry.cpp
  acquisition_worker_probe.vcxproj -> D:\Projects\DiskEd\disked\build\windows-bootstrap\Release\acquisition_worker_probe.exe
  verification_worker.cpp
  verification_worker.cpp
  command_registry.cpp
  bootstrap.cpp
  shell_probe.cpp
  bootstrap.cpp
  tui_probe.cpp
  acquisition_command_probe.vcxproj -> D:\Projects\DiskEd\disked\build\windows-bootstrap\Release\acquisition_command_probe.exe
  verification_worker.cpp
  verification_command_probe.cpp
  Generating Code...
  verification_command_probe.cpp
  Generating Code...
  Generating Code...
  Generating Code...
  image_verification_observation_probe.vcxproj -> D:\Projects\DiskEd\disked\build\windows-bootstrap\Release\image_verification_observation_probe.exe
  cli.cpp
  cli.cpp
  cli.cpp
  command_registry.cpp
  command_registry.cpp
  command_registry.cpp
  acquisition_worker.cpp
  acquisition_worker.cpp
  acquisition_worker.cpp
  entry.cpp
  cli.cpp
  entry.cpp
  entry.cpp
  cli.cpp
  report_worker.cpp
  fake_worker.cpp
  fake_worker.cpp
  fake_worker.cpp
  command_registry.cpp
  acquisition_worker.cpp
  export_command_probe.cpp
  invocation.cpp
  command_registry.cpp
  invocation.cpp
  invocation.cpp
  acquisition_worker.cpp
  report_worker.cpp
  Generating Code...
  report_worker.cpp
  entry.cpp
  report_worker.cpp
  entry.cpp
  verification_worker.cpp
  fake_worker.cpp
  verification_worker.cpp
  verification_worker.cpp
  fake_worker.cpp
  invocation.cpp
  bootstrap.cpp
  Generating Code...
  bootstrap.cpp
  Generating Code...
  bootstrap.cpp
  Generating Code...
  report_worker.cpp
  invocation.cpp
  report_worker.cpp
  verification_worker.cpp
  verification_worker.cpp
  bootstrap.cpp
  Generating Code...
  bootstrap.cpp
  Generating Code...
  export_command_probe.vcxproj -> D:\Projects\DiskEd\disked\build\windows-bootstrap\Release\export_command_probe.exe
  report_worker.cpp
  report_worker_probe.cpp
  Generating Code...
  report_worker_fault.vcxproj -> D:\Projects\DiskEd\disked\build\windows-bootstrap\Release\report_worker_fault.exe
  tui_model_probe.vcxproj -> D:\Projects\DiskEd\disked\build\windows-bootstrap\Release\tui_model_probe.exe
  cli.cpp
  disked_worker_memory_limit.vcxproj -> D:\Projects\DiskEd\disked\build\windows-bootstrap\Release\disked_worker_memory_limit.exe
  cli.cpp
  command_registry.cpp
  command_registry.cpp
  acquisition_worker.cpp
  cli.cpp
  disked_verification_test.vcxproj -> D:\Projects\DiskEd\disked\build\windows-bootstrap\Release\disked_verification_test.exe
  acquisition_worker.cpp
  disked_tui_fault.vcxproj -> D:\Projects\DiskEd\disked\build\windows-bootstrap\Release\disked_tui_fault.exe
  report_worker.cpp
  entry.cpp
  disked_image_test.vcxproj -> D:\Projects\DiskEd\disked\build\windows-bootstrap\Release\disked_image_test.exe
  command_registry.cpp
  report_worker.cpp
  entry.cpp
  export_command_probe.cpp
  acquisition_worker.cpp
  fake_worker.cpp
  fake_worker.cpp
  Generating Code...
  report_worker_probe.cpp
  disked_report_test.vcxproj -> D:\Projects\DiskEd\disked\build\windows-bootstrap\Release\disked_report_test.exe
  entry.cpp
  invocation.cpp
  cli.cpp
  Generating Code...
  invocation.cpp
  report_worker.cpp
  fake_worker.cpp
  report_worker.cpp
  command_registry.cpp
  acquisition_worker.cpp
  verification_worker.cpp
  invocation.cpp
  verification_worker.cpp
  report_worker.cpp
  entry.cpp
  bootstrap.cpp
  Generating Code...
  report_worker_probe.vcxproj -> D:\Projects\DiskEd\disked\build\windows-bootstrap\Release\report_worker_probe.exe
  bootstrap.cpp
  Generating Code...
  fake_worker.cpp
  verification_worker.cpp
  cli.cpp
  export_command_fault.vcxproj -> D:\Projects\DiskEd\disked\build\windows-bootstrap\Release\export_command_fault.exe
  cli.cpp
  invocation.cpp
  command_registry.cpp
  bootstrap.cpp
  Generating Code...
  report_worker.cpp
  acquisition_worker.cpp
  command_registry.cpp
  acquisition_worker.cpp
  verification_worker.cpp
  entry.cpp
  entry.cpp
  fake_worker.cpp
  bootstrap.cpp
  Generating Code...
  fake_worker.cpp
  invocation.cpp
  invocation.cpp
  report_worker.cpp
  report_worker.cpp
  verification_worker.cpp
  verification_worker.cpp
  bootstrap.cpp
  Generating Code...
  bootstrap.cpp
  Generating Code...
  shell_model_probe.vcxproj -> D:\Projects\DiskEd\disked\build\windows-bootstrap\Release\shell_model_probe.exe
  disked_store_fault.vcxproj -> D:\Projects\DiskEd\disked\build\windows-bootstrap\Release\disked_store_fault.exe
  verification_worker_fault.vcxproj -> D:\Projects\DiskEd\disked\build\windows-bootstrap\Release\verification_worker_fault.exe
  cli.cpp
  disked_memory_test.vcxproj -> D:\Projects\DiskEd\disked\build\windows-bootstrap\Release\disked_memory_test.exe
  cli.cpp
  disked_worker_delayed.vcxproj -> D:\Projects\DiskEd\disked\build\windows-bootstrap\Release\disked_worker_delayed.exe
  command_registry.cpp
  verification_command_probe.vcxproj -> D:\Projects\DiskEd\disked\build\windows-bootstrap\Release\verification_command_probe.exe
  acquisition_worker.cpp
  command_registry.cpp
  verification_command_fault.vcxproj -> D:\Projects\DiskEd\disked\build\windows-bootstrap\Release\verification_command_fault.exe
  acquisition_worker.cpp
  verification_worker.cpp
  entry.cpp
  entry.cpp
  fake_worker.cpp
  fake_worker.cpp
  disked_provider_guard.vcxproj -> D:\Projects\DiskEd\disked\build\windows-bootstrap\Release\disked_provider_guard.exe
  invocation.cpp
  watch_probe.vcxproj -> D:\Projects\DiskEd\disked\build\windows-bootstrap\Release\watch_probe.exe
  worker_directory_probe.vcxproj -> D:\Projects\DiskEd\disked\build\windows-bootstrap\Release\worker_directory_probe.exe
  report_worker.cpp
  invocation.cpp
  report_worker.cpp
  verification_worker.cpp
  verification_worker_probe.vcxproj -> D:\Projects\DiskEd\disked\build\windows-bootstrap\Release\verification_worker_probe.exe
  verification_worker.cpp
  bootstrap.cpp
  Generating Code...
  disked_gui_unavailable.vcxproj -> D:\Projects\DiskEd\disked\build\windows-bootstrap\Release\disked_gui_unavailable.exe
  bootstrap.cpp
  Generating Code...
  disked.vcxproj -> D:\Projects\DiskEd\disked\build\windows-bootstrap\Release\disked.exe
  disked_capture_campaign.vcxproj -> D:\Projects\DiskEd\disked\build\windows-bootstrap\Release\disked_capture_campaign.exe
  disked_file_wait.vcxproj -> D:\Projects\DiskEd\disked\build\windows-bootstrap\Release\disked_file_wait.exe
