Microsoft (R) COFF/PE Dumper Version 14.16.27054.0
Copyright (C) Microsoft Corporation.  All rights reserved.


Dump of file D:\Projects\DiskEd\disked\.aide-local\goal-0.1.0\w022-msvc2017-gpt-initial\gpt-probe.exe

PE signature found

File Type: EXECUTABLE IMAGE

FILE HEADER VALUES
             14C machine (x86)
               4 number of sections
        6AC555EA time date stamp Wed Oct  7 07:11:22 2026
               0 file pointer to symbol table
               0 number of symbols
              E0 size of optional header
             102 characteristics
                   Executable
                   32 bit word machine

OPTIONAL HEADER VALUES
             10B magic # (PE32)
           14.16 linker version
           2AE00 size of code
           14000 size of initialized data
               0 size of uninitialized data
            E2F0 entry point (0040E2F0)
            1000 base of code
           2C000 base of data
          400000 image base (00400000 to 00440FFF)
            1000 section alignment
             200 file alignment
            6.00 operating system version
            0.00 image version
            6.00 subsystem version
               0 Win32 version
           41000 size of image
             400 size of headers
               0 checksum
               3 subsystem (Windows CUI)
            8140 DLL characteristics
                   Dynamic base
                   NX compatible
                   Terminal Server Aware
          100000 size of stack reserve
            1000 size of stack commit
          100000 size of heap reserve
            1000 size of heap commit
               0 loader flags
              10 number of directories
               0 [       0] RVA [size] of Export Directory
           3B164 [      28] RVA [size] of Import Directory
               0 [       0] RVA [size] of Resource Directory
               0 [       0] RVA [size] of Exception Directory
               0 [       0] RVA [size] of Certificates Directory
           3E000 [    25FC] RVA [size] of Base Relocation Directory
           385C0 [      1C] RVA [size] of Debug Directory
               0 [       0] RVA [size] of Architecture Directory
               0 [       0] RVA [size] of Global Pointer Directory
               0 [       0] RVA [size] of Thread Storage Directory
           385E0 [      40] RVA [size] of Load Configuration Directory
               0 [       0] RVA [size] of Bound Import Directory
           2C000 [     13C] RVA [size] of Import Address Table Directory
               0 [       0] RVA [size] of Delay Import Directory
               0 [       0] RVA [size] of COM Descriptor Directory
               0 [       0] RVA [size] of Reserved Directory


SECTION HEADER #1
   .text name
   2AD47 virtual size
    1000 virtual address (00401000 to 0042BD46)
   2AE00 size of raw data
     400 file pointer to raw data (00000400 to 0002B1FF)
       0 file pointer to relocation table
       0 file pointer to line numbers
       0 number of relocations
       0 number of line numbers
60000020 flags
         Code
         Execute Read

SECTION HEADER #2
  .rdata name
    F86C virtual size
   2C000 virtual address (0042C000 to 0043B86B)
    FA00 size of raw data
   2B200 file pointer to raw data (0002B200 to 0003ABFF)
       0 file pointer to relocation table
       0 file pointer to line numbers
       0 number of relocations
       0 number of line numbers
40000040 flags
         Initialized Data
         Read Only

  Debug Directories

        Time Type        Size      RVA  Pointer
    -------- ------- -------- -------- --------
    6AC555EA coffgrp      2EC 00039174    38374

SECTION HEADER #3
   .data name
    1F44 virtual size
   3C000 virtual address (0043C000 to 0043DF43)
    1000 size of raw data
   3AC00 file pointer to raw data (0003AC00 to 0003BBFF)
       0 file pointer to relocation table
       0 file pointer to line numbers
       0 number of relocations
       0 number of line numbers
C0000040 flags
         Initialized Data
         Read Write

SECTION HEADER #4
  .reloc name
    25FC virtual size
   3E000 virtual address (0043E000 to 004405FB)
    2600 size of raw data
   3BC00 file pointer to raw data (0003BC00 to 0003E1FF)
       0 file pointer to relocation table
       0 file pointer to line numbers
       0 number of relocations
       0 number of line numbers
42000040 flags
         Initialized Data
         Discardable
         Read Only

  Summary

        2000 .data
       10000 .rdata
        3000 .reloc
       2B000 .text
