MSBuild version 17.14.51+25f168cee for .NET Framework

  1>Checking Build System
  1>Bind current Git revision and native input bytes
  Building Custom Rule D:/Projects/DiskEd/disked/.aide-local/goal-0.1.0/clean-image-verification-53e4269c/CMakeLists.txt
  Building Custom Rule D:/Projects/DiskEd/disked/.aide-local/goal-0.1.0/clean-image-verification-53e4269c/CMakeLists.txt
  Building Custom Rule D:/Projects/DiskEd/disked/.aide-local/goal-0.1.0/clean-image-verification-53e4269c/CMakeLists.txt
  json.cpp
  sha256.cpp
  Building Custom Rule D:/Projects/DiskEd/disked/.aide-local/goal-0.1.0/clean-image-verification-53e4269c/CMakeLists.txt
  checked.c
  view.c
  extent.c
  Generating Code...
  command.cpp
  disked_hash.vcxproj -> D:\Projects\DiskEd\disked\.aide-local\goal-0.1.0\clean-image-verification-53e4269c\build\windows-bootstrap\Release\disked_hash.lib
  Building Custom Rule D:/Projects/DiskEd/disked/.aide-local/goal-0.1.0/clean-image-verification-53e4269c/CMakeLists.txt
  disked_primitives.vcxproj -> D:\Projects\DiskEd\disked\.aide-local\goal-0.1.0\clean-image-verification-53e4269c\build\windows-bootstrap\Release\disked_primitives.lib
  provider_guard_probe.cpp
  bootstrap.cpp
  Building Custom Rule D:/Projects/DiskEd/disked/.aide-local/goal-0.1.0/clean-image-verification-53e4269c/CMakeLists.txt
  Building Custom Rule D:/Projects/DiskEd/disked/.aide-local/goal-0.1.0/clean-image-verification-53e4269c/CMakeLists.txt
  Building Custom Rule D:/Projects/DiskEd/disked/.aide-local/goal-0.1.0/clean-image-verification-53e4269c/CMakeLists.txt
  Generating Code...
  protocol.cpp
  provider_guard_probe.vcxproj -> D:\Projects\DiskEd\disked\.aide-local\goal-0.1.0\clean-image-verification-53e4269c\build\windows-bootstrap\Release\provider_guard_probe.exe
  shell_lexer.cpp
  Building Custom Rule D:/Projects/DiskEd/disked/.aide-local/goal-0.1.0/clean-image-verification-53e4269c/CMakeLists.txt
  policy.cpp
  Generating Code...
  Building Custom Rule D:/Projects/DiskEd/disked/.aide-local/goal-0.1.0/clean-image-verification-53e4269c/CMakeLists.txt
  portable_probe.c
  encoding.c
  portable_cpp.cpp
  mbr.c
  gpt.c
  ebr.c
  Generating Code...
  Generating Code...
  codec.cpp
  disked_gpt.vcxproj -> D:\Projects\DiskEd\disked\.aide-local\goal-0.1.0\clean-image-verification-53e4269c\build\windows-bootstrap\Release\disked_gpt.lib
  portable_probe.vcxproj -> D:\Projects\DiskEd\disked\.aide-local\goal-0.1.0\clean-image-verification-53e4269c\build\windows-bootstrap\Release\portable_probe.exe
  portable_cpp.vcxproj -> D:\Projects\DiskEd\disked\.aide-local\goal-0.1.0\clean-image-verification-53e4269c\build\windows-bootstrap\Release\portable_cpp.exe
  disked_mbr.vcxproj -> D:\Projects\DiskEd\disked\.aide-local\goal-0.1.0\clean-image-verification-53e4269c\build\windows-bootstrap\Release\disked_mbr.lib
  disked_journal_prototype.vcxproj -> D:\Projects\DiskEd\disked\.aide-local\goal-0.1.0\clean-image-verification-53e4269c\build\windows-bootstrap\Release\disked_journal_prototype.lib
  disked_json.vcxproj -> D:\Projects\DiskEd\disked\.aide-local\goal-0.1.0\clean-image-verification-53e4269c\build\windows-bootstrap\Release\disked_json.lib
  Building Custom Rule D:/Projects/DiskEd/disked/.aide-local/goal-0.1.0/clean-image-verification-53e4269c/CMakeLists.txt
  Building Custom Rule D:/Projects/DiskEd/disked/.aide-local/goal-0.1.0/clean-image-verification-53e4269c/CMakeLists.txt
  Building Custom Rule D:/Projects/DiskEd/disked/.aide-local/goal-0.1.0/clean-image-verification-53e4269c/CMakeLists.txt
  Building Custom Rule D:/Projects/DiskEd/disked/.aide-local/goal-0.1.0/clean-image-verification-53e4269c/CMakeLists.txt
  Building Custom Rule D:/Projects/DiskEd/disked/.aide-local/goal-0.1.0/clean-image-verification-53e4269c/CMakeLists.txt
  Building Custom Rule D:/Projects/DiskEd/disked/.aide-local/goal-0.1.0/clean-image-verification-53e4269c/CMakeLists.txt
  Building Custom Rule D:/Projects/DiskEd/disked/.aide-local/goal-0.1.0/clean-image-verification-53e4269c/CMakeLists.txt
  Building Custom Rule D:/Projects/DiskEd/disked/.aide-local/goal-0.1.0/clean-image-verification-53e4269c/CMakeLists.txt
  Building Custom Rule D:/Projects/DiskEd/disked/.aide-local/goal-0.1.0/clean-image-verification-53e4269c/CMakeLists.txt
  Building Custom Rule D:/Projects/DiskEd/disked/.aide-local/goal-0.1.0/clean-image-verification-53e4269c/CMakeLists.txt
  Building Custom Rule D:/Projects/DiskEd/disked/.aide-local/goal-0.1.0/clean-image-verification-53e4269c/CMakeLists.txt
  Building Custom Rule D:/Projects/DiskEd/disked/.aide-local/goal-0.1.0/clean-image-verification-53e4269c/CMakeLists.txt
  codec_probe.cpp
  gpt_probe.cpp
  health.cpp
  pipeline.cpp
  reader_probe.cpp
  parser_probe.cpp
  command_registry.cpp
  operation.cpp
  Generating Code...
  mbr_probe.cpp
  Generating Code...
  protocol_reader_probe.vcxproj -> D:\Projects\DiskEd\disked\.aide-local\goal-0.1.0\clean-image-verification-53e4269c\build\windows-bootstrap\Release\protocol_reader_probe.exe
  json_codec_probe.vcxproj -> D:\Projects\DiskEd\disked\.aide-local\goal-0.1.0\clean-image-verification-53e4269c\build\windows-bootstrap\Release\json_codec_probe.exe
  disked_health_observation.vcxproj -> D:\Projects\DiskEd\disked\.aide-local\goal-0.1.0\clean-image-verification-53e4269c\build\windows-bootstrap\Release\disked_health_observation.lib
  policy_probe.cpp
  fake_operation.cpp
  codec_probe.cpp
  command_parser_probe.vcxproj -> D:\Projects\DiskEd\disked\.aide-local\goal-0.1.0\clean-image-verification-53e4269c\build\windows-bootstrap\Release\command_parser_probe.exe
  definitions.cpp
  watch.cpp
  invocation_policy_probe.vcxproj -> D:\Projects\DiskEd\disked\.aide-local\goal-0.1.0\clean-image-verification-53e4269c\build\windows-bootstrap\Release\invocation_policy_probe.exe
  snapshot.cpp
  mbr_probe.vcxproj -> D:\Projects\DiskEd\disked\.aide-local\goal-0.1.0\clean-image-verification-53e4269c\build\windows-bootstrap\Release\mbr_probe.exe
  disked_acquisition.vcxproj -> D:\Projects\DiskEd\disked\.aide-local\goal-0.1.0\clean-image-verification-53e4269c\build\windows-bootstrap\Release\disked_acquisition.lib
  gpt_probe.vcxproj -> D:\Projects\DiskEd\disked\.aide-local\goal-0.1.0\clean-image-verification-53e4269c\build\windows-bootstrap\Release\gpt_probe.exe
  Building Custom Rule D:/Projects/DiskEd/disked/.aide-local/goal-0.1.0/clean-image-verification-53e4269c/CMakeLists.txt
  Building Custom Rule D:/Projects/DiskEd/disked/.aide-local/goal-0.1.0/clean-image-verification-53e4269c/CMakeLists.txt
  capture.cpp
  local_file.cpp
  commands.cpp
  journal_codec_probe.vcxproj -> D:\Projects\DiskEd\disked\.aide-local\goal-0.1.0\clean-image-verification-53e4269c\build\windows-bootstrap\Release\journal_codec_probe.exe
  Building Custom Rule D:/Projects/DiskEd/disked/.aide-local/goal-0.1.0/clean-image-verification-53e4269c/CMakeLists.txt
  Building Custom Rule D:/Projects/DiskEd/disked/.aide-local/goal-0.1.0/clean-image-verification-53e4269c/CMakeLists.txt
  acquisition_probe.cpp
  case_report.cpp
  session.cpp
  acquisition_case.cpp
  health_probe.cpp
  requests.cpp
  image_verification.cpp
  disked_plan_prototype.vcxproj -> D:\Projects\DiskEd\disked\.aide-local\goal-0.1.0\clean-image-verification-53e4269c\build\windows-bootstrap\Release\disked_plan_prototype.lib
  disked_acquisition_commands.vcxproj -> D:\Projects\DiskEd\disked\.aide-local\goal-0.1.0\clean-image-verification-53e4269c\build\windows-bootstrap\Release\disked_acquisition_commands.lib
  Generating Code...
  Generating Code...
  disked_local_file.vcxproj -> D:\Projects\DiskEd\disked\.aide-local\goal-0.1.0\clean-image-verification-53e4269c\build\windows-bootstrap\Release\disked_local_file.lib
  acquisition_probe.vcxproj -> D:\Projects\DiskEd\disked\.aide-local\goal-0.1.0\clean-image-verification-53e4269c\build\windows-bootstrap\Release\acquisition_probe.exe
  health_observation_probe.vcxproj -> D:\Projects\DiskEd\disked\.aide-local\goal-0.1.0\clean-image-verification-53e4269c\build\windows-bootstrap\Release\health_observation_probe.exe
  Building Custom Rule D:/Projects/DiskEd/disked/.aide-local/goal-0.1.0/clean-image-verification-53e4269c/CMakeLists.txt
  Building Custom Rule D:/Projects/DiskEd/disked/.aide-local/goal-0.1.0/clean-image-verification-53e4269c/CMakeLists.txt
  Building Custom Rule D:/Projects/DiskEd/disked/.aide-local/goal-0.1.0/clean-image-verification-53e4269c/CMakeLists.txt
  file_acquisition.cpp
  Building Custom Rule D:/Projects/DiskEd/disked/.aide-local/goal-0.1.0/clean-image-verification-53e4269c/CMakeLists.txt
  definition_probe.cpp
  guarded_model.cpp
  file_acquisition_probe.cpp
  file_acquisition.cpp
  Building Custom Rule D:/Projects/DiskEd/disked/.aide-local/goal-0.1.0/clean-image-verification-53e4269c/CMakeLists.txt
  semantics.cpp
  plan_definition_probe.vcxproj -> D:\Projects\DiskEd\disked\.aide-local\goal-0.1.0\clean-image-verification-53e4269c\build\windows-bootstrap\Release\plan_definition_probe.exe
  Generating Code...
  disked_file_acquisition.vcxproj -> D:\Projects\DiskEd\disked\.aide-local\goal-0.1.0\clean-image-verification-53e4269c\build\windows-bootstrap\Release\disked_file_acquisition.lib
  disked_case_evidence.vcxproj -> D:\Projects\DiskEd\disked\.aide-local\goal-0.1.0\clean-image-verification-53e4269c\build\windows-bootstrap\Release\disked_case_evidence.lib
  disked_presentation.vcxproj -> D:\Projects\DiskEd\disked\.aide-local\goal-0.1.0\clean-image-verification-53e4269c\build\windows-bootstrap\Release\disked_presentation.lib
  Building Custom Rule D:/Projects/DiskEd/disked/.aide-local/goal-0.1.0/clean-image-verification-53e4269c/CMakeLists.txt
  Building Custom Rule D:/Projects/DiskEd/disked/.aide-local/goal-0.1.0/clean-image-verification-53e4269c/CMakeLists.txt
  Building Custom Rule D:/Projects/DiskEd/disked/.aide-local/goal-0.1.0/clean-image-verification-53e4269c/CMakeLists.txt
  file_verification.cpp
  report_export.cpp
  file_case.cpp
  Building Custom Rule D:/Projects/DiskEd/disked/.aide-local/goal-0.1.0/clean-image-verification-53e4269c/CMakeLists.txt
  file_acquisition_probe.cpp
  acquisition_export.cpp
  disked_journal_semantics.vcxproj -> D:\Projects\DiskEd\disked\.aide-local\goal-0.1.0\clean-image-verification-53e4269c\build\windows-bootstrap\Release\disked_journal_semantics.lib
  report_operation.cpp
  Generating Code...
  disked_guarded_model.vcxproj -> D:\Projects\DiskEd\disked\.aide-local\goal-0.1.0\clean-image-verification-53e4269c\build\windows-bootstrap\Release\disked_guarded_model.lib
  disked_file_case_source.vcxproj -> D:\Projects\DiskEd\disked\.aide-local\goal-0.1.0\clean-image-verification-53e4269c\build\windows-bootstrap\Release\disked_file_case_source.lib
  file_acquisition_fault.vcxproj -> D:\Projects\DiskEd\disked\.aide-local\goal-0.1.0\clean-image-verification-53e4269c\build\windows-bootstrap\Release\file_acquisition_fault.exe
  file_acquisition_probe.vcxproj -> D:\Projects\DiskEd\disked\.aide-local\goal-0.1.0\clean-image-verification-53e4269c\build\windows-bootstrap\Release\file_acquisition_probe.exe
  disked_file_image_verification.vcxproj -> D:\Projects\DiskEd\disked\.aide-local\goal-0.1.0\clean-image-verification-53e4269c\build\windows-bootstrap\Release\disked_file_image_verification.lib
  Building Custom Rule D:/Projects/DiskEd/disked/.aide-local/goal-0.1.0/clean-image-verification-53e4269c/CMakeLists.txt
  directory_probe.cpp
  Building Custom Rule D:/Projects/DiskEd/disked/.aide-local/goal-0.1.0/clean-image-verification-53e4269c/CMakeLists.txt
  Building Custom Rule D:/Projects/DiskEd/disked/.aide-local/goal-0.1.0/clean-image-verification-53e4269c/CMakeLists.txt
  Building Custom Rule D:/Projects/DiskEd/disked/.aide-local/goal-0.1.0/clean-image-verification-53e4269c/CMakeLists.txt
  semantic_probe.cpp
  guarded_probe.cpp
  Building Custom Rule D:/Projects/DiskEd/disked/.aide-local/goal-0.1.0/clean-image-verification-53e4269c/CMakeLists.txt
  producer.cpp
  Building Custom Rule D:/Projects/DiskEd/disked/.aide-local/goal-0.1.0/clean-image-verification-53e4269c/CMakeLists.txt
  Building Custom Rule D:/Projects/DiskEd/disked/.aide-local/goal-0.1.0/clean-image-verification-53e4269c/CMakeLists.txt
  Building Custom Rule D:/Projects/DiskEd/disked/.aide-local/goal-0.1.0/clean-image-verification-53e4269c/CMakeLists.txt
  Building Custom Rule D:/Projects/DiskEd/disked/.aide-local/goal-0.1.0/clean-image-verification-53e4269c/CMakeLists.txt
  Building Custom Rule D:/Projects/DiskEd/disked/.aide-local/goal-0.1.0/clean-image-verification-53e4269c/CMakeLists.txt
  Building Custom Rule D:/Projects/DiskEd/disked/.aide-local/goal-0.1.0/clean-image-verification-53e4269c/CMakeLists.txt
  Building Custom Rule D:/Projects/DiskEd/disked/.aide-local/goal-0.1.0/clean-image-verification-53e4269c/CMakeLists.txt
  worker_directory_probe.vcxproj -> D:\Projects\DiskEd\disked\.aide-local\goal-0.1.0\clean-image-verification-53e4269c\build\windows-bootstrap\Release\worker_directory_probe.exe
  disked_report_export.vcxproj -> D:\Projects\DiskEd\disked\.aide-local\goal-0.1.0\clean-image-verification-53e4269c\build\windows-bootstrap\Release\disked_report_export.lib
  Building Custom Rule D:/Projects/DiskEd/disked/.aide-local/goal-0.1.0/clean-image-verification-53e4269c/CMakeLists.txt
  guarded_journal_probe.vcxproj -> D:\Projects\DiskEd\disked\.aide-local\goal-0.1.0\clean-image-verification-53e4269c\build\windows-bootstrap\Release\guarded_journal_probe.exe
  journal_semantic_probe.vcxproj -> D:\Projects\DiskEd\disked\.aide-local\goal-0.1.0\clean-image-verification-53e4269c\build\windows-bootstrap\Release\journal_semantic_probe.exe
  disked_model_journal_producer.vcxproj -> D:\Projects\DiskEd\disked\.aide-local\goal-0.1.0\clean-image-verification-53e4269c\build\windows-bootstrap\Release\disked_model_journal_producer.lib
  Building Custom Rule D:/Projects/DiskEd/disked/.aide-local/goal-0.1.0/clean-image-verification-53e4269c/CMakeLists.txt
  Building Custom Rule D:/Projects/DiskEd/disked/.aide-local/goal-0.1.0/clean-image-verification-53e4269c/CMakeLists.txt
  Building Custom Rule D:/Projects/DiskEd/disked/.aide-local/goal-0.1.0/clean-image-verification-53e4269c/CMakeLists.txt
  Building Custom Rule D:/Projects/DiskEd/disked/.aide-local/goal-0.1.0/clean-image-verification-53e4269c/CMakeLists.txt
  Building Custom Rule D:/Projects/DiskEd/disked/.aide-local/goal-0.1.0/clean-image-verification-53e4269c/CMakeLists.txt
  request_channel_probe.cpp
  service_probe.cpp
  model.cpp
  reducer_probe.cpp
  shell_model.cpp
  case_probe.cpp
  command_registry.cpp
  graph.cpp
  operation_reducer_probe.vcxproj -> D:\Projects\DiskEd\disked\.aide-local\goal-0.1.0\clean-image-verification-53e4269c\build\windows-bootstrap\Release\operation_reducer_probe.exe
  disked_tui.vcxproj -> D:\Projects\DiskEd\disked\.aide-local\goal-0.1.0\clean-image-verification-53e4269c\build\windows-bootstrap\Release\disked_tui.lib
  capture_probe.cpp
  map_observation.cpp
  health_observer.cpp
  gui_model.cpp
  bootstrap.cpp
  Generating Code...
  case_evidence_probe.vcxproj -> D:\Projects\DiskEd\disked\.aide-local\goal-0.1.0\clean-image-verification-53e4269c\build\windows-bootstrap\Release\case_evidence_probe.exe
  request_channel_probe.vcxproj -> D:\Projects\DiskEd\disked\.aide-local\goal-0.1.0\clean-image-verification-53e4269c\build\windows-bootstrap\Release\request_channel_probe.exe
  acquisition_export_probe.cpp
  disked_shell.vcxproj -> D:\Projects\DiskEd\disked\.aide-local\goal-0.1.0\clean-image-verification-53e4269c\build\windows-bootstrap\Release\disked_shell.lib
  export_probe.cpp
  disked_map_observation.vcxproj -> D:\Projects\DiskEd\disked\.aide-local\goal-0.1.0\clean-image-verification-53e4269c\build\windows-bootstrap\Release\disked_map_observation.lib
  file_export.cpp
  file_export_probe.cpp
  disked_gui.vcxproj -> D:\Projects\DiskEd\disked\.aide-local\goal-0.1.0\clean-image-verification-53e4269c\build\windows-bootstrap\Release\disked_gui.lib
  export_commands.cpp
  file_export.cpp
  file_acquisition_export.cpp
  capture_probe.vcxproj -> D:\Projects\DiskEd\disked\.aide-local\goal-0.1.0\clean-image-verification-53e4269c\build\windows-bootstrap\Release\capture_probe.exe
  file_export.cpp
  Generating Code...
  Generating Code...
  report_export_probe.vcxproj -> D:\Projects\DiskEd\disked\.aide-local\goal-0.1.0\clean-image-verification-53e4269c\build\windows-bootstrap\Release\report_export_probe.exe
  Building Custom Rule D:/Projects/DiskEd/disked/.aide-local/goal-0.1.0/clean-image-verification-53e4269c/CMakeLists.txt
  Building Custom Rule D:/Projects/DiskEd/disked/.aide-local/goal-0.1.0/clean-image-verification-53e4269c/CMakeLists.txt
  frontend_service_probe.vcxproj -> D:\Projects\DiskEd\disked\.aide-local\goal-0.1.0\clean-image-verification-53e4269c\build\windows-bootstrap\Release\frontend_service_probe.exe
  Building Custom Rule D:/Projects/DiskEd/disked/.aide-local/goal-0.1.0/clean-image-verification-53e4269c/CMakeLists.txt
  Building Custom Rule D:/Projects/DiskEd/disked/.aide-local/goal-0.1.0/clean-image-verification-53e4269c/CMakeLists.txt
  Building Custom Rule D:/Projects/DiskEd/disked/.aide-local/goal-0.1.0/clean-image-verification-53e4269c/CMakeLists.txt
  tui_probe.cpp
  file_capture.cpp
  image_file_capture_probe.cpp
  image_commands.cpp
  image_observation_probe.cpp
  file_capture.cpp
  command_registry.cpp
  file_report_export_fault.vcxproj -> D:\Projects\DiskEd\disked\.aide-local\goal-0.1.0\clean-image-verification-53e4269c\build\windows-bootstrap\Release\file_report_export_fault.exe
  graph.cpp
  Generating Code...
  disked_image_actions.vcxproj -> D:\Projects\DiskEd\disked\.aide-local\goal-0.1.0\clean-image-verification-53e4269c\build\windows-bootstrap\Release\disked_image_actions.lib
  disked_file_report_export.vcxproj -> D:\Projects\DiskEd\disked\.aide-local\goal-0.1.0\clean-image-verification-53e4269c\build\windows-bootstrap\Release\disked_file_report_export.lib
  Building Custom Rule D:/Projects/DiskEd/disked/.aide-local/goal-0.1.0/clean-image-verification-53e4269c/CMakeLists.txt
  Building Custom Rule D:/Projects/DiskEd/disked/.aide-local/goal-0.1.0/clean-image-verification-53e4269c/CMakeLists.txt
  Building Custom Rule D:/Projects/DiskEd/disked/.aide-local/goal-0.1.0/clean-image-verification-53e4269c/CMakeLists.txt
  health_observer.cpp
  observation.cpp
  disked_image_capture.vcxproj -> D:\Projects\DiskEd\disked\.aide-local\goal-0.1.0\clean-image-verification-53e4269c\build\windows-bootstrap\Release\disked_image_capture.lib
  Building Custom Rule D:/Projects/DiskEd/disked/.aide-local/goal-0.1.0/clean-image-verification-53e4269c/CMakeLists.txt
  shell_probe.cpp
  bootstrap.cpp
  image_verification_probe.cpp
  Generating Code...
  image_observation_probe.vcxproj -> D:\Projects\DiskEd\disked\.aide-local\goal-0.1.0\clean-image-verification-53e4269c\build\windows-bootstrap\Release\image_observation_probe.exe
  command_registry.cpp
  image_file_capture_fault.vcxproj -> D:\Projects\DiskEd\disked\.aide-local\goal-0.1.0\clean-image-verification-53e4269c\build\windows-bootstrap\Release\image_file_capture_fault.exe
  graph.cpp
  health_observer.cpp
  disked_export_commands.vcxproj -> D:\Projects\DiskEd\disked\.aide-local\goal-0.1.0\clean-image-verification-53e4269c\build\windows-bootstrap\Release\disked_export_commands.lib
  disked_acquisition_observation.vcxproj -> D:\Projects\DiskEd\disked\.aide-local\goal-0.1.0\clean-image-verification-53e4269c\build\windows-bootstrap\Release\disked_acquisition_observation.lib
  Building Custom Rule D:/Projects/DiskEd/disked/.aide-local/goal-0.1.0/clean-image-verification-53e4269c/CMakeLists.txt
  Building Custom Rule D:/Projects/DiskEd/disked/.aide-local/goal-0.1.0/clean-image-verification-53e4269c/CMakeLists.txt
  bootstrap.cpp
  Generating Code...
  acquired_image_verification_probe.vcxproj -> D:\Projects\DiskEd\disked\.aide-local\goal-0.1.0\clean-image-verification-53e4269c\build\windows-bootstrap\Release\acquired_image_verification_probe.exe
  acquisition_export_fault.vcxproj -> D:\Projects\DiskEd\disked\.aide-local\goal-0.1.0\clean-image-verification-53e4269c\build\windows-bootstrap\Release\acquisition_export_fault.exe
  acquisition_command_probe.cpp
  acquisition_worker_probe.cpp
  Building Custom Rule D:/Projects/DiskEd/disked/.aide-local/goal-0.1.0/clean-image-verification-53e4269c/CMakeLists.txt
  Building Custom Rule D:/Projects/DiskEd/disked/.aide-local/goal-0.1.0/clean-image-verification-53e4269c/CMakeLists.txt
  watch_probe.cpp
  acquisition_worker_probe.cpp
  acquisition_worker.cpp
  acquisition_worker.cpp
  acquisition_worker.cpp
  tui_model_probe.vcxproj -> D:\Projects\DiskEd\disked\.aide-local\goal-0.1.0\clean-image-verification-53e4269c\build\windows-bootstrap\Release\tui_model_probe.exe
  Building Custom Rule D:/Projects/DiskEd/disked/.aide-local/goal-0.1.0/clean-image-verification-53e4269c/CMakeLists.txt
  Generating Code...
  Generating Code...
  Generating Code...
  report_observation.cpp
  watch_probe.vcxproj -> D:\Projects\DiskEd\disked\.aide-local\goal-0.1.0\clean-image-verification-53e4269c\build\windows-bootstrap\Release\watch_probe.exe
  Building Custom Rule D:/Projects/DiskEd/disked/.aide-local/goal-0.1.0/clean-image-verification-53e4269c/CMakeLists.txt
  Building Custom Rule D:/Projects/DiskEd/disked/.aide-local/goal-0.1.0/clean-image-verification-53e4269c/CMakeLists.txt
  Building Custom Rule D:/Projects/DiskEd/disked/.aide-local/goal-0.1.0/clean-image-verification-53e4269c/CMakeLists.txt
  acquisition_case_probe.cpp
  file_export_probe.cpp
  shell_model_probe.vcxproj -> D:\Projects\DiskEd\disked\.aide-local\goal-0.1.0\clean-image-verification-53e4269c\build\windows-bootstrap\Release\shell_model_probe.exe
  disked_report_observation.vcxproj -> D:\Projects\DiskEd\disked\.aide-local\goal-0.1.0\clean-image-verification-53e4269c\build\windows-bootstrap\Release\disked_report_observation.lib
  file_acquisition_export.cpp
  Building Custom Rule D:/Projects/DiskEd/disked/.aide-local/goal-0.1.0/clean-image-verification-53e4269c/CMakeLists.txt
  acquisition_worker_fault.vcxproj -> D:\Projects\DiskEd\disked\.aide-local\goal-0.1.0\clean-image-verification-53e4269c\build\windows-bootstrap\Release\acquisition_worker_fault.exe
  acquisition_worker_probe.vcxproj -> D:\Projects\DiskEd\disked\.aide-local\goal-0.1.0\clean-image-verification-53e4269c\build\windows-bootstrap\Release\acquisition_worker_probe.exe
  image_file_capture_probe.cpp
  Building Custom Rule D:/Projects/DiskEd/disked/.aide-local/goal-0.1.0/clean-image-verification-53e4269c/CMakeLists.txt
  Building Custom Rule D:/Projects/DiskEd/disked/.aide-local/goal-0.1.0/clean-image-verification-53e4269c/CMakeLists.txt
  report_worker_probe.cpp
  gui_probe.cpp
  acquisition_case_probe.vcxproj -> D:\Projects\DiskEd\disked\.aide-local\goal-0.1.0\clean-image-verification-53e4269c\build\windows-bootstrap\Release\acquisition_case_probe.exe
  acquisition_command_probe.vcxproj -> D:\Projects\DiskEd\disked\.aide-local\goal-0.1.0\clean-image-verification-53e4269c\build\windows-bootstrap\Release\acquisition_command_probe.exe
  disked_file_acquisition_export.vcxproj -> D:\Projects\DiskEd\disked\.aide-local\goal-0.1.0\clean-image-verification-53e4269c\build\windows-bootstrap\Release\disked_file_acquisition_export.lib
  report_worker.cpp
  file_report_export_probe.vcxproj -> D:\Projects\DiskEd\disked\.aide-local\goal-0.1.0\clean-image-verification-53e4269c\build\windows-bootstrap\Release\file_report_export_probe.exe
  command_registry.cpp
  Building Custom Rule D:/Projects/DiskEd/disked/.aide-local/goal-0.1.0/clean-image-verification-53e4269c/CMakeLists.txt
  Building Custom Rule D:/Projects/DiskEd/disked/.aide-local/goal-0.1.0/clean-image-verification-53e4269c/CMakeLists.txt
  image_file_capture_probe.vcxproj -> D:\Projects\DiskEd\disked\.aide-local\goal-0.1.0\clean-image-verification-53e4269c\build\windows-bootstrap\Release\image_file_capture_probe.exe
  Building Custom Rule D:/Projects/DiskEd/disked/.aide-local/goal-0.1.0/clean-image-verification-53e4269c/CMakeLists.txt
  Building Custom Rule D:/Projects/DiskEd/disked/.aide-local/goal-0.1.0/clean-image-verification-53e4269c/CMakeLists.txt
  export_command_probe.cpp
  acquisition_export_probe.cpp
  Building Custom Rule D:/Projects/DiskEd/disked/.aide-local/goal-0.1.0/clean-image-verification-53e4269c/CMakeLists.txt
  export_command_probe.cpp
  graph.cpp
  Building Custom Rule D:/Projects/DiskEd/disked/.aide-local/goal-0.1.0/clean-image-verification-53e4269c/CMakeLists.txt
  file_export.cpp
  report_worker_probe.cpp
  report_worker.cpp
  health_observer.cpp
  report_worker.cpp
  report_worker.cpp
  file_acquisition_export.cpp
  bootstrap.cpp
  Generating Code...
  Generating Code...
  Generating Code...
  Building Custom Rule D:/Projects/DiskEd/disked/.aide-local/goal-0.1.0/clean-image-verification-53e4269c/CMakeLists.txt
  Generating Code...
  Generating Code...
  Building Custom Rule D:/Projects/DiskEd/disked/.aide-local/goal-0.1.0/clean-image-verification-53e4269c/CMakeLists.txt
  Building Custom Rule D:/Projects/DiskEd/disked/.aide-local/goal-0.1.0/clean-image-verification-53e4269c/CMakeLists.txt
  Building Custom Rule D:/Projects/DiskEd/disked/.aide-local/goal-0.1.0/clean-image-verification-53e4269c/CMakeLists.txt
  Building Custom Rule D:/Projects/DiskEd/disked/.aide-local/goal-0.1.0/clean-image-verification-53e4269c/CMakeLists.txt
  Building Custom Rule D:/Projects/DiskEd/disked/.aide-local/goal-0.1.0/clean-image-verification-53e4269c/CMakeLists.txt
  Building Custom Rule D:/Projects/DiskEd/disked/.aide-local/goal-0.1.0/clean-image-verification-53e4269c/CMakeLists.txt
  gui_model_probe.vcxproj -> D:\Projects\DiskEd\disked\.aide-local\goal-0.1.0\clean-image-verification-53e4269c\build\windows-bootstrap\Release\gui_model_probe.exe
  Building Custom Rule D:/Projects/DiskEd/disked/.aide-local/goal-0.1.0/clean-image-verification-53e4269c/CMakeLists.txt
  acquisition_export_probe.vcxproj -> D:\Projects\DiskEd\disked\.aide-local\goal-0.1.0\clean-image-verification-53e4269c\build\windows-bootstrap\Release\acquisition_export_probe.exe
  Building Custom Rule D:/Projects/DiskEd/disked/.aide-local/goal-0.1.0/clean-image-verification-53e4269c/CMakeLists.txt
  main.cpp
  main.cpp
  main.cpp
  cli.cpp
  cli.cpp
  cli.cpp
  report_worker_probe.vcxproj -> D:\Projects\DiskEd\disked\.aide-local\goal-0.1.0\clean-image-verification-53e4269c\build\windows-bootstrap\Release\report_worker_probe.exe
  main.cpp
  main.cpp
  cli.cpp
  cli.cpp
  command_registry.cpp
  command_registry.cpp
  export_command_fault.vcxproj -> D:\Projects\DiskEd\disked\.aide-local\goal-0.1.0\clean-image-verification-53e4269c\build\windows-bootstrap\Release\export_command_fault.exe
  main.cpp
  bootstrap.cpp
  command_registry.cpp
  graph.cpp
  bootstrap.cpp
  graph.cpp
  command_registry.cpp
  cli.cpp
  command_registry.cpp
  bootstrap.cpp
  graph.cpp
  health_observer.cpp
  health_observer.cpp
  bootstrap.cpp
  bootstrap.cpp
  graph.cpp
  graph.cpp
  health_observer.cpp
  entry.cpp
  entry.cpp
  command_registry.cpp
  health_observer.cpp
  health_observer.cpp
  bootstrap.cpp
  entry.cpp
  graph.cpp
  entry.cpp
  entry.cpp
  invocation.cpp
  invocation.cpp
  health_observer.cpp
  invocation.cpp
  fake_worker.cpp
  invocation.cpp
  fake_worker.cpp
  invocation.cpp
  entry.cpp
  fake_worker.cpp
  fake_worker.cpp
  fake_worker.cpp
  output.cpp
  output.cpp
  invocation.cpp
  output.cpp
  memory_budget.cpp
  memory_budget.cpp
  output.cpp
  fake_worker.cpp
  output.cpp
  terminal.cpp
  terminal.cpp
  memory_budget.cpp
  memory_budget.cpp
  terminal.cpp
  memory_budget.cpp
  terminal.cpp
  terminal.cpp
  output.cpp
  gui.cpp
  gui.cpp
  memory_budget.cpp
  gui.cpp
  terminal.cpp
  gui.cpp
  acquisition_worker.cpp
  gui.cpp
  acquisition_worker.cpp
  acquisition_worker.cpp
  gui.cpp
  acquisition_worker.cpp
  acquisition_worker.cpp
  report_worker.cpp
  report_worker.cpp
  acquisition_worker.cpp
  report_worker.cpp
  report_worker.cpp
  report_worker.cpp
  Generating Code...
  Generating Code...
  report_worker.cpp
  Generating Code...
  Generating Code...
  Generating Code...
  Generating Code...
  main.cpp
  cli.cpp
  disked.vcxproj -> D:\Projects\DiskEd\disked\.aide-local\goal-0.1.0\clean-image-verification-53e4269c\build\windows-bootstrap\Release\disked.exe
  main.cpp
  cli.cpp
  command_registry.cpp
  main.cpp
  bootstrap.cpp
  graph.cpp
  disked_worker_memory_limit.vcxproj -> D:\Projects\DiskEd\disked\.aide-local\goal-0.1.0\clean-image-verification-53e4269c\build\windows-bootstrap\Release\disked_worker_memory_limit.exe
  cli.cpp
  command_registry.cpp
  health_observer.cpp
  bootstrap.cpp
  graph.cpp
  disked_store_fault.vcxproj -> D:\Projects\DiskEd\disked\.aide-local\goal-0.1.0\clean-image-verification-53e4269c\build\windows-bootstrap\Release\disked_store_fault.exe
  main.cpp
  report_worker_fault.vcxproj -> D:\Projects\DiskEd\disked\.aide-local\goal-0.1.0\clean-image-verification-53e4269c\build\windows-bootstrap\Release\report_worker_fault.exe
  disked_tui_fault.vcxproj -> D:\Projects\DiskEd\disked\.aide-local\goal-0.1.0\clean-image-verification-53e4269c\build\windows-bootstrap\Release\disked_tui_fault.exe
  entry.cpp
  main.cpp
  health_observer.cpp
  cli.cpp
  command_registry.cpp
  cli.cpp
  disked_provider_guard.vcxproj -> D:\Projects\DiskEd\disked\.aide-local\goal-0.1.0\clean-image-verification-53e4269c\build\windows-bootstrap\Release\disked_provider_guard.exe
  Building Custom Rule D:/Projects/DiskEd/disked/.aide-local/goal-0.1.0/clean-image-verification-53e4269c/CMakeLists.txt
  bootstrap.cpp
  graph.cpp
  entry.cpp
  main.cpp
  invocation.cpp
  command_registry.cpp
  cli.cpp
  health_observer.cpp
  command_registry.cpp
  invocation.cpp
  bootstrap.cpp
  fake_worker.cpp
  graph.cpp
  bootstrap.cpp
  graph.cpp
  entry.cpp
  fake_worker.cpp
  health_observer.cpp
  command_registry.cpp
  health_observer.cpp
  output.cpp
  bootstrap.cpp
  graph.cpp
  invocation.cpp
  entry.cpp
  entry.cpp
  output.cpp
  memory_budget.cpp
  health_observer.cpp
  fake_worker.cpp
  terminal.cpp
  invocation.cpp
  memory_budget.cpp
  invocation.cpp
  entry.cpp
  terminal.cpp
  fake_worker.cpp
  gui.cpp
  fake_worker.cpp
  output.cpp
  invocation.cpp
  gui.cpp
  memory_budget.cpp
  acquisition_worker.cpp
  fake_worker.cpp
  terminal.cpp
  output.cpp
  output.cpp
  acquisition_worker.cpp
  memory_budget.cpp
  memory_budget.cpp
  terminal.cpp
  terminal.cpp
  report_worker.cpp
  output.cpp
  gui.cpp
  memory_budget.cpp
  report_worker.cpp
  gui.cpp
  acquisition_worker.cpp
  gui.cpp
  terminal.cpp
  Generating Code...
  Generating Code...
  acquisition_worker.cpp
  acquisition_worker.cpp
  gui.cpp
  report_worker.cpp
  acquisition_worker.cpp
  report_worker.cpp
  report_worker.cpp
  file_capture.cpp
  report_worker.cpp
  Generating Code...
  capture_campaign.cpp
  Generating Code...
  Generating Code...
  Generating Code...
  disked_memory_test.vcxproj -> D:\Projects\DiskEd\disked\.aide-local\goal-0.1.0\clean-image-verification-53e4269c\build\windows-bootstrap\Release\disked_memory_test.exe
  export_command_probe.vcxproj -> D:\Projects\DiskEd\disked\.aide-local\goal-0.1.0\clean-image-verification-53e4269c\build\windows-bootstrap\Release\export_command_probe.exe
  disked_file_wait.vcxproj -> D:\Projects\DiskEd\disked\.aide-local\goal-0.1.0\clean-image-verification-53e4269c\build\windows-bootstrap\Release\disked_file_wait.exe
  disked_report_test.vcxproj -> D:\Projects\DiskEd\disked\.aide-local\goal-0.1.0\clean-image-verification-53e4269c\build\windows-bootstrap\Release\disked_report_test.exe
  guarded_probe.cpp
  model_journal_producer_probe.vcxproj -> D:\Projects\DiskEd\disked\.aide-local\goal-0.1.0\clean-image-verification-53e4269c\build\windows-bootstrap\Release\model_journal_producer_probe.exe
  disked_gui_unavailable.vcxproj -> D:\Projects\DiskEd\disked\.aide-local\goal-0.1.0\clean-image-verification-53e4269c\build\windows-bootstrap\Release\disked_gui_unavailable.exe
  disked_image_test.vcxproj -> D:\Projects\DiskEd\disked\.aide-local\goal-0.1.0\clean-image-verification-53e4269c\build\windows-bootstrap\Release\disked_image_test.exe
  disked_capture_campaign.vcxproj -> D:\Projects\DiskEd\disked\.aide-local\goal-0.1.0\clean-image-verification-53e4269c\build\windows-bootstrap\Release\disked_capture_campaign.exe
  disked_worker_delayed.vcxproj -> D:\Projects\DiskEd\disked\.aide-local\goal-0.1.0\clean-image-verification-53e4269c\build\windows-bootstrap\Release\disked_worker_delayed.exe
  Building Custom Rule D:/Projects/DiskEd/disked/.aide-local/goal-0.1.0/clean-image-verification-53e4269c/CMakeLists.txt
