Test project D:/Projects/DiskEd/disked/.aide-local/goal-0.1.0/clean-verification-commands-178da194/build/windows-bootstrap
      Start  1: frontend.product_export
 1/74 Test  #1: frontend.product_export ...................   Passed   14.68 sec
      Start  2: frontend.gui_capture
 2/74 Test  #2: frontend.gui_capture ......................   Passed    0.78 sec
      Start  3: evidence.report_process_identity
 3/74 Test  #3: evidence.report_process_identity ..........   Passed    3.30 sec
      Start  4: operation.directory_pins
 4/74 Test  #4: operation.directory_pins ..................   Passed    0.34 sec
      Start  5: evidence.acquisition_export
 5/74 Test  #5: evidence.acquisition_export ...............   Passed    2.79 sec
      Start  6: evidence.report_worker
 6/74 Test  #6: evidence.report_worker ....................   Passed   19.57 sec
      Start  7: evidence.export_commands
 7/74 Test  #7: evidence.export_commands ..................   Passed    8.70 sec
      Start  8: evidence.report_watch
 8/74 Test  #8: evidence.report_watch .....................   Passed   19.13 sec
      Start  9: evidence.acquisition_case
 9/74 Test  #9: evidence.acquisition_case .................   Passed    8.84 sec
      Start 10: evidence.export_model
10/74 Test #10: evidence.export_model .....................   Passed    1.66 sec
      Start 11: evidence.file_export
11/74 Test #11: evidence.file_export ......................   Passed   10.81 sec
      Start 12: evidence.acquired_image_verification
12/74 Test #12: evidence.acquired_image_verification ......   Passed    2.92 sec
      Start 13: evidence.image_verification_observation
13/74 Test #13: evidence.image_verification_observation ...   Passed    3.69 sec
      Start 14: evidence.image_verification_collection
14/74 Test #14: evidence.image_verification_collection ....   Passed    5.87 sec
      Start 15: evidence.verification_worker
15/74 Test #15: evidence.verification_worker ..............   Passed   29.80 sec
      Start 16: evidence.verification_commands
16/74 Test #16: evidence.verification_commands ............   Passed   22.70 sec
      Start 17: evidence.case_model
17/74 Test #17: evidence.case_model .......................   Passed    3.50 sec
      Start 18: health.observation_model
18/74 Test #18: health.observation_model ..................   Passed    0.27 sec
      Start 19: health.command
19/74 Test #19: health.command ............................   Passed    3.08 sec
      Start 20: journal.semantic_reader
20/74 Test #20: journal.semantic_reader ...................   Passed   12.95 sec
      Start 21: journal.guarded_model
21/74 Test #21: journal.guarded_model .....................   Passed    1.86 sec
      Start 22: journal.model_binary_producer
22/74 Test #22: journal.model_binary_producer .............   Passed    2.61 sec
      Start 23: journal.repeated_crash_audit
23/74 Test #23: journal.repeated_crash_audit ..............   Passed    4.11 sec
      Start 24: journal.plan_definitions
24/74 Test #24: journal.plan_definitions ..................   Passed    0.35 sec
      Start 25: journal.binary_codec
25/74 Test #25: journal.binary_codec ......................   Passed    0.26 sec
      Start 26: frontend.acquisition_forms
26/74 Test #26: frontend.acquisition_forms ................   Passed    2.38 sec
      Start 27: frontend.acquisition_interactive
27/74 Test #27: frontend.acquisition_interactive ..........   Passed   30.96 sec
      Start 28: image.acquisition_commands
28/74 Test #28: image.acquisition_commands ................   Passed   15.97 sec
      Start 29: image.acquisition_operations
29/74 Test #29: image.acquisition_operations ..............   Passed   10.25 sec
      Start 30: image.acquisition_worker
30/74 Test #30: image.acquisition_worker ..................   Passed   24.63 sec
      Start 31: image.file_acquisition
31/74 Test #31: image.file_acquisition ....................   Passed   20.59 sec
      Start 32: image.parent_pins
32/74 Test #32: image.parent_pins .........................   Passed    0.89 sec
      Start 33: image.acquisition_pipeline
33/74 Test #33: image.acquisition_pipeline ................   Passed    5.07 sec
      Start 34: image.shared_commands
34/74 Test #34: image.shared_commands .....................   Passed   18.52 sec
      Start 35: image.file_capture
35/74 Test #35: image.file_capture ........................   Passed    3.55 sec
      Start 36: image.map_observation
36/74 Test #36: image.map_observation .....................   Passed    1.53 sec
      Start 37: portable.gpt
37/74 Test #37: portable.gpt ..............................   Passed    3.36 sec
      Start 38: portable.gpt_guard
38/74 Test #38: portable.gpt_guard ........................   Passed    0.02 sec
      Start 39: portable.mbr_ebr
39/74 Test #39: portable.mbr_ebr ..........................   Passed    1.20 sec
      Start 40: portable.mbr_guard
40/74 Test #40: portable.mbr_guard ........................   Passed    0.02 sec
      Start 41: portable.checked
41/74 Test #41: portable.checked ..........................   Passed    0.31 sec
      Start 42: portable.c_cpp_linkage
42/74 Test #42: portable.c_cpp_linkage ....................   Passed    0.04 sec
      Start 43: operation.watch_reader
43/74 Test #43: operation.watch_reader ....................   Passed    0.40 sec
      Start 44: resilience.capture
44/74 Test #44: resilience.capture ........................   Passed    0.51 sec
      Start 45: resilience.request_channel
45/74 Test #45: resilience.request_channel ................   Passed    1.48 sec
      Start 46: shell.model
46/74 Test #46: shell.model ...............................   Passed    1.37 sec
      Start 47: operation.reducer
47/74 Test #47: operation.reducer .........................   Passed    0.68 sec
      Start 48: frontend.gui_model
48/74 Test #48: frontend.gui_model ........................   Passed    0.56 sec
      Start 49: frontend.gui_windows
49/74 Test #49: frontend.gui_windows ......................   Passed    2.32 sec
      Start 50: frontend.tui_model
50/74 Test #50: frontend.tui_model ........................   Passed    0.42 sec
      Start 51: frontend.tui_windows
51/74 Test #51: frontend.tui_windows ......................   Passed    3.75 sec
      Start 52: shell.windows
52/74 Test #52: shell.windows .............................   Passed    6.50 sec
      Start 53: frontend.service
53/74 Test #53: frontend.service ..........................   Passed    0.38 sec
      Start 54: frontend.transport
54/74 Test #54: frontend.transport ........................   Passed    1.24 sec
      Start 55: invocation.policy
55/74 Test #55: invocation.policy .........................   Passed    5.51 sec
      Start 56: protocol.compatible_reader
56/74 Test #56: protocol.compatible_reader ................   Passed    0.72 sec
      Start 57: command.syntax
57/74 Test #57: command.syntax ............................   Passed   10.36 sec
      Start 58: protocol.json_codec
58/74 Test #58: protocol.json_codec .......................   Passed    2.85 sec
      Start 59: operation.watch
59/74 Test #59: operation.watch ...........................   Passed   31.01 sec
      Start 60: resilience.capture_campaign
60/74 Test #60: resilience.capture_campaign ...............   Passed    9.12 sec
      Start 61: resilience.frontend_memory
61/74 Test #61: resilience.frontend_memory ................   Passed    6.99 sec
      Start 62: resilience.store_failures
62/74 Test #62: resilience.store_failures .................   Passed   16.52 sec
      Start 63: resilience.request_waiting
63/74 Test #63: resilience.request_waiting ................   Passed   19.49 sec
      Start 64: resilience.output_waiting
64/74 Test #64: resilience.output_waiting .................   Passed   17.62 sec
      Start 65: operation.worker
65/74 Test #65: operation.worker ..........................   Passed   20.71 sec
      Start 66: resilience.gui_waiting
66/74 Test #66: resilience.gui_waiting ....................   Passed    6.35 sec
      Start 67: resilience.console_waiting
67/74 Test #67: resilience.console_waiting ................   Passed   12.74 sec
      Start 68: resilience.worker_budget
68/74 Test #68: resilience.worker_budget ..................   Passed    8.19 sec
      Start 69: disked.invocation
69/74 Test #69: disked.invocation .........................   Passed    1.45 sec
      Start 70: disked.acceptance
70/74 Test #70: disked.acceptance .........................   Passed    3.00 sec
      Start 71: disked_provider_guard.invocation
71/74 Test #71: disked_provider_guard.invocation ..........   Passed    1.48 sec
      Start 72: disked_provider_guard.acceptance
72/74 Test #72: disked_provider_guard.acceptance ..........   Passed    3.06 sec
      Start 73: provider_guard.positive_control
73/74 Test #73: provider_guard.positive_control ...........   Passed    0.14 sec
      Start 74: artifacts.archive_completeness
74/74 Test #74: artifacts.archive_completeness ............   Passed    1.41 sec

100% tests passed, 0 tests failed out of 74

Total Test time (real) = 522.21 sec
