Microsoft (R) COFF/PE Dumper Version 14.44.35228.0
Copyright (C) Microsoft Corporation.  All rights reserved.


Dump of file D:\Projects\DiskEd\disked\.aide-local\goal-0.1.0\clean-verification-commands-178da194\build\windows-bootstrap\Release\disked.exe

PE signature found

File Type: EXECUTABLE IMAGE

FILE HEADER VALUES
            8664 machine (x64)
               6 number of sections
        6AC915F9 time date stamp Sat Oct 10 03:27:37 2026
               0 file pointer to symbol table
               0 number of symbols
              F0 size of optional header
              22 characteristics
                   Executable
                   Application can handle large (>2GB) addresses

OPTIONAL HEADER VALUES
             20B magic # (PE32+)
           14.44 linker version
          13E000 size of code
           60A00 size of initialized data
               0 size of uninitialized data
          108740 entry point (0000000140108740)
            1000 base of code
       140000000 image base (0000000140000000 to 00000001401A0FFF)
            1000 section alignment
             200 file alignment
           10.00 operating system version
            0.00 image version
           10.00 subsystem version
               0 Win32 version
          1A1000 size of image
             400 size of headers
               0 checksum
               3 subsystem (Windows CUI)
            C160 DLL characteristics
                   High Entropy Virtual Addresses
                   Dynamic base
                   NX compatible
                   Control Flow Guard
                   Terminal Server Aware
          100000 size of stack reserve
            1000 size of stack commit
          100000 size of heap reserve
            1000 size of heap commit
               0 loader flags
              10 number of directories
               0 [       0] RVA [size] of Export Directory
          18CB9C [      28] RVA [size] of Import Directory
          19F000 [     1C8] RVA [size] of Resource Directory
          196000 [    8E80] RVA [size] of Exception Directory
               0 [       0] RVA [size] of Certificates Directory
          1A0000 [     EF8] RVA [size] of Base Relocation Directory
          16B310 [      1C] RVA [size] of Debug Directory
               0 [       0] RVA [size] of Architecture Directory
               0 [       0] RVA [size] of Global Pointer Directory
          16B500 [      28] RVA [size] of Thread Storage Directory
          16B1D0 [     140] RVA [size] of Load Configuration Directory
               0 [       0] RVA [size] of Bound Import Directory
          13F000 [     490] RVA [size] of Import Address Table Directory
               0 [       0] RVA [size] of Delay Import Directory
               0 [       0] RVA [size] of COM Descriptor Directory
               0 [       0] RVA [size] of Reserved Directory


SECTION HEADER #1
   .text name
  13DF9C virtual size
    1000 virtual address (0000000140001000 to 000000014013EF9B)
  13E000 size of raw data
     400 file pointer to raw data (00000400 to 0013E3FF)
       0 file pointer to relocation table
       0 file pointer to line numbers
       0 number of relocations
       0 number of line numbers
60000020 flags
         Code
         Execute Read

SECTION HEADER #2
  .rdata name
   4EBFA virtual size
  13F000 virtual address (000000014013F000 to 000000014018DBF9)
   4EC00 size of raw data
  13E400 file pointer to raw data (0013E400 to 0018CFFF)
       0 file pointer to relocation table
       0 file pointer to line numbers
       0 number of relocations
       0 number of line numbers
40000040 flags
         Initialized Data
         Read Only

  Debug Directories

        Time Type        Size      RVA  Pointer
    -------- ------- -------- -------- --------
    6AC915F9 coffgrp      418 0016EEF0   16E2F0

SECTION HEADER #3
   .data name
    7BE4 virtual size
  18E000 virtual address (000000014018E000 to 0000000140195BE3)
    6000 size of raw data
  18D000 file pointer to raw data (0018D000 to 00192FFF)
       0 file pointer to relocation table
       0 file pointer to line numbers
       0 number of relocations
       0 number of line numbers
C0000040 flags
         Initialized Data
         Read Write

SECTION HEADER #4
  .pdata name
    8E80 virtual size
  196000 virtual address (0000000140196000 to 000000014019EE7F)
    9000 size of raw data
  193000 file pointer to raw data (00193000 to 0019BFFF)
       0 file pointer to relocation table
       0 file pointer to line numbers
       0 number of relocations
       0 number of line numbers
40000040 flags
         Initialized Data
         Read Only

SECTION HEADER #5
   .rsrc name
     1C8 virtual size
  19F000 virtual address (000000014019F000 to 000000014019F1C7)
     200 size of raw data
  19C000 file pointer to raw data (0019C000 to 0019C1FF)
       0 file pointer to relocation table
       0 file pointer to line numbers
       0 number of relocations
       0 number of line numbers
40000040 flags
         Initialized Data
         Read Only

SECTION HEADER #6
  .reloc name
     EF8 virtual size
  1A0000 virtual address (00000001401A0000 to 00000001401A0EF7)
    1000 size of raw data
  19C200 file pointer to raw data (0019C200 to 0019D1FF)
       0 file pointer to relocation table
       0 file pointer to line numbers
       0 number of relocations
       0 number of line numbers
42000040 flags
         Initialized Data
         Discardable
         Read Only

  Summary

        8000 .data
        9000 .pdata
       4F000 .rdata
        1000 .reloc
        1000 .rsrc
      13E000 .text
