Microsoft (R) COFF/PE Dumper Version 14.44.35228.0
Copyright (C) Microsoft Corporation.  All rights reserved.


Dump of file D:\Projects\DiskEd\disked\.aide-local\goal-0.1.0\clean-verification-commands-178da194\build\windows-bootstrap\Release\verification_worker_probe.exe

PE signature found

File Type: EXECUTABLE IMAGE

FILE HEADER VALUES
            8664 machine (x64)
               6 number of sections
        6AC915E6 time date stamp Sat Oct 10 03:27:18 2026
               0 file pointer to symbol table
               0 number of symbols
              F0 size of optional header
              22 characteristics
                   Executable
                   Application can handle large (>2GB) addresses

OPTIONAL HEADER VALUES
             20B magic # (PE32+)
           14.44 linker version
           69400 size of code
           22C00 size of initialized data
               0 size of uninitialized data
           4FF80 entry point (000000014004FF80)
            1000 base of code
       140000000 image base (0000000140000000 to 000000014008FFFF)
            1000 section alignment
             200 file alignment
            6.00 operating system version
            0.00 image version
            6.00 subsystem version
               0 Win32 version
           90000 size of image
             400 size of headers
               0 checksum
               3 subsystem (Windows CUI)
            C160 DLL characteristics
                   High Entropy Virtual Addresses
                   Dynamic base
                   NX compatible
                   Control Flow Guard
                   Terminal Server Aware
          100000 size of stack reserve
            1000 size of stack commit
          100000 size of heap reserve
            1000 size of heap commit
               0 loader flags
              10 number of directories
               0 [       0] RVA [size] of Export Directory
           861EC [      28] RVA [size] of Import Directory
           8E000 [     1E0] RVA [size] of Resource Directory
           8A000 [    3600] RVA [size] of Exception Directory
               0 [       0] RVA [size] of Certificates Directory
           8F000 [     844] RVA [size] of Base Relocation Directory
           7B0B0 [      1C] RVA [size] of Debug Directory
               0 [       0] RVA [size] of Architecture Directory
               0 [       0] RVA [size] of Global Pointer Directory
           7B280 [      28] RVA [size] of Thread Storage Directory
           7AF70 [     140] RVA [size] of Load Configuration Directory
               0 [       0] RVA [size] of Bound Import Directory
           6B000 [     350] RVA [size] of Import Address Table Directory
               0 [       0] RVA [size] of Delay Import Directory
               0 [       0] RVA [size] of COM Descriptor Directory
               0 [       0] RVA [size] of Reserved Directory


SECTION HEADER #1
   .text name
   693CC virtual size
    1000 virtual address (0000000140001000 to 000000014006A3CB)
   69400 size of raw data
     400 file pointer to raw data (00000400 to 000697FF)
       0 file pointer to relocation table
       0 file pointer to line numbers
       0 number of relocations
       0 number of line numbers
60000020 flags
         Code
         Execute Read

SECTION HEADER #2
  .rdata name
   1BD94 virtual size
   6B000 virtual address (000000014006B000 to 0000000140086D93)
   1BE00 size of raw data
   69800 file pointer to raw data (00069800 to 000855FF)
       0 file pointer to relocation table
       0 file pointer to line numbers
       0 number of relocations
       0 number of line numbers
40000040 flags
         Initialized Data
         Read Only

  Debug Directories

        Time Type        Size      RVA  Pointer
    -------- ------- -------- -------- --------
    6AC915E6 coffgrp      418 0007BF20    7A720

SECTION HEADER #3
   .data name
    2A68 virtual size
   87000 virtual address (0000000140087000 to 0000000140089A67)
    1400 size of raw data
   85600 file pointer to raw data (00085600 to 000869FF)
       0 file pointer to relocation table
       0 file pointer to line numbers
       0 number of relocations
       0 number of line numbers
C0000040 flags
         Initialized Data
         Read Write

SECTION HEADER #4
  .pdata name
    3600 virtual size
   8A000 virtual address (000000014008A000 to 000000014008D5FF)
    3600 size of raw data
   86A00 file pointer to raw data (00086A00 to 00089FFF)
       0 file pointer to relocation table
       0 file pointer to line numbers
       0 number of relocations
       0 number of line numbers
40000040 flags
         Initialized Data
         Read Only

SECTION HEADER #5
   .rsrc name
     1E0 virtual size
   8E000 virtual address (000000014008E000 to 000000014008E1DF)
     200 size of raw data
   8A000 file pointer to raw data (0008A000 to 0008A1FF)
       0 file pointer to relocation table
       0 file pointer to line numbers
       0 number of relocations
       0 number of line numbers
40000040 flags
         Initialized Data
         Read Only

SECTION HEADER #6
  .reloc name
     844 virtual size
   8F000 virtual address (000000014008F000 to 000000014008F843)
     A00 size of raw data
   8A200 file pointer to raw data (0008A200 to 0008ABFF)
       0 file pointer to relocation table
       0 file pointer to line numbers
       0 number of relocations
       0 number of line numbers
42000040 flags
         Initialized Data
         Discardable
         Read Only

  Summary

        3000 .data
        4000 .pdata
       1C000 .rdata
        1000 .reloc
        1000 .rsrc
       6A000 .text
