Microsoft (R) COFF/PE Dumper Version 14.44.35228.0
Copyright (C) Microsoft Corporation.  All rights reserved.


Dump of file D:\Projects\DiskEd\disked\.aide-local\goal-0.1.0\clean-verification-commands-178da194\build\windows-bootstrap\Release\verification_command_probe.exe

PE signature found

File Type: EXECUTABLE IMAGE

FILE HEADER VALUES
            8664 machine (x64)
               6 number of sections
        6AC915E7 time date stamp Sat Oct 10 03:27:19 2026
               0 file pointer to symbol table
               0 number of symbols
              F0 size of optional header
              22 characteristics
                   Executable
                   Application can handle large (>2GB) addresses

OPTIONAL HEADER VALUES
             20B magic # (PE32+)
           14.44 linker version
           9C800 size of code
           40200 size of initialized data
               0 size of uninitialized data
           77DA0 entry point (0000000140077DA0)
            1000 base of code
       140000000 image base (0000000140000000 to 00000001400E0FFF)
            1000 section alignment
             200 file alignment
            6.00 operating system version
            0.00 image version
            6.00 subsystem version
               0 Win32 version
           E1000 size of image
             400 size of headers
               0 checksum
               3 subsystem (Windows CUI)
            C160 DLL characteristics
                   High Entropy Virtual Addresses
                   Dynamic base
                   NX compatible
                   Control Flow Guard
                   Terminal Server Aware
          100000 size of stack reserve
            1000 size of stack commit
          100000 size of heap reserve
            1000 size of heap commit
               0 loader flags
              10 number of directories
               0 [       0] RVA [size] of Export Directory
           D39BC [      28] RVA [size] of Import Directory
           DF000 [     1E0] RVA [size] of Resource Directory
           D9000 [    513C] RVA [size] of Exception Directory
               0 [       0] RVA [size] of Certificates Directory
           E0000 [     AD0] RVA [size] of Base Relocation Directory
           C33C0 [      1C] RVA [size] of Debug Directory
               0 [       0] RVA [size] of Architecture Directory
               0 [       0] RVA [size] of Global Pointer Directory
           C3580 [      28] RVA [size] of Thread Storage Directory
           C3280 [     140] RVA [size] of Load Configuration Directory
               0 [       0] RVA [size] of Bound Import Directory
           9E000 [     3A8] RVA [size] of Import Address Table Directory
               0 [       0] RVA [size] of Delay Import Directory
               0 [       0] RVA [size] of COM Descriptor Directory
               0 [       0] RVA [size] of Reserved Directory


SECTION HEADER #1
   .text name
   9C60C virtual size
    1000 virtual address (0000000140001000 to 000000014009D60B)
   9C800 size of raw data
     400 file pointer to raw data (00000400 to 0009CBFF)
       0 file pointer to relocation table
       0 file pointer to line numbers
       0 number of relocations
       0 number of line numbers
60000020 flags
         Code
         Execute Read

SECTION HEADER #2
  .rdata name
   366AC virtual size
   9E000 virtual address (000000014009E000 to 00000001400D46AB)
   36800 size of raw data
   9CC00 file pointer to raw data (0009CC00 to 000D33FF)
       0 file pointer to relocation table
       0 file pointer to line numbers
       0 number of relocations
       0 number of line numbers
40000040 flags
         Initialized Data
         Read Only

  Debug Directories

        Time Type        Size      RVA  Pointer
    -------- ------- -------- -------- --------
    6AC915E7 coffgrp      418 000C5430    C4030

SECTION HEADER #3
   .data name
    38B0 virtual size
   D5000 virtual address (00000001400D5000 to 00000001400D88AF)
    2200 size of raw data
   D3400 file pointer to raw data (000D3400 to 000D55FF)
       0 file pointer to relocation table
       0 file pointer to line numbers
       0 number of relocations
       0 number of line numbers
C0000040 flags
         Initialized Data
         Read Write

SECTION HEADER #4
  .pdata name
    513C virtual size
   D9000 virtual address (00000001400D9000 to 00000001400DE13B)
    5200 size of raw data
   D5600 file pointer to raw data (000D5600 to 000DA7FF)
       0 file pointer to relocation table
       0 file pointer to line numbers
       0 number of relocations
       0 number of line numbers
40000040 flags
         Initialized Data
         Read Only

SECTION HEADER #5
   .rsrc name
     1E0 virtual size
   DF000 virtual address (00000001400DF000 to 00000001400DF1DF)
     200 size of raw data
   DA800 file pointer to raw data (000DA800 to 000DA9FF)
       0 file pointer to relocation table
       0 file pointer to line numbers
       0 number of relocations
       0 number of line numbers
40000040 flags
         Initialized Data
         Read Only

SECTION HEADER #6
  .reloc name
     AD0 virtual size
   E0000 virtual address (00000001400E0000 to 00000001400E0ACF)
     C00 size of raw data
   DAA00 file pointer to raw data (000DAA00 to 000DB5FF)
       0 file pointer to relocation table
       0 file pointer to line numbers
       0 number of relocations
       0 number of line numbers
42000040 flags
         Initialized Data
         Discardable
         Read Only

  Summary

        4000 .data
        6000 .pdata
       37000 .rdata
        1000 .reloc
        1000 .rsrc
       9D000 .text
