Microsoft (R) COFF/PE Dumper Version 14.44.35228.0
Copyright (C) Microsoft Corporation.  All rights reserved.


Dump of file D:\Projects\DiskEd\disked\.aide-local\goal-0.1.0\clean-e4cdaeda\build\windows-bootstrap\Release\disked.exe

PE signature found

File Type: EXECUTABLE IMAGE

FILE HEADER VALUES
            8664 machine (x64)
               6 number of sections
        6AC4C42B time date stamp Tue Oct  6 20:49:31 2026
               0 file pointer to symbol table
               0 number of symbols
              F0 size of optional header
              22 characteristics
                   Executable
                   Application can handle large (>2GB) addresses

OPTIONAL HEADER VALUES
             20B magic # (PE32+)
           14.44 linker version
           3AC00 size of code
           21C00 size of initialized data
               0 size of uninitialized data
           1A9E0 entry point (000000014001A9E0)
            1000 base of code
       140000000 image base (0000000140000000 to 000000014005FFFF)
            1000 section alignment
             200 file alignment
           10.00 operating system version
            0.00 image version
           10.00 subsystem version
               0 Win32 version
           60000 size of image
             400 size of headers
               0 checksum
               3 subsystem (Windows CUI)
            C160 DLL characteristics
                   High Entropy Virtual Addresses
                   Dynamic base
                   NX compatible
                   Control Flow Guard
                   Terminal Server Aware
          100000 size of stack reserve
            1000 size of stack commit
          100000 size of heap reserve
            1000 size of heap commit
               0 loader flags
              10 number of directories
               0 [       0] RVA [size] of Export Directory
           56704 [      28] RVA [size] of Import Directory
           5E000 [     1C8] RVA [size] of Resource Directory
           5B000 [    2CD0] RVA [size] of Exception Directory
               0 [       0] RVA [size] of Certificates Directory
           5F000 [     A68] RVA [size] of Base Relocation Directory
           50890 [      1C] RVA [size] of Debug Directory
               0 [       0] RVA [size] of Architecture Directory
               0 [       0] RVA [size] of Global Pointer Directory
           50A80 [      28] RVA [size] of Thread Storage Directory
           50750 [     140] RVA [size] of Load Configuration Directory
               0 [       0] RVA [size] of Bound Import Directory
           3C000 [     2A8] RVA [size] of Import Address Table Directory
               0 [       0] RVA [size] of Delay Import Directory
               0 [       0] RVA [size] of COM Descriptor Directory
               0 [       0] RVA [size] of Reserved Directory


SECTION HEADER #1
   .text name
   3ABCC virtual size
    1000 virtual address (0000000140001000 to 000000014003BBCB)
   3AC00 size of raw data
     400 file pointer to raw data (00000400 to 0003AFFF)
       0 file pointer to relocation table
       0 file pointer to line numbers
       0 number of relocations
       0 number of line numbers
60000020 flags
         Code
         Execute Read

SECTION HEADER #2
  .rdata name
   1B028 virtual size
   3C000 virtual address (000000014003C000 to 0000000140057027)
   1B200 size of raw data
   3B000 file pointer to raw data (0003B000 to 000561FF)
       0 file pointer to relocation table
       0 file pointer to line numbers
       0 number of relocations
       0 number of line numbers
40000040 flags
         Initialized Data
         Read Only

  Debug Directories

        Time Type        Size      RVA  Pointer
    -------- ------- -------- -------- --------
    6AC4C42B coffgrp      404 00051CC8    50CC8

SECTION HEADER #3
   .data name
    2D34 virtual size
   58000 virtual address (0000000140058000 to 000000014005AD33)
    1600 size of raw data
   56200 file pointer to raw data (00056200 to 000577FF)
       0 file pointer to relocation table
       0 file pointer to line numbers
       0 number of relocations
       0 number of line numbers
C0000040 flags
         Initialized Data
         Read Write

SECTION HEADER #4
  .pdata name
    2CD0 virtual size
   5B000 virtual address (000000014005B000 to 000000014005DCCF)
    2E00 size of raw data
   57800 file pointer to raw data (00057800 to 0005A5FF)
       0 file pointer to relocation table
       0 file pointer to line numbers
       0 number of relocations
       0 number of line numbers
40000040 flags
         Initialized Data
         Read Only

SECTION HEADER #5
   .rsrc name
     1C8 virtual size
   5E000 virtual address (000000014005E000 to 000000014005E1C7)
     200 size of raw data
   5A600 file pointer to raw data (0005A600 to 0005A7FF)
       0 file pointer to relocation table
       0 file pointer to line numbers
       0 number of relocations
       0 number of line numbers
40000040 flags
         Initialized Data
         Read Only

SECTION HEADER #6
  .reloc name
     A68 virtual size
   5F000 virtual address (000000014005F000 to 000000014005FA67)
     C00 size of raw data
   5A800 file pointer to raw data (0005A800 to 0005B3FF)
       0 file pointer to relocation table
       0 file pointer to line numbers
       0 number of relocations
       0 number of line numbers
42000040 flags
         Initialized Data
         Discardable
         Read Only

  Summary

        3000 .data
        3000 .pdata
       1C000 .rdata
        1000 .reloc
        1000 .rsrc
       3B000 .text
