Microsoft (R) COFF/PE Dumper Version 14.44.35228.0
Copyright (C) Microsoft Corporation.  All rights reserved.


Dump of file D:\Projects\DiskEd\disked\.aide-local\goal-0.1.0\w022-clean-ad880989\msvc2017-x86\gpt-probe.exe

File Type: EXECUTABLE IMAGE

  Section contains the following imports:

    KERNEL32.dll
                42C000 Import Address Table
                43B18C Import Name Table
                     0 time date stamp
                     0 Index of first forwarder reference

                  2E6 GetSystemInfo
                  5CB VirtualAlloc
                  5D1 VirtualProtect
                  5CE VirtualFree
                   CE CreateFileW
                  5B2 UnhandledExceptionFilter
                  572 SetUnhandledExceptionFilter
                  21A GetCurrentProcess
                  591 TerminateProcess
                  389 IsProcessorFeaturePresent
                  44F QueryPerformanceCounter
                  21B GetCurrentProcessId
                  21F GetCurrentThreadId
                  2EC GetSystemTimeAsFileTime
                  366 InitializeSListHead
                  382 IsDebuggerPresent
                  2D3 GetStartupInfoW
                  27B GetModuleHandleW
                  264 GetLastError
                  603 WideCharToMultiByte
                  134 EnterCriticalSection
                  3C1 LeaveCriticalSection
                  113 DeleteCriticalSection
                  3F3 MultiByteToWideChar
                  130 EncodePointer
                  10C DecodePointer
                  535 SetLastError
                  362 InitializeCriticalSectionAndSpinCount
                  58C SwitchToThread
                  5A3 TlsAlloc
                  5A5 TlsGetValue
                  5A6 TlsSetValue
                  5A4 TlsFree
                  2B1 GetProcAddress
                   9E CompareStringW
                  3B5 LCMapStringW
                  268 GetLocaleInfoW
                  2DA GetStringTypeW
                  1C4 GetCPInfo
                  465 RaiseException
                  4D6 RtlUnwind
                  1AE FreeLibrary
                  3C7 LoadLibraryExW
                  2D5 GetStdHandle
                  617 WriteFile
                  277 GetModuleFileNameW
                  161 ExitProcess
                  27A GetModuleHandleExW
                  1D9 GetCommandLineA
                  1DA GetCommandLineW
                  34C HeapFree
                  251 GetFileType
                  348 HeapAlloc
                  178 FindClose
                  17E FindFirstFileExW
                  18F FindNextFileW
                  38F IsValidCodePage
                  1B5 GetACP
                  29A GetOEMCP
                  23A GetEnvironmentStringsW
                  1AD FreeEnvironmentStringsW
                  517 SetEnvironmentVariableW
                  54F SetStdHandle
                  391 IsValidLocale
                  315 GetUserDefaultLCID
                  157 EnumSystemLocalesW
                  2B7 GetProcessHeap
                   89 CloseHandle
                  1A2 FlushFileBuffers
                  203 GetConsoleOutputCP
                  1FF GetConsoleMode
                  476 ReadFile
                  24F GetFileSizeEx
                  526 SetFilePointerEx
                  473 ReadConsoleW
                  34F HeapReAlloc
                  351 HeapSize
                  616 WriteConsoleW

  Summary

        2000 .data
       10000 .rdata
        3000 .reloc
       2B000 .text
