CASE 'image.inspect-mbr-empty.img'
CASE 'table.verify-mbr-empty.img'
CASE 'image.inspect-mbr-two.img'
CASE 'table.verify-mbr-two.img'
CASE 'image.inspect-mbr-overlap.img'
CASE 'table.verify-mbr-overlap.img'
CASE 'image.inspect-mbr-outside.img'
CASE 'table.verify-mbr-outside.img'
CASE 'image.inspect-mbr-zero-type.img'
CASE 'table.verify-mbr-zero-type.img'
CASE 'image.inspect-mbr-boot-byte.img'
CASE 'table.verify-mbr-boot-byte.img'
CASE 'image.inspect-mbr-signature.img'
CASE 'table.verify-mbr-signature.img'
CASE 'image.inspect-mbr-truncated.img'
CASE 'table.verify-mbr-truncated.img'
CASE 'image.inspect-ebr-two.img'
CASE 'table.verify-ebr-two.img'
CASE 'image.inspect-ebr-cycle.img'
CASE 'table.verify-ebr-cycle.img'
CASE 'image.inspect-ebr-overlap.img'
CASE 'table.verify-ebr-overlap.img'
CASE 'image.inspect-ebr-signature.img'
CASE 'table.verify-ebr-signature.img'
CASE 'image.inspect-ebr-unavailable.img'
CASE 'table.verify-ebr-unavailable.img'
CASE 'image.inspect-gpt-valid.img'
CASE 'table.verify-gpt-valid.img'
CASE 'image.inspect-gpt-0-header-crc.img'
CASE 'table.verify-gpt-0-header-crc.img'
CASE 'image.inspect-gpt-0-array-crc.img'
CASE 'table.verify-gpt-0-array-crc.img'
CASE 'image.inspect-gpt-0-reserved.img'
CASE 'table.verify-gpt-0-reserved.img'
CASE 'image.inspect-gpt-0-range.img'
CASE 'table.verify-gpt-0-range.img'
CASE 'image.inspect-gpt-0-duplicate.img'
CASE 'table.verify-gpt-0-duplicate.img'
CASE 'image.inspect-gpt-0-overlap.img'
CASE 'table.verify-gpt-0-overlap.img'
CASE 'image.inspect-gpt-0-utf16.img'
CASE 'table.verify-gpt-0-utf16.img'
CASE 'image.inspect-gpt-0-attributes.img'
CASE 'table.verify-gpt-0-attributes.img'
CASE 'image.inspect-gpt-1-header-crc.img'
CASE 'table.verify-gpt-1-header-crc.img'
CASE 'image.inspect-gpt-1-array-crc.img'
CASE 'table.verify-gpt-1-array-crc.img'
CASE 'image.inspect-gpt-1-reserved.img'
CASE 'table.verify-gpt-1-reserved.img'
CASE 'image.inspect-gpt-1-range.img'
CASE 'table.verify-gpt-1-range.img'
CASE 'image.inspect-gpt-1-duplicate.img'
CASE 'table.verify-gpt-1-duplicate.img'
CASE 'image.inspect-gpt-1-overlap.img'
CASE 'table.verify-gpt-1-overlap.img'
CASE 'image.inspect-gpt-1-utf16.img'
CASE 'table.verify-gpt-1-utf16.img'
CASE 'image.inspect-gpt-1-attributes.img'
CASE 'table.verify-gpt-1-attributes.img'
CASE 'image.inspect-gpt-valid-disagreement.img'
CASE 'table.verify-gpt-valid-disagreement.img'
CASE 'image.inspect-gpt-guid-disagreement.img'
CASE 'table.verify-gpt-guid-disagreement.img'
CASE 'image.inspect-gpt-both-crc.img'
CASE 'table.verify-gpt-both-crc.img'
CASE 'image.inspect-gpt-primary-signature.img'
CASE 'table.verify-gpt-primary-signature.img'
CASE 'image.inspect-gpt-short-backup.img'
CASE 'table.verify-gpt-short-backup.img'
CASE 'image.inspect-empty.img'
CASE 'table.verify-short.img'
CASE 'image.inspect-name-\u78c1\u76d8-\U0001f642.img'
CASE 'table.verify-gpt-valid.img'
CASE 'table.verify-gpt-valid.img'
CASE 'image.inspect-gpt-valid.img'
CASE 'literal-path'
CASE 'option-placement'
CASE 'parse-before-open-missing_parameter'
CASE 'parse-before-open-missing_parameter'
CASE 'parse-before-open-invalid_option_value'
CASE 'parse-before-open-duplicate_option'
CASE 'parse-before-open-unknown_option'
CASE 'essential-no-image-open'
CASE 'essential-no-image-open'
CASE 'essential-no-image-open'
CASE 'essential-no-image-open'
CASE 'essential-no-image-open'
CASE 'stdio-image.inspect'
CASE 'image.inspect-gpt-valid.img'
CASE 'strict-before-open-unexpected_revision'
CASE 'strict-before-open-missing_parameter'
CASE 'strict-before-open-invalid_parameter'
CASE 'strict-before-open-unexpected_parameter'
CASE 'stdio-table.verify'
CASE 'table.verify-gpt-valid.img'
CASE 'strict-before-open-unexpected_revision'
CASE 'strict-before-open-missing_parameter'
CASE 'strict-before-open-invalid_parameter'
CASE 'strict-before-open-unexpected_parameter'
CASE 'image.inspect-missing.img'
CASE 'table.verify-gpt-valid.img'
CASE 'table.verify-gpt-valid.img'
CASE 'table.verify-gpt-valid.img'
CASE 'table.verify-gpt-valid.img'
CASE 'table.verify-gpt-valid.img'
CASE 'table.verify-gpt-valid.img'
CASE 'image.inspect-gpt-valid.img'
CASE 'gui-image.inspect-gpt-valid.img'
CASE 'tui-image.inspect-gpt-valid.img'
CASE 'shell-image.inspect-gpt-valid.img'
CASE 'table.verify-gpt-valid.img'
CASE 'gui-table.verify-gpt-valid.img'
CASE 'tui-table.verify-gpt-valid.img'
CASE 'shell-table.verify-gpt-valid.img'
CASE 'table.verify-short.img'
CASE 'gui-table.verify-short.img'
CASE 'tui-table.verify-short.img'
CASE 'shell-table.verify-short.img'
CASE 'image.inspect-missing.img'
CASE 'gui-image.inspect-missing.img'
CASE 'tui-image.inspect-missing.img'
CASE 'shell-image.inspect-missing.img'
CASE 'stdio-wait-slot-late'
CASE 'gui-image-late-isolated'
Shared image commands PASS 125
