Microsoft (R) COFF/PE Dumper Version 14.44.35228.0
Copyright (C) Microsoft Corporation.  All rights reserved.


Dump of file D:\Projects\DiskEd\disked\.aide-local\goal-0.1.0\clean-eae515b0\build\windows-bootstrap\Release\acquisition_command_probe.exe

PE signature found

File Type: EXECUTABLE IMAGE

FILE HEADER VALUES
            8664 machine (x64)
               6 number of sections
        6AC7D1D1 time date stamp Fri Oct  9 04:24:33 2026
               0 file pointer to symbol table
               0 number of symbols
              F0 size of optional header
              22 characteristics
                   Executable
                   Application can handle large (>2GB) addresses

OPTIONAL HEADER VALUES
             20B magic # (PE32+)
           14.44 linker version
           77400 size of code
           31600 size of initialized data
               0 size of uninitialized data
           54C20 entry point (0000000140054C20)
            1000 base of code
       140000000 image base (0000000140000000 to 00000001400ACFFF)
            1000 section alignment
             200 file alignment
            6.00 operating system version
            0.00 image version
            6.00 subsystem version
               0 Win32 version
           AD000 size of image
             400 size of headers
               0 checksum
               3 subsystem (Windows CUI)
            C160 DLL characteristics
                   High Entropy Virtual Addresses
                   Dynamic base
                   NX compatible
                   Control Flow Guard
                   Terminal Server Aware
          100000 size of stack reserve
            1000 size of stack commit
          100000 size of heap reserve
            1000 size of heap commit
               0 loader flags
              10 number of directories
               0 [       0] RVA [size] of Export Directory
           A0C8C [      28] RVA [size] of Import Directory
           AB000 [     1E0] RVA [size] of Resource Directory
           A6000 [    441C] RVA [size] of Exception Directory
               0 [       0] RVA [size] of Certificates Directory
           AC000 [     AAC] RVA [size] of Base Relocation Directory
           93FC0 [      1C] RVA [size] of Debug Directory
               0 [       0] RVA [size] of Architecture Directory
               0 [       0] RVA [size] of Global Pointer Directory
           94180 [      28] RVA [size] of Thread Storage Directory
           93E80 [     140] RVA [size] of Load Configuration Directory
               0 [       0] RVA [size] of Bound Import Directory
           79000 [     3B0] RVA [size] of Import Address Table Directory
               0 [       0] RVA [size] of Delay Import Directory
               0 [       0] RVA [size] of COM Descriptor Directory
               0 [       0] RVA [size] of Reserved Directory


SECTION HEADER #1
   .text name
   773EC virtual size
    1000 virtual address (0000000140001000 to 00000001400783EB)
   77400 size of raw data
     400 file pointer to raw data (00000400 to 000777FF)
       0 file pointer to relocation table
       0 file pointer to line numbers
       0 number of relocations
       0 number of line numbers
60000020 flags
         Code
         Execute Read

SECTION HEADER #2
  .rdata name
   28990 virtual size
   79000 virtual address (0000000140079000 to 00000001400A198F)
   28A00 size of raw data
   77800 file pointer to raw data (00077800 to 000A01FF)
       0 file pointer to relocation table
       0 file pointer to line numbers
       0 number of relocations
       0 number of line numbers
40000040 flags
         Initialized Data
         Read Only

  Debug Directories

        Time Type        Size      RVA  Pointer
    -------- ------- -------- -------- --------
    6AC7D1D1 coffgrp      418 00095FE0    947E0

SECTION HEADER #3
   .data name
    3760 virtual size
   A2000 virtual address (00000001400A2000 to 00000001400A575F)
    2000 size of raw data
   A0200 file pointer to raw data (000A0200 to 000A21FF)
       0 file pointer to relocation table
       0 file pointer to line numbers
       0 number of relocations
       0 number of line numbers
C0000040 flags
         Initialized Data
         Read Write

SECTION HEADER #4
  .pdata name
    441C virtual size
   A6000 virtual address (00000001400A6000 to 00000001400AA41B)
    4600 size of raw data
   A2200 file pointer to raw data (000A2200 to 000A67FF)
       0 file pointer to relocation table
       0 file pointer to line numbers
       0 number of relocations
       0 number of line numbers
40000040 flags
         Initialized Data
         Read Only

SECTION HEADER #5
   .rsrc name
     1E0 virtual size
   AB000 virtual address (00000001400AB000 to 00000001400AB1DF)
     200 size of raw data
   A6800 file pointer to raw data (000A6800 to 000A69FF)
       0 file pointer to relocation table
       0 file pointer to line numbers
       0 number of relocations
       0 number of line numbers
40000040 flags
         Initialized Data
         Read Only

SECTION HEADER #6
  .reloc name
     AAC virtual size
   AC000 virtual address (00000001400AC000 to 00000001400ACAAB)
     C00 size of raw data
   A6A00 file pointer to raw data (000A6A00 to 000A75FF)
       0 file pointer to relocation table
       0 file pointer to line numbers
       0 number of relocations
       0 number of line numbers
42000040 flags
         Initialized Data
         Discardable
         Read Only

  Summary

        4000 .data
        5000 .pdata
       29000 .rdata
        1000 .reloc
        1000 .rsrc
       78000 .text
