Microsoft (R) COFF/PE Dumper Version 14.44.35228.0
Copyright (C) Microsoft Corporation.  All rights reserved.


Dump of file D:\Projects\DiskEd\disked\.aide-local\goal-0.1.0\clean-eae515b0\build\windows-bootstrap\Release\acquisition_worker_fault.exe

PE signature found

File Type: EXECUTABLE IMAGE

FILE HEADER VALUES
            8664 machine (x64)
               6 number of sections
        6AC7D1D4 time date stamp Fri Oct  9 04:24:36 2026
               0 file pointer to symbol table
               0 number of symbols
              F0 size of optional header
              22 characteristics
                   Executable
                   Application can handle large (>2GB) addresses

OPTIONAL HEADER VALUES
             20B magic # (PE32+)
           14.44 linker version
           4AC00 size of code
           1D800 size of initialized data
               0 size of uninitialized data
           33C20 entry point (0000000140033C20)
            1000 base of code
       140000000 image base (0000000140000000 to 000000014006BFFF)
            1000 section alignment
             200 file alignment
            6.00 operating system version
            0.00 image version
            6.00 subsystem version
               0 Win32 version
           6C000 size of image
             400 size of headers
               0 checksum
               3 subsystem (Windows CUI)
            C160 DLL characteristics
                   High Entropy Virtual Addresses
                   Dynamic base
                   NX compatible
                   Control Flow Guard
                   Terminal Server Aware
          100000 size of stack reserve
            1000 size of stack commit
          100000 size of heap reserve
            1000 size of heap commit
               0 loader flags
              10 number of directories
               0 [       0] RVA [size] of Export Directory
           629DC [      28] RVA [size] of Import Directory
           6A000 [     1E0] RVA [size] of Resource Directory
           67000 [    2BD4] RVA [size] of Exception Directory
               0 [       0] RVA [size] of Certificates Directory
           6B000 [     83C] RVA [size] of Base Relocation Directory
           5AA10 [      1C] RVA [size] of Debug Directory
               0 [       0] RVA [size] of Architecture Directory
               0 [       0] RVA [size] of Global Pointer Directory
           5AC00 [      28] RVA [size] of Thread Storage Directory
           5A8D0 [     140] RVA [size] of Load Configuration Directory
               0 [       0] RVA [size] of Bound Import Directory
           4C000 [     370] RVA [size] of Import Address Table Directory
               0 [       0] RVA [size] of Delay Import Directory
               0 [       0] RVA [size] of COM Descriptor Directory
               0 [       0] RVA [size] of Reserved Directory


SECTION HEADER #1
   .text name
   4AAEC virtual size
    1000 virtual address (0000000140001000 to 000000014004BAEB)
   4AC00 size of raw data
     400 file pointer to raw data (00000400 to 0004AFFF)
       0 file pointer to relocation table
       0 file pointer to line numbers
       0 number of relocations
       0 number of line numbers
60000020 flags
         Code
         Execute Read

SECTION HEADER #2
  .rdata name
   175E2 virtual size
   4C000 virtual address (000000014004C000 to 00000001400635E1)
   17600 size of raw data
   4B000 file pointer to raw data (0004B000 to 000625FF)
       0 file pointer to relocation table
       0 file pointer to line numbers
       0 number of relocations
       0 number of line numbers
40000040 flags
         Initialized Data
         Read Only

  Debug Directories

        Time Type        Size      RVA  Pointer
    -------- ------- -------- -------- --------
    6AC7D1D4 coffgrp      418 0005B874    5A874

SECTION HEADER #3
   .data name
    29B8 virtual size
   64000 virtual address (0000000140064000 to 00000001400669B7)
    1400 size of raw data
   62600 file pointer to raw data (00062600 to 000639FF)
       0 file pointer to relocation table
       0 file pointer to line numbers
       0 number of relocations
       0 number of line numbers
C0000040 flags
         Initialized Data
         Read Write

SECTION HEADER #4
  .pdata name
    2BD4 virtual size
   67000 virtual address (0000000140067000 to 0000000140069BD3)
    2C00 size of raw data
   63A00 file pointer to raw data (00063A00 to 000665FF)
       0 file pointer to relocation table
       0 file pointer to line numbers
       0 number of relocations
       0 number of line numbers
40000040 flags
         Initialized Data
         Read Only

SECTION HEADER #5
   .rsrc name
     1E0 virtual size
   6A000 virtual address (000000014006A000 to 000000014006A1DF)
     200 size of raw data
   66600 file pointer to raw data (00066600 to 000667FF)
       0 file pointer to relocation table
       0 file pointer to line numbers
       0 number of relocations
       0 number of line numbers
40000040 flags
         Initialized Data
         Read Only

SECTION HEADER #6
  .reloc name
     83C virtual size
   6B000 virtual address (000000014006B000 to 000000014006B83B)
     A00 size of raw data
   66800 file pointer to raw data (00066800 to 000671FF)
       0 file pointer to relocation table
       0 file pointer to line numbers
       0 number of relocations
       0 number of line numbers
42000040 flags
         Initialized Data
         Discardable
         Read Only

  Summary

        3000 .data
        3000 .pdata
       18000 .rdata
        1000 .reloc
        1000 .rsrc
       4B000 .text
