Microsoft (R) COFF/PE Dumper Version 14.44.35228.0
Copyright (C) Microsoft Corporation.  All rights reserved.


Dump of file D:\Projects\DiskEd\disked\.aide-local\goal-0.1.0\clean-eae515b0\build\windows-bootstrap\Release\disked.exe

PE signature found

File Type: EXECUTABLE IMAGE

FILE HEADER VALUES
            8664 machine (x64)
               6 number of sections
        6AC7D1E7 time date stamp Fri Oct  9 04:24:55 2026
               0 file pointer to symbol table
               0 number of symbols
              F0 size of optional header
              22 characteristics
                   Executable
                   Application can handle large (>2GB) addresses

OPTIONAL HEADER VALUES
             20B magic # (PE32+)
           14.44 linker version
           D1600 size of code
           45000 size of initialized data
               0 size of uninitialized data
           A4920 entry point (00000001400A4920)
            1000 base of code
       140000000 image base (0000000140000000 to 0000000140119FFF)
            1000 section alignment
             200 file alignment
           10.00 operating system version
            0.00 image version
           10.00 subsystem version
               0 Win32 version
          11A000 size of image
             400 size of headers
               0 checksum
               3 subsystem (Windows CUI)
            C160 DLL characteristics
                   High Entropy Virtual Addresses
                   Dynamic base
                   NX compatible
                   Control Flow Guard
                   Terminal Server Aware
          100000 size of stack reserve
            1000 size of stack commit
          100000 size of heap reserve
            1000 size of heap commit
               0 loader flags
              10 number of directories
               0 [       0] RVA [size] of Export Directory
          10892C [      28] RVA [size] of Import Directory
          118000 [     1C8] RVA [size] of Resource Directory
          111000 [    6CFC] RVA [size] of Exception Directory
               0 [       0] RVA [size] of Certificates Directory
          119000 [     D38] RVA [size] of Base Relocation Directory
           F2EA0 [      1C] RVA [size] of Debug Directory
               0 [       0] RVA [size] of Architecture Directory
               0 [       0] RVA [size] of Global Pointer Directory
           F3080 [      28] RVA [size] of Thread Storage Directory
           F2D60 [     140] RVA [size] of Load Configuration Directory
               0 [       0] RVA [size] of Bound Import Directory
           D3000 [     470] RVA [size] of Import Address Table Directory
               0 [       0] RVA [size] of Delay Import Directory
               0 [       0] RVA [size] of COM Descriptor Directory
               0 [       0] RVA [size] of Reserved Directory


SECTION HEADER #1
   .text name
   D14EC virtual size
    1000 virtual address (0000000140001000 to 00000001400D24EB)
   D1600 size of raw data
     400 file pointer to raw data (00000400 to 000D19FF)
       0 file pointer to relocation table
       0 file pointer to line numbers
       0 number of relocations
       0 number of line numbers
60000020 flags
         Code
         Execute Read

SECTION HEADER #2
  .rdata name
   36910 virtual size
   D3000 virtual address (00000001400D3000 to 000000014010990F)
   36A00 size of raw data
   D1A00 file pointer to raw data (000D1A00 to 001083FF)
       0 file pointer to relocation table
       0 file pointer to line numbers
       0 number of relocations
       0 number of line numbers
40000040 flags
         Initialized Data
         Read Only

  Debug Directories

        Time Type        Size      RVA  Pointer
    -------- ------- -------- -------- --------
    6AC7D1E7 coffgrp      418 000F5AA4    F44A4

SECTION HEADER #3
   .data name
    66B4 virtual size
  10A000 virtual address (000000014010A000 to 00000001401106B3)
    4C00 size of raw data
  108400 file pointer to raw data (00108400 to 0010CFFF)
       0 file pointer to relocation table
       0 file pointer to line numbers
       0 number of relocations
       0 number of line numbers
C0000040 flags
         Initialized Data
         Read Write

SECTION HEADER #4
  .pdata name
    6CFC virtual size
  111000 virtual address (0000000140111000 to 0000000140117CFB)
    6E00 size of raw data
  10D000 file pointer to raw data (0010D000 to 00113DFF)
       0 file pointer to relocation table
       0 file pointer to line numbers
       0 number of relocations
       0 number of line numbers
40000040 flags
         Initialized Data
         Read Only

SECTION HEADER #5
   .rsrc name
     1C8 virtual size
  118000 virtual address (0000000140118000 to 00000001401181C7)
     200 size of raw data
  113E00 file pointer to raw data (00113E00 to 00113FFF)
       0 file pointer to relocation table
       0 file pointer to line numbers
       0 number of relocations
       0 number of line numbers
40000040 flags
         Initialized Data
         Read Only

SECTION HEADER #6
  .reloc name
     D38 virtual size
  119000 virtual address (0000000140119000 to 0000000140119D37)
     E00 size of raw data
  114000 file pointer to raw data (00114000 to 00114DFF)
       0 file pointer to relocation table
       0 file pointer to line numbers
       0 number of relocations
       0 number of line numbers
42000040 flags
         Initialized Data
         Discardable
         Read Only

  Summary

        7000 .data
        7000 .pdata
       37000 .rdata
        1000 .reloc
        1000 .rsrc
       D2000 .text
