Microsoft (R) COFF/PE Dumper Version 14.44.35228.0
Copyright (C) Microsoft Corporation.  All rights reserved.


Dump of file D:\Projects\DiskEd\disked\.aide-local\goal-0.1.0\clean-eae515b0\build\windows-bootstrap\Release\watch_probe.exe

File Type: EXECUTABLE IMAGE

  Section contains the following imports:

    KERNEL32.dll
             14003C000 Import Address Table
             140050DE8 Import Name Table
                     0 time date stamp
                     0 Index of first forwarder reference

                         4B9 ReleaseSRWLockExclusive
                           0 AcquireSRWLockExclusive
                         5B8 TryAcquireSRWLockExclusive
                         225 GetCurrentThreadId
                         138 EnterCriticalSection
                         3C4 LeaveCriticalSection
                         36C InitializeCriticalSectionEx
                         114 DeleteCriticalSection
                         134 EncodePointer
                         10D DecodePointer
                         3F6 MultiByteToWideChar
                         612 WideCharToMultiByte
                         3B7 LCMapStringEx
                         452 QueryPerformanceCounter
                         2F3 GetSystemTimeAsFileTime
                         281 GetModuleHandleW
                         2B8 GetProcAddress
                         2E1 GetStringTypeW
                         1CA GetCPInfo
                         4D6 RtlCaptureContext
                         4DD RtlLookupFunctionEntry
                         4E4 RtlVirtualUnwind
                         5C1 UnhandledExceptionFilter
                         580 SetUnhandledExceptionFilter
                         220 GetCurrentProcess
                         59F TerminateProcess
                         38C IsProcessorFeaturePresent
                         221 GetCurrentProcessId
                         36F InitializeSListHead
                         385 IsDebuggerPresent
                         2DA GetStartupInfoW
                         4DF RtlPcToFileHeader
                         469 RaiseException
                         4E3 RtlUnwindEx
                         26A GetLastError
                         542 SetLastError
                         36B InitializeCriticalSectionAndSpinCount
                         5B1 TlsAlloc
                         5B3 TlsGetValue
                         5B4 TlsSetValue
                         5B2 TlsFree
                         1B4 FreeLibrary
                         3CA LoadLibraryExW
                         2DC GetStdHandle
                         626 WriteFile
                         27D GetModuleFileNameW
                         167 ExitProcess
                         280 GetModuleHandleExW
                         1DF GetCommandLineA
                         1E0 GetCommandLineW
                         355 HeapFree
                          9E CompareStringW
                         3B8 LCMapStringW
                         26E GetLocaleInfoW
                         394 IsValidLocale
                         31E GetUserDefaultLCID
                         15C EnumSystemLocalesW
                         351 HeapAlloc
                         258 GetFileType
                          89 CloseHandle
                         1A8 FlushFileBuffers
                         209 GetConsoleOutputCP
                         205 GetConsoleMode
                         47A ReadFile
                         256 GetFileSizeEx
                         534 SetFilePointerEx
                         477 ReadConsoleW
                         358 HeapReAlloc
                         17E FindClose
                         184 FindFirstFileExW
                         195 FindNextFileW
                         392 IsValidCodePage
                         1BB GetACP
                         2A1 GetOEMCP
                         241 GetEnvironmentStringsW
                         1B3 FreeEnvironmentStringsW
                         525 SetEnvironmentVariableW
                         55C SetStdHandle
                         2BE GetProcessHeap
                         35A HeapSize
                          CE CreateFileW
                         625 WriteConsoleW
                         4E2 RtlUnwind

  Summary

        3000 .data
        3000 .pdata
       16000 .rdata
        1000 .reloc
        1000 .rsrc
       3B000 .text
