Microsoft (R) COFF/PE Dumper Version 14.44.35228.0
Copyright (C) Microsoft Corporation.  All rights reserved.


Dump of file C:\Windows\System32\dhcpcsvc6.DLL

File Type: DLL

  Image has the following dependencies:

    api-ms-win-core-crt-l1-1-0.dll
    api-ms-win-core-crt-l2-1-0.dll
    ntdll.dll
    RPCRT4.dll
    api-ms-win-core-errorhandling-l1-1-0.dll
    api-ms-win-core-heap-l1-1-0.dll
    api-ms-win-core-libraryloader-l1-2-0.dll
    api-ms-win-core-registry-l1-1-0.dll
    api-ms-win-core-heap-obsolete-l1-1-0.dll
    api-ms-win-core-processthreads-l1-1-0.dll
    api-ms-win-core-profile-l1-1-0.dll
    api-ms-win-core-string-l1-1-0.dll
    api-ms-win-core-synch-l1-1-0.dll
    api-ms-win-core-sysinfo-l1-1-0.dll
    api-ms-win-core-util-l1-1-0.dll
    api-ms-win-downlevel-kernel32-l1-1-0.dll
    api-ms-win-core-apiquery-l1-1-0.dll
    api-ms-win-core-delayload-l1-1-1.dll
    api-ms-win-core-delayload-l1-1-0.dll

  Image has the following delay load dependencies:

    IPHLPAPI.DLL
    WS2_32.dll
    ext-ms-win32-subsystem-query-l1-1-0.dll

  Summary

        1000 .data
        1000 .didat
        1000 .pdata
        4000 .rdata
        1000 .reloc
        8000 .rsrc
        6000 .text
