id	contract_status	implementation_status	availability	reason	command
build.inspect	planned	implemented	available	bootstrap_human_only	build inspect
mode.explain	planned	planned	unavailable	not_implemented	mode explain
command.list	planned	implemented	available	bootstrap_human_only	command list
target.list	planned	planned	unavailable	not_implemented	target list
target.inspect	planned	planned	unavailable	not_implemented	target inspect
topology.show	planned	planned	unavailable	not_implemented	topology show
table.verify	planned	planned	unavailable	not_implemented	table verify
image.inspect	planned	planned	unavailable	not_implemented	image inspect
image.acquire	planned	planned	unavailable	not_implemented	image acquire
image.verify	planned	planned	unavailable	not_implemented	image verify
health.assess	planned	planned	unavailable	not_implemented	health assess
capability.explain	planned	planned	unavailable	not_implemented	capability explain
provider.list	planned	planned	unavailable	not_implemented	provider list
provider.inspect	planned	planned	unavailable	not_implemented	provider inspect
evidence.export	planned	planned	unavailable	not_implemented	evidence export
partition.resize.plan	planned	planned	unavailable	not_implemented	partition resize
partition.move.plan	planned	planned	unavailable	not_implemented	partition move
table.gpt.repair.plan	planned	planned	unavailable	not_implemented	table repair
filesystem.migrate.plan	planned	planned	unavailable	not_implemented	filesystem migrate
plan.show	planned	planned	unavailable	not_implemented	plan show
plan.validate	planned	planned	unavailable	not_implemented	plan validate
plan.simulate	planned	planned	unavailable	not_implemented	plan simulate
plan.apply	planned	planned	unavailable	not_implemented	plan apply
operation.inspect	planned	planned	unavailable	not_implemented	operation inspect
operation.watch	planned	planned	unavailable	not_implemented	operation watch
operation.cancel.request	planned	planned	unavailable	not_implemented	operation cancel
recovery.inspect	planned	planned	unavailable	not_implemented	recovery inspect
recovery.plan	planned	planned	unavailable	not_implemented	recovery plan
recovery.apply	planned	planned	unavailable	not_implemented	recovery apply
resource.list	planned	planned	unavailable	not_implemented	resource list
filesystem.format.plan	planned	planned	unavailable	not_implemented	filesystem format
setup.inspect	planned	planned	unavailable	not_implemented	setup inspect
provider.resolve	planned	planned	unavailable	not_implemented	provider resolve
shell.open	planned	planned	unavailable	not_implemented	shell
