Microsoft (R) COFF/PE Dumper Version 14.44.35228.0
Copyright (C) Microsoft Corporation.  All rights reserved.


Dump of file C:\Windows\System32\WINNSI.DLL

File Type: DLL

  Image has the following dependencies:

    api-ms-win-core-crt-l1-1-0.dll
    api-ms-win-core-crt-l2-1-0.dll
    ntdll.dll
    RPCRT4.dll
    NSI.dll
    api-ms-win-core-errorhandling-l1-1-0.dll
    api-ms-win-core-handle-l1-1-0.dll
    api-ms-win-core-heap-l1-1-0.dll
    api-ms-win-core-libraryloader-l1-2-0.dll
    api-ms-win-core-heap-obsolete-l1-1-0.dll
    api-ms-win-core-processthreads-l1-1-0.dll
    api-ms-win-core-profile-l1-1-0.dll
    api-ms-win-core-synch-l1-1-0.dll
    api-ms-win-core-sysinfo-l1-1-0.dll
    api-ms-win-core-threadpool-legacy-l1-1-0.dll
    api-ms-win-core-threadpool-private-l1-1-0.dll
    api-ms-win-core-util-l1-1-0.dll

  Summary

        1000 .data
        1000 .pdata
        3000 .rdata
        1000 .reloc
        1000 .rsrc
        3000 .text
