Microsoft (R) COFF/PE Dumper Version 14.44.35228.0
Copyright (C) Microsoft Corporation.  All rights reserved.


Dump of file C:\Windows\System32\DNSAPI.dll

File Type: DLL

  Image has the following dependencies:

    api-ms-win-core-crt-l1-1-0.dll
    api-ms-win-core-crt-l2-1-0.dll
    api-ms-win-core-errorhandling-l1-1-0.dll
    api-ms-win-core-file-l1-1-0.dll
    api-ms-win-core-handle-l1-1-0.dll
    api-ms-win-core-heap-l1-1-0.dll
    api-ms-win-core-libraryloader-l1-2-0.dll
    api-ms-win-core-localization-l1-2-0.dll
    api-ms-win-core-registry-l1-1-0.dll
    api-ms-win-core-heap-l2-1-0.dll
    api-ms-win-core-synch-l1-1-0.dll
    api-ms-win-core-processthreads-l1-1-0.dll
    api-ms-win-core-sysinfo-l1-1-0.dll
    api-ms-win-security-base-l1-1-0.dll
    api-ms-win-core-profile-l1-1-0.dll
    api-ms-win-core-processenvironment-l1-1-0.dll
    api-ms-win-core-threadpool-l1-2-0.dll
    api-ms-win-core-synch-l1-2-0.dll
    api-ms-win-core-string-l1-1-0.dll
    api-ms-win-core-synch-l1-2-1.dll
    api-ms-win-core-rtlsupport-l1-1-0.dll
    api-ms-win-core-util-l1-1-0.dll
    ntdll.dll
    api-ms-win-core-memory-l1-1-0.dll
    api-ms-win-core-errorhandling-l1-1-2.dll
    api-ms-win-core-timezone-l1-1-0.dll
    api-ms-win-eventing-provider-l1-1-0.dll
    api-ms-win-core-delayload-l1-1-1.dll
    api-ms-win-core-delayload-l1-1-0.dll
    api-ms-win-core-apiquery-l1-1-0.dll

  Image has the following delay load dependencies:

    IPHLPAPI.DLL
    api-ms-win-security-lsalookup-l1-1-0.dll
    WS2_32.dll
    RPCRT4.dll
    CRYPTBASE.dll
    api-ms-win-service-management-l1-1-0.dll
    api-ms-win-service-winsvc-l1-1-0.dll
    api-ms-win-service-management-l2-1-0.dll
    api-ms-win-service-private-l1-1-0.dll
    NSI.dll
    dhcpcsvc6.DLL
    ext-ms-win-networking-wcmapi-l1-1-0.dll

  Summary

        2000 .data
        1000 .didat
        8000 .pdata
       22000 .rdata
        1000 .reloc
        9000 .rsrc
       86000 .text
        E000 .wpp_sf
