Microsoft (R) COFF/PE Dumper Version 14.44.35228.0
Copyright (C) Microsoft Corporation.  All rights reserved.


Dump of file C:\Windows\System32\NSI.dll

File Type: DLL

  Image has the following dependencies:

    ntdll.dll
    api-ms-win-core-errorhandling-l1-1-0.dll
    api-ms-win-core-file-l1-1-0.dll
    api-ms-win-core-handle-l1-1-0.dll
    api-ms-win-core-heap-l1-1-0.dll
    api-ms-win-core-io-l1-1-0.dll
    api-ms-win-core-libraryloader-l1-2-0.dll
    api-ms-win-core-synch-l1-1-0.dll

  Summary

        1000 .data
        1000 .pdata
        1000 .rdata
        1000 .reloc
        1000 .rsrc
        2000 .text
