Microsoft (R) COFF/PE Dumper Version 14.44.35228.0
Copyright (C) Microsoft Corporation.  All rights reserved.


Dump of file C:\Windows\System32\KERNEL32.dll

File Type: DLL

  Image has the following dependencies:

    api-ms-win-core-rtlsupport-l1-1-0.dll
    ntdll.dll
    KERNELBASE.dll
    api-ms-win-core-processthreads-l1-1-0.dll
    api-ms-win-core-processthreads-l1-1-3.dll
    api-ms-win-core-processthreads-l1-1-2.dll
    api-ms-win-core-processthreads-l1-1-1.dll
    api-ms-win-core-registry-l1-1-0.dll
    api-ms-win-core-heap-l1-1-0.dll
    api-ms-win-core-heap-l2-1-0.dll
    api-ms-win-core-memory-l1-1-1.dll
    api-ms-win-core-memory-l1-1-0.dll
    api-ms-win-core-memory-l1-1-2.dll
    api-ms-win-core-handle-l1-1-0.dll
    api-ms-win-core-synch-l1-1-0.dll
    api-ms-win-core-synch-l1-2-1.dll
    api-ms-win-core-synch-l1-2-0.dll
    api-ms-win-core-file-l1-1-0.dll
    api-ms-win-core-file-l1-2-0.dll
    api-ms-win-core-file-l1-2-2.dll
    api-ms-win-core-file-l1-2-1.dll
    api-ms-win-core-delayload-l1-1-0.dll
    api-ms-win-core-io-l1-1-0.dll
    api-ms-win-core-io-l1-1-1.dll
    api-ms-win-core-job-l1-1-0.dll
    api-ms-win-core-threadpool-legacy-l1-1-0.dll
    api-ms-win-core-threadpool-private-l1-1-0.dll
    api-ms-win-core-largeinteger-l1-1-0.dll
    api-ms-win-core-libraryloader-l1-2-2.dll
    api-ms-win-core-libraryloader-l1-2-0.dll
    api-ms-win-core-libraryloader-l1-2-1.dll
    api-ms-win-core-libraryloader-l2-1-0.dll
    api-ms-win-core-namedpipe-l1-2-2.dll
    api-ms-win-core-namedpipe-l1-1-0.dll
    api-ms-win-core-namedpipe-l1-2-1.dll
    api-ms-win-core-datetime-l1-1-0.dll
    api-ms-win-core-datetime-l1-1-1.dll
    api-ms-win-core-datetime-l1-1-2.dll
    api-ms-win-core-sysinfo-l1-2-0.dll
    api-ms-win-core-sysinfo-l1-1-0.dll
    api-ms-win-core-sysinfo-l1-2-3.dll
    api-ms-win-core-sysinfo-l1-2-1.dll
    api-ms-win-core-timezone-l1-1-0.dll
    api-ms-win-core-localization-l1-2-0.dll
    api-ms-win-core-processsnapshot-l1-1-0.dll
    api-ms-win-core-processenvironment-l1-1-0.dll
    api-ms-win-core-processenvironment-l1-2-0.dll
    api-ms-win-core-string-l1-1-0.dll
    api-ms-win-core-debug-l1-1-1.dll
    api-ms-win-core-debug-l1-1-0.dll
    api-ms-win-core-errorhandling-l1-1-0.dll
    api-ms-win-core-errorhandling-l1-1-3.dll
    api-ms-win-core-fibers-l1-1-0.dll
    api-ms-win-core-util-l1-1-0.dll
    api-ms-win-core-profile-l1-1-0.dll
    api-ms-win-security-base-l1-1-0.dll
    api-ms-win-security-base-l1-2-0.dll
    api-ms-win-security-appcontainer-l1-1-0.dll
    api-ms-win-core-comm-l1-1-0.dll
    api-ms-win-core-realtime-l1-1-0.dll
    api-ms-win-core-wow64-l1-1-1.dll
    api-ms-win-core-wow64-l1-1-0.dll
    api-ms-win-core-wow64-l1-1-3.dll
    api-ms-win-core-systemtopology-l1-1-1.dll
    api-ms-win-core-systemtopology-l1-1-0.dll
    api-ms-win-core-processtopology-l1-1-0.dll
    api-ms-win-core-namespace-l1-1-0.dll
    api-ms-win-core-file-l2-1-2.dll
    api-ms-win-core-file-l2-1-0.dll
    api-ms-win-core-file-l2-1-3.dll
    api-ms-win-core-file-l2-1-1.dll
    api-ms-win-core-xstate-l2-1-0.dll
    api-ms-win-core-xstate-l2-1-1.dll
    api-ms-win-core-localization-l2-1-0.dll
    api-ms-win-core-normalization-l1-1-0.dll
    api-ms-win-core-fibers-l2-1-0.dll
    api-ms-win-core-fibers-l2-1-1.dll
    api-ms-win-core-localization-private-l1-1-0.dll
    api-ms-win-core-sidebyside-l1-1-0.dll
    api-ms-win-core-appcompat-l1-1-0.dll
    api-ms-win-core-windowserrorreporting-l1-1-0.dll
    api-ms-win-core-windowserrorreporting-l1-1-3.dll
    api-ms-win-core-windowserrorreporting-l1-1-1.dll
    api-ms-win-core-windowserrorreporting-l1-1-2.dll
    api-ms-win-core-console-l1-1-0.dll
    api-ms-win-core-console-l1-2-0.dll
    api-ms-win-core-console-l1-2-1.dll
    api-ms-win-core-console-l2-1-0.dll
    api-ms-win-core-console-l2-2-0.dll
    api-ms-win-core-console-l3-2-0.dll
    api-ms-win-core-psapi-l1-1-0.dll
    api-ms-win-core-psapi-ansi-l1-1-0.dll
    api-ms-win-eventing-provider-l1-1-0.dll
    api-ms-win-core-apiquery-l1-1-0.dll
    api-ms-win-core-delayload-l1-1-1.dll
    api-ms-win-core-appcompat-l1-1-1.dll

  Image has the following delay load dependencies:

    ext-ms-win-oobe-query-l1-1-0.dll
    RPCRT4.dll

  Summary

        2000 .data
        1000 .didat
        6000 .pdata
       35000 .rdata
        1000 .reloc
        1000 .rsrc
       81000 .text
