Microsoft (R) COFF/PE Dumper Version 14.44.35228.0
Copyright (C) Microsoft Corporation.  All rights reserved.


Dump of file C:\Windows\System32\KERNELBASE.dll

File Type: DLL

  Image has the following dependencies:

    ntdll.dll
    api-ms-win-eventing-provider-l1-1-0.dll
    api-ms-win-core-apiquery-l1-1-0.dll
    api-ms-win-core-apiquery-l1-1-1.dll

  Image has the following delay load dependencies:

    ext-ms-win-advapi32-registry-l1-1-0.dll
    ext-ms-win-advapi32-registry-l1-1-1.dll
    ext-ms-win-kernel32-appcompat-l1-1-0.dll
    ext-ms-win-ntuser-string-l1-1-0.dll
    ext-ms-win-kernel32-file-l1-1-0.dll
    ext-ms-win-kernel32-datetime-l1-1-0.dll
    ext-ms-win-kernel32-quirks-l1-1-0.dll
    ext-ms-win-kernel32-quirks-l1-1-1.dll
    ext-ms-win-kernel32-sidebyside-l1-1-0.dll
    ext-ms-win-mrmcorer-resmanager-l1-1-0.dll
    ext-ms-win-gpapi-grouppolicy-l1-1-0.dll
    ext-ms-win-ntdsapi-activedirectoryclient-l1-1-0.dll
    ext-ms-win-ntdsapi-activedirectoryclient-l1-1-1.dll
    ext-ms-win-shell32-shellcom-l1-1-0.dll
    ext-ms-win-advapi32-ntmarta-l1-1-0.dll
    ext-ms-win-security-capauthz-l1-1-1.dll
    ext-ms-win-feclient-encryptedfile-l1-1-0.dll
    ext-ms-win-security-efswrt-l1-1-0.dll
    api-ms-win-security-sddl-l1-1-0.dll
    ext-ms-onecore-appmodel-staterepository-cache-l1-1-0.dll
    ext-ms-win-appmodel-daxcore-l1-1-0.dll
    ext-ms-win-kernel32-errorhandling-l1-1-0.dll
    ext-ms-win-kernel32-registry-l1-1-0.dll
    ext-ms-win-kernelbase-processthread-l1-1-0.dll
    ext-ms-win-kernelbase-processthread-l1-1-1.dll
    ext-ms-win-advapi32-npusername-l1-1-0.dll
    ext-ms-win-appxdeploymentclient-appxdeploy-l1-1-0.dll
    ext-ms-onecore-appmodel-staterepository-internal-l1-1-4.dll
    ext-ms-onecore-appmodel-staterepository-internal-l1-1-1.dll
    ext-ms-win-appxdeploymentclient-appxdeployonecore-l1-1-0.dll
    api-ms-win-core-psm-app-l1-1-0.dll
    ext-ms-win-cng-rng-l1-1-1.dll
    ext-ms-win-winrt-device-access-l1-1-0.dll
    ext-ms-win-appmodel-appexecutionalias-l1-1-2.dll
    ext-ms-win-appmodel-appexecutionalias-l1-1-0.dll
    ext-ms-win-appmodel-appexecutionalias-l1-1-1.dll
    api-ms-win-security-isolationpolicy-l1-2-0.dll

  Summary

        5000 .data
        1000 .didat
       11000 .pdata
      183000 .rdata
       29000 .reloc
        1000 .rsrc
      132000 .text
