Change Dir: 'D:/Projects/DiskEd/disked/build/windows-bootstrap'

Run Build Command(s): "C:/Program Files/Microsoft Visual Studio/2022/Enterprise/MSBuild/Current/Bin/amd64/MSBuild.exe" ALL_BUILD.vcxproj /p:Configuration=Release /p:Platform=x64 /p:VisualStudioVersion=17.0 /v:n
MSBuild version 17.14.51+25f168cee for .NET Framework
Build started 6/10/2026 8:30:44 AM.

Project "D:\Projects\DiskEd\disked\build\windows-bootstrap\ALL_BUILD.vcxproj" on node 1 (default targets).
Project "D:\Projects\DiskEd\disked\build\windows-bootstrap\ALL_BUILD.vcxproj" (1) is building "D:\Projects\DiskEd\disked\build\windows-bootstrap\ZERO_CHECK.vcxproj" (2) on node 1 (default targets).
PrepareForBuild:
  Structured output is enabled. The formatting of compiler diagnostics will reflect the error hierarchy. See https://aka.ms/cpp/structured-output for more details.
InitializeBuildStatus:
  Creating "x64\Release\ZERO_CHECK\ZERO_CHECK.tlog\unsuccessfulbuild" because "AlwaysCreate" was specified.
  Touching "x64\Release\ZERO_CHECK\ZERO_CHECK.tlog\unsuccessfulbuild".
CustomBuild:
  All outputs are up-to-date.
FinalizeBuildStatus:
  Deleting file "x64\Release\ZERO_CHECK\ZERO_CHECK.tlog\unsuccessfulbuild".
  Touching "x64\Release\ZERO_CHECK\ZERO_CHECK.tlog\ZERO_CHECK.lastbuildstate".
Done Building Project "D:\Projects\DiskEd\disked\build\windows-bootstrap\ZERO_CHECK.vcxproj" (default targets).
Project "D:\Projects\DiskEd\disked\build\windows-bootstrap\ALL_BUILD.vcxproj" (1) is building "D:\Projects\DiskEd\disked\build\windows-bootstrap\bootstrap_registry.vcxproj" (3) on node 1 (default targets).
PrepareForBuild:
  Structured output is enabled. The formatting of compiler diagnostics will reflect the error hierarchy. See https://aka.ms/cpp/structured-output for more details.
InitializeBuildStatus:
  Creating "x64\Release\bootstrap_registry\bootstra.2896E366.tlog\unsuccessfulbuild" because "AlwaysCreate" was specified.
  Touching "x64\Release\bootstrap_registry\bootstra.2896E366.tlog\unsuccessfulbuild".
CustomBuild:
  1>Bind current Git revision and native input bytes
FinalizeBuildStatus:
  Deleting file "x64\Release\bootstrap_registry\bootstra.2896E366.tlog\unsuccessfulbuild".
  Touching "x64\Release\bootstrap_registry\bootstra.2896E366.tlog\bootstrap_registry.lastbuildstate".
Done Building Project "D:\Projects\DiskEd\disked\build\windows-bootstrap\bootstrap_registry.vcxproj" (default targets).
Project "D:\Projects\DiskEd\disked\build\windows-bootstrap\ALL_BUILD.vcxproj" (1) is building "D:\Projects\DiskEd\disked\build\windows-bootstrap\disked.vcxproj" (4) on node 1 (default targets).
PrepareForBuild:
  Structured output is enabled. The formatting of compiler diagnostics will reflect the error hierarchy. See https://aka.ms/cpp/structured-output for more details.
InitializeBuildStatus:
  Creating "disked.dir\Release\disked.tlog\unsuccessfulbuild" because "AlwaysCreate" was specified.
  Touching "disked.dir\Release\disked.tlog\unsuccessfulbuild".
CustomBuild:
  All outputs are up-to-date.
ClCompile:
  All outputs are up-to-date.
Link:
  All outputs are up-to-date.
  disked.vcxproj -> D:\Projects\DiskEd\disked\build\windows-bootstrap\Release\disked.exe
FinalizeBuildStatus:
  Deleting file "disked.dir\Release\disked.tlog\unsuccessfulbuild".
  Touching "disked.dir\Release\disked.tlog\disked.lastbuildstate".
Done Building Project "D:\Projects\DiskEd\disked\build\windows-bootstrap\disked.vcxproj" (default targets).
Project "D:\Projects\DiskEd\disked\build\windows-bootstrap\ALL_BUILD.vcxproj" (1) is building "D:\Projects\DiskEd\disked\build\windows-bootstrap\disked_provider_guard.vcxproj" (5) on node 1 (default targets).
PrepareForBuild:
  Structured output is enabled. The formatting of compiler diagnostics will reflect the error hierarchy. See https://aka.ms/cpp/structured-output for more details.
InitializeBuildStatus:
  Creating "disked_provider_guard.dir\Release\disked_p.8DDAC625.tlog\unsuccessfulbuild" because "AlwaysCreate" was specified.
  Touching "disked_provider_guard.dir\Release\disked_p.8DDAC625.tlog\unsuccessfulbuild".
CustomBuild:
  All outputs are up-to-date.
ClCompile:
  All outputs are up-to-date.
Link:
  All outputs are up-to-date.
  disked_provider_guard.vcxproj -> D:\Projects\DiskEd\disked\build\windows-bootstrap\Release\disked_provider_guard.exe
FinalizeBuildStatus:
  Deleting file "disked_provider_guard.dir\Release\disked_p.8DDAC625.tlog\unsuccessfulbuild".
  Touching "disked_provider_guard.dir\Release\disked_p.8DDAC625.tlog\disked_provider_guard.lastbuildstate".
Done Building Project "D:\Projects\DiskEd\disked\build\windows-bootstrap\disked_provider_guard.vcxproj" (default targets).
Project "D:\Projects\DiskEd\disked\build\windows-bootstrap\ALL_BUILD.vcxproj" (1) is building "D:\Projects\DiskEd\disked\build\windows-bootstrap\provider_guard_probe.vcxproj" (6) on node 1 (default targets).
PrepareForBuild:
  Structured output is enabled. The formatting of compiler diagnostics will reflect the error hierarchy. See https://aka.ms/cpp/structured-output for more details.
InitializeBuildStatus:
  Creating "provider_guard_probe.dir\Release\provider.86D66D14.tlog\unsuccessfulbuild" because "AlwaysCreate" was specified.
  Touching "provider_guard_probe.dir\Release\provider.86D66D14.tlog\unsuccessfulbuild".
CustomBuild:
  All outputs are up-to-date.
ClCompile:
  All outputs are up-to-date.
Link:
  All outputs are up-to-date.
  provider_guard_probe.vcxproj -> D:\Projects\DiskEd\disked\build\windows-bootstrap\Release\provider_guard_probe.exe
FinalizeBuildStatus:
  Deleting file "provider_guard_probe.dir\Release\provider.86D66D14.tlog\unsuccessfulbuild".
  Touching "provider_guard_probe.dir\Release\provider.86D66D14.tlog\provider_guard_probe.lastbuildstate".
Done Building Project "D:\Projects\DiskEd\disked\build\windows-bootstrap\provider_guard_probe.vcxproj" (default targets).
PrepareForBuild:
  Structured output is enabled. The formatting of compiler diagnostics will reflect the error hierarchy. See https://aka.ms/cpp/structured-output for more details.
InitializeBuildStatus:
  Creating "x64\Release\ALL_BUILD\ALL_BUILD.tlog\unsuccessfulbuild" because "AlwaysCreate" was specified.
  Touching "x64\Release\ALL_BUILD\ALL_BUILD.tlog\unsuccessfulbuild".
CustomBuild:
  All outputs are up-to-date.
FinalizeBuildStatus:
  Deleting file "x64\Release\ALL_BUILD\ALL_BUILD.tlog\unsuccessfulbuild".
  Touching "x64\Release\ALL_BUILD\ALL_BUILD.tlog\ALL_BUILD.lastbuildstate".
Done Building Project "D:\Projects\DiskEd\disked\build\windows-bootstrap\ALL_BUILD.vcxproj" (default targets).

Build succeeded.
    0 Warning(s)
    0 Error(s)

Time Elapsed 00:00:00.70

