MSBuild version 17.14.51+25f168cee for .NET Framework

  1>Bind current Git revision and native input bytes
  disked_json.vcxproj -> D:\Projects\DiskEd\disked\build\windows-bootstrap\Release\disked_json.lib
  disked_hash.vcxproj -> D:\Projects\DiskEd\disked\build\windows-bootstrap\Release\disked_hash.lib
  disked_primitives.vcxproj -> D:\Projects\DiskEd\disked\build\windows-bootstrap\Release\disked_primitives.lib
  disked_presentation.vcxproj -> D:\Projects\DiskEd\disked\build\windows-bootstrap\Release\disked_presentation.lib
  disked_health_observation.vcxproj -> D:\Projects\DiskEd\disked\build\windows-bootstrap\Release\disked_health_observation.lib
  disked_acquisition.vcxproj -> D:\Projects\DiskEd\disked\build\windows-bootstrap\Release\disked_acquisition.lib
  disked_mbr.vcxproj -> D:\Projects\DiskEd\disked\build\windows-bootstrap\Release\disked_mbr.lib
  disked_local_file.vcxproj -> D:\Projects\DiskEd\disked\build\windows-bootstrap\Release\disked_local_file.lib
  disked_gpt.vcxproj -> D:\Projects\DiskEd\disked\build\windows-bootstrap\Release\disked_gpt.lib
  disked_acquisition_commands.vcxproj -> D:\Projects\DiskEd\disked\build\windows-bootstrap\Release\disked_acquisition_commands.lib
  disked_gui.vcxproj -> D:\Projects\DiskEd\disked\build\windows-bootstrap\Release\disked_gui.lib
  disked_tui.vcxproj -> D:\Projects\DiskEd\disked\build\windows-bootstrap\Release\disked_tui.lib
  disked_shell.vcxproj -> D:\Projects\DiskEd\disked\build\windows-bootstrap\Release\disked_shell.lib
  disked_map_observation.vcxproj -> D:\Projects\DiskEd\disked\build\windows-bootstrap\Release\disked_map_observation.lib
  disked_case_evidence.vcxproj -> D:\Projects\DiskEd\disked\build\windows-bootstrap\Release\disked_case_evidence.lib
  disked_acquisition_observation.vcxproj -> D:\Projects\DiskEd\disked\build\windows-bootstrap\Release\disked_acquisition_observation.lib
  disked_file_acquisition.vcxproj -> D:\Projects\DiskEd\disked\build\windows-bootstrap\Release\disked_file_acquisition.lib
  disked_image_actions.vcxproj -> D:\Projects\DiskEd\disked\build\windows-bootstrap\Release\disked_image_actions.lib
  disked_image_capture.vcxproj -> D:\Projects\DiskEd\disked\build\windows-bootstrap\Release\disked_image_capture.lib
  disked_file_image_verification.vcxproj -> D:\Projects\DiskEd\disked\build\windows-bootstrap\Release\disked_file_image_verification.lib
  disked_report_export.vcxproj -> D:\Projects\DiskEd\disked\build\windows-bootstrap\Release\disked_report_export.lib
  disked_export_commands.vcxproj -> D:\Projects\DiskEd\disked\build\windows-bootstrap\Release\disked_export_commands.lib
  disked_file_case_source.vcxproj -> D:\Projects\DiskEd\disked\build\windows-bootstrap\Release\disked_file_case_source.lib
  disked_verification_commands.vcxproj -> D:\Projects\DiskEd\disked\build\windows-bootstrap\Release\disked_verification_commands.lib
  disked_file_report_export.vcxproj -> D:\Projects\DiskEd\disked\build\windows-bootstrap\Release\disked_file_report_export.lib
  disked_report_observation.vcxproj -> D:\Projects\DiskEd\disked\build\windows-bootstrap\Release\disked_report_observation.lib
  disked_verification_observation.vcxproj -> D:\Projects\DiskEd\disked\build\windows-bootstrap\Release\disked_verification_observation.lib
  disked_file_acquisition_export.vcxproj -> D:\Projects\DiskEd\disked\build\windows-bootstrap\Release\disked_file_acquisition_export.lib
  cli.cpp
  command_registry.cpp
  acquisition_worker.cpp
  fake_worker.cpp
  invocation.cpp
  report_worker.cpp
  verification_worker.cpp
  bootstrap.cpp
  Generating Code...
  disked.vcxproj -> D:\Projects\DiskEd\disked\build\windows-bootstrap\Release\disked.exe
MSBuild version 17.14.51+25f168cee for .NET Framework

  disked_json.vcxproj -> D:\Projects\DiskEd\disked\build\windows-bootstrap\Release\disked_json.lib
  disked_hash.vcxproj -> D:\Projects\DiskEd\disked\build\windows-bootstrap\Release\disked_hash.lib
  disked_health_observation.vcxproj -> D:\Projects\DiskEd\disked\build\windows-bootstrap\Release\disked_health_observation.lib
  disked_acquisition.vcxproj -> D:\Projects\DiskEd\disked\build\windows-bootstrap\Release\disked_acquisition.lib
  disked_local_file.vcxproj -> D:\Projects\DiskEd\disked\build\windows-bootstrap\Release\disked_local_file.lib
  disked_case_evidence.vcxproj -> D:\Projects\DiskEd\disked\build\windows-bootstrap\Release\disked_case_evidence.lib
  disked_report_export.vcxproj -> D:\Projects\DiskEd\disked\build\windows-bootstrap\Release\disked_report_export.lib
  disked_file_case_source.vcxproj -> D:\Projects\DiskEd\disked\build\windows-bootstrap\Release\disked_file_case_source.lib
  disked_file_report_export.vcxproj -> D:\Projects\DiskEd\disked\build\windows-bootstrap\Release\disked_file_report_export.lib
  verification_case_export.cpp
  disked_acquisition_verification.vcxproj -> D:\Projects\DiskEd\disked\build\windows-bootstrap\Release\disked_acquisition_verification.lib
  disked_file_verification_case_export.vcxproj -> D:\Projects\DiskEd\disked\build\windows-bootstrap\Release\disked_file_verification_case_export.lib
  verification_case_probe.cpp
  verification_case_probe.vcxproj -> D:\Projects\DiskEd\disked\build\windows-bootstrap\Release\verification_case_probe.exe
MSBuild version 17.14.51+25f168cee for .NET Framework

  disked_json.vcxproj -> D:\Projects\DiskEd\disked\build\windows-bootstrap\Release\disked_json.lib
  disked_hash.vcxproj -> D:\Projects\DiskEd\disked\build\windows-bootstrap\Release\disked_hash.lib
  disked_acquisition.vcxproj -> D:\Projects\DiskEd\disked\build\windows-bootstrap\Release\disked_acquisition.lib
  disked_local_file.vcxproj -> D:\Projects\DiskEd\disked\build\windows-bootstrap\Release\disked_local_file.lib
  disked_health_observation.vcxproj -> D:\Projects\DiskEd\disked\build\windows-bootstrap\Release\disked_health_observation.lib
  disked_case_evidence.vcxproj -> D:\Projects\DiskEd\disked\build\windows-bootstrap\Release\disked_case_evidence.lib
  disked_report_export.vcxproj -> D:\Projects\DiskEd\disked\build\windows-bootstrap\Release\disked_report_export.lib
  disked_acquisition_verification.vcxproj -> D:\Projects\DiskEd\disked\build\windows-bootstrap\Release\disked_acquisition_verification.lib
  disked_file_case_source.vcxproj -> D:\Projects\DiskEd\disked\build\windows-bootstrap\Release\disked_file_case_source.lib
  verification_case_probe.cpp
  verification_case_fault.vcxproj -> D:\Projects\DiskEd\disked\build\windows-bootstrap\Release\verification_case_fault.exe
