MSBuild version 17.14.51+25f168cee for .NET Framework

  disked_hash.vcxproj -> D:\Projects\DiskEd\disked\build\windows-bootstrap\Release\disked_hash.lib
  disked_json.vcxproj -> D:\Projects\DiskEd\disked\build\windows-bootstrap\Release\disked_json.lib
  disked_acquisition.vcxproj -> D:\Projects\DiskEd\disked\build\windows-bootstrap\Release\disked_acquisition.lib
  disked_local_file.vcxproj -> D:\Projects\DiskEd\disked\build\windows-bootstrap\Release\disked_local_file.lib
  disked_health_observation.vcxproj -> D:\Projects\DiskEd\disked\build\windows-bootstrap\Release\disked_health_observation.lib
  disked_case_evidence.vcxproj -> D:\Projects\DiskEd\disked\build\windows-bootstrap\Release\disked_case_evidence.lib
  acquisition_export.cpp
  image_collection.cpp
  image_observation.cpp
  report_export.cpp
  report_operation.cpp
  verification_operation.cpp
  Generating Code...
  disked_report_export.vcxproj -> D:\Projects\DiskEd\disked\build\windows-bootstrap\Release\disked_report_export.lib
  Building Custom Rule D:/Projects/DiskEd/disked/CMakeLists.txt
  acquisition_verification.cpp
  file_export.cpp
  file_image_collection.cpp
  verification_case_export.cpp
  Generating Code...
  disked_file_report_export.vcxproj -> D:\Projects\DiskEd\disked\build\windows-bootstrap\Release\disked_file_report_export.lib
  disked_file_case_source.vcxproj -> D:\Projects\DiskEd\disked\build\windows-bootstrap\Release\disked_file_case_source.lib
  disked_acquisition_verification.vcxproj -> D:\Projects\DiskEd\disked\build\windows-bootstrap\Release\disked_acquisition_verification.lib
  Building Custom Rule D:/Projects/DiskEd/disked/CMakeLists.txt
  file_verification_case_export.cpp
  disked_file_verification_case_export.vcxproj -> D:\Projects\DiskEd\disked\build\windows-bootstrap\Release\disked_file_verification_case_export.lib
  Building Custom Rule D:/Projects/DiskEd/disked/CMakeLists.txt
  verification_case_probe.cpp
  verification_case_probe.vcxproj -> D:\Projects\DiskEd\disked\build\windows-bootstrap\Release\verification_case_probe.exe
MSBuild version 17.14.51+25f168cee for .NET Framework

  disked_json.vcxproj -> D:\Projects\DiskEd\disked\build\windows-bootstrap\Release\disked_json.lib
  disked_hash.vcxproj -> D:\Projects\DiskEd\disked\build\windows-bootstrap\Release\disked_hash.lib
  disked_acquisition.vcxproj -> D:\Projects\DiskEd\disked\build\windows-bootstrap\Release\disked_acquisition.lib
  disked_local_file.vcxproj -> D:\Projects\DiskEd\disked\build\windows-bootstrap\Release\disked_local_file.lib
  disked_health_observation.vcxproj -> D:\Projects\DiskEd\disked\build\windows-bootstrap\Release\disked_health_observation.lib
  disked_case_evidence.vcxproj -> D:\Projects\DiskEd\disked\build\windows-bootstrap\Release\disked_case_evidence.lib
  disked_report_export.vcxproj -> D:\Projects\DiskEd\disked\build\windows-bootstrap\Release\disked_report_export.lib
  disked_file_case_source.vcxproj -> D:\Projects\DiskEd\disked\build\windows-bootstrap\Release\disked_file_case_source.lib
  disked_acquisition_verification.vcxproj -> D:\Projects\DiskEd\disked\build\windows-bootstrap\Release\disked_acquisition_verification.lib
  Building Custom Rule D:/Projects/DiskEd/disked/CMakeLists.txt
  verification_case_probe.cpp
  file_export.cpp
  file_verification_case_export.cpp
  Generating Code...
  verification_case_fault.vcxproj -> D:\Projects\DiskEd\disked\build\windows-bootstrap\Release\verification_case_fault.exe
