Microsoft (R) COFF/PE Dumper Version 14.44.35228.0
Copyright (C) Microsoft Corporation.  All rights reserved.


Dump of file D:\Projects\DiskEd\disked\.aide-local\ng38-r1\checkout\build\windows-bootstrap\Release\capture_probe.exe

PE signature found

File Type: EXECUTABLE IMAGE

FILE HEADER VALUES
            8664 machine (x64)
               6 number of sections
        6AC98DE3 time date stamp Sat Oct 10 11:59:15 2026
               0 file pointer to symbol table
               0 number of symbols
              F0 size of optional header
              22 characteristics
                   Executable
                   Application can handle large (>2GB) addresses

OPTIONAL HEADER VALUES
             20B magic # (PE32+)
           14.44 linker version
           40C00 size of code
           1D400 size of initialized data
               0 size of uninitialized data
           21E2C entry point (0000000140021E2C)
            1000 base of code
       140000000 image base (0000000140000000 to 0000000140061FFF)
            1000 section alignment
             200 file alignment
            6.00 operating system version
            0.00 image version
            6.00 subsystem version
               0 Win32 version
           62000 size of image
             400 size of headers
               0 checksum
               3 subsystem (Windows CUI)
            8160 DLL characteristics
                   High Entropy Virtual Addresses
                   Dynamic base
                   NX compatible
                   Terminal Server Aware
          100000 size of stack reserve
            1000 size of stack commit
          100000 size of heap reserve
            1000 size of heap commit
               0 loader flags
              10 number of directories
               0 [       0] RVA [size] of Export Directory
           57B8C [      28] RVA [size] of Import Directory
           60000 [     1E0] RVA [size] of Resource Directory
           5C000 [    32D0] RVA [size] of Exception Directory
               0 [       0] RVA [size] of Certificates Directory
           61000 [     984] RVA [size] of Base Relocation Directory
           502F0 [      1C] RVA [size] of Debug Directory
               0 [       0] RVA [size] of Architecture Directory
               0 [       0] RVA [size] of Global Pointer Directory
           50480 [      28] RVA [size] of Thread Storage Directory
           501B0 [     140] RVA [size] of Load Configuration Directory
               0 [       0] RVA [size] of Bound Import Directory
           42000 [     288] RVA [size] of Import Address Table Directory
               0 [       0] RVA [size] of Delay Import Directory
               0 [       0] RVA [size] of COM Descriptor Directory
               0 [       0] RVA [size] of Reserved Directory


SECTION HEADER #1
   .text name
   40A18 virtual size
    1000 virtual address (0000000140001000 to 0000000140041A17)
   40C00 size of raw data
     400 file pointer to raw data (00000400 to 00040FFF)
       0 file pointer to relocation table
       0 file pointer to line numbers
       0 number of relocations
       0 number of line numbers
60000020 flags
         Code
         Execute Read

SECTION HEADER #2
  .rdata name
   16424 virtual size
   42000 virtual address (0000000140042000 to 0000000140058423)
   16600 size of raw data
   41000 file pointer to raw data (00041000 to 000575FF)
       0 file pointer to relocation table
       0 file pointer to line numbers
       0 number of relocations
       0 number of line numbers
40000040 flags
         Initialized Data
         Read Only

  Debug Directories

        Time Type        Size      RVA  Pointer
    -------- ------- -------- -------- --------
    6AC98DE3 coffgrp      3F4 00051A1C    50A1C

SECTION HEADER #3
   .data name
    2D88 virtual size
   59000 virtual address (0000000140059000 to 000000014005BD87)
    1600 size of raw data
   57600 file pointer to raw data (00057600 to 00058BFF)
       0 file pointer to relocation table
       0 file pointer to line numbers
       0 number of relocations
       0 number of line numbers
C0000040 flags
         Initialized Data
         Read Write

SECTION HEADER #4
  .pdata name
    32D0 virtual size
   5C000 virtual address (000000014005C000 to 000000014005F2CF)
    3400 size of raw data
   58C00 file pointer to raw data (00058C00 to 0005BFFF)
       0 file pointer to relocation table
       0 file pointer to line numbers
       0 number of relocations
       0 number of line numbers
40000040 flags
         Initialized Data
         Read Only

SECTION HEADER #5
   .rsrc name
     1E0 virtual size
   60000 virtual address (0000000140060000 to 00000001400601DF)
     200 size of raw data
   5C000 file pointer to raw data (0005C000 to 0005C1FF)
       0 file pointer to relocation table
       0 file pointer to line numbers
       0 number of relocations
       0 number of line numbers
40000040 flags
         Initialized Data
         Read Only

SECTION HEADER #6
  .reloc name
     984 virtual size
   61000 virtual address (0000000140061000 to 0000000140061983)
     A00 size of raw data
   5C200 file pointer to raw data (0005C200 to 0005CBFF)
       0 file pointer to relocation table
       0 file pointer to line numbers
       0 number of relocations
       0 number of line numbers
42000040 flags
         Initialized Data
         Discardable
         Read Only

  Summary

        3000 .data
        4000 .pdata
       17000 .rdata
        1000 .reloc
        1000 .rsrc
       41000 .text
