Microsoft (R) COFF/PE Dumper Version 14.44.35228.0
Copyright (C) Microsoft Corporation.  All rights reserved.


Dump of file D:\Projects\DiskEd\disked\.aide-local\ng38-r1\build-x64\Release\nt_namespace_graph_probe.exe

PE signature found

File Type: EXECUTABLE IMAGE

FILE HEADER VALUES
            8664 machine (x64)
               6 number of sections
        6AC990E2 time date stamp Sat Oct 10 12:12:02 2026
               0 file pointer to symbol table
               0 number of symbols
              F0 size of optional header
              22 characteristics
                   Executable
                   Application can handle large (>2GB) addresses

OPTIONAL HEADER VALUES
             20B magic # (PE32+)
           14.44 linker version
           4FE00 size of code
           1D600 size of initialized data
               0 size of uninitialized data
           38120 entry point (0000000140038120)
            1000 base of code
       140000000 image base (0000000140000000 to 0000000140070FFF)
            1000 section alignment
             200 file alignment
            6.00 operating system version
            0.00 image version
            6.00 subsystem version
               0 Win32 version
           71000 size of image
             400 size of headers
               0 checksum
               3 subsystem (Windows CUI)
            C160 DLL characteristics
                   High Entropy Virtual Addresses
                   Dynamic base
                   NX compatible
                   Control Flow Guard
                   Terminal Server Aware
          100000 size of stack reserve
            1000 size of stack commit
          100000 size of heap reserve
            1000 size of heap commit
               0 loader flags
              10 number of directories
               0 [       0] RVA [size] of Export Directory
           6717C [      28] RVA [size] of Import Directory
           6F000 [     1E0] RVA [size] of Resource Directory
           6B000 [    34C8] RVA [size] of Exception Directory
               0 [       0] RVA [size] of Certificates Directory
           70000 [     758] RVA [size] of Base Relocation Directory
           5E060 [      1C] RVA [size] of Debug Directory
               0 [       0] RVA [size] of Architecture Directory
               0 [       0] RVA [size] of Global Pointer Directory
               0 [       0] RVA [size] of Thread Storage Directory
           5DF20 [     140] RVA [size] of Load Configuration Directory
               0 [       0] RVA [size] of Bound Import Directory
           51000 [     350] RVA [size] of Import Address Table Directory
               0 [       0] RVA [size] of Delay Import Directory
               0 [       0] RVA [size] of COM Descriptor Directory
               0 [       0] RVA [size] of Reserved Directory


SECTION HEADER #1
   .text name
   4FC5F virtual size
    1000 virtual address (0000000140001000 to 0000000140050C5E)
   4FE00 size of raw data
     400 file pointer to raw data (00000400 to 000501FF)
       0 file pointer to relocation table
       0 file pointer to line numbers
       0 number of relocations
       0 number of line numbers
60000020 flags
         Code
         Execute Read

SECTION HEADER #2
  .rdata name
   16D0E virtual size
   51000 virtual address (0000000140051000 to 0000000140067D0D)
   16E00 size of raw data
   50200 file pointer to raw data (00050200 to 00066FFF)
       0 file pointer to relocation table
       0 file pointer to line numbers
       0 number of relocations
       0 number of line numbers
40000040 flags
         Initialized Data
         Read Only

  Debug Directories

        Time Type        Size      RVA  Pointer
    -------- ------- -------- -------- --------
    6AC990E2 coffgrp      390 0005EFA8    5E1A8

SECTION HEADER #3
   .data name
    26CC virtual size
   68000 virtual address (0000000140068000 to 000000014006A6CB)
    1400 size of raw data
   67000 file pointer to raw data (00067000 to 000683FF)
       0 file pointer to relocation table
       0 file pointer to line numbers
       0 number of relocations
       0 number of line numbers
C0000040 flags
         Initialized Data
         Read Write

SECTION HEADER #4
  .pdata name
    34C8 virtual size
   6B000 virtual address (000000014006B000 to 000000014006E4C7)
    3600 size of raw data
   68400 file pointer to raw data (00068400 to 0006B9FF)
       0 file pointer to relocation table
       0 file pointer to line numbers
       0 number of relocations
       0 number of line numbers
40000040 flags
         Initialized Data
         Read Only

SECTION HEADER #5
   .rsrc name
     1E0 virtual size
   6F000 virtual address (000000014006F000 to 000000014006F1DF)
     200 size of raw data
   6BA00 file pointer to raw data (0006BA00 to 0006BBFF)
       0 file pointer to relocation table
       0 file pointer to line numbers
       0 number of relocations
       0 number of line numbers
40000040 flags
         Initialized Data
         Read Only

SECTION HEADER #6
  .reloc name
     758 virtual size
   70000 virtual address (0000000140070000 to 0000000140070757)
     800 size of raw data
   6BC00 file pointer to raw data (0006BC00 to 0006C3FF)
       0 file pointer to relocation table
       0 file pointer to line numbers
       0 number of relocations
       0 number of line numbers
42000040 flags
         Initialized Data
         Discardable
         Read Only

  Summary

        3000 .data
        4000 .pdata
       17000 .rdata
        1000 .reloc
        1000 .rsrc
       50000 .text
