MSBuild version 17.14.51+25f168cee for .NET Framework

  1>Checking Build System
  Building Custom Rule D:/Projects/DiskEd/disked/.aide-local/ng38-r1/checkout/tests/windows/native/CMakeLists.txt
  Building Custom Rule D:/Projects/DiskEd/disked/.aide-local/ng38-r1/checkout/tests/windows/native/CMakeLists.txt
  Building Custom Rule D:/Projects/DiskEd/disked/.aide-local/ng38-r1/checkout/tests/windows/native/CMakeLists.txt
  Building Custom Rule D:/Projects/DiskEd/disked/.aide-local/ng38-r1/checkout/tests/windows/native/CMakeLists.txt
  volume_namespace.cpp
  namespace_worker.cpp
  namespace_worker.cpp
  namespace_worker.cpp
  volume_inventory.cpp
  volume_namespace.cpp
  volume_namespace.cpp
  volume_namespace.cpp
  json.cpp
  volume_inventory.cpp
  volume_inventory.cpp
  volume_inventory.cpp
  volume_fixture.cpp
  namespace_graph.cpp
  local_file.cpp
  local_file.cpp
  volume_namespace_probe.cpp
  sha256.cpp
  json.cpp
  sha256.cpp
  json.cpp
  Generating Code...
  local_file.cpp
  snapshot.cpp
  volume_fixture.cpp
  capture.cpp
  sha256.cpp
  json.cpp
  namespace_worker_probe.cpp
  snapshot.cpp
  volume_fixture.cpp
  capture.cpp
  Generating Code...
  capture_lifecycle_probe.cpp
  volume_fixture.cpp
  nt_volume_namespace_probe.vcxproj -> D:\Projects\DiskEd\disked\.aide-local\ng38-r1\build-x64\Release\nt_volume_namespace_probe.exe
  Generating Code...
  namespace_graph_probe.cpp
  Generating Code...
  nt_namespace_worker_probe.vcxproj -> D:\Projects\DiskEd\disked\.aide-local\ng38-r1\build-x64\Release\nt_namespace_worker_probe.exe
  nt_capture_lifecycle_probe.vcxproj -> D:\Projects\DiskEd\disked\.aide-local\ng38-r1\build-x64\Release\nt_capture_lifecycle_probe.exe
  nt_namespace_graph_probe.vcxproj -> D:\Projects\DiskEd\disked\.aide-local\ng38-r1\build-x64\Release\nt_namespace_graph_probe.exe
  Building Custom Rule D:/Projects/DiskEd/disked/.aide-local/ng38-r1/checkout/tests/windows/native/CMakeLists.txt
