Microsoft (R) COFF/PE Dumper Version 14.44.35228.0
Copyright (C) Microsoft Corporation.  All rights reserved.


Dump of file D:\Projects\DiskEd\disked\.aide-local\ng38-r1\build-x64\Release\nt_namespace_worker_probe.exe

PE signature found

File Type: EXECUTABLE IMAGE

FILE HEADER VALUES
            8664 machine (x64)
               6 number of sections
        6AC990DF time date stamp Sat Oct 10 12:11:59 2026
               0 file pointer to symbol table
               0 number of symbols
              F0 size of optional header
              22 characteristics
                   Executable
                   Application can handle large (>2GB) addresses

OPTIONAL HEADER VALUES
             20B magic # (PE32+)
           14.44 linker version
           39800 size of code
           19000 size of initialized data
               0 size of uninitialized data
           23830 entry point (0000000140023830)
            1000 base of code
       140000000 image base (0000000140000000 to 0000000140056FFF)
            1000 section alignment
             200 file alignment
            6.00 operating system version
            0.00 image version
            6.00 subsystem version
               0 Win32 version
           57000 size of image
             400 size of headers
               0 checksum
               3 subsystem (Windows CUI)
            C160 DLL characteristics
                   High Entropy Virtual Addresses
                   Dynamic base
                   NX compatible
                   Control Flow Guard
                   Terminal Server Aware
          100000 size of stack reserve
            1000 size of stack commit
          100000 size of heap reserve
            1000 size of heap commit
               0 loader flags
              10 number of directories
               0 [       0] RVA [size] of Export Directory
           4D9EC [      28] RVA [size] of Import Directory
           55000 [     1E0] RVA [size] of Resource Directory
           52000 [    288C] RVA [size] of Exception Directory
               0 [       0] RVA [size] of Certificates Directory
           56000 [     720] RVA [size] of Base Relocation Directory
           47770 [      1C] RVA [size] of Debug Directory
               0 [       0] RVA [size] of Architecture Directory
               0 [       0] RVA [size] of Global Pointer Directory
               0 [       0] RVA [size] of Thread Storage Directory
           47630 [     140] RVA [size] of Load Configuration Directory
               0 [       0] RVA [size] of Bound Import Directory
           3B000 [     350] RVA [size] of Import Address Table Directory
               0 [       0] RVA [size] of Delay Import Directory
               0 [       0] RVA [size] of COM Descriptor Directory
               0 [       0] RVA [size] of Reserved Directory


SECTION HEADER #1
   .text name
   397BF virtual size
    1000 virtual address (0000000140001000 to 000000014003A7BE)
   39800 size of raw data
     400 file pointer to raw data (00000400 to 00039BFF)
       0 file pointer to relocation table
       0 file pointer to line numbers
       0 number of relocations
       0 number of line numbers
60000020 flags
         Code
         Execute Read

SECTION HEADER #2
  .rdata name
   1357E virtual size
   3B000 virtual address (000000014003B000 to 000000014004E57D)
   13600 size of raw data
   39C00 file pointer to raw data (00039C00 to 0004D1FF)
       0 file pointer to relocation table
       0 file pointer to line numbers
       0 number of relocations
       0 number of line numbers
40000040 flags
         Initialized Data
         Read Only

  Debug Directories

        Time Type        Size      RVA  Pointer
    -------- ------- -------- -------- --------
    6AC990DF coffgrp      390 000483F8    46FF8

SECTION HEADER #3
   .data name
    256C virtual size
   4F000 virtual address (000000014004F000 to 000000014005156B)
    1400 size of raw data
   4D200 file pointer to raw data (0004D200 to 0004E5FF)
       0 file pointer to relocation table
       0 file pointer to line numbers
       0 number of relocations
       0 number of line numbers
C0000040 flags
         Initialized Data
         Read Write

SECTION HEADER #4
  .pdata name
    288C virtual size
   52000 virtual address (0000000140052000 to 000000014005488B)
    2A00 size of raw data
   4E600 file pointer to raw data (0004E600 to 00050FFF)
       0 file pointer to relocation table
       0 file pointer to line numbers
       0 number of relocations
       0 number of line numbers
40000040 flags
         Initialized Data
         Read Only

SECTION HEADER #5
   .rsrc name
     1E0 virtual size
   55000 virtual address (0000000140055000 to 00000001400551DF)
     200 size of raw data
   51000 file pointer to raw data (00051000 to 000511FF)
       0 file pointer to relocation table
       0 file pointer to line numbers
       0 number of relocations
       0 number of line numbers
40000040 flags
         Initialized Data
         Read Only

SECTION HEADER #6
  .reloc name
     720 virtual size
   56000 virtual address (0000000140056000 to 000000014005671F)
     800 size of raw data
   51200 file pointer to raw data (00051200 to 000519FF)
       0 file pointer to relocation table
       0 file pointer to line numbers
       0 number of relocations
       0 number of line numbers
42000040 flags
         Initialized Data
         Discardable
         Read Only

  Summary

        3000 .data
        3000 .pdata
       14000 .rdata
        1000 .reloc
        1000 .rsrc
       3A000 .text
