Microsoft (R) COFF/PE Dumper Version 14.44.35228.0
Copyright (C) Microsoft Corporation.  All rights reserved.


Dump of file D:\Projects\DiskEd\disked\.aide-local\goal-0.1.0\clean-verification-case-2b4e67e2\build\windows-bootstrap\Release\verification_case_fault.exe

PE signature found

File Type: EXECUTABLE IMAGE

FILE HEADER VALUES
            8664 machine (x64)
               6 number of sections
        6AC935BB time date stamp Sat Oct 10 05:43:07 2026
               0 file pointer to symbol table
               0 number of symbols
              F0 size of optional header
              22 characteristics
                   Executable
                   Application can handle large (>2GB) addresses

OPTIONAL HEADER VALUES
             20B magic # (PE32+)
           14.44 linker version
           67E00 size of code
           22600 size of initialized data
               0 size of uninitialized data
           4AD80 entry point (000000014004AD80)
            1000 base of code
       140000000 image base (0000000140000000 to 000000014008DFFF)
            1000 section alignment
             200 file alignment
            6.00 operating system version
            0.00 image version
            6.00 subsystem version
               0 Win32 version
           8E000 size of image
             400 size of headers
               0 checksum
               3 subsystem (Windows CUI)
            C160 DLL characteristics
                   High Entropy Virtual Addresses
                   Dynamic base
                   NX compatible
                   Control Flow Guard
                   Terminal Server Aware
          100000 size of stack reserve
            1000 size of stack commit
          100000 size of heap reserve
            1000 size of heap commit
               0 loader flags
              10 number of directories
               0 [       0] RVA [size] of Export Directory
           836FC [      28] RVA [size] of Import Directory
           8C000 [     1E0] RVA [size] of Resource Directory
           88000 [    366C] RVA [size] of Exception Directory
               0 [       0] RVA [size] of Certificates Directory
           8D000 [     804] RVA [size] of Base Relocation Directory
           78430 [      1C] RVA [size] of Debug Directory
               0 [       0] RVA [size] of Architecture Directory
               0 [       0] RVA [size] of Global Pointer Directory
               0 [       0] RVA [size] of Thread Storage Directory
           782F0 [     140] RVA [size] of Load Configuration Directory
               0 [       0] RVA [size] of Bound Import Directory
           69000 [     2C0] RVA [size] of Import Address Table Directory
               0 [       0] RVA [size] of Delay Import Directory
               0 [       0] RVA [size] of COM Descriptor Directory
               0 [       0] RVA [size] of Reserved Directory


SECTION HEADER #1
   .text name
   67CB6 virtual size
    1000 virtual address (0000000140001000 to 0000000140068CB5)
   67E00 size of raw data
     400 file pointer to raw data (00000400 to 000681FF)
       0 file pointer to relocation table
       0 file pointer to line numbers
       0 number of relocations
       0 number of line numbers
60000020 flags
         Code
         Execute Read

SECTION HEADER #2
  .rdata name
   1B066 virtual size
   69000 virtual address (0000000140069000 to 0000000140084065)
   1B200 size of raw data
   68200 file pointer to raw data (00068200 to 000833FF)
       0 file pointer to relocation table
       0 file pointer to line numbers
       0 number of relocations
       0 number of line numbers
40000040 flags
         Initialized Data
         Read Only

  Debug Directories

        Time Type        Size      RVA  Pointer
    -------- ------- -------- -------- --------
    6AC935BB coffgrp      380 000797B8    789B8

SECTION HEADER #3
   .data name
    2E18 virtual size
   85000 virtual address (0000000140085000 to 0000000140087E17)
    1E00 size of raw data
   83400 file pointer to raw data (00083400 to 000851FF)
       0 file pointer to relocation table
       0 file pointer to line numbers
       0 number of relocations
       0 number of line numbers
C0000040 flags
         Initialized Data
         Read Write

SECTION HEADER #4
  .pdata name
    366C virtual size
   88000 virtual address (0000000140088000 to 000000014008B66B)
    3800 size of raw data
   85200 file pointer to raw data (00085200 to 000889FF)
       0 file pointer to relocation table
       0 file pointer to line numbers
       0 number of relocations
       0 number of line numbers
40000040 flags
         Initialized Data
         Read Only

SECTION HEADER #5
   .rsrc name
     1E0 virtual size
   8C000 virtual address (000000014008C000 to 000000014008C1DF)
     200 size of raw data
   88A00 file pointer to raw data (00088A00 to 00088BFF)
       0 file pointer to relocation table
       0 file pointer to line numbers
       0 number of relocations
       0 number of line numbers
40000040 flags
         Initialized Data
         Read Only

SECTION HEADER #6
  .reloc name
     804 virtual size
   8D000 virtual address (000000014008D000 to 000000014008D803)
     A00 size of raw data
   88C00 file pointer to raw data (00088C00 to 000895FF)
       0 file pointer to relocation table
       0 file pointer to line numbers
       0 number of relocations
       0 number of line numbers
42000040 flags
         Initialized Data
         Discardable
         Read Only

  Summary

        3000 .data
        4000 .pdata
       1C000 .rdata
        1000 .reloc
        1000 .rsrc
       68000 .text
