Microsoft (R) COFF/PE Dumper Version 14.44.35228.0
Copyright (C) Microsoft Corporation.  All rights reserved.


Dump of file D:\Projects\DiskEd\disked\.aide-local\goal-0.1.0\clean-verification-case-2b4e67e2\build\windows-bootstrap\Release\disked.exe

PE signature found

File Type: EXECUTABLE IMAGE

FILE HEADER VALUES
            8664 machine (x64)
               6 number of sections
        6AC9359F time date stamp Sat Oct 10 05:42:39 2026
               0 file pointer to symbol table
               0 number of symbols
              F0 size of optional header
              22 characteristics
                   Executable
                   Application can handle large (>2GB) addresses

OPTIONAL HEADER VALUES
             20B magic # (PE32+)
           14.44 linker version
          180400 size of code
           6B200 size of initialized data
               0 size of uninitialized data
          1464B0 entry point (00000001401464B0)
            1000 base of code
       140000000 image base (0000000140000000 to 00000001401EFFFF)
            1000 section alignment
             200 file alignment
           10.00 operating system version
            0.00 image version
           10.00 subsystem version
               0 Win32 version
          1F0000 size of image
             400 size of headers
               0 checksum
               3 subsystem (Windows CUI)
            C160 DLL characteristics
                   High Entropy Virtual Addresses
                   Dynamic base
                   NX compatible
                   Control Flow Guard
                   Terminal Server Aware
          100000 size of stack reserve
            1000 size of stack commit
          100000 size of heap reserve
            1000 size of heap commit
               0 loader flags
              10 number of directories
               0 [       0] RVA [size] of Export Directory
          1D89FC [      28] RVA [size] of Import Directory
          1EE000 [     1C8] RVA [size] of Resource Directory
          1E3000 [    A08C] RVA [size] of Exception Directory
               0 [       0] RVA [size] of Certificates Directory
          1EF000 [     FC0] RVA [size] of Base Relocation Directory
          1B0690 [      1C] RVA [size] of Debug Directory
               0 [       0] RVA [size] of Architecture Directory
               0 [       0] RVA [size] of Global Pointer Directory
          1B0880 [      28] RVA [size] of Thread Storage Directory
          1B0550 [     140] RVA [size] of Load Configuration Directory
               0 [       0] RVA [size] of Bound Import Directory
          182000 [     490] RVA [size] of Import Address Table Directory
               0 [       0] RVA [size] of Delay Import Directory
               0 [       0] RVA [size] of COM Descriptor Directory
               0 [       0] RVA [size] of Reserved Directory


SECTION HEADER #1
   .text name
  18031C virtual size
    1000 virtual address (0000000140001000 to 000000014018131B)
  180400 size of raw data
     400 file pointer to raw data (00000400 to 001807FF)
       0 file pointer to relocation table
       0 file pointer to line numbers
       0 number of relocations
       0 number of line numbers
60000020 flags
         Code
         Execute Read

SECTION HEADER #2
  .rdata name
   57A5A virtual size
  182000 virtual address (0000000140182000 to 00000001401D9A59)
   57C00 size of raw data
  180800 file pointer to raw data (00180800 to 001D83FF)
       0 file pointer to relocation table
       0 file pointer to line numbers
       0 number of relocations
       0 number of line numbers
40000040 flags
         Initialized Data
         Read Only

  Debug Directories

        Time Type        Size      RVA  Pointer
    -------- ------- -------- -------- --------
    6AC9359F coffgrp      418 001B4708   1B2F08

SECTION HEADER #3
   .data name
    8184 virtual size
  1DA000 virtual address (00000001401DA000 to 00000001401E2183)
    6600 size of raw data
  1D8400 file pointer to raw data (001D8400 to 001DE9FF)
       0 file pointer to relocation table
       0 file pointer to line numbers
       0 number of relocations
       0 number of line numbers
C0000040 flags
         Initialized Data
         Read Write

SECTION HEADER #4
  .pdata name
    A08C virtual size
  1E3000 virtual address (00000001401E3000 to 00000001401ED08B)
    A200 size of raw data
  1DEA00 file pointer to raw data (001DEA00 to 001E8BFF)
       0 file pointer to relocation table
       0 file pointer to line numbers
       0 number of relocations
       0 number of line numbers
40000040 flags
         Initialized Data
         Read Only

SECTION HEADER #5
   .rsrc name
     1C8 virtual size
  1EE000 virtual address (00000001401EE000 to 00000001401EE1C7)
     200 size of raw data
  1E8C00 file pointer to raw data (001E8C00 to 001E8DFF)
       0 file pointer to relocation table
       0 file pointer to line numbers
       0 number of relocations
       0 number of line numbers
40000040 flags
         Initialized Data
         Read Only

SECTION HEADER #6
  .reloc name
     FC0 virtual size
  1EF000 virtual address (00000001401EF000 to 00000001401EFFBF)
    1000 size of raw data
  1E8E00 file pointer to raw data (001E8E00 to 001E9DFF)
       0 file pointer to relocation table
       0 file pointer to line numbers
       0 number of relocations
       0 number of line numbers
42000040 flags
         Initialized Data
         Discardable
         Read Only

  Summary

        9000 .data
        B000 .pdata
       58000 .rdata
        1000 .reloc
        1000 .rsrc
      181000 .text
