Microsoft (R) COFF/PE Dumper Version 14.44.35228.0
Copyright (C) Microsoft Corporation.  All rights reserved.


Dump of file D:\Projects\DiskEd\disked\.aide-local\goal-0.1.0\clean-verification-case-2b4e67e2\build\windows-bootstrap\Release\verification_case_probe.exe

PE signature found

File Type: EXECUTABLE IMAGE

FILE HEADER VALUES
            8664 machine (x64)
               6 number of sections
        6AC935BD time date stamp Sat Oct 10 05:43:09 2026
               0 file pointer to symbol table
               0 number of symbols
              F0 size of optional header
              22 characteristics
                   Executable
                   Application can handle large (>2GB) addresses

OPTIONAL HEADER VALUES
             20B magic # (PE32+)
           14.44 linker version
           63400 size of code
           21400 size of initialized data
               0 size of uninitialized data
           4A880 entry point (000000014004A880)
            1000 base of code
       140000000 image base (0000000140000000 to 0000000140088FFF)
            1000 section alignment
             200 file alignment
            6.00 operating system version
            0.00 image version
            6.00 subsystem version
               0 Win32 version
           89000 size of image
             400 size of headers
               0 checksum
               3 subsystem (Windows CUI)
            C160 DLL characteristics
                   High Entropy Virtual Addresses
                   Dynamic base
                   NX compatible
                   Control Flow Guard
                   Terminal Server Aware
          100000 size of stack reserve
            1000 size of stack commit
          100000 size of heap reserve
            1000 size of heap commit
               0 loader flags
              10 number of directories
               0 [       0] RVA [size] of Export Directory
           7ECC4 [      28] RVA [size] of Import Directory
           87000 [     1E0] RVA [size] of Resource Directory
           83000 [    342C] RVA [size] of Exception Directory
               0 [       0] RVA [size] of Certificates Directory
           88000 [     7E8] RVA [size] of Base Relocation Directory
           73BA0 [      1C] RVA [size] of Debug Directory
               0 [       0] RVA [size] of Architecture Directory
               0 [       0] RVA [size] of Global Pointer Directory
               0 [       0] RVA [size] of Thread Storage Directory
           73A60 [     140] RVA [size] of Load Configuration Directory
               0 [       0] RVA [size] of Bound Import Directory
           65000 [     2A8] RVA [size] of Import Address Table Directory
               0 [       0] RVA [size] of Delay Import Directory
               0 [       0] RVA [size] of COM Descriptor Directory
               0 [       0] RVA [size] of Reserved Directory


SECTION HEADER #1
   .text name
   632F6 virtual size
    1000 virtual address (0000000140001000 to 00000001400642F5)
   63400 size of raw data
     400 file pointer to raw data (00000400 to 000637FF)
       0 file pointer to relocation table
       0 file pointer to line numbers
       0 number of relocations
       0 number of line numbers
60000020 flags
         Code
         Execute Read

SECTION HEADER #2
  .rdata name
   1A5E2 virtual size
   65000 virtual address (0000000140065000 to 000000014007F5E1)
   1A600 size of raw data
   63800 file pointer to raw data (00063800 to 0007DDFF)
       0 file pointer to relocation table
       0 file pointer to line numbers
       0 number of relocations
       0 number of line numbers
40000040 flags
         Initialized Data
         Read Only

  Debug Directories

        Time Type        Size      RVA  Pointer
    -------- ------- -------- -------- --------
    6AC935BD coffgrp      380 00074F40    73740

SECTION HEADER #3
   .data name
    2DF0 virtual size
   80000 virtual address (0000000140080000 to 0000000140082DEF)
    1E00 size of raw data
   7DE00 file pointer to raw data (0007DE00 to 0007FBFF)
       0 file pointer to relocation table
       0 file pointer to line numbers
       0 number of relocations
       0 number of line numbers
C0000040 flags
         Initialized Data
         Read Write

SECTION HEADER #4
  .pdata name
    342C virtual size
   83000 virtual address (0000000140083000 to 000000014008642B)
    3600 size of raw data
   7FC00 file pointer to raw data (0007FC00 to 000831FF)
       0 file pointer to relocation table
       0 file pointer to line numbers
       0 number of relocations
       0 number of line numbers
40000040 flags
         Initialized Data
         Read Only

SECTION HEADER #5
   .rsrc name
     1E0 virtual size
   87000 virtual address (0000000140087000 to 00000001400871DF)
     200 size of raw data
   83200 file pointer to raw data (00083200 to 000833FF)
       0 file pointer to relocation table
       0 file pointer to line numbers
       0 number of relocations
       0 number of line numbers
40000040 flags
         Initialized Data
         Read Only

SECTION HEADER #6
  .reloc name
     7E8 virtual size
   88000 virtual address (0000000140088000 to 00000001400887E7)
     800 size of raw data
   83400 file pointer to raw data (00083400 to 00083BFF)
       0 file pointer to relocation table
       0 file pointer to line numbers
       0 number of relocations
       0 number of line numbers
42000040 flags
         Initialized Data
         Discardable
         Read Only

  Summary

        3000 .data
        4000 .pdata
       1B000 .rdata
        1000 .reloc
        1000 .rsrc
       64000 .text
