MSBuild version 17.14.51+25f168cee for .NET Framework

  1>Checking Build System
  Building Custom Rule D:/Projects/DiskEd/disked/.aide-local/sw40-r1/checkout/tests/windows/native/CMakeLists.txt
  Building Custom Rule D:/Projects/DiskEd/disked/.aide-local/sw40-r1/checkout/tests/windows/native/CMakeLists.txt
  Building Custom Rule D:/Projects/DiskEd/disked/.aide-local/sw40-r1/checkout/tests/windows/native/CMakeLists.txt
  Building Custom Rule D:/Projects/DiskEd/disked/.aide-local/sw40-r1/checkout/tests/windows/native/CMakeLists.txt
  namespace_worker.cpp
  storage_queries.cpp
  Building Custom Rule D:/Projects/DiskEd/disked/.aide-local/sw40-r1/checkout/tests/windows/native/CMakeLists.txt
  Building Custom Rule D:/Projects/DiskEd/disked/.aide-local/sw40-r1/checkout/tests/windows/native/CMakeLists.txt
  namespace_worker.cpp
  volume_namespace.cpp
  observation_worker.cpp
  namespace_worker.cpp
  storage_inventory.cpp
  volume_inventory.cpp
  observation_worker.cpp
  observation_worker.cpp
  namespace_worker.cpp
  observation_worker.cpp
  json.cpp
  volume_inventory.cpp
  volume_namespace.cpp
  volume_namespace.cpp
  storage_worker.cpp
  volume_fixture.cpp
  volume_namespace.cpp
  volume_namespace.cpp
  volume_inventory.cpp
  volume_inventory.cpp
  volume_namespace_probe.cpp
  storage_queries.cpp
  volume_inventory.cpp
  json.cpp
  local_file.cpp
  namespace_graph.cpp
  Generating Code...
  volume_namespace.cpp
  snapshot.cpp
  sha256.cpp
  json.cpp
  local_file.cpp
  snapshot.cpp
  sha256.cpp
  storage_fixture.cpp
  storage_inventory.cpp
  local_file.cpp
  sha256.cpp
  json.cpp
  capture.cpp
  volume_fixture.cpp
  storage_query_probe.cpp
  sha256.cpp
  json.cpp
  volume_fixture.cpp
  nt_volume_namespace_probe.vcxproj -> D:\Projects\DiskEd\disked\.aide-local\sw40-r1\build-Win32\Release\nt_volume_namespace_probe.exe
  storage_frame_reader.cpp
  snapshot.cpp
  namespace_worker_probe.cpp
  Generating Code...
  capture.cpp
  capture_lifecycle_probe.cpp
  storage_graph.cpp
  Generating Code...
  volume_fixture.cpp
  Generating Code...
  volume_inventory.cpp
  namespace_graph_probe.cpp
  namespace_graph.cpp
  Generating Code...
  local_file.cpp
  json.cpp
  nt_namespace_worker_probe.vcxproj -> D:\Projects\DiskEd\disked\.aide-local\sw40-r1\build-Win32\Release\nt_namespace_worker_probe.exe
  nt_storage_query_probe.vcxproj -> D:\Projects\DiskEd\disked\.aide-local\sw40-r1\build-Win32\Release\nt_storage_query_probe.exe
  snapshot.cpp
  capture.cpp
  sha256.cpp
  storage_fixture.cpp
  nt_capture_lifecycle_probe.vcxproj -> D:\Projects\DiskEd\disked\.aide-local\sw40-r1\build-Win32\Release\nt_capture_lifecycle_probe.exe
  volume_fixture.cpp
  storage_worker_probe.cpp
  Generating Code...
  nt_namespace_graph_probe.vcxproj -> D:\Projects\DiskEd\disked\.aide-local\sw40-r1\build-Win32\Release\nt_namespace_graph_probe.exe
  nt_storage_worker_probe.vcxproj -> D:\Projects\DiskEd\disked\.aide-local\sw40-r1\build-Win32\Release\nt_storage_worker_probe.exe
  Building Custom Rule D:/Projects/DiskEd/disked/.aide-local/sw40-r1/checkout/tests/windows/native/CMakeLists.txt
