Microsoft (R) COFF/PE Dumper Version 14.44.35228.0
Copyright (C) Microsoft Corporation.  All rights reserved.


Dump of file D:\Projects\DiskEd\disked\.aide-local\sw40-r1\build-Win32\Release\nt_capture_lifecycle_probe.exe

PE signature found

File Type: EXECUTABLE IMAGE

FILE HEADER VALUES
             14C machine (x86)
               5 number of sections
        6AC9A521 time date stamp Sat Oct 10 13:38:25 2026
               0 file pointer to symbol table
               0 number of symbols
              E0 size of optional header
             102 characteristics
                   Executable
                   32 bit word machine

OPTIONAL HEADER VALUES
             10B magic # (PE32)
           14.44 linker version
           42A00 size of code
           15C00 size of initialized data
               0 size of uninitialized data
           2D3E0 entry point (0042D3E0)
            1000 base of code
           44000 base of data
          400000 image base (00400000 to 0045CFFF)
            1000 section alignment
             200 file alignment
            6.00 operating system version
            0.00 image version
            6.00 subsystem version
               0 Win32 version
           5D000 size of image
             400 size of headers
               0 checksum
               3 subsystem (Windows CUI)
            C140 DLL characteristics
                   Dynamic base
                   NX compatible
                   Control Flow Guard
                   Terminal Server Aware
          100000 size of stack reserve
            1000 size of stack commit
          100000 size of heap reserve
            1000 size of heap commit
               0 loader flags
              10 number of directories
               0 [       0] RVA [size] of Export Directory
           5385C [      28] RVA [size] of Import Directory
           58000 [     1E0] RVA [size] of Resource Directory
               0 [       0] RVA [size] of Exception Directory
               0 [       0] RVA [size] of Certificates Directory
           59000 [    3038] RVA [size] of Base Relocation Directory
           4DF00 [      1C] RVA [size] of Debug Directory
               0 [       0] RVA [size] of Architecture Directory
               0 [       0] RVA [size] of Global Pointer Directory
               0 [       0] RVA [size] of Thread Storage Directory
           4DE40 [      40] RVA [size] of Load Configuration Directory
               0 [       0] RVA [size] of Bound Import Directory
           44000 [     19C] RVA [size] of Import Address Table Directory
               0 [       0] RVA [size] of Delay Import Directory
               0 [       0] RVA [size] of COM Descriptor Directory
               0 [       0] RVA [size] of Reserved Directory


SECTION HEADER #1
   .text name
   4299B virtual size
    1000 virtual address (00401000 to 0044399A)
   42A00 size of raw data
     400 file pointer to raw data (00000400 to 00042DFF)
       0 file pointer to relocation table
       0 file pointer to line numbers
       0 number of relocations
       0 number of line numbers
60000020 flags
         Code
         Execute Read

SECTION HEADER #2
  .rdata name
   101EE virtual size
   44000 virtual address (00444000 to 004541ED)
   10200 size of raw data
   42E00 file pointer to raw data (00042E00 to 00052FFF)
       0 file pointer to relocation table
       0 file pointer to line numbers
       0 number of relocations
       0 number of line numbers
40000040 flags
         Initialized Data
         Read Only

  Debug Directories

        Time Type        Size      RVA  Pointer
    -------- ------- -------- -------- --------
    6AC9A521 coffgrp      34C 0004EAD8    4D8D8

SECTION HEADER #3
   .data name
    259C virtual size
   55000 virtual address (00455000 to 0045759B)
    1C00 size of raw data
   53000 file pointer to raw data (00053000 to 00054BFF)
       0 file pointer to relocation table
       0 file pointer to line numbers
       0 number of relocations
       0 number of line numbers
C0000040 flags
         Initialized Data
         Read Write

SECTION HEADER #4
   .rsrc name
     1E0 virtual size
   58000 virtual address (00458000 to 004581DF)
     200 size of raw data
   54C00 file pointer to raw data (00054C00 to 00054DFF)
       0 file pointer to relocation table
       0 file pointer to line numbers
       0 number of relocations
       0 number of line numbers
40000040 flags
         Initialized Data
         Read Only

SECTION HEADER #5
  .reloc name
    3038 virtual size
   59000 virtual address (00459000 to 0045C037)
    3200 size of raw data
   54E00 file pointer to raw data (00054E00 to 00057FFF)
       0 file pointer to relocation table
       0 file pointer to line numbers
       0 number of relocations
       0 number of line numbers
42000040 flags
         Initialized Data
         Discardable
         Read Only

  Summary

        3000 .data
       11000 .rdata
        4000 .reloc
        1000 .rsrc
       43000 .text
