Microsoft (R) COFF/PE Dumper Version 14.44.35228.0
Copyright (C) Microsoft Corporation.  All rights reserved.


Dump of file D:\Projects\DiskEd\disked\.aide-local\sw40-r1\build-Win32\Release\nt_namespace_graph_probe.exe

PE signature found

File Type: EXECUTABLE IMAGE

FILE HEADER VALUES
             14C machine (x86)
               5 number of sections
        6AC9A523 time date stamp Sat Oct 10 13:38:27 2026
               0 file pointer to symbol table
               0 number of symbols
              E0 size of optional header
             102 characteristics
                   Executable
                   32 bit word machine

OPTIONAL HEADER VALUES
             10B magic # (PE32)
           14.44 linker version
           4B600 size of code
           17200 size of initialized data
               0 size of uninitialized data
           353B0 entry point (004353B0)
            1000 base of code
           4D000 base of data
          400000 image base (00400000 to 00466FFF)
            1000 section alignment
             200 file alignment
            6.00 operating system version
            0.00 image version
            6.00 subsystem version
               0 Win32 version
           67000 size of image
             400 size of headers
               0 checksum
               3 subsystem (Windows CUI)
            C140 DLL characteristics
                   Dynamic base
                   NX compatible
                   Control Flow Guard
                   Terminal Server Aware
          100000 size of stack reserve
            1000 size of stack commit
          100000 size of heap reserve
            1000 size of heap commit
               0 loader flags
              10 number of directories
               0 [       0] RVA [size] of Export Directory
           5D71C [      28] RVA [size] of Import Directory
           62000 [     1E0] RVA [size] of Resource Directory
               0 [       0] RVA [size] of Exception Directory
               0 [       0] RVA [size] of Certificates Directory
           63000 [    3514] RVA [size] of Base Relocation Directory
           571F0 [      1C] RVA [size] of Debug Directory
               0 [       0] RVA [size] of Architecture Directory
               0 [       0] RVA [size] of Global Pointer Directory
               0 [       0] RVA [size] of Thread Storage Directory
           57130 [      40] RVA [size] of Load Configuration Directory
               0 [       0] RVA [size] of Bound Import Directory
           4D000 [     19C] RVA [size] of Import Address Table Directory
               0 [       0] RVA [size] of Delay Import Directory
               0 [       0] RVA [size] of COM Descriptor Directory
               0 [       0] RVA [size] of Reserved Directory


SECTION HEADER #1
   .text name
   4B59B virtual size
    1000 virtual address (00401000 to 0044C59A)
   4B600 size of raw data
     400 file pointer to raw data (00000400 to 0004B9FF)
       0 file pointer to relocation table
       0 file pointer to line numbers
       0 number of relocations
       0 number of line numbers
60000020 flags
         Code
         Execute Read

SECTION HEADER #2
  .rdata name
   110AE virtual size
   4D000 virtual address (0044D000 to 0045E0AD)
   11200 size of raw data
   4BA00 file pointer to raw data (0004BA00 to 0005CBFF)
       0 file pointer to relocation table
       0 file pointer to line numbers
       0 number of relocations
       0 number of line numbers
40000040 flags
         Initialized Data
         Read Only

  Debug Directories

        Time Type        Size      RVA  Pointer
    -------- ------- -------- -------- --------
    6AC9A523 coffgrp      34C 00057E4C    5684C

SECTION HEADER #3
   .data name
    2624 virtual size
   5F000 virtual address (0045F000 to 00461623)
    1C00 size of raw data
   5CC00 file pointer to raw data (0005CC00 to 0005E7FF)
       0 file pointer to relocation table
       0 file pointer to line numbers
       0 number of relocations
       0 number of line numbers
C0000040 flags
         Initialized Data
         Read Write

SECTION HEADER #4
   .rsrc name
     1E0 virtual size
   62000 virtual address (00462000 to 004621DF)
     200 size of raw data
   5E800 file pointer to raw data (0005E800 to 0005E9FF)
       0 file pointer to relocation table
       0 file pointer to line numbers
       0 number of relocations
       0 number of line numbers
40000040 flags
         Initialized Data
         Read Only

SECTION HEADER #5
  .reloc name
    3514 virtual size
   63000 virtual address (00463000 to 00466513)
    3600 size of raw data
   5EA00 file pointer to raw data (0005EA00 to 00061FFF)
       0 file pointer to relocation table
       0 file pointer to line numbers
       0 number of relocations
       0 number of line numbers
42000040 flags
         Initialized Data
         Discardable
         Read Only

  Summary

        3000 .data
       12000 .rdata
        4000 .reloc
        1000 .rsrc
       4C000 .text
