Microsoft (R) COFF/PE Dumper Version 14.44.35228.0
Copyright (C) Microsoft Corporation.  All rights reserved.


Dump of file D:\Projects\DiskEd\disked\.aide-local\sw40-r1\build-x64\Release\nt_storage_query_probe.exe

PE signature found

File Type: EXECUTABLE IMAGE

FILE HEADER VALUES
            8664 machine (x64)
               6 number of sections
        6AC9A4FB time date stamp Sat Oct 10 13:37:47 2026
               0 file pointer to symbol table
               0 number of symbols
              F0 size of optional header
              22 characteristics
                   Executable
                   Application can handle large (>2GB) addresses

OPTIONAL HEADER VALUES
             20B magic # (PE32+)
           14.44 linker version
           37000 size of code
           17A00 size of initialized data
               0 size of uninitialized data
           22330 entry point (0000000140022330)
            1000 base of code
       140000000 image base (0000000140000000 to 0000000140052FFF)
            1000 section alignment
             200 file alignment
            6.00 operating system version
            0.00 image version
            6.00 subsystem version
               0 Win32 version
           53000 size of image
             400 size of headers
               0 checksum
               3 subsystem (Windows CUI)
            C160 DLL characteristics
                   High Entropy Virtual Addresses
                   Dynamic base
                   NX compatible
                   Control Flow Guard
                   Terminal Server Aware
          100000 size of stack reserve
            1000 size of stack commit
          100000 size of heap reserve
            1000 size of heap commit
               0 loader flags
              10 number of directories
               0 [       0] RVA [size] of Export Directory
           4A20C [      28] RVA [size] of Import Directory
           51000 [     1E0] RVA [size] of Resource Directory
           4E000 [    23F4] RVA [size] of Exception Directory
               0 [       0] RVA [size] of Certificates Directory
           52000 [     6F8] RVA [size] of Base Relocation Directory
           44030 [      1C] RVA [size] of Debug Directory
               0 [       0] RVA [size] of Architecture Directory
               0 [       0] RVA [size] of Global Pointer Directory
               0 [       0] RVA [size] of Thread Storage Directory
           43EF0 [     140] RVA [size] of Load Configuration Directory
               0 [       0] RVA [size] of Bound Import Directory
           38000 [     258] RVA [size] of Import Address Table Directory
               0 [       0] RVA [size] of Delay Import Directory
               0 [       0] RVA [size] of COM Descriptor Directory
               0 [       0] RVA [size] of Reserved Directory


SECTION HEADER #1
   .text name
   36F2F virtual size
    1000 virtual address (0000000140001000 to 0000000140037F2E)
   37000 size of raw data
     400 file pointer to raw data (00000400 to 000373FF)
       0 file pointer to relocation table
       0 file pointer to line numbers
       0 number of relocations
       0 number of line numbers
60000020 flags
         Code
         Execute Read

SECTION HEADER #2
  .rdata name
   129F6 virtual size
   38000 virtual address (0000000140038000 to 000000014004A9F5)
   12A00 size of raw data
   37400 file pointer to raw data (00037400 to 00049DFF)
       0 file pointer to relocation table
       0 file pointer to line numbers
       0 number of relocations
       0 number of line numbers
40000040 flags
         Initialized Data
         Read Only

  Debug Directories

        Time Type        Size      RVA  Pointer
    -------- ------- -------- -------- --------
    6AC9A4FB coffgrp      390 00044AE4    43EE4

SECTION HEADER #3
   .data name
    219C virtual size
   4B000 virtual address (000000014004B000 to 000000014004D19B)
    1000 size of raw data
   49E00 file pointer to raw data (00049E00 to 0004ADFF)
       0 file pointer to relocation table
       0 file pointer to line numbers
       0 number of relocations
       0 number of line numbers
C0000040 flags
         Initialized Data
         Read Write

SECTION HEADER #4
  .pdata name
    23F4 virtual size
   4E000 virtual address (000000014004E000 to 00000001400503F3)
    2400 size of raw data
   4AE00 file pointer to raw data (0004AE00 to 0004D1FF)
       0 file pointer to relocation table
       0 file pointer to line numbers
       0 number of relocations
       0 number of line numbers
40000040 flags
         Initialized Data
         Read Only

SECTION HEADER #5
   .rsrc name
     1E0 virtual size
   51000 virtual address (0000000140051000 to 00000001400511DF)
     200 size of raw data
   4D200 file pointer to raw data (0004D200 to 0004D3FF)
       0 file pointer to relocation table
       0 file pointer to line numbers
       0 number of relocations
       0 number of line numbers
40000040 flags
         Initialized Data
         Read Only

SECTION HEADER #6
  .reloc name
     6F8 virtual size
   52000 virtual address (0000000140052000 to 00000001400526F7)
     800 size of raw data
   4D400 file pointer to raw data (0004D400 to 0004DBFF)
       0 file pointer to relocation table
       0 file pointer to line numbers
       0 number of relocations
       0 number of line numbers
42000040 flags
         Initialized Data
         Discardable
         Read Only

  Summary

        3000 .data
        3000 .pdata
       13000 .rdata
        1000 .reloc
        1000 .rsrc
       37000 .text
