test_alias_collision_with_later_canonical_spelling_is_rejected (test_corrective.CommandCorrections.test_alias_collision_with_later_canonical_spelling_is_rejected) ... ok
test_defined_argument_bindings_and_completion_are_checked (test_corrective.CommandCorrections.test_defined_argument_bindings_and_completion_are_checked) ... ok
test_parameter_reference_and_binding_relationships (test_corrective.CommandCorrections.test_parameter_reference_and_binding_relationships) ... ok
test_artifact_budget_refuses_before_writing (test_corrective.ContextCorrections.test_artifact_budget_refuses_before_writing) ... ok
test_catalog_schema_fixture_and_instruction_changes_invalidate_same_revision (test_corrective.ContextCorrections.test_catalog_schema_fixture_and_instruction_changes_invalidate_same_revision) ... ok
test_input_cycle_and_unknown_id_fail_closed (test_corrective.ContextCorrections.test_input_cycle_and_unknown_id_fail_closed) ... ok
test_instruction_discovery_has_canonical_order (test_corrective.ContextCorrections.test_instruction_discovery_has_canonical_order) ... ok
test_missing_manifest_entry_and_new_instruction_chain_are_detected (test_corrective.ContextCorrections.test_missing_manifest_entry_and_new_instruction_chain_are_detected) ... ok
test_native_bootstrap_context_binds_build_source_and_acceptance_fixture (test_corrective.ContextCorrections.test_native_bootstrap_context_binds_build_source_and_acceptance_fixture) ... ok
test_optional_background_does_not_invalidate_pack (test_corrective.ContextCorrections.test_optional_background_does_not_invalidate_pack) ... ok
test_pack_reads_fresh_work_definition (test_corrective.ContextCorrections.test_pack_reads_fresh_work_definition) ... ok
test_required_artifacts_are_portable_and_bound (test_corrective.ContextCorrections.test_required_artifacts_are_portable_and_bound) ... ok
test_acquisition_definition_bounded_generation_and_request_plan_agreement (test_corrective.ProtocolCorrections.test_acquisition_definition_bounded_generation_and_request_plan_agreement) ... ok
test_acquisition_event_hash_and_identity_are_bound (test_corrective.ProtocolCorrections.test_acquisition_event_hash_and_identity_are_bound) ... ok
test_acquisition_observation_semantics_enforce_counter_relationships (test_corrective.ProtocolCorrections.test_acquisition_observation_semantics_enforce_counter_relationships) ... ok
test_acquisition_phases_forbid_mixed_effects_and_require_actual_grants (test_corrective.ProtocolCorrections.test_acquisition_phases_forbid_mixed_effects_and_require_actual_grants) ... ok
test_explicit_and_inferred_cli_prompt_policy (test_corrective.ProtocolCorrections.test_explicit_and_inferred_cli_prompt_policy) ... ok
test_impact_reports_each_path_and_exact_module_boundaries (test_corrective.ProtocolCorrections.test_impact_reports_each_path_and_exact_module_boundaries) ... ok
test_resize_quantity_schema_semantics_match_native_bounds (test_corrective.ProtocolCorrections.test_resize_quantity_schema_semantics_match_native_bounds) ... ok
test_running_response_needs_identity_completed_read_may_omit_it (test_corrective.ProtocolCorrections.test_running_response_needs_identity_completed_read_may_omit_it) ... ok
test_semantics_dispatch_from_schema_and_cannot_be_overridden (test_corrective.ProtocolCorrections.test_semantics_dispatch_from_schema_and_cannot_be_overridden) ... ok
test_historical_subject_digest_must_match (test_corrective.ReceiptCorrections.test_historical_subject_digest_must_match) ... ok
test_invalid_historical_blob_is_not_excused_by_supersession (test_corrective.ReceiptCorrections.test_invalid_historical_blob_is_not_excused_by_supersession) ... ok
test_missing_reviewed_revision_is_reported_without_authorizing (test_corrective.ReceiptCorrections.test_missing_reviewed_revision_is_reported_without_authorizing) ... ok
test_rejection_revocation_and_explicit_supersession (test_corrective.ReceiptCorrections.test_rejection_revocation_and_explicit_supersession) ... ok
test_stale_history_and_new_receipt_without_deleting_old (test_corrective.ReceiptCorrections.test_stale_history_and_new_receipt_without_deleting_old) ... ok
test_superseded_receipt_never_reactivates_when_old_bytes_return (test_corrective.ReceiptCorrections.test_superseded_receipt_never_reactivates_when_old_bytes_return) ... ok

----------------------------------------------------------------------
Ran 27 tests in 57.669s

OK
