Microsoft (R) COFF/PE Dumper Version 14.44.35228.0
Copyright (C) Microsoft Corporation.  All rights reserved.


Dump of file D:\Projects\DiskEd\disked\.aide-local\goal-0.1.0\clean-producer-028d3c3c\build\windows-bootstrap\Release\model_journal_producer_probe.exe

PE signature found

File Type: EXECUTABLE IMAGE

FILE HEADER VALUES
            8664 machine (x64)
               6 number of sections
        6AC82B97 time date stamp Fri Oct  9 10:47:35 2026
               0 file pointer to symbol table
               0 number of symbols
              F0 size of optional header
              22 characteristics
                   Executable
                   Application can handle large (>2GB) addresses

OPTIONAL HEADER VALUES
             20B magic # (PE32+)
           14.44 linker version
           5EC00 size of code
           22E00 size of initialized data
               0 size of uninitialized data
           3CEB0 entry point (000000014003CEB0)
            1000 base of code
       140000000 image base (0000000140000000 to 0000000140084FFF)
            1000 section alignment
             200 file alignment
            6.00 operating system version
            0.00 image version
            6.00 subsystem version
               0 Win32 version
           85000 size of image
             400 size of headers
               0 checksum
               3 subsystem (Windows CUI)
            C160 DLL characteristics
                   High Entropy Virtual Addresses
                   Dynamic base
                   NX compatible
                   Control Flow Guard
                   Terminal Server Aware
          100000 size of stack reserve
            1000 size of stack commit
          100000 size of heap reserve
            1000 size of heap commit
               0 loader flags
              10 number of directories
               0 [       0] RVA [size] of Export Directory
           7AC14 [      28] RVA [size] of Import Directory
           83000 [     1E0] RVA [size] of Resource Directory
           7F000 [    3BE8] RVA [size] of Exception Directory
               0 [       0] RVA [size] of Certificates Directory
           84000 [     9A8] RVA [size] of Base Relocation Directory
           705D0 [      1C] RVA [size] of Debug Directory
               0 [       0] RVA [size] of Architecture Directory
               0 [       0] RVA [size] of Global Pointer Directory
               0 [       0] RVA [size] of Thread Storage Directory
           70490 [     140] RVA [size] of Load Configuration Directory
               0 [       0] RVA [size] of Bound Import Directory
           60000 [     288] RVA [size] of Import Address Table Directory
               0 [       0] RVA [size] of Delay Import Directory
               0 [       0] RVA [size] of COM Descriptor Directory
               0 [       0] RVA [size] of Reserved Directory


SECTION HEADER #1
   .text name
   5EBDC virtual size
    1000 virtual address (0000000140001000 to 000000014005FBDB)
   5EC00 size of raw data
     400 file pointer to raw data (00000400 to 0005EFFF)
       0 file pointer to relocation table
       0 file pointer to line numbers
       0 number of relocations
       0 number of line numbers
60000020 flags
         Code
         Execute Read

SECTION HEADER #2
  .rdata name
   1B4AC virtual size
   60000 virtual address (0000000140060000 to 000000014007B4AB)
   1B600 size of raw data
   5F000 file pointer to raw data (0005F000 to 0007A5FF)
       0 file pointer to relocation table
       0 file pointer to line numbers
       0 number of relocations
       0 number of line numbers
40000040 flags
         Initialized Data
         Read Only

  Debug Directories

        Time Type        Size      RVA  Pointer
    -------- ------- -------- -------- --------
    6AC82B97 coffgrp      3A8 00071DB0    70DB0

SECTION HEADER #3
   .data name
    2FF0 virtual size
   7C000 virtual address (000000014007C000 to 000000014007EFEF)
    1800 size of raw data
   7A600 file pointer to raw data (0007A600 to 0007BDFF)
       0 file pointer to relocation table
       0 file pointer to line numbers
       0 number of relocations
       0 number of line numbers
C0000040 flags
         Initialized Data
         Read Write

SECTION HEADER #4
  .pdata name
    3BE8 virtual size
   7F000 virtual address (000000014007F000 to 0000000140082BE7)
    3C00 size of raw data
   7BE00 file pointer to raw data (0007BE00 to 0007F9FF)
       0 file pointer to relocation table
       0 file pointer to line numbers
       0 number of relocations
       0 number of line numbers
40000040 flags
         Initialized Data
         Read Only

SECTION HEADER #5
   .rsrc name
     1E0 virtual size
   83000 virtual address (0000000140083000 to 00000001400831DF)
     200 size of raw data
   7FA00 file pointer to raw data (0007FA00 to 0007FBFF)
       0 file pointer to relocation table
       0 file pointer to line numbers
       0 number of relocations
       0 number of line numbers
40000040 flags
         Initialized Data
         Read Only

SECTION HEADER #6
  .reloc name
     9A8 virtual size
   84000 virtual address (0000000140084000 to 00000001400849A7)
     A00 size of raw data
   7FC00 file pointer to raw data (0007FC00 to 000805FF)
       0 file pointer to relocation table
       0 file pointer to line numbers
       0 number of relocations
       0 number of line numbers
42000040 flags
         Initialized Data
         Discardable
         Read Only

  Summary

        3000 .data
        4000 .pdata
       1C000 .rdata
        1000 .reloc
        1000 .rsrc
       5F000 .text
