Microsoft (R) COFF/PE Dumper Version 14.44.35228.0
Copyright (C) Microsoft Corporation.  All rights reserved.


Dump of file D:\Projects\DiskEd\disked\.aide-local\goal-0.1.0\clean-gui-capture-a47fbd5c\build\windows-bootstrap\Release\disked.exe

PE signature found

File Type: EXECUTABLE IMAGE

FILE HEADER VALUES
            8664 machine (x64)
               6 number of sections
        6AC8CAF0 time date stamp Fri Oct  9 22:07:28 2026
               0 file pointer to symbol table
               0 number of symbols
              F0 size of optional header
              22 characteristics
                   Executable
                   Application can handle large (>2GB) addresses

OPTIONAL HEADER VALUES
             20B magic # (PE32+)
           14.44 linker version
          13DA00 size of code
           5D600 size of initialized data
               0 size of uninitialized data
          108140 entry point (0000000140108140)
            1000 base of code
       140000000 image base (0000000140000000 to 000000014019DFFF)
            1000 section alignment
             200 file alignment
           10.00 operating system version
            0.00 image version
           10.00 subsystem version
               0 Win32 version
          19E000 size of image
             400 size of headers
               0 checksum
               3 subsystem (Windows CUI)
            C160 DLL characteristics
                   High Entropy Virtual Addresses
                   Dynamic base
                   NX compatible
                   Control Flow Guard
                   Terminal Server Aware
          100000 size of stack reserve
            1000 size of stack commit
          100000 size of heap reserve
            1000 size of heap commit
               0 loader flags
              10 number of directories
               0 [       0] RVA [size] of Export Directory
          18970C [      28] RVA [size] of Import Directory
          19C000 [     1C8] RVA [size] of Resource Directory
          193000 [    8E68] RVA [size] of Exception Directory
               0 [       0] RVA [size] of Certificates Directory
          19D000 [     F1C] RVA [size] of Base Relocation Directory
          167F10 [      1C] RVA [size] of Debug Directory
               0 [       0] RVA [size] of Architecture Directory
               0 [       0] RVA [size] of Global Pointer Directory
          168100 [      28] RVA [size] of Thread Storage Directory
          167DD0 [     140] RVA [size] of Load Configuration Directory
               0 [       0] RVA [size] of Bound Import Directory
          13F000 [     490] RVA [size] of Import Address Table Directory
               0 [       0] RVA [size] of Delay Import Directory
               0 [       0] RVA [size] of COM Descriptor Directory
               0 [       0] RVA [size] of Reserved Directory


SECTION HEADER #1
   .text name
  13D98C virtual size
    1000 virtual address (0000000140001000 to 000000014013E98B)
  13DA00 size of raw data
     400 file pointer to raw data (00000400 to 0013DDFF)
       0 file pointer to relocation table
       0 file pointer to line numbers
       0 number of relocations
       0 number of line numbers
60000020 flags
         Code
         Execute Read

SECTION HEADER #2
  .rdata name
   4B76A virtual size
  13F000 virtual address (000000014013F000 to 000000014018A769)
   4B800 size of raw data
  13DE00 file pointer to raw data (0013DE00 to 001895FF)
       0 file pointer to relocation table
       0 file pointer to line numbers
       0 number of relocations
       0 number of line numbers
40000040 flags
         Initialized Data
         Read Only

  Debug Directories

        Time Type        Size      RVA  Pointer
    -------- ------- -------- -------- --------
    6AC8CAF0 coffgrp      418 0016BAF0   16A8F0

SECTION HEADER #3
   .data name
    7BE4 virtual size
  18B000 virtual address (000000014018B000 to 0000000140192BE3)
    6000 size of raw data
  189600 file pointer to raw data (00189600 to 0018F5FF)
       0 file pointer to relocation table
       0 file pointer to line numbers
       0 number of relocations
       0 number of line numbers
C0000040 flags
         Initialized Data
         Read Write

SECTION HEADER #4
  .pdata name
    8E68 virtual size
  193000 virtual address (0000000140193000 to 000000014019BE67)
    9000 size of raw data
  18F600 file pointer to raw data (0018F600 to 001985FF)
       0 file pointer to relocation table
       0 file pointer to line numbers
       0 number of relocations
       0 number of line numbers
40000040 flags
         Initialized Data
         Read Only

SECTION HEADER #5
   .rsrc name
     1C8 virtual size
  19C000 virtual address (000000014019C000 to 000000014019C1C7)
     200 size of raw data
  198600 file pointer to raw data (00198600 to 001987FF)
       0 file pointer to relocation table
       0 file pointer to line numbers
       0 number of relocations
       0 number of line numbers
40000040 flags
         Initialized Data
         Read Only

SECTION HEADER #6
  .reloc name
     F1C virtual size
  19D000 virtual address (000000014019D000 to 000000014019DF1B)
    1000 size of raw data
  198800 file pointer to raw data (00198800 to 001997FF)
       0 file pointer to relocation table
       0 file pointer to line numbers
       0 number of relocations
       0 number of line numbers
42000040 flags
         Initialized Data
         Discardable
         Read Only

  Summary

        8000 .data
        9000 .pdata
       4C000 .rdata
        1000 .reloc
        1000 .rsrc
      13E000 .text
