Microsoft (R) COFF/PE Dumper Version 14.44.35228.0
Copyright (C) Microsoft Corporation.  All rights reserved.


Dump of file D:\Projects\DiskEd\disked\.aide-local\goal-0.1.0\clean-crash-audit-5adb7143\build\windows-bootstrap\Release\journal_semantic_probe.exe

PE signature found

File Type: EXECUTABLE IMAGE

FILE HEADER VALUES
            8664 machine (x64)
               6 number of sections
        6AC82F39 time date stamp Fri Oct  9 11:03:05 2026
               0 file pointer to symbol table
               0 number of symbols
              F0 size of optional header
              22 characteristics
                   Executable
                   Application can handle large (>2GB) addresses

OPTIONAL HEADER VALUES
             20B magic # (PE32+)
           14.44 linker version
           44E00 size of code
           1EA00 size of initialized data
               0 size of uninitialized data
           25620 entry point (0000000140025620)
            1000 base of code
       140000000 image base (0000000140000000 to 0000000140066FFF)
            1000 section alignment
             200 file alignment
            6.00 operating system version
            0.00 image version
            6.00 subsystem version
               0 Win32 version
           67000 size of image
             400 size of headers
               0 checksum
               3 subsystem (Windows CUI)
            C160 DLL characteristics
                   High Entropy Virtual Addresses
                   Dynamic base
                   NX compatible
                   Control Flow Guard
                   Terminal Server Aware
          100000 size of stack reserve
            1000 size of stack commit
          100000 size of heap reserve
            1000 size of heap commit
               0 loader flags
              10 number of directories
               0 [       0] RVA [size] of Export Directory
           5D074 [      28] RVA [size] of Import Directory
           65000 [     1E0] RVA [size] of Resource Directory
           61000 [    3378] RVA [size] of Exception Directory
               0 [       0] RVA [size] of Certificates Directory
           66000 [     9B0] RVA [size] of Base Relocation Directory
           55690 [      1C] RVA [size] of Debug Directory
               0 [       0] RVA [size] of Architecture Directory
               0 [       0] RVA [size] of Global Pointer Directory
               0 [       0] RVA [size] of Thread Storage Directory
           55550 [     140] RVA [size] of Load Configuration Directory
               0 [       0] RVA [size] of Bound Import Directory
           46000 [     288] RVA [size] of Import Address Table Directory
               0 [       0] RVA [size] of Delay Import Directory
               0 [       0] RVA [size] of COM Descriptor Directory
               0 [       0] RVA [size] of Reserved Directory


SECTION HEADER #1
   .text name
   44C3C virtual size
    1000 virtual address (0000000140001000 to 0000000140045C3B)
   44E00 size of raw data
     400 file pointer to raw data (00000400 to 000451FF)
       0 file pointer to relocation table
       0 file pointer to line numbers
       0 number of relocations
       0 number of line numbers
60000020 flags
         Code
         Execute Read

SECTION HEADER #2
  .rdata name
   1790C virtual size
   46000 virtual address (0000000140046000 to 000000014005D90B)
   17A00 size of raw data
   45200 file pointer to raw data (00045200 to 0005CBFF)
       0 file pointer to relocation table
       0 file pointer to line numbers
       0 number of relocations
       0 number of line numbers
40000040 flags
         Initialized Data
         Read Only

  Debug Directories

        Time Type        Size      RVA  Pointer
    -------- ------- -------- -------- --------
    6AC82F39 coffgrp      3A8 00056EA8    560A8

SECTION HEADER #3
   .data name
    2FC0 virtual size
   5E000 virtual address (000000014005E000 to 0000000140060FBF)
    1800 size of raw data
   5CC00 file pointer to raw data (0005CC00 to 0005E3FF)
       0 file pointer to relocation table
       0 file pointer to line numbers
       0 number of relocations
       0 number of line numbers
C0000040 flags
         Initialized Data
         Read Write

SECTION HEADER #4
  .pdata name
    3378 virtual size
   61000 virtual address (0000000140061000 to 0000000140064377)
    3400 size of raw data
   5E400 file pointer to raw data (0005E400 to 000617FF)
       0 file pointer to relocation table
       0 file pointer to line numbers
       0 number of relocations
       0 number of line numbers
40000040 flags
         Initialized Data
         Read Only

SECTION HEADER #5
   .rsrc name
     1E0 virtual size
   65000 virtual address (0000000140065000 to 00000001400651DF)
     200 size of raw data
   61800 file pointer to raw data (00061800 to 000619FF)
       0 file pointer to relocation table
       0 file pointer to line numbers
       0 number of relocations
       0 number of line numbers
40000040 flags
         Initialized Data
         Read Only

SECTION HEADER #6
  .reloc name
     9B0 virtual size
   66000 virtual address (0000000140066000 to 00000001400669AF)
     A00 size of raw data
   61A00 file pointer to raw data (00061A00 to 000623FF)
       0 file pointer to relocation table
       0 file pointer to line numbers
       0 number of relocations
       0 number of line numbers
42000040 flags
         Initialized Data
         Discardable
         Read Only

  Summary

        3000 .data
        4000 .pdata
       18000 .rdata
        1000 .reloc
        1000 .rsrc
       45000 .text
