Test project D:/Projects/DiskEd/disked/.aide-local/goal-0.1.0/clean-crash-audit-5adb7143/build/windows-bootstrap
      Start  1: journal.semantic_reader
 1/10 Test  #1: journal.semantic_reader ...........   Passed   13.33 sec
      Start  2: journal.guarded_model
 2/10 Test  #2: journal.guarded_model .............   Passed    1.95 sec
      Start  3: journal.model_binary_producer
 3/10 Test  #3: journal.model_binary_producer .....   Passed    2.61 sec
      Start  4: journal.repeated_crash_audit
 4/10 Test  #4: journal.repeated_crash_audit ......   Passed    4.15 sec
      Start  5: journal.plan_definitions
 5/10 Test  #5: journal.plan_definitions ..........   Passed    0.37 sec
      Start  6: journal.binary_codec
 6/10 Test  #6: journal.binary_codec ..............   Passed    0.27 sec
      Start 38: protocol.json_codec
 7/10 Test #38: protocol.json_codec ...............   Passed    2.79 sec
      Start 49: disked.invocation
 8/10 Test #49: disked.invocation .................   Passed    1.50 sec
      Start 50: disked.acceptance
 9/10 Test #50: disked.acceptance .................   Passed    2.84 sec
      Start 53: provider_guard.positive_control
10/10 Test #53: provider_guard.positive_control ...   Passed    0.12 sec

100% tests passed, 0 tests failed out of 10

Total Test time (real) =  29.93 sec
