MSBuild version 17.14.51+25f168cee for .NET Framework

  1>Bind current Git revision and native input bytes
  disked_json.vcxproj -> D:\Projects\DiskEd\disked\build\windows-bootstrap\Release\disked_json.lib
  disked_presentation.vcxproj -> D:\Projects\DiskEd\disked\build\windows-bootstrap\Release\disked_presentation.lib
  capture_probe.vcxproj -> D:\Projects\DiskEd\disked\build\windows-bootstrap\Release\capture_probe.exe
  command_registry.cpp
  command_parser_probe.vcxproj -> D:\Projects\DiskEd\disked\build\windows-bootstrap\Release\command_parser_probe.exe
  disked_gui.vcxproj -> D:\Projects\DiskEd\disked\build\windows-bootstrap\Release\disked_gui.lib
  disked_shell.vcxproj -> D:\Projects\DiskEd\disked\build\windows-bootstrap\Release\disked_shell.lib
  disked_tui.vcxproj -> D:\Projects\DiskEd\disked\build\windows-bootstrap\Release\disked_tui.lib
  cli.cpp
  command_registry.cpp
  fake_worker.cpp
  invocation.cpp
  bootstrap.cpp
  Generating Code...
  disked.vcxproj -> D:\Projects\DiskEd\disked\build\windows-bootstrap\Release\disked.exe
  cli.cpp
  command_registry.cpp
  fake_worker.cpp
  invocation.cpp
  bootstrap.cpp
  Generating Code...
  disked_capture_campaign.vcxproj -> D:\Projects\DiskEd\disked\build\windows-bootstrap\Release\disked_capture_campaign.exe
  cli.cpp
  command_registry.cpp
  fake_worker.cpp
  invocation.cpp
  bootstrap.cpp
  Generating Code...
  disked_file_wait.vcxproj -> D:\Projects\DiskEd\disked\build\windows-bootstrap\Release\disked_file_wait.exe
  disked_primitives.vcxproj -> D:\Projects\DiskEd\disked\build\windows-bootstrap\Release\disked_primitives.lib
  disked_gpt.vcxproj -> D:\Projects\DiskEd\disked\build\windows-bootstrap\Release\disked_gpt.lib
  cli.cpp
  command_registry.cpp
  fake_worker.cpp
  invocation.cpp
  bootstrap.cpp
  Generating Code...
  disked_gui_unavailable.vcxproj -> D:\Projects\DiskEd\disked\build\windows-bootstrap\Release\disked_gui_unavailable.exe
  disked_mbr.vcxproj -> D:\Projects\DiskEd\disked\build\windows-bootstrap\Release\disked_mbr.lib
  disked_map_observation.vcxproj -> D:\Projects\DiskEd\disked\build\windows-bootstrap\Release\disked_map_observation.lib
  file_capture.cpp
  disked_image_capture.vcxproj -> D:\Projects\DiskEd\disked\build\windows-bootstrap\Release\disked_image_capture.lib
  cli.cpp
  command_registry.cpp
  fake_worker.cpp
  invocation.cpp
  bootstrap.cpp
  Generating Code...
  disked_memory_test.vcxproj -> D:\Projects\DiskEd\disked\build\windows-bootstrap\Release\disked_memory_test.exe
  cli.cpp
  command_registry.cpp
  fake_worker.cpp
  invocation.cpp
  bootstrap.cpp
  Generating Code...
  disked_provider_guard.vcxproj -> D:\Projects\DiskEd\disked\build\windows-bootstrap\Release\disked_provider_guard.exe
  cli.cpp
  command_registry.cpp
  fake_worker.cpp
  invocation.cpp
  bootstrap.cpp
  Generating Code...
  disked_store_fault.vcxproj -> D:\Projects\DiskEd\disked\build\windows-bootstrap\Release\disked_store_fault.exe
  cli.cpp
  command_registry.cpp
  fake_worker.cpp
  invocation.cpp
  bootstrap.cpp
  Generating Code...
  disked_tui_fault.vcxproj -> D:\Projects\DiskEd\disked\build\windows-bootstrap\Release\disked_tui_fault.exe
  cli.cpp
  command_registry.cpp
  fake_worker.cpp
  invocation.cpp
  bootstrap.cpp
  Generating Code...
  disked_worker_delayed.vcxproj -> D:\Projects\DiskEd\disked\build\windows-bootstrap\Release\disked_worker_delayed.exe
  cli.cpp
  command_registry.cpp
  fake_worker.cpp
  invocation.cpp
  bootstrap.cpp
  Generating Code...
  disked_worker_memory_limit.vcxproj -> D:\Projects\DiskEd\disked\build\windows-bootstrap\Release\disked_worker_memory_limit.exe
  command_registry.cpp
  bootstrap.cpp
  Generating Code...
  frontend_service_probe.vcxproj -> D:\Projects\DiskEd\disked\build\windows-bootstrap\Release\frontend_service_probe.exe
  gpt_probe.vcxproj -> D:\Projects\DiskEd\disked\build\windows-bootstrap\Release\gpt_probe.exe
  command_registry.cpp
  bootstrap.cpp
  gui_probe.cpp
  Generating Code...
  gui_model_probe.vcxproj -> D:\Projects\DiskEd\disked\build\windows-bootstrap\Release\gui_model_probe.exe
  file_capture.cpp
  image_file_capture_fault.vcxproj -> D:\Projects\DiskEd\disked\build\windows-bootstrap\Release\image_file_capture_fault.exe
  image_file_capture_probe.vcxproj -> D:\Projects\DiskEd\disked\build\windows-bootstrap\Release\image_file_capture_probe.exe
  image_observation_probe.vcxproj -> D:\Projects\DiskEd\disked\build\windows-bootstrap\Release\image_observation_probe.exe
  invocation_policy_probe.vcxproj -> D:\Projects\DiskEd\disked\build\windows-bootstrap\Release\invocation_policy_probe.exe
  json_codec_probe.vcxproj -> D:\Projects\DiskEd\disked\build\windows-bootstrap\Release\json_codec_probe.exe
  mbr_probe.vcxproj -> D:\Projects\DiskEd\disked\build\windows-bootstrap\Release\mbr_probe.exe
  operation_reducer_probe.vcxproj -> D:\Projects\DiskEd\disked\build\windows-bootstrap\Release\operation_reducer_probe.exe
  portable_cpp.vcxproj -> D:\Projects\DiskEd\disked\build\windows-bootstrap\Release\portable_cpp.exe
  portable_probe.vcxproj -> D:\Projects\DiskEd\disked\build\windows-bootstrap\Release\portable_probe.exe
  protocol_reader_probe.vcxproj -> D:\Projects\DiskEd\disked\build\windows-bootstrap\Release\protocol_reader_probe.exe
  bootstrap.cpp
  provider_guard_probe.vcxproj -> D:\Projects\DiskEd\disked\build\windows-bootstrap\Release\provider_guard_probe.exe
  request_channel_probe.vcxproj -> D:\Projects\DiskEd\disked\build\windows-bootstrap\Release\request_channel_probe.exe
  command_registry.cpp
  bootstrap.cpp
  shell_probe.cpp
  Generating Code...
  shell_model_probe.vcxproj -> D:\Projects\DiskEd\disked\build\windows-bootstrap\Release\shell_model_probe.exe
  command_registry.cpp
  bootstrap.cpp
  tui_probe.cpp
  Generating Code...
  tui_model_probe.vcxproj -> D:\Projects\DiskEd\disked\build\windows-bootstrap\Release\tui_model_probe.exe
  watch_probe.vcxproj -> D:\Projects\DiskEd\disked\build\windows-bootstrap\Release\watch_probe.exe
