Microsoft (R) COFF/PE Dumper Version 14.44.35228.0
Copyright (C) Microsoft Corporation.  All rights reserved.


Dump of file D:\Projects\DiskEd\disked\.aide-local\sq39-r1\build-x64\Release\nt_storage_query_probe.exe

PE signature found

File Type: EXECUTABLE IMAGE

FILE HEADER VALUES
            8664 machine (x64)
               6 number of sections
        6AC9997B time date stamp Sat Oct 10 12:48:43 2026
               0 file pointer to symbol table
               0 number of symbols
              F0 size of optional header
              22 characteristics
                   Executable
                   Application can handle large (>2GB) addresses

OPTIONAL HEADER VALUES
             20B magic # (PE32+)
           14.44 linker version
           36400 size of code
           17A00 size of initialized data
               0 size of uninitialized data
           218D0 entry point (00000001400218D0)
            1000 base of code
       140000000 image base (0000000140000000 to 0000000140052FFF)
            1000 section alignment
             200 file alignment
            6.00 operating system version
            0.00 image version
            6.00 subsystem version
               0 Win32 version
           53000 size of image
             400 size of headers
               0 checksum
               3 subsystem (Windows CUI)
            C160 DLL characteristics
                   High Entropy Virtual Addresses
                   Dynamic base
                   NX compatible
                   Control Flow Guard
                   Terminal Server Aware
          100000 size of stack reserve
            1000 size of stack commit
          100000 size of heap reserve
            1000 size of heap commit
               0 loader flags
              10 number of directories
               0 [       0] RVA [size] of Export Directory
           4A02C [      28] RVA [size] of Import Directory
           51000 [     1E0] RVA [size] of Resource Directory
           4E000 [    2340] RVA [size] of Exception Directory
               0 [       0] RVA [size] of Certificates Directory
           52000 [     6EC] RVA [size] of Base Relocation Directory
           43FD0 [      1C] RVA [size] of Debug Directory
               0 [       0] RVA [size] of Architecture Directory
               0 [       0] RVA [size] of Global Pointer Directory
               0 [       0] RVA [size] of Thread Storage Directory
           43E90 [     140] RVA [size] of Load Configuration Directory
               0 [       0] RVA [size] of Bound Import Directory
           38000 [     250] RVA [size] of Import Address Table Directory
               0 [       0] RVA [size] of Delay Import Directory
               0 [       0] RVA [size] of COM Descriptor Directory
               0 [       0] RVA [size] of Reserved Directory


SECTION HEADER #1
   .text name
   3638F virtual size
    1000 virtual address (0000000140001000 to 000000014003738E)
   36400 size of raw data
     400 file pointer to raw data (00000400 to 000367FF)
       0 file pointer to relocation table
       0 file pointer to line numbers
       0 number of relocations
       0 number of line numbers
60000020 flags
         Code
         Execute Read

SECTION HEADER #2
  .rdata name
   12806 virtual size
   38000 virtual address (0000000140038000 to 000000014004A805)
   12A00 size of raw data
   36800 file pointer to raw data (00036800 to 000491FF)
       0 file pointer to relocation table
       0 file pointer to line numbers
       0 number of relocations
       0 number of line numbers
40000040 flags
         Initialized Data
         Read Only

  Debug Directories

        Time Type        Size      RVA  Pointer
    -------- ------- -------- -------- --------
    6AC9997B coffgrp      390 00044A64    43264

SECTION HEADER #3
   .data name
    214C virtual size
   4B000 virtual address (000000014004B000 to 000000014004D14B)
    1000 size of raw data
   49200 file pointer to raw data (00049200 to 0004A1FF)
       0 file pointer to relocation table
       0 file pointer to line numbers
       0 number of relocations
       0 number of line numbers
C0000040 flags
         Initialized Data
         Read Write

SECTION HEADER #4
  .pdata name
    2340 virtual size
   4E000 virtual address (000000014004E000 to 000000014005033F)
    2400 size of raw data
   4A200 file pointer to raw data (0004A200 to 0004C5FF)
       0 file pointer to relocation table
       0 file pointer to line numbers
       0 number of relocations
       0 number of line numbers
40000040 flags
         Initialized Data
         Read Only

SECTION HEADER #5
   .rsrc name
     1E0 virtual size
   51000 virtual address (0000000140051000 to 00000001400511DF)
     200 size of raw data
   4C600 file pointer to raw data (0004C600 to 0004C7FF)
       0 file pointer to relocation table
       0 file pointer to line numbers
       0 number of relocations
       0 number of line numbers
40000040 flags
         Initialized Data
         Read Only

SECTION HEADER #6
  .reloc name
     6EC virtual size
   52000 virtual address (0000000140052000 to 00000001400526EB)
     800 size of raw data
   4C800 file pointer to raw data (0004C800 to 0004CFFF)
       0 file pointer to relocation table
       0 file pointer to line numbers
       0 number of relocations
       0 number of line numbers
42000040 flags
         Initialized Data
         Discardable
         Read Only

  Summary

        3000 .data
        3000 .pdata
       13000 .rdata
        1000 .reloc
        1000 .rsrc
       37000 .text
