Microsoft (R) COFF/PE Dumper Version 14.44.35228.0
Copyright (C) Microsoft Corporation.  All rights reserved.


Dump of file D:\Projects\DiskEd\disked\.aide-local\goal-0.1.0\clean-ee7cfb69\build\windows-bootstrap\Release\disked.exe

PE signature found

File Type: EXECUTABLE IMAGE

FILE HEADER VALUES
            8664 machine (x64)
               6 number of sections
        6AC508C1 time date stamp Wed Oct  7 01:42:09 2026
               0 file pointer to symbol table
               0 number of symbols
              F0 size of optional header
              22 characteristics
                   Executable
                   Application can handle large (>2GB) addresses

OPTIONAL HEADER VALUES
             20B magic # (PE32+)
           14.44 linker version
           93E00 size of code
           34A00 size of initialized data
               0 size of uninitialized data
           6C970 entry point (000000014006C970)
            1000 base of code
       140000000 image base (0000000140000000 to 00000001400CBFFF)
            1000 section alignment
             200 file alignment
           10.00 operating system version
            0.00 image version
           10.00 subsystem version
               0 Win32 version
           CC000 size of image
             400 size of headers
               0 checksum
               3 subsystem (Windows CUI)
            C160 DLL characteristics
                   High Entropy Virtual Addresses
                   Dynamic base
                   NX compatible
                   Control Flow Guard
                   Terminal Server Aware
          100000 size of stack reserve
            1000 size of stack commit
          100000 size of heap reserve
            1000 size of heap commit
               0 loader flags
              10 number of directories
               0 [       0] RVA [size] of Export Directory
           BDAF4 [      28] RVA [size] of Import Directory
           CA000 [     1C8] RVA [size] of Resource Directory
           C4000 [    5034] RVA [size] of Exception Directory
               0 [       0] RVA [size] of Certificates Directory
           CB000 [     BE8] RVA [size] of Base Relocation Directory
           AE970 [      1C] RVA [size] of Debug Directory
               0 [       0] RVA [size] of Architecture Directory
               0 [       0] RVA [size] of Global Pointer Directory
           AEB00 [      28] RVA [size] of Thread Storage Directory
           AE830 [     140] RVA [size] of Load Configuration Directory
               0 [       0] RVA [size] of Bound Import Directory
           95000 [     428] RVA [size] of Import Address Table Directory
               0 [       0] RVA [size] of Delay Import Directory
               0 [       0] RVA [size] of COM Descriptor Directory
               0 [       0] RVA [size] of Reserved Directory


SECTION HEADER #1
   .text name
   93D3C virtual size
    1000 virtual address (0000000140001000 to 0000000140094D3B)
   93E00 size of raw data
     400 file pointer to raw data (00000400 to 000941FF)
       0 file pointer to relocation table
       0 file pointer to line numbers
       0 number of relocations
       0 number of line numbers
60000020 flags
         Code
         Execute Read

SECTION HEADER #2
  .rdata name
   299BE virtual size
   95000 virtual address (0000000140095000 to 00000001400BE9BD)
   29A00 size of raw data
   94200 file pointer to raw data (00094200 to 000BDBFF)
       0 file pointer to relocation table
       0 file pointer to line numbers
       0 number of relocations
       0 number of line numbers
40000040 flags
         Initialized Data
         Read Only

  Debug Directories

        Time Type        Size      RVA  Pointer
    -------- ------- -------- -------- --------
    6AC508C1 coffgrp      404 000B0890    AFA90

SECTION HEADER #3
   .data name
    4F44 virtual size
   BF000 virtual address (00000001400BF000 to 00000001400C3F43)
    3400 size of raw data
   BDC00 file pointer to raw data (000BDC00 to 000C0FFF)
       0 file pointer to relocation table
       0 file pointer to line numbers
       0 number of relocations
       0 number of line numbers
C0000040 flags
         Initialized Data
         Read Write

SECTION HEADER #4
  .pdata name
    5034 virtual size
   C4000 virtual address (00000001400C4000 to 00000001400C9033)
    5200 size of raw data
   C1000 file pointer to raw data (000C1000 to 000C61FF)
       0 file pointer to relocation table
       0 file pointer to line numbers
       0 number of relocations
       0 number of line numbers
40000040 flags
         Initialized Data
         Read Only

SECTION HEADER #5
   .rsrc name
     1C8 virtual size
   CA000 virtual address (00000001400CA000 to 00000001400CA1C7)
     200 size of raw data
   C6200 file pointer to raw data (000C6200 to 000C63FF)
       0 file pointer to relocation table
       0 file pointer to line numbers
       0 number of relocations
       0 number of line numbers
40000040 flags
         Initialized Data
         Read Only

SECTION HEADER #6
  .reloc name
     BE8 virtual size
   CB000 virtual address (00000001400CB000 to 00000001400CBBE7)
     C00 size of raw data
   C6400 file pointer to raw data (000C6400 to 000C6FFF)
       0 file pointer to relocation table
       0 file pointer to line numbers
       0 number of relocations
       0 number of line numbers
42000040 flags
         Initialized Data
         Discardable
         Read Only

  Summary

        5000 .data
        6000 .pdata
       2A000 .rdata
        1000 .reloc
        1000 .rsrc
       94000 .text
