MSBuild version 17.14.51+25f168cee for .NET Framework

  1>Checking Build System
  1>Bind current Git revision and native input bytes
  Building Custom Rule D:/Projects/DiskEd/disked/.aide-local/goal-0.1.0/clean-07fd5dc6/CMakeLists.txt
  Building Custom Rule D:/Projects/DiskEd/disked/.aide-local/goal-0.1.0/clean-07fd5dc6/CMakeLists.txt
  json.cpp
  command.cpp
  protocol.cpp
  shell_lexer.cpp
  policy.cpp
  Generating Code...
  disked_json.vcxproj -> D:\Projects\DiskEd\disked\.aide-local\goal-0.1.0\clean-07fd5dc6\build\windows-bootstrap\Release\disked_json.lib
  Building Custom Rule D:/Projects/DiskEd/disked/.aide-local/goal-0.1.0/clean-07fd5dc6/CMakeLists.txt
  parser_probe.cpp
  command_registry.cpp
  Generating Code...
  command_parser_probe.vcxproj -> D:\Projects\DiskEd\disked\.aide-local\goal-0.1.0\clean-07fd5dc6\build\windows-bootstrap\Release\command_parser_probe.exe
  Building Custom Rule D:/Projects/DiskEd/disked/.aide-local/goal-0.1.0/clean-07fd5dc6/CMakeLists.txt
  sha256.cpp
  fake_operation.cpp
  snapshot.cpp
  session.cpp
  requests.cpp
  Generating Code...
  disked_presentation.vcxproj -> D:\Projects\DiskEd\disked\.aide-local\goal-0.1.0\clean-07fd5dc6\build\windows-bootstrap\Release\disked_presentation.lib
  Building Custom Rule D:/Projects/DiskEd/disked/.aide-local/goal-0.1.0/clean-07fd5dc6/CMakeLists.txt
  gui_model.cpp
  disked_gui.vcxproj -> D:\Projects\DiskEd\disked\.aide-local\goal-0.1.0\clean-07fd5dc6\build\windows-bootstrap\Release\disked_gui.lib
  Building Custom Rule D:/Projects/DiskEd/disked/.aide-local/goal-0.1.0/clean-07fd5dc6/CMakeLists.txt
  shell_model.cpp
  disked_shell.vcxproj -> D:\Projects\DiskEd\disked\.aide-local\goal-0.1.0\clean-07fd5dc6\build\windows-bootstrap\Release\disked_shell.lib
  Building Custom Rule D:/Projects/DiskEd/disked/.aide-local/goal-0.1.0/clean-07fd5dc6/CMakeLists.txt
  model.cpp
  disked_tui.vcxproj -> D:\Projects\DiskEd\disked\.aide-local\goal-0.1.0\clean-07fd5dc6\build\windows-bootstrap\Release\disked_tui.lib
  Building Custom Rule D:/Projects/DiskEd/disked/.aide-local/goal-0.1.0/clean-07fd5dc6/CMakeLists.txt
  main.cpp
  cli.cpp
  command_registry.cpp
  bootstrap.cpp
  graph.cpp
  entry.cpp
  invocation.cpp
  fake_worker.cpp
  output.cpp
  memory_budget.cpp
  terminal.cpp
  gui.cpp
  Generating Code...
  disked.vcxproj -> D:\Projects\DiskEd\disked\.aide-local\goal-0.1.0\clean-07fd5dc6\build\windows-bootstrap\Release\disked.exe
  Building Custom Rule D:/Projects/DiskEd/disked/.aide-local/goal-0.1.0/clean-07fd5dc6/CMakeLists.txt
  main.cpp
  cli.cpp
  command_registry.cpp
  bootstrap.cpp
  graph.cpp
  entry.cpp
  invocation.cpp
  fake_worker.cpp
  output.cpp
  memory_budget.cpp
  terminal.cpp
  gui.cpp
  Generating Code...
  disked_file_wait.vcxproj -> D:\Projects\DiskEd\disked\.aide-local\goal-0.1.0\clean-07fd5dc6\build\windows-bootstrap\Release\disked_file_wait.exe
  Building Custom Rule D:/Projects/DiskEd/disked/.aide-local/goal-0.1.0/clean-07fd5dc6/CMakeLists.txt
  main.cpp
  cli.cpp
  command_registry.cpp
  bootstrap.cpp
  graph.cpp
  entry.cpp
  invocation.cpp
  fake_worker.cpp
  output.cpp
  memory_budget.cpp
  terminal.cpp
  gui.cpp
  Generating Code...
  disked_gui_unavailable.vcxproj -> D:\Projects\DiskEd\disked\.aide-local\goal-0.1.0\clean-07fd5dc6\build\windows-bootstrap\Release\disked_gui_unavailable.exe
  Building Custom Rule D:/Projects/DiskEd/disked/.aide-local/goal-0.1.0/clean-07fd5dc6/CMakeLists.txt
  main.cpp
  cli.cpp
  command_registry.cpp
  bootstrap.cpp
  graph.cpp
  entry.cpp
  invocation.cpp
  fake_worker.cpp
  output.cpp
  memory_budget.cpp
  terminal.cpp
  gui.cpp
  Generating Code...
  disked_memory_test.vcxproj -> D:\Projects\DiskEd\disked\.aide-local\goal-0.1.0\clean-07fd5dc6\build\windows-bootstrap\Release\disked_memory_test.exe
  Building Custom Rule D:/Projects/DiskEd/disked/.aide-local/goal-0.1.0/clean-07fd5dc6/CMakeLists.txt
  main.cpp
  cli.cpp
  command_registry.cpp
  bootstrap.cpp
  graph.cpp
  entry.cpp
  invocation.cpp
  fake_worker.cpp
  output.cpp
  memory_budget.cpp
  terminal.cpp
  gui.cpp
  Generating Code...
  disked_provider_guard.vcxproj -> D:\Projects\DiskEd\disked\.aide-local\goal-0.1.0\clean-07fd5dc6\build\windows-bootstrap\Release\disked_provider_guard.exe
  Building Custom Rule D:/Projects/DiskEd/disked/.aide-local/goal-0.1.0/clean-07fd5dc6/CMakeLists.txt
  main.cpp
  cli.cpp
  command_registry.cpp
  bootstrap.cpp
  graph.cpp
  entry.cpp
  invocation.cpp
  fake_worker.cpp
  output.cpp
  memory_budget.cpp
  terminal.cpp
  gui.cpp
  Generating Code...
  disked_store_fault.vcxproj -> D:\Projects\DiskEd\disked\.aide-local\goal-0.1.0\clean-07fd5dc6\build\windows-bootstrap\Release\disked_store_fault.exe
  Building Custom Rule D:/Projects/DiskEd/disked/.aide-local/goal-0.1.0/clean-07fd5dc6/CMakeLists.txt
  main.cpp
  cli.cpp
  command_registry.cpp
  bootstrap.cpp
  graph.cpp
  entry.cpp
  invocation.cpp
  fake_worker.cpp
  output.cpp
  memory_budget.cpp
  terminal.cpp
  gui.cpp
  Generating Code...
  disked_tui_fault.vcxproj -> D:\Projects\DiskEd\disked\.aide-local\goal-0.1.0\clean-07fd5dc6\build\windows-bootstrap\Release\disked_tui_fault.exe
  Building Custom Rule D:/Projects/DiskEd/disked/.aide-local/goal-0.1.0/clean-07fd5dc6/CMakeLists.txt
  main.cpp
  cli.cpp
  command_registry.cpp
  bootstrap.cpp
  graph.cpp
  entry.cpp
  invocation.cpp
  fake_worker.cpp
  output.cpp
  memory_budget.cpp
  terminal.cpp
  gui.cpp
  Generating Code...
  disked_worker_delayed.vcxproj -> D:\Projects\DiskEd\disked\.aide-local\goal-0.1.0\clean-07fd5dc6\build\windows-bootstrap\Release\disked_worker_delayed.exe
  Building Custom Rule D:/Projects/DiskEd/disked/.aide-local/goal-0.1.0/clean-07fd5dc6/CMakeLists.txt
  main.cpp
  cli.cpp
  command_registry.cpp
  bootstrap.cpp
  graph.cpp
  entry.cpp
  invocation.cpp
  fake_worker.cpp
  output.cpp
  memory_budget.cpp
  terminal.cpp
  gui.cpp
  Generating Code...
  disked_worker_memory_limit.vcxproj -> D:\Projects\DiskEd\disked\.aide-local\goal-0.1.0\clean-07fd5dc6\build\windows-bootstrap\Release\disked_worker_memory_limit.exe
  Building Custom Rule D:/Projects/DiskEd/disked/.aide-local/goal-0.1.0/clean-07fd5dc6/CMakeLists.txt
  service_probe.cpp
  command_registry.cpp
  graph.cpp
  bootstrap.cpp
  Generating Code...
  frontend_service_probe.vcxproj -> D:\Projects\DiskEd\disked\.aide-local\goal-0.1.0\clean-07fd5dc6\build\windows-bootstrap\Release\frontend_service_probe.exe
  Building Custom Rule D:/Projects/DiskEd/disked/.aide-local/goal-0.1.0/clean-07fd5dc6/CMakeLists.txt
  gui_probe.cpp
  command_registry.cpp
  graph.cpp
  bootstrap.cpp
  Generating Code...
  gui_model_probe.vcxproj -> D:\Projects\DiskEd\disked\.aide-local\goal-0.1.0\clean-07fd5dc6\build\windows-bootstrap\Release\gui_model_probe.exe
  Building Custom Rule D:/Projects/DiskEd/disked/.aide-local/goal-0.1.0/clean-07fd5dc6/CMakeLists.txt
  policy_probe.cpp
  invocation_policy_probe.vcxproj -> D:\Projects\DiskEd\disked\.aide-local\goal-0.1.0\clean-07fd5dc6\build\windows-bootstrap\Release\invocation_policy_probe.exe
  Building Custom Rule D:/Projects/DiskEd/disked/.aide-local/goal-0.1.0/clean-07fd5dc6/CMakeLists.txt
  codec_probe.cpp
  json_codec_probe.vcxproj -> D:\Projects\DiskEd\disked\.aide-local\goal-0.1.0\clean-07fd5dc6\build\windows-bootstrap\Release\json_codec_probe.exe
  Building Custom Rule D:/Projects/DiskEd/disked/.aide-local/goal-0.1.0/clean-07fd5dc6/CMakeLists.txt
  reducer_probe.cpp
  operation_reducer_probe.vcxproj -> D:\Projects\DiskEd\disked\.aide-local\goal-0.1.0\clean-07fd5dc6\build\windows-bootstrap\Release\operation_reducer_probe.exe
  Building Custom Rule D:/Projects/DiskEd/disked/.aide-local/goal-0.1.0/clean-07fd5dc6/CMakeLists.txt
  reader_probe.cpp
  protocol_reader_probe.vcxproj -> D:\Projects\DiskEd\disked\.aide-local\goal-0.1.0\clean-07fd5dc6\build\windows-bootstrap\Release\protocol_reader_probe.exe
  Building Custom Rule D:/Projects/DiskEd/disked/.aide-local/goal-0.1.0/clean-07fd5dc6/CMakeLists.txt
  provider_guard_probe.cpp
  bootstrap.cpp
  Generating Code...
  provider_guard_probe.vcxproj -> D:\Projects\DiskEd\disked\.aide-local\goal-0.1.0\clean-07fd5dc6\build\windows-bootstrap\Release\provider_guard_probe.exe
  Building Custom Rule D:/Projects/DiskEd/disked/.aide-local/goal-0.1.0/clean-07fd5dc6/CMakeLists.txt
  request_channel_probe.cpp
  request_channel_probe.vcxproj -> D:\Projects\DiskEd\disked\.aide-local\goal-0.1.0\clean-07fd5dc6\build\windows-bootstrap\Release\request_channel_probe.exe
  Building Custom Rule D:/Projects/DiskEd/disked/.aide-local/goal-0.1.0/clean-07fd5dc6/CMakeLists.txt
  shell_probe.cpp
  command_registry.cpp
  graph.cpp
  bootstrap.cpp
  Generating Code...
  shell_model_probe.vcxproj -> D:\Projects\DiskEd\disked\.aide-local\goal-0.1.0\clean-07fd5dc6\build\windows-bootstrap\Release\shell_model_probe.exe
  Building Custom Rule D:/Projects/DiskEd/disked/.aide-local/goal-0.1.0/clean-07fd5dc6/CMakeLists.txt
  tui_probe.cpp
  command_registry.cpp
  graph.cpp
  bootstrap.cpp
  Generating Code...
  tui_model_probe.vcxproj -> D:\Projects\DiskEd\disked\.aide-local\goal-0.1.0\clean-07fd5dc6\build\windows-bootstrap\Release\tui_model_probe.exe
  Building Custom Rule D:/Projects/DiskEd/disked/.aide-local/goal-0.1.0/clean-07fd5dc6/CMakeLists.txt
