Start testing: Oct 07 04:26 AUS Eastern Daylight Time
----------------------------------------------------------
1/29 Testing: resilience.capture
1/29 Test: resilience.capture
Command: "C:/Users/Jules/AppData/Local/Python/pythoncore-3.14-64/python.exe" "D:/Projects/DiskEd/disked/.aide-local/goal-0.1.0/clean-eb042ca0/tests/resilience/test_capture.py" "--probe" "D:/Projects/DiskEd/disked/.aide-local/goal-0.1.0/clean-eb042ca0/build/windows-bootstrap/Release/capture_probe.exe"
Directory: D:/Projects/DiskEd/disked/.aide-local/goal-0.1.0/clean-eb042ca0/build/windows-bootstrap
"resilience.capture" start time: Oct 07 04:26 AUS Eastern Daylight Time
Output:
----------------------------------------------------------
test_allocation_failures_leave_publication_and_attempt_unchanged (__main__.Capture.test_allocation_failures_leave_publication_and_attempt_unchanged) ... ok
test_combined_source_outcomes_preserve_healthy_observations (__main__.Capture.test_combined_source_outcomes_preserve_healthy_observations) ... ok
test_conflicting_source_and_dangling_edge_do_not_replace_good_data (__main__.Capture.test_conflicting_source_and_dangling_edge_do_not_replace_good_data) ... ok
test_failed_refresh_retains_cached_identity_and_denial (__main__.Capture.test_failed_refresh_retains_cached_identity_and_denial) ... ok
test_retired_ids_still_count_toward_the_identity_budget (__main__.Capture.test_retired_ids_still_count_toward_the_identity_budget) ... ok
test_session_does_not_consume_an_update_before_publication (__main__.Capture.test_session_does_not_consume_an_update_before_publication) ... ok
test_slow_reader_gets_explicit_gap_and_current_snapshot (__main__.Capture.test_slow_reader_gets_explicit_gap_and_current_snapshot) ... ok
test_source_and_aggregate_limits (__main__.Capture.test_source_and_aggregate_limits) ... ok
test_superseded_attempt_retires_without_publishing_or_replacing (__main__.Capture.test_superseded_attempt_retires_without_publishing_or_replacing) ... ok

----------------------------------------------------------------------
Ran 9 tests in 0.379s

OK
<end of output>
Test time =   0.47 sec
----------------------------------------------------------
Test Passed.
"resilience.capture" end time: Oct 07 04:26 AUS Eastern Daylight Time
"resilience.capture" time elapsed: 00:00:00
----------------------------------------------------------

2/29 Testing: resilience.request_channel
2/29 Test: resilience.request_channel
Command: "C:/Users/Jules/AppData/Local/Python/pythoncore-3.14-64/python.exe" "D:/Projects/DiskEd/disked/.aide-local/goal-0.1.0/clean-eb042ca0/tests/resilience/test_request_channel.py" "--probe" "D:/Projects/DiskEd/disked/.aide-local/goal-0.1.0/clean-eb042ca0/build/windows-bootstrap/Release/request_channel_probe.exe"
Directory: D:/Projects/DiskEd/disked/.aide-local/goal-0.1.0/clean-eb042ca0/build/windows-bootstrap
"resilience.request_channel" start time: Oct 07 04:26 AUS Eastern Daylight Time
Output:
----------------------------------------------------------
.
----------------------------------------------------------------------
Ran 1 test in 0.216s

OK
{"allocation_failure_receipt_preallocated": true, "callback_owned_lifetime": true, "disconnected_owner_ms": 0, "invalid_completions_unknown": 5, "one_call_one_completion": true, "thousand_empty_polls_us": 18, "timed_slot_retained_until_completion": true}
<end of output>
Test time =   0.31 sec
----------------------------------------------------------
Test Passed.
"resilience.request_channel" end time: Oct 07 04:26 AUS Eastern Daylight Time
"resilience.request_channel" time elapsed: 00:00:00
----------------------------------------------------------

3/29 Testing: shell.model
3/29 Test: shell.model
Command: "C:/Users/Jules/AppData/Local/Python/pythoncore-3.14-64/python.exe" "D:/Projects/DiskEd/disked/.aide-local/goal-0.1.0/clean-eb042ca0/tests/interaction/test_shell_model.py" "--probe" "D:/Projects/DiskEd/disked/.aide-local/goal-0.1.0/clean-eb042ca0/build/windows-bootstrap/Release/shell_model_probe.exe"
Directory: D:/Projects/DiskEd/disked/.aide-local/goal-0.1.0/clean-eb042ca0/build/windows-bootstrap
"shell.model" start time: Oct 07 04:26 AUS Eastern Daylight Time
Output:
----------------------------------------------------------
.............
----------------------------------------------------------------------
Ran 13 tests in 1.278s

OK
<end of output>
Test time =   1.37 sec
----------------------------------------------------------
Test Passed.
"shell.model" end time: Oct 07 04:26 AUS Eastern Daylight Time
"shell.model" time elapsed: 00:00:01
----------------------------------------------------------

4/29 Testing: operation.reducer
4/29 Test: operation.reducer
Command: "C:/Users/Jules/AppData/Local/Python/pythoncore-3.14-64/python.exe" "D:/Projects/DiskEd/disked/.aide-local/goal-0.1.0/clean-eb042ca0/tests/operation/test_reducer.py" "--probe" "D:/Projects/DiskEd/disked/.aide-local/goal-0.1.0/clean-eb042ca0/build/windows-bootstrap/Release/operation_reducer_probe.exe"
Directory: D:/Projects/DiskEd/disked/.aide-local/goal-0.1.0/clean-eb042ca0/build/windows-bootstrap
"operation.reducer" start time: Oct 07 04:26 AUS Eastern Daylight Time
Output:
----------------------------------------------------------
.........
----------------------------------------------------------------------
Ran 9 tests in 0.622s

OK
<end of output>
Test time =   0.71 sec
----------------------------------------------------------
Test Passed.
"operation.reducer" end time: Oct 07 04:26 AUS Eastern Daylight Time
"operation.reducer" time elapsed: 00:00:00
----------------------------------------------------------

5/29 Testing: frontend.gui_model
5/29 Test: frontend.gui_model
Command: "C:/Users/Jules/AppData/Local/Python/pythoncore-3.14-64/python.exe" "D:/Projects/DiskEd/disked/.aide-local/goal-0.1.0/clean-eb042ca0/tests/frontend/test_gui_model.py" "--probe" "D:/Projects/DiskEd/disked/.aide-local/goal-0.1.0/clean-eb042ca0/build/windows-bootstrap/Release/gui_model_probe.exe" "--exe" "D:/Projects/DiskEd/disked/.aide-local/goal-0.1.0/clean-eb042ca0/build/windows-bootstrap/Release/disked.exe" "--tui" "D:/Projects/DiskEd/disked/.aide-local/goal-0.1.0/clean-eb042ca0/build/windows-bootstrap/Release/tui_model_probe.exe"
Directory: D:/Projects/DiskEd/disked/.aide-local/goal-0.1.0/clean-eb042ca0/build/windows-bootstrap
"frontend.gui_model" start time: Oct 07 04:26 AUS Eastern Daylight Time
Output:
----------------------------------------------------------
test_command_availability_and_no_invented_plan (__main__.Model.test_command_availability_and_no_invented_plan) ... ok
test_gui_cli_tui_outcomes_match (__main__.Model.test_gui_cli_tui_outcomes_match) ... ok
test_identity_selection_and_missing_focus_survive_refresh (__main__.Model.test_identity_selection_and_missing_focus_survive_refresh) ... ok
test_invalid_edit_cannot_authorize_old_value (__main__.Model.test_invalid_edit_cannot_authorize_old_value) ... ok
test_review_is_consumed_by_edit_submit_and_new_request (__main__.Model.test_review_is_consumed_by_edit_submit_and_new_request) ... ok
test_stale_review_is_not_rebased_by_refresh (__main__.Model.test_stale_review_is_not_rebased_by_refresh) ... ok
test_two_bounded_responses_remain_renderable_without_losing_current_view (__main__.Model.test_two_bounded_responses_remain_renderable_without_losing_current_view) ... ok

----------------------------------------------------------------------
Ran 7 tests in 0.696s

OK
<end of output>
Test time =   0.79 sec
----------------------------------------------------------
Test Passed.
"frontend.gui_model" end time: Oct 07 04:26 AUS Eastern Daylight Time
"frontend.gui_model" time elapsed: 00:00:00
----------------------------------------------------------

6/29 Testing: frontend.gui_windows
6/29 Test: frontend.gui_windows
Command: "C:/Users/Jules/AppData/Local/Python/pythoncore-3.14-64/python.exe" "D:/Projects/DiskEd/disked/.aide-local/goal-0.1.0/clean-eb042ca0/tests/frontend/test_gui_windows.py" "--exe" "D:/Projects/DiskEd/disked/.aide-local/goal-0.1.0/clean-eb042ca0/build/windows-bootstrap/Release/disked.exe" "--guard" "D:/Projects/DiskEd/disked/.aide-local/goal-0.1.0/clean-eb042ca0/build/windows-bootstrap/Release/disked_provider_guard.exe" "--unavailable" "D:/Projects/DiskEd/disked/.aide-local/goal-0.1.0/clean-eb042ca0/build/windows-bootstrap/Release/disked_gui_unavailable.exe"
Directory: D:/Projects/DiskEd/disked/.aide-local/goal-0.1.0/clean-eb042ca0/build/windows-bootstrap
"frontend.gui_windows" start time: Oct 07 04:26 AUS Eastern Daylight Time
Output:
----------------------------------------------------------
test_forms_require_separate_review_submit_and_match_cli (__main__.WindowsGui.test_forms_require_separate_review_submit_and_match_cli) ... ok
test_keyboard_traversal_and_explicit_navigator_enter (__main__.WindowsGui.test_keyboard_traversal_and_explicit_navigator_enter) ... ok
test_mode_observation_and_setting_refresh (__main__.WindowsGui.test_mode_observation_and_setting_refresh) ... ok
test_native_controls_cached_graph_and_actual_render (__main__.WindowsGui.test_native_controls_cached_graph_and_actual_render) ... ok
test_oversized_insert_and_control_text_cannot_authorize_old_value (__main__.WindowsGui.test_oversized_insert_and_control_text_cannot_authorize_old_value) ... ok
test_resize_keeps_controls_in_client_and_details_complete (__main__.WindowsGui.test_resize_keeps_controls_in_client_and_details_complete) ... ok
test_unavailable_gui_dependency_is_named_and_headless_remains_static (__main__.WindowsGui.test_unavailable_gui_dependency_is_named_and_headless_remains_static) ... ok

----------------------------------------------------------------------
Ran 7 tests in 2.218s

OK
<end of output>
Test time =   2.32 sec
----------------------------------------------------------
Test Passed.
"frontend.gui_windows" end time: Oct 07 04:26 AUS Eastern Daylight Time
"frontend.gui_windows" time elapsed: 00:00:02
----------------------------------------------------------

7/29 Testing: frontend.tui_model
7/29 Test: frontend.tui_model
Command: "C:/Users/Jules/AppData/Local/Python/pythoncore-3.14-64/python.exe" "D:/Projects/DiskEd/disked/.aide-local/goal-0.1.0/clean-eb042ca0/tests/frontend/test_tui_model.py" "--probe" "D:/Projects/DiskEd/disked/.aide-local/goal-0.1.0/clean-eb042ca0/build/windows-bootstrap/Release/tui_model_probe.exe" "--exe" "D:/Projects/DiskEd/disked/.aide-local/goal-0.1.0/clean-eb042ca0/build/windows-bootstrap/Release/disked.exe"
Directory: D:/Projects/DiskEd/disked/.aide-local/goal-0.1.0/clean-eb042ca0/build/windows-bootstrap
"frontend.tui_model" start time: Oct 07 04:26 AUS Eastern Daylight Time
Output:
----------------------------------------------------------
test_command_explorer_availability_and_focus_remain_visible (__main__.Model.test_command_explorer_availability_and_focus_remain_visible) ... ok
test_graph_command_parity_for_both_renderers (__main__.Model.test_graph_command_parity_for_both_renderers) ... ok
test_inspection_and_stable_selection_are_service_results (__main__.Model.test_inspection_and_stable_selection_are_service_results) ... ok
test_linear_output_is_complete_and_small_layout_does_not_change_outcomes (__main__.Model.test_linear_output_is_complete_and_small_layout_does_not_change_outcomes) ... ok
test_orderly_quit_stops_later_actions (__main__.Model.test_orderly_quit_stops_later_actions) ... ok
test_paste_enter_repeat_and_navigation_do_not_submit (__main__.Model.test_paste_enter_repeat_and_navigation_do_not_submit) ... ok
test_staged_review_cannot_silently_rebase (__main__.Model.test_staged_review_cannot_silently_rebase) ... ok
test_typed_unicode_editing_bounds_and_field_navigation (__main__.Model.test_typed_unicode_editing_bounds_and_field_navigation) ... ok

----------------------------------------------------------------------
Ran 8 tests in 0.275s

OK
<end of output>
Test time =   0.36 sec
----------------------------------------------------------
Test Passed.
"frontend.tui_model" end time: Oct 07 04:26 AUS Eastern Daylight Time
"frontend.tui_model" time elapsed: 00:00:00
----------------------------------------------------------

8/29 Testing: frontend.tui_windows
8/29 Test: frontend.tui_windows
Command: "C:/Users/Jules/AppData/Local/Python/pythoncore-3.14-64/python.exe" "D:/Projects/DiskEd/disked/.aide-local/goal-0.1.0/clean-eb042ca0/tests/frontend/test_tui_windows.py" "--exe" "D:/Projects/DiskEd/disked/.aide-local/goal-0.1.0/clean-eb042ca0/build/windows-bootstrap/Release/disked.exe" "--guard" "D:/Projects/DiskEd/disked/.aide-local/goal-0.1.0/clean-eb042ca0/build/windows-bootstrap/Release/disked_provider_guard.exe" "--fault" "D:/Projects/DiskEd/disked/.aide-local/goal-0.1.0/clean-eb042ca0/build/windows-bootstrap/Release/disked_tui_fault.exe" "--root" "D:/Projects/DiskEd/disked/.aide-local/goal-0.1.0/clean-eb042ca0"
Directory: D:/Projects/DiskEd/disked/.aide-local/goal-0.1.0/clean-eb042ca0/build/windows-bootstrap
"frontend.tui_windows" start time: Oct 07 04:26 AUS Eastern Daylight Time
Output:
----------------------------------------------------------
test_active_buffer_restored_when_stdout_is_another_buffer (__main__.WindowsTui.test_active_buffer_restored_when_stdout_is_another_buffer) ... ok
test_caught_failure_restores_owned_state (__main__.WindowsTui.test_caught_failure_restores_owned_state) ... ok
test_ctrl_c_key_event_restores_caller (__main__.WindowsTui.test_ctrl_c_key_event_restores_caller) ... ok
test_ctrl_c_restores_caller (__main__.WindowsTui.test_ctrl_c_restores_caller) ... ok
test_explicit_linear_inventory (__main__.WindowsTui.test_explicit_linear_inventory) ... ok
test_forced_screen_refuses_small_channel (__main__.WindowsTui.test_forced_screen_refuses_small_channel) ... ok
test_mode_explanation_retains_explicit_linear_preference (__main__.WindowsTui.test_mode_explanation_retains_explicit_linear_preference) ... ok
test_resize_preserves_complete_linear_results (__main__.WindowsTui.test_resize_preserves_complete_linear_results) ... ok
test_screen_navigation_forms_repeat_and_layout_switch (__main__.WindowsTui.test_screen_navigation_forms_repeat_and_layout_switch) ... ok
test_small_terminal_auto_linear (__main__.WindowsTui.test_small_terminal_auto_linear) ... ok
test_startup_terminal_capabilities_are_honest_on_pipes (__main__.WindowsTui.test_startup_terminal_capabilities_are_honest_on_pipes) ... ok
test_typed_form_paste_is_inert_until_explicit_review (__main__.WindowsTui.test_typed_form_paste_is_inert_until_explicit_review) ... ok
test_unavailable_channels_help_and_conflicts_are_static (__main__.WindowsTui.test_unavailable_channels_help_and_conflicts_are_static) ... ok
test_unrelated_mode_change_is_preserved (__main__.WindowsTui.test_unrelated_mode_change_is_preserved) ... ok
test_wrong_input_role_refused_before_provider_initialization (__main__.WindowsTui.test_wrong_input_role_refused_before_provider_initialization) ... ok

----------------------------------------------------------------------
Ran 15 tests in 2.971s

OK
<end of output>
Test time =   3.06 sec
----------------------------------------------------------
Test Passed.
"frontend.tui_windows" end time: Oct 07 04:26 AUS Eastern Daylight Time
"frontend.tui_windows" time elapsed: 00:00:03
----------------------------------------------------------

9/29 Testing: shell.windows
9/29 Test: shell.windows
Command: "C:/Users/Jules/AppData/Local/Python/pythoncore-3.14-64/python.exe" "D:/Projects/DiskEd/disked/.aide-local/goal-0.1.0/clean-eb042ca0/tests/interaction/test_shell_windows.py" "--exe" "D:/Projects/DiskEd/disked/.aide-local/goal-0.1.0/clean-eb042ca0/build/windows-bootstrap/Release/disked.exe" "--guard" "D:/Projects/DiskEd/disked/.aide-local/goal-0.1.0/clean-eb042ca0/build/windows-bootstrap/Release/disked_provider_guard.exe" "--fault" "D:/Projects/DiskEd/disked/.aide-local/goal-0.1.0/clean-eb042ca0/build/windows-bootstrap/Release/disked_tui_fault.exe" "--root" "D:/Projects/DiskEd/disked/.aide-local/goal-0.1.0/clean-eb042ca0"
Directory: D:/Projects/DiskEd/disked/.aide-local/goal-0.1.0/clean-eb042ca0/build/windows-bootstrap
"shell.windows" start time: Oct 07 04:26 AUS Eastern Daylight Time
Output:
----------------------------------------------------------
test_active_mode_explanation (__main__.ShellConsole.test_active_mode_explanation) ... ok
test_ctrl_c_restoration (__main__.ShellConsole.test_ctrl_c_restoration) ... ok
test_ctrl_key_restoration (__main__.ShellConsole.test_ctrl_key_restoration) ... ok
test_failure_restoration (__main__.ShellConsole.test_failure_restoration) ... ok
test_forced_small_refused (__main__.ShellConsole.test_forced_small_refused) ... ok
test_history_opt_in_and_quit (__main__.ShellConsole.test_history_opt_in_and_quit) ... ok
test_linear_correction_completion_alias_and_inert_enter (__main__.ShellConsole.test_linear_correction_completion_alias_and_inert_enter) ... ok
test_native_unicode_events_and_editing (__main__.ShellConsole.test_native_unicode_events_and_editing) ... ok
test_resize_to_linear (__main__.ShellConsole.test_resize_to_linear) ... ok
test_screen_navigation_review_repeat_and_layout (__main__.ShellConsole.test_screen_navigation_review_repeat_and_layout) ... ok
test_shell_close_preserves_dispatched_worker (__main__.ShellConsole.test_shell_close_preserves_dispatched_worker) ... ok
test_small_auto_linear (__main__.ShellConsole.test_small_auto_linear) ... ok
test_static_entry_help_conflicts_and_channels (__main__.ShellConsole.test_static_entry_help_conflicts_and_channels) ... ok
test_unrelated_console_mode_preserved (__main__.ShellConsole.test_unrelated_console_mode_preserved) ... ok
test_wrong_input_before_provider_initialization (__main__.ShellConsole.test_wrong_input_before_provider_initialization) ... ok

----------------------------------------------------------------------
Ran 15 tests in 5.926s

OK
<end of output>
Test time =   6.02 sec
----------------------------------------------------------
Test Passed.
"shell.windows" end time: Oct 07 04:26 AUS Eastern Daylight Time
"shell.windows" time elapsed: 00:00:06
----------------------------------------------------------

10/29 Testing: frontend.service
10/29 Test: frontend.service
Command: "C:/Users/Jules/AppData/Local/Python/pythoncore-3.14-64/python.exe" "D:/Projects/DiskEd/disked/.aide-local/goal-0.1.0/clean-eb042ca0/tests/frontend/test_service.py" "--probe" "D:/Projects/DiskEd/disked/.aide-local/goal-0.1.0/clean-eb042ca0/build/windows-bootstrap/Release/frontend_service_probe.exe"
Directory: D:/Projects/DiskEd/disked/.aide-local/goal-0.1.0/clean-eb042ca0/build/windows-bootstrap
"frontend.service" start time: Oct 07 04:26 AUS Eastern Daylight Time
Output:
----------------------------------------------------------
test_cached_observations_and_capability_denials (__main__.Service.test_cached_observations_and_capability_denials) ... ok
test_display_escapes_without_losing_original_values (__main__.Service.test_display_escapes_without_losing_original_values) ... ok
test_initial_partial_graph_cycles_clones_and_revision (__main__.Service.test_initial_partial_graph_cycles_clones_and_revision) ... ok
test_invalid_refresh_does_not_publish_or_lose_selection (__main__.Service.test_invalid_refresh_does_not_publish_or_lose_selection) ... ok
test_retained_snapshot_refresh_epoch_and_stale_actions (__main__.Service.test_retained_snapshot_refresh_epoch_and_stale_actions) ... ok
test_retired_identity_cannot_be_reused_and_history_is_bounded (__main__.Service.test_retired_identity_cannot_be_reused_and_history_is_bounded) ... ok
test_selection_survives_reorder_removal_and_replacement (__main__.Service.test_selection_survives_reorder_removal_and_replacement) ... ok
test_sha256_vectors_padding_boundaries_and_random_values (__main__.Service.test_sha256_vectors_padding_boundaries_and_random_values) ... ok
test_total_graph_bytes_are_bounded_before_publication (__main__.Service.test_total_graph_bytes_are_bounded_before_publication) ... ok

----------------------------------------------------------------------
Ran 9 tests in 0.381s

OK
<end of output>
Test time =   0.47 sec
----------------------------------------------------------
Test Passed.
"frontend.service" end time: Oct 07 04:26 AUS Eastern Daylight Time
"frontend.service" time elapsed: 00:00:00
----------------------------------------------------------

11/29 Testing: frontend.transport
11/29 Test: frontend.transport
Command: "C:/Users/Jules/AppData/Local/Python/pythoncore-3.14-64/python.exe" "D:/Projects/DiskEd/disked/.aide-local/goal-0.1.0/clean-eb042ca0/tests/frontend/test_transport.py" "--exe" "D:/Projects/DiskEd/disked/.aide-local/goal-0.1.0/clean-eb042ca0/build/windows-bootstrap/Release/disked.exe" "--guard" "D:/Projects/DiskEd/disked/.aide-local/goal-0.1.0/clean-eb042ca0/build/windows-bootstrap/Release/disked_provider_guard.exe" "--probe" "D:/Projects/DiskEd/disked/.aide-local/goal-0.1.0/clean-eb042ca0/build/windows-bootstrap/Release/frontend_service_probe.exe" "--root" "D:/Projects/DiskEd/disked/.aide-local/goal-0.1.0/clean-eb042ca0"
Directory: D:/Projects/DiskEd/disked/.aide-local/goal-0.1.0/clean-eb042ca0/build/windows-bootstrap
"frontend.transport" start time: Oct 07 04:26 AUS Eastern Daylight Time
Output:
----------------------------------------------------------
test_bad_arguments_and_envelopes_do_not_initialize_provider (__main__.Transport.test_bad_arguments_and_envelopes_do_not_initialize_provider) ... ok
test_direct_and_transport_refusals_match (__main__.Transport.test_direct_and_transport_refusals_match) ... ok
test_direct_argv_and_transport_share_results (__main__.Transport.test_direct_argv_and_transport_share_results) ... ok
test_revisions_refusals_and_ndjson_session_continue (__main__.Transport.test_revisions_refusals_and_ndjson_session_continue) ... ok
test_terminal_view_is_lossless_ascii_and_machine_preserves_utf8 (__main__.Transport.test_terminal_view_is_lossless_ascii_and_machine_preserves_utf8) ... ok
test_unknown_targets_not_resolved_by_alias_or_row_and_no_mutation (__main__.Transport.test_unknown_targets_not_resolved_by_alias_or_row_and_no_mutation) ... ok

----------------------------------------------------------------------
Ran 6 tests in 1.079s

OK
<end of output>
Test time =   1.16 sec
----------------------------------------------------------
Test Passed.
"frontend.transport" end time: Oct 07 04:26 AUS Eastern Daylight Time
"frontend.transport" time elapsed: 00:00:01
----------------------------------------------------------

12/29 Testing: invocation.policy
12/29 Test: invocation.policy
Command: "C:/Users/Jules/AppData/Local/Python/pythoncore-3.14-64/python.exe" "D:/Projects/DiskEd/disked/.aide-local/goal-0.1.0/clean-eb042ca0/tests/invocation/test_policy.py" "--exe" "D:/Projects/DiskEd/disked/.aide-local/goal-0.1.0/clean-eb042ca0/build/windows-bootstrap/Release/invocation_policy_probe.exe" "--root" "D:/Projects/DiskEd/disked/.aide-local/goal-0.1.0/clean-eb042ca0"
Directory: D:/Projects/DiskEd/disked/.aide-local/goal-0.1.0/clean-eb042ca0/build/windows-bootstrap
"invocation.policy" start time: Oct 07 04:26 AUS Eastern Daylight Time
Output:
----------------------------------------------------------
test_absence_is_not_redirection_and_prompt_channels_are_explicit (__main__.Policy.test_absence_is_not_redirection_and_prompt_channels_are_explicit) ... ok
test_all_canonical_fixtures (__main__.Policy.test_all_canonical_fixtures) ... ok
test_oracle_cross_product (__main__.Policy.test_oracle_cross_product) ... ok

----------------------------------------------------------------------
Ran 3 tests in 5.608s

OK
Native policy fixtures: 29
Native/oracle routing combinations: 270
<end of output>
Test time =   5.70 sec
----------------------------------------------------------
Test Passed.
"invocation.policy" end time: Oct 07 04:26 AUS Eastern Daylight Time
"invocation.policy" time elapsed: 00:00:05
----------------------------------------------------------

13/29 Testing: protocol.compatible_reader
13/29 Test: protocol.compatible_reader
Command: "C:/Users/Jules/AppData/Local/Python/pythoncore-3.14-64/python.exe" "D:/Projects/DiskEd/disked/.aide-local/goal-0.1.0/clean-eb042ca0/tests/contracts/test_reader.py" "--exe" "D:/Projects/DiskEd/disked/.aide-local/goal-0.1.0/clean-eb042ca0/build/windows-bootstrap/Release/protocol_reader_probe.exe"
Directory: D:/Projects/DiskEd/disked/.aide-local/goal-0.1.0/clean-eb042ca0/build/windows-bootstrap
"protocol.compatible_reader" start time: Oct 07 04:26 AUS Eastern Daylight Time
Output:
----------------------------------------------------------
test_diagnostics_are_structural_and_not_message_parsing (__main__.Reader.test_diagnostics_are_structural_and_not_message_parsing) ... ok
test_extensions_preserved_and_required_features_refused (__main__.Reader.test_extensions_preserved_and_required_features_refused) ... ok
test_status_identity_relationship_and_exit_outcomes (__main__.Reader.test_status_identity_relationship_and_exit_outcomes) ... ok
test_unknown_and_missing_known_fields (__main__.Reader.test_unknown_and_missing_known_fields) ... ok

----------------------------------------------------------------------
Ran 4 tests in 0.592s

OK
<end of output>
Test time =   0.68 sec
----------------------------------------------------------
Test Passed.
"protocol.compatible_reader" end time: Oct 07 04:26 AUS Eastern Daylight Time
"protocol.compatible_reader" time elapsed: 00:00:00
----------------------------------------------------------

14/29 Testing: command.syntax
14/29 Test: command.syntax
Command: "C:/Users/Jules/AppData/Local/Python/pythoncore-3.14-64/python.exe" "D:/Projects/DiskEd/disked/.aide-local/goal-0.1.0/clean-eb042ca0/tests/contracts/test_parser.py" "--exe" "D:/Projects/DiskEd/disked/.aide-local/goal-0.1.0/clean-eb042ca0/build/windows-bootstrap/Release/command_parser_probe.exe" "--root" "D:/Projects/DiskEd/disked/.aide-local/goal-0.1.0/clean-eb042ca0"
Directory: D:/Projects/DiskEd/disked/.aide-local/goal-0.1.0/clean-eb042ca0/build/windows-bootstrap
"command.syntax" start time: Oct 07 04:26 AUS Eastern Daylight Time
Output:
----------------------------------------------------------
test_all_conflict_orders_are_refused (__main__.Parser.test_all_conflict_orders_are_refused) ... ok
test_bounds_and_parameter_error_location (__main__.Parser.test_bounds_and_parameter_error_location) ... ok
test_global_option_group_placement (__main__.Parser.test_global_option_group_placement) ... ok
test_literal_and_consumed_values_are_not_reinterpreted (__main__.Parser.test_literal_and_consumed_values_are_not_reinterpreted) ... ok
test_quantity_boundaries_and_no_float_rounding (__main__.Parser.test_quantity_boundaries_and_no_float_rounding) ... ok
test_shared_syntax_corpus (__main__.Parser.test_shared_syntax_corpus) ... ok
test_static_completion_never_changes_execution_rules (__main__.Parser.test_static_completion_never_changes_execution_rules) ... ok

----------------------------------------------------------------------
Ran 7 tests in 10.271s

OK
Executed canonical native syntax vectors: 95
<end of output>
Test time =  10.35 sec
----------------------------------------------------------
Test Passed.
"command.syntax" end time: Oct 07 04:27 AUS Eastern Daylight Time
"command.syntax" time elapsed: 00:00:10
----------------------------------------------------------

15/29 Testing: protocol.json_codec
15/29 Test: protocol.json_codec
Command: "C:/Users/Jules/AppData/Local/Python/pythoncore-3.14-64/python.exe" "D:/Projects/DiskEd/disked/.aide-local/goal-0.1.0/clean-eb042ca0/tests/contracts/test_json.py" "--exe" "D:/Projects/DiskEd/disked/.aide-local/goal-0.1.0/clean-eb042ca0/build/windows-bootstrap/Release/json_codec_probe.exe"
Directory: D:/Projects/DiskEd/disked/.aide-local/goal-0.1.0/clean-eb042ca0/build/windows-bootstrap
"protocol.json_codec" start time: Oct 07 04:27 AUS Eastern Daylight Time
Output:
----------------------------------------------------------
test_deterministic_differential_corpus (__main__.JsonCodec.test_deterministic_differential_corpus) ... ok
test_exact_resource_boundaries (__main__.JsonCodec.test_exact_resource_boundaries) ... ok
test_invalid_json_and_duplicate_decoded_keys (__main__.JsonCodec.test_invalid_json_and_duplicate_decoded_keys) ... ok
test_primitives_unicode_and_exact_integer_lexemes (__main__.JsonCodec.test_primitives_unicode_and_exact_integer_lexemes) ... ok
test_utf8_and_surrogate_rejection (__main__.JsonCodec.test_utf8_and_surrogate_rejection) ... ok

----------------------------------------------------------------------
Ran 5 tests in 2.856s

OK
<end of output>
Test time =   2.94 sec
----------------------------------------------------------
Test Passed.
"protocol.json_codec" end time: Oct 07 04:27 AUS Eastern Daylight Time
"protocol.json_codec" time elapsed: 00:00:02
----------------------------------------------------------

16/29 Testing: resilience.capture_campaign
16/29 Test: resilience.capture_campaign
Command: "C:/Users/Jules/AppData/Local/Python/pythoncore-3.14-64/python.exe" "D:/Projects/DiskEd/disked/.aide-local/goal-0.1.0/clean-eb042ca0/tests/resilience/test_capture_campaign.py" "--exe" "D:/Projects/DiskEd/disked/.aide-local/goal-0.1.0/clean-eb042ca0/build/windows-bootstrap/Release/disked.exe" "--campaign" "D:/Projects/DiskEd/disked/.aide-local/goal-0.1.0/clean-eb042ca0/build/windows-bootstrap/Release/disked_capture_campaign.exe"
Directory: D:/Projects/DiskEd/disked/.aide-local/goal-0.1.0/clean-eb042ca0/build/windows-bootstrap
"resilience.capture_campaign" start time: Oct 07 04:27 AUS Eastern Daylight Time
Output:
----------------------------------------------------------
test_console_frontends_keep_cached_navigation_and_shell_input (__main__.Campaign.test_console_frontends_keep_cached_navigation_and_shell_input) ... ok
test_essential_commands_do_not_start_campaign_and_product_has_no_test_role (__main__.Campaign.test_essential_commands_do_not_start_campaign_and_product_has_no_test_role) ... ok
test_gui_preserves_staged_revision_and_healthy_selection (__main__.Campaign.test_gui_preserves_staged_revision_and_healthy_selection) ... ok
test_protocol_retains_failures_freshness_and_late_success (__main__.Campaign.test_protocol_retains_failures_freshness_and_late_success) ... ok

----------------------------------------------------------------------
Ran 4 tests in 9.008s

OK
<end of output>
Test time =   9.11 sec
----------------------------------------------------------
Test Passed.
"resilience.capture_campaign" end time: Oct 07 04:27 AUS Eastern Daylight Time
"resilience.capture_campaign" time elapsed: 00:00:09
----------------------------------------------------------

17/29 Testing: resilience.frontend_memory
17/29 Test: resilience.frontend_memory
Command: "C:/Users/Jules/AppData/Local/Python/pythoncore-3.14-64/python.exe" "D:/Projects/DiskEd/disked/.aide-local/goal-0.1.0/clean-eb042ca0/tests/resilience/test_frontend_memory.py" "--exe" "D:/Projects/DiskEd/disked/.aide-local/goal-0.1.0/clean-eb042ca0/build/windows-bootstrap/Release/disked.exe" "--fault" "D:/Projects/DiskEd/disked/.aide-local/goal-0.1.0/clean-eb042ca0/build/windows-bootstrap/Release/disked_memory_test.exe"
Directory: D:/Projects/DiskEd/disked/.aide-local/goal-0.1.0/clean-eb042ca0/build/windows-bootstrap
"resilience.frontend_memory" start time: Oct 07 04:27 AUS Eastern Daylight Time
Output:
----------------------------------------------------------
test_256_protocol_requests_share_one_bounded_frontend (__main__.FrontendMemory.test_256_protocol_requests_share_one_bounded_frontend) ... ok
test_actual_commit_denial_and_stricter_inherited_budget (__main__.FrontendMemory.test_actual_commit_denial_and_stricter_inherited_budget) ... ok
test_existing_mismatch_is_not_rewritten (__main__.FrontendMemory.test_existing_mismatch_is_not_rewritten) ... ok
test_host_ui_restriction_is_preserved_when_nesting_succeeds (__main__.FrontendMemory.test_host_ui_restriction_is_preserved_when_nesting_succeeds) ... ok
test_incompatible_host_hierarchies_refuse_without_weakening (__main__.FrontendMemory.test_incompatible_host_hierarchies_refuse_without_weakening) ... ok
test_initialization_contention_is_bounded (__main__.FrontendMemory.test_initialization_contention_is_bounded) ... ok
test_product_ignores_private_allocation_control (__main__.FrontendMemory.test_product_ignores_private_allocation_control) ... ok
test_repeated_console_workloads_restore_caller (__main__.FrontendMemory.test_repeated_console_workloads_restore_caller) ... ok
test_repeated_gui_workload (__main__.FrontendMemory.test_repeated_gui_workload) ... ok

----------------------------------------------------------------------
Ran 9 tests in 7.073s

OK
<end of output>
Test time =   7.18 sec
----------------------------------------------------------
Test Passed.
"resilience.frontend_memory" end time: Oct 07 04:27 AUS Eastern Daylight Time
"resilience.frontend_memory" time elapsed: 00:00:07
----------------------------------------------------------

18/29 Testing: resilience.store_failures
18/29 Test: resilience.store_failures
Command: "C:/Users/Jules/AppData/Local/Python/pythoncore-3.14-64/python.exe" "D:/Projects/DiskEd/disked/.aide-local/goal-0.1.0/clean-eb042ca0/tests/resilience/test_store_failures.py" "--exe" "D:/Projects/DiskEd/disked/.aide-local/goal-0.1.0/clean-eb042ca0/build/windows-bootstrap/Release/disked.exe" "--fault" "D:/Projects/DiskEd/disked/.aide-local/goal-0.1.0/clean-eb042ca0/build/windows-bootstrap/Release/disked_store_fault.exe"
Directory: D:/Projects/DiskEd/disked/.aide-local/goal-0.1.0/clean-eb042ca0/build/windows-bootstrap
"resilience.store_failures" start time: Oct 07 04:27 AUS Eastern Daylight Time
Output:
----------------------------------------------------------
test_cached_observations_continue_after_failed_claim_in_same_stream (__main__.Failures.test_cached_observations_continue_after_failed_claim_in_same_stream) ... ok
test_cancel_write_failure_preserves_identity_and_possible_observation (__main__.Failures.test_cancel_write_failure_preserves_identity_and_possible_observation) ... ok
test_created_claim_write_failure_remains_unknown_and_is_not_retried (__main__.Failures.test_created_claim_write_failure_remains_unknown_and_is_not_retried) ... ok
test_initial_flag_failure_retains_claim_without_spawning_worker (__main__.Failures.test_initial_flag_failure_retains_claim_without_spawning_worker) ... ok
test_product_does_not_read_test_injection_control (__main__.Failures.test_product_does_not_read_test_injection_control) ... ok
test_record_failure_stops_transitions_without_replaying_effects (__main__.Failures.test_record_failure_stops_transitions_without_replaying_effects) ... ok

----------------------------------------------------------------------
Ran 6 tests in 15.537s

OK
<end of output>
Test time =  15.64 sec
----------------------------------------------------------
Test Passed.
"resilience.store_failures" end time: Oct 07 04:27 AUS Eastern Daylight Time
"resilience.store_failures" time elapsed: 00:00:15
----------------------------------------------------------

19/29 Testing: resilience.request_waiting
19/29 Test: resilience.request_waiting
Command: "C:/Users/Jules/AppData/Local/Python/pythoncore-3.14-64/python.exe" "D:/Projects/DiskEd/disked/.aide-local/goal-0.1.0/clean-eb042ca0/tests/resilience/test_request_waiting.py" "--exe" "D:/Projects/DiskEd/disked/.aide-local/goal-0.1.0/clean-eb042ca0/build/windows-bootstrap/Release/disked.exe" "--fault" "D:/Projects/DiskEd/disked/.aide-local/goal-0.1.0/clean-eb042ca0/build/windows-bootstrap/Release/disked_file_wait.exe"
Directory: D:/Projects/DiskEd/disked/.aide-local/goal-0.1.0/clean-eb042ca0/build/windows-bootstrap
"resilience.request_waiting" start time: Oct 07 04:27 AUS Eastern Daylight Time
Output:
----------------------------------------------------------
test_cli_returns_unknown_and_retains_one_original_operation (__main__.Waiting.test_cli_returns_unknown_and_retains_one_original_operation) ... ok
test_known_operation_identity_survives_inspection_timeout (__main__.Waiting.test_known_operation_identity_survives_inspection_timeout) ... ok
test_stdio_cached_requests_continue_busy_calls_refuse_and_late_reply_is_not_reissued (__main__.Waiting.test_stdio_cached_requests_continue_busy_calls_refuse_and_late_reply_is_not_reissued) ... ok

----------------------------------------------------------------------
Ran 3 tests in 19.480s

OK
<end of output>
Test time =  19.57 sec
----------------------------------------------------------
Test Passed.
"resilience.request_waiting" end time: Oct 07 04:27 AUS Eastern Daylight Time
"resilience.request_waiting" time elapsed: 00:00:19
----------------------------------------------------------

20/29 Testing: resilience.output_waiting
20/29 Test: resilience.output_waiting
Command: "C:/Users/Jules/AppData/Local/Python/pythoncore-3.14-64/python.exe" "D:/Projects/DiskEd/disked/.aide-local/goal-0.1.0/clean-eb042ca0/tests/resilience/test_output_waiting.py" "--exe" "D:/Projects/DiskEd/disked/.aide-local/goal-0.1.0/clean-eb042ca0/build/windows-bootstrap/Release/disked.exe" "--delayed" "D:/Projects/DiskEd/disked/.aide-local/goal-0.1.0/clean-eb042ca0/build/windows-bootstrap/Release/disked_worker_delayed.exe"
Directory: D:/Projects/DiskEd/disked/.aide-local/goal-0.1.0/clean-eb042ca0/build/windows-bootstrap
"resilience.output_waiting" start time: Oct 07 04:27 AUS Eastern Daylight Time
Output:
----------------------------------------------------------
test_absent_consumer_reaches_output_deadline (__main__.Output.test_absent_consumer_reaches_output_deadline) ... ok
test_failed_delivery_does_not_cancel_worker_or_dispatch_queued_request (__main__.Output.test_failed_delivery_does_not_cancel_worker_or_dispatch_queued_request) ... ok
test_human_output_is_also_bounded (__main__.Output.test_human_output_is_also_bounded) ... ok
test_partial_record_is_not_followed_by_replacement_or_diagnostic (__main__.Output.test_partial_record_is_not_followed_by_replacement_or_diagnostic) ... ok
test_reader_can_resume_within_budget_without_losing_bytes (__main__.Output.test_reader_can_resume_within_budget_without_losing_bytes) ... ok

----------------------------------------------------------------------
Ran 5 tests in 17.515s

OK
<end of output>
Test time =  17.60 sec
----------------------------------------------------------
Test Passed.
"resilience.output_waiting" end time: Oct 07 04:28 AUS Eastern Daylight Time
"resilience.output_waiting" time elapsed: 00:00:17
----------------------------------------------------------

21/29 Testing: operation.worker
21/29 Test: operation.worker
Command: "C:/Users/Jules/AppData/Local/Python/pythoncore-3.14-64/python.exe" "D:/Projects/DiskEd/disked/.aide-local/goal-0.1.0/clean-eb042ca0/tests/operation/test_worker.py" "--exe" "D:/Projects/DiskEd/disked/.aide-local/goal-0.1.0/clean-eb042ca0/build/windows-bootstrap/Release/disked.exe" "--guard" "D:/Projects/DiskEd/disked/.aide-local/goal-0.1.0/clean-eb042ca0/build/windows-bootstrap/Release/disked_provider_guard.exe" "--delayed" "D:/Projects/DiskEd/disked/.aide-local/goal-0.1.0/clean-eb042ca0/build/windows-bootstrap/Release/disked_worker_delayed.exe"
Directory: D:/Projects/DiskEd/disked/.aide-local/goal-0.1.0/clean-eb042ca0/build/windows-bootstrap
"operation.worker" start time: Oct 07 04:28 AUS Eastern Daylight Time
Output:
----------------------------------------------------------
...............
----------------------------------------------------------------------
Ran 15 tests in 20.199s

OK
<end of output>
Test time =  20.30 sec
----------------------------------------------------------
Test Passed.
"operation.worker" end time: Oct 07 04:28 AUS Eastern Daylight Time
"operation.worker" time elapsed: 00:00:20
----------------------------------------------------------

22/29 Testing: resilience.gui_waiting
22/29 Test: resilience.gui_waiting
Command: "C:/Users/Jules/AppData/Local/Python/pythoncore-3.14-64/python.exe" "D:/Projects/DiskEd/disked/.aide-local/goal-0.1.0/clean-eb042ca0/tests/resilience/test_gui_waiting.py" "--exe" "D:/Projects/DiskEd/disked/.aide-local/goal-0.1.0/clean-eb042ca0/build/windows-bootstrap/Release/disked.exe" "--delayed" "D:/Projects/DiskEd/disked/.aide-local/goal-0.1.0/clean-eb042ca0/build/windows-bootstrap/Release/disked_worker_delayed.exe"
Directory: D:/Projects/DiskEd/disked/.aide-local/goal-0.1.0/clean-eb042ca0/build/windows-bootstrap
"resilience.gui_waiting" start time: Oct 07 04:28 AUS Eastern Daylight Time
Output:
----------------------------------------------------------
test_pending_admission_keeps_cached_views_and_does_not_rebase_late_result (__main__.Waiting.test_pending_admission_keeps_cached_views_and_does_not_rebase_late_result) ... ok

----------------------------------------------------------------------
Ran 1 test in 6.164s

OK
<end of output>
Test time =   6.26 sec
----------------------------------------------------------
Test Passed.
"resilience.gui_waiting" end time: Oct 07 04:28 AUS Eastern Daylight Time
"resilience.gui_waiting" time elapsed: 00:00:06
----------------------------------------------------------

23/29 Testing: resilience.console_waiting
23/29 Test: resilience.console_waiting
Command: "C:/Users/Jules/AppData/Local/Python/pythoncore-3.14-64/python.exe" "D:/Projects/DiskEd/disked/.aide-local/goal-0.1.0/clean-eb042ca0/tests/resilience/test_console_waiting.py" "--delayed" "D:/Projects/DiskEd/disked/.aide-local/goal-0.1.0/clean-eb042ca0/build/windows-bootstrap/Release/disked_worker_delayed.exe"
Directory: D:/Projects/DiskEd/disked/.aide-local/goal-0.1.0/clean-eb042ca0/build/windows-bootstrap
"resilience.console_waiting" start time: Oct 07 04:28 AUS Eastern Daylight Time
Output:
----------------------------------------------------------
test_shell_remains_editable_and_preserves_late_outcome (__main__.ConsoleWaiting.test_shell_remains_editable_and_preserves_late_outcome) ... ok
test_tui_retains_cached_inventory_when_late_outcome_arrives (__main__.ConsoleWaiting.test_tui_retains_cached_inventory_when_late_outcome_arrives) ... ok

----------------------------------------------------------------------
Ran 2 tests in 12.501s

OK
<end of output>
Test time =  12.59 sec
----------------------------------------------------------
Test Passed.
"resilience.console_waiting" end time: Oct 07 04:28 AUS Eastern Daylight Time
"resilience.console_waiting" time elapsed: 00:00:12
----------------------------------------------------------

24/29 Testing: resilience.worker_budget
24/29 Test: resilience.worker_budget
Command: "C:/Users/Jules/AppData/Local/Python/pythoncore-3.14-64/python.exe" "D:/Projects/DiskEd/disked/.aide-local/goal-0.1.0/clean-eb042ca0/tests/resilience/test_worker_budget.py" "--exe" "D:/Projects/DiskEd/disked/.aide-local/goal-0.1.0/clean-eb042ca0/build/windows-bootstrap/Release/disked.exe" "--delayed" "D:/Projects/DiskEd/disked/.aide-local/goal-0.1.0/clean-eb042ca0/build/windows-bootstrap/Release/disked_worker_delayed.exe" "--memory" "D:/Projects/DiskEd/disked/.aide-local/goal-0.1.0/clean-eb042ca0/build/windows-bootstrap/Release/disked_worker_memory_limit.exe"
Directory: D:/Projects/DiskEd/disked/.aide-local/goal-0.1.0/clean-eb042ca0/build/windows-bootstrap
"resilience.worker_budget" start time: Oct 07 04:28 AUS Eastern Daylight Time
Output:
----------------------------------------------------------
test_actual_allocation_failure_retains_unresolved_operation (__main__.Budget.test_actual_allocation_failure_retains_unresolved_operation) ... ok
test_four_workers_hold_the_limit_across_disconnected_clients (__main__.Budget.test_four_workers_hold_the_limit_across_disconnected_clients) ... ok

----------------------------------------------------------------------
Ran 2 tests in 8.040s

OK
<end of output>
Test time =   8.14 sec
----------------------------------------------------------
Test Passed.
"resilience.worker_budget" end time: Oct 07 04:29 AUS Eastern Daylight Time
"resilience.worker_budget" time elapsed: 00:00:08
----------------------------------------------------------

25/29 Testing: disked.invocation
25/29 Test: disked.invocation
Command: "C:/Users/Jules/AppData/Local/Python/pythoncore-3.14-64/python.exe" "D:/Projects/DiskEd/disked/.aide-local/goal-0.1.0/clean-eb042ca0/tests/invocation/test_windows.py" "--exe" "D:/Projects/DiskEd/disked/.aide-local/goal-0.1.0/clean-eb042ca0/build/windows-bootstrap/Release/disked.exe" "--root" "D:/Projects/DiskEd/disked/.aide-local/goal-0.1.0/clean-eb042ca0"
Directory: D:/Projects/DiskEd/disked/.aide-local/goal-0.1.0/clean-eb042ca0/build/windows-bootstrap
"disked.invocation" start time: Oct 07 04:29 AUS Eastern Daylight Time
Output:
----------------------------------------------------------
test_cmd_and_powershell_actual_launches (__main__.WindowsInvocation.test_cmd_and_powershell_actual_launches) ... ok
test_inherited_console_preserves_caller_state (__main__.WindowsInvocation.test_inherited_console_preserves_caller_state) ... ok
test_missing_stderr_and_transport_input (__main__.WindowsInvocation.test_missing_stderr_and_transport_input) ... ok
test_pipe_observations_and_utf16_errors (__main__.WindowsInvocation.test_pipe_observations_and_utf16_errors) ... ok
test_standard_handle_absence_and_invalidity (__main__.WindowsInvocation.test_standard_handle_absence_and_invalidity) ... ok

----------------------------------------------------------------------
Ran 5 tests in 1.241s

OK
<end of output>
Test time =   1.35 sec
----------------------------------------------------------
Test Passed.
"disked.invocation" end time: Oct 07 04:29 AUS Eastern Daylight Time
"disked.invocation" time elapsed: 00:00:01
----------------------------------------------------------

26/29 Testing: disked.acceptance
26/29 Test: disked.acceptance
Command: "C:/Users/Jules/AppData/Local/Python/pythoncore-3.14-64/python.exe" "D:/Projects/DiskEd/disked/.aide-local/goal-0.1.0/clean-eb042ca0/tests/native/test_protocol.py" "--exe" "D:/Projects/DiskEd/disked/.aide-local/goal-0.1.0/clean-eb042ca0/build/windows-bootstrap/Release/disked.exe" "--root" "D:/Projects/DiskEd/disked/.aide-local/goal-0.1.0/clean-eb042ca0" "--identity" "D:/Projects/DiskEd/disked/.aide-local/goal-0.1.0/clean-eb042ca0/build/windows-bootstrap/generated/build-identity.json"
Directory: D:/Projects/DiskEd/disked/.aide-local/goal-0.1.0/clean-eb042ca0/build/windows-bootstrap
"disked.acceptance" start time: Oct 07 04:29 AUS Eastern Daylight Time
Output:
----------------------------------------------------------
test_broken_output_is_failure (__main__.NativeProtocol.test_broken_output_is_failure) ... ok
test_build_identity_and_machine_aliases (__main__.NativeProtocol.test_build_identity_and_machine_aliases) ... ok
test_discovery_has_exact_registry_and_real_handler_subset (__main__.NativeProtocol.test_discovery_has_exact_registry_and_real_handler_subset) ... ok
test_errors_are_framed_after_complete_parse (__main__.NativeProtocol.test_errors_are_framed_after_complete_parse) ... ok
test_help_every_spelling_and_operand_independence (__main__.NativeProtocol.test_help_every_spelling_and_operand_independence) ... ok
test_malformed_json_and_encoding (__main__.NativeProtocol.test_malformed_json_and_encoding) ... ok
test_mode_inspection_uses_actual_host_in_cli_and_transport (__main__.NativeProtocol.test_mode_inspection_uses_actual_host_in_cli_and_transport) ... ok
test_ndjson_continues_refusals_and_preserves_order (__main__.NativeProtocol.test_ndjson_continues_refusals_and_preserves_order) ... ok
test_ordinary_machine_command_does_not_read_pipeline_as_requests (__main__.NativeProtocol.test_ordinary_machine_command_does_not_read_pipeline_as_requests) ... ok
test_resource_limits_end_stream (__main__.NativeProtocol.test_resource_limits_end_stream) ... ok
test_source_input_closure_and_pe_imports (__main__.NativeProtocol.test_source_input_closure_and_pe_imports) ... ok
test_stream_flushes_before_eof (__main__.NativeProtocol.test_stream_flushes_before_eof) ... ok
test_strict_request_and_correlation (__main__.NativeProtocol.test_strict_request_and_correlation) ... ok
test_unavailable_frontends_and_prompt_channels (__main__.NativeProtocol.test_unavailable_frontends_and_prompt_channels) ... ok
test_wire_byte_and_request_count_limits (__main__.NativeProtocol.test_wire_byte_and_request_count_limits) ... ok

----------------------------------------------------------------------
Ran 15 tests in 2.845s

OK
<end of output>
Test time =   2.95 sec
----------------------------------------------------------
Test Passed.
"disked.acceptance" end time: Oct 07 04:29 AUS Eastern Daylight Time
"disked.acceptance" time elapsed: 00:00:02
----------------------------------------------------------

27/29 Testing: disked_provider_guard.invocation
27/29 Test: disked_provider_guard.invocation
Command: "C:/Users/Jules/AppData/Local/Python/pythoncore-3.14-64/python.exe" "D:/Projects/DiskEd/disked/.aide-local/goal-0.1.0/clean-eb042ca0/tests/invocation/test_windows.py" "--exe" "D:/Projects/DiskEd/disked/.aide-local/goal-0.1.0/clean-eb042ca0/build/windows-bootstrap/Release/disked_provider_guard.exe" "--root" "D:/Projects/DiskEd/disked/.aide-local/goal-0.1.0/clean-eb042ca0"
Directory: D:/Projects/DiskEd/disked/.aide-local/goal-0.1.0/clean-eb042ca0/build/windows-bootstrap
"disked_provider_guard.invocation" start time: Oct 07 04:29 AUS Eastern Daylight Time
Output:
----------------------------------------------------------
test_cmd_and_powershell_actual_launches (__main__.WindowsInvocation.test_cmd_and_powershell_actual_launches) ... ok
test_inherited_console_preserves_caller_state (__main__.WindowsInvocation.test_inherited_console_preserves_caller_state) ... ok
test_missing_stderr_and_transport_input (__main__.WindowsInvocation.test_missing_stderr_and_transport_input) ... ok
test_pipe_observations_and_utf16_errors (__main__.WindowsInvocation.test_pipe_observations_and_utf16_errors) ... ok
test_standard_handle_absence_and_invalidity (__main__.WindowsInvocation.test_standard_handle_absence_and_invalidity) ... ok

----------------------------------------------------------------------
Ran 5 tests in 1.495s

OK
<end of output>
Test time =   1.62 sec
----------------------------------------------------------
Test Passed.
"disked_provider_guard.invocation" end time: Oct 07 04:29 AUS Eastern Daylight Time
"disked_provider_guard.invocation" time elapsed: 00:00:01
----------------------------------------------------------

28/29 Testing: disked_provider_guard.acceptance
28/29 Test: disked_provider_guard.acceptance
Command: "C:/Users/Jules/AppData/Local/Python/pythoncore-3.14-64/python.exe" "D:/Projects/DiskEd/disked/.aide-local/goal-0.1.0/clean-eb042ca0/tests/native/test_protocol.py" "--exe" "D:/Projects/DiskEd/disked/.aide-local/goal-0.1.0/clean-eb042ca0/build/windows-bootstrap/Release/disked_provider_guard.exe" "--root" "D:/Projects/DiskEd/disked/.aide-local/goal-0.1.0/clean-eb042ca0" "--identity" "D:/Projects/DiskEd/disked/.aide-local/goal-0.1.0/clean-eb042ca0/build/windows-bootstrap/generated/build-identity.json"
Directory: D:/Projects/DiskEd/disked/.aide-local/goal-0.1.0/clean-eb042ca0/build/windows-bootstrap
"disked_provider_guard.acceptance" start time: Oct 07 04:29 AUS Eastern Daylight Time
Output:
----------------------------------------------------------
test_broken_output_is_failure (__main__.NativeProtocol.test_broken_output_is_failure) ... ok
test_build_identity_and_machine_aliases (__main__.NativeProtocol.test_build_identity_and_machine_aliases) ... ok
test_discovery_has_exact_registry_and_real_handler_subset (__main__.NativeProtocol.test_discovery_has_exact_registry_and_real_handler_subset) ... ok
test_errors_are_framed_after_complete_parse (__main__.NativeProtocol.test_errors_are_framed_after_complete_parse) ... ok
test_help_every_spelling_and_operand_independence (__main__.NativeProtocol.test_help_every_spelling_and_operand_independence) ... ok
test_malformed_json_and_encoding (__main__.NativeProtocol.test_malformed_json_and_encoding) ... ok
test_mode_inspection_uses_actual_host_in_cli_and_transport (__main__.NativeProtocol.test_mode_inspection_uses_actual_host_in_cli_and_transport) ... ok
test_ndjson_continues_refusals_and_preserves_order (__main__.NativeProtocol.test_ndjson_continues_refusals_and_preserves_order) ... ok
test_ordinary_machine_command_does_not_read_pipeline_as_requests (__main__.NativeProtocol.test_ordinary_machine_command_does_not_read_pipeline_as_requests) ... ok
test_resource_limits_end_stream (__main__.NativeProtocol.test_resource_limits_end_stream) ... ok
test_source_input_closure_and_pe_imports (__main__.NativeProtocol.test_source_input_closure_and_pe_imports) ... ok
test_stream_flushes_before_eof (__main__.NativeProtocol.test_stream_flushes_before_eof) ... ok
test_strict_request_and_correlation (__main__.NativeProtocol.test_strict_request_and_correlation) ... ok
test_unavailable_frontends_and_prompt_channels (__main__.NativeProtocol.test_unavailable_frontends_and_prompt_channels) ... ok
test_wire_byte_and_request_count_limits (__main__.NativeProtocol.test_wire_byte_and_request_count_limits) ... ok

----------------------------------------------------------------------
Ran 15 tests in 3.728s

OK
<end of output>
Test time =   3.85 sec
----------------------------------------------------------
Test Passed.
"disked_provider_guard.acceptance" end time: Oct 07 04:29 AUS Eastern Daylight Time
"disked_provider_guard.acceptance" time elapsed: 00:00:03
----------------------------------------------------------

29/29 Testing: provider_guard.positive_control
29/29 Test: provider_guard.positive_control
Command: "C:/Users/Jules/AppData/Local/Python/pythoncore-3.14-64/python.exe" "D:/Projects/DiskEd/disked/.aide-local/goal-0.1.0/clean-eb042ca0/tests/native/test_provider_guard.py" "D:/Projects/DiskEd/disked/.aide-local/goal-0.1.0/clean-eb042ca0/build/windows-bootstrap/Release/provider_guard_probe.exe"
Directory: D:/Projects/DiskEd/disked/.aide-local/goal-0.1.0/clean-eb042ca0/build/windows-bootstrap
"provider_guard.positive_control" start time: Oct 07 04:29 AUS Eastern Daylight Time
Output:
----------------------------------------------------------
PASS: provider initialization boundary exits 97
<end of output>
Test time =   0.12 sec
----------------------------------------------------------
Test Passed.
"provider_guard.positive_control" end time: Oct 07 04:29 AUS Eastern Daylight Time
"provider_guard.positive_control" time elapsed: 00:00:00
----------------------------------------------------------

End testing: Oct 07 04:29 AUS Eastern Daylight Time
