Microsoft (R) COFF/PE Dumper Version 14.44.35228.0
Copyright (C) Microsoft Corporation.  All rights reserved.


Dump of file D:\Projects\DiskEd\disked\.aide-local\goal-0.1.0\clean-eb042ca0\build\windows-bootstrap\Release\disked.exe

PE signature found

File Type: EXECUTABLE IMAGE

FILE HEADER VALUES
            8664 machine (x64)
               6 number of sections
        6AC52EF8 time date stamp Wed Oct  7 04:25:12 2026
               0 file pointer to symbol table
               0 number of symbols
              F0 size of optional header
              22 characteristics
                   Executable
                   Application can handle large (>2GB) addresses

OPTIONAL HEADER VALUES
             20B magic # (PE32+)
           14.44 linker version
           9E200 size of code
           37600 size of initialized data
               0 size of uninitialized data
           756B0 entry point (00000001400756B0)
            1000 base of code
       140000000 image base (0000000140000000 to 00000001400D9FFF)
            1000 section alignment
             200 file alignment
           10.00 operating system version
            0.00 image version
           10.00 subsystem version
               0 Win32 version
           DA000 size of image
             400 size of headers
               0 checksum
               3 subsystem (Windows CUI)
            C160 DLL characteristics
                   High Entropy Virtual Addresses
                   Dynamic base
                   NX compatible
                   Control Flow Guard
                   Terminal Server Aware
          100000 size of stack reserve
            1000 size of stack commit
          100000 size of heap reserve
            1000 size of heap commit
               0 loader flags
              10 number of directories
               0 [       0] RVA [size] of Export Directory
           CA6A4 [      28] RVA [size] of Import Directory
           D8000 [     1C8] RVA [size] of Resource Directory
           D2000 [    56A0] RVA [size] of Exception Directory
               0 [       0] RVA [size] of Certificates Directory
           D9000 [     C24] RVA [size] of Base Relocation Directory
           BA1C0 [      1C] RVA [size] of Debug Directory
               0 [       0] RVA [size] of Architecture Directory
               0 [       0] RVA [size] of Global Pointer Directory
           BA380 [      28] RVA [size] of Thread Storage Directory
           BA080 [     140] RVA [size] of Load Configuration Directory
               0 [       0] RVA [size] of Bound Import Directory
           A0000 [     458] RVA [size] of Import Address Table Directory
               0 [       0] RVA [size] of Delay Import Directory
               0 [       0] RVA [size] of COM Descriptor Directory
               0 [       0] RVA [size] of Reserved Directory


SECTION HEADER #1
   .text name
   9E0FC virtual size
    1000 virtual address (0000000140001000 to 000000014009F0FB)
   9E200 size of raw data
     400 file pointer to raw data (00000400 to 0009E5FF)
       0 file pointer to relocation table
       0 file pointer to line numbers
       0 number of relocations
       0 number of line numbers
60000020 flags
         Code
         Execute Read

SECTION HEADER #2
  .rdata name
   2B624 virtual size
   A0000 virtual address (00000001400A0000 to 00000001400CB623)
   2B800 size of raw data
   9E600 file pointer to raw data (0009E600 to 000C9DFF)
       0 file pointer to relocation table
       0 file pointer to line numbers
       0 number of relocations
       0 number of line numbers
40000040 flags
         Initialized Data
         Read Only

  Debug Directories

        Time Type        Size      RVA  Pointer
    -------- ------- -------- -------- --------
    6AC52EF8 coffgrp      404 000BC450    BAA50

SECTION HEADER #3
   .data name
    55A4 virtual size
   CC000 virtual address (00000001400CC000 to 00000001400D15A3)
    3A00 size of raw data
   C9E00 file pointer to raw data (000C9E00 to 000CD7FF)
       0 file pointer to relocation table
       0 file pointer to line numbers
       0 number of relocations
       0 number of line numbers
C0000040 flags
         Initialized Data
         Read Write

SECTION HEADER #4
  .pdata name
    56A0 virtual size
   D2000 virtual address (00000001400D2000 to 00000001400D769F)
    5800 size of raw data
   CD800 file pointer to raw data (000CD800 to 000D2FFF)
       0 file pointer to relocation table
       0 file pointer to line numbers
       0 number of relocations
       0 number of line numbers
40000040 flags
         Initialized Data
         Read Only

SECTION HEADER #5
   .rsrc name
     1C8 virtual size
   D8000 virtual address (00000001400D8000 to 00000001400D81C7)
     200 size of raw data
   D3000 file pointer to raw data (000D3000 to 000D31FF)
       0 file pointer to relocation table
       0 file pointer to line numbers
       0 number of relocations
       0 number of line numbers
40000040 flags
         Initialized Data
         Read Only

SECTION HEADER #6
  .reloc name
     C24 virtual size
   D9000 virtual address (00000001400D9000 to 00000001400D9C23)
     E00 size of raw data
   D3200 file pointer to raw data (000D3200 to 000D3FFF)
       0 file pointer to relocation table
       0 file pointer to line numbers
       0 number of relocations
       0 number of line numbers
42000040 flags
         Initialized Data
         Discardable
         Read Only

  Summary

        6000 .data
        6000 .pdata
       2C000 .rdata
        1000 .reloc
        1000 .rsrc
       9F000 .text
